[mavic_controller-3] [DEBUG] [1766070779.648507769] [Mavic_2_PRO_1_Controller]: id: 1, vel: (0.41261865859783087, 0.4478467456601888, 0.3314688687923028)
[mavic_controller-5] [DEBUG] [1766070779.648688596] [Mavic_2_PRO_2_Controller]: id: 2, vel: (0.4388386504843021, 0.4108453185752886, 0.3318948266489771)
[mavic_controller-7] [DEBUG] [1766070779.648936990] [Mavic_2_PRO_3_Controller]: id: 3, gps: (0.6926483356444897, 2.6457555474828713, 1.0610603047380363)
[mavic_controller-7] [DEBUG] [1766070779.649300714] [Mavic_2_PRO_3_Controller]: id: 3, vel: (0.4601494500779123, 0.3701600803146096, 0.3325942794261954)
[mavic_controller-7] [DEBUG] [1766070779.659854313] [Mavic_2_PRO_3_Controller]: Time(nanoseconds=5800000000, clock_type=ROS_TIME)
[mavic_controller-5] [DEBUG] [1766070779.659855177] [Mavic_2_PRO_2_Controller]: Time(nanoseconds=5800000000, clock_type=ROS_TIME)
[mavic_controller-3] [DEBUG] [1766070779.659903845] [Mavic_2_PRO_1_Controller]: Time(nanoseconds=5800000000, clock_type=ROS_TIME)
[mavic_controller-3] [DEBUG] [1766070779.660084822] [Mavic_2_PRO_1_Controller]: flag: (4.745658033751264, 7.469086167954433, 4.447123847096209)
[mavic_controller-7] [DEBUG] [1766070779.660035414] [Mavic_2_PRO_3_Controller]: flag: (4.745658033751264, 7.469086167954433, 4.447123847096209)
[mavic_controller-5] [DEBUG] [1766070779.660045740] [Mavic_2_PRO_2_Controller]: flag: (4.745658033751264, 7.469086167954433, 4.447123847096209)
[mavic_controller-7] [DEBUG] [1766070779.660179926] [Mavic_2_PRO_3_Controller]: BODY id: 3, v_b: [ 0.99925638 -0.03855762  1.        ], angular: -0.0385671780211928
[mavic_controller-5] [DEBUG] [1766070779.660192674] [Mavic_2_PRO_2_Controller]: BODY id: 2, v_b: [ 0.99833915 -0.05761033  1.        ], angular: -0.05764224115858768
[mavic_controller-3] [DEBUG] [1766070779.660232847] [Mavic_2_PRO_1_Controller]: BODY id: 1, v_b: [ 0.99802743 -0.06277941  1.        ], angular: -0.06282072600984051
[mavic_controller-7] [DEBUG] [1766070779.660322888] [Mavic_2_PRO_3_Controller]: WORLD id: 3, v: [0.62175953 0.7832082  1.        ]
[mavic_controller-5] [DEBUG] [1766070779.660337754] [Mavic_2_PRO_2_Controller]: WORLD id: 2, v: [0.58199556 0.81319196 1.        ]
[mavic_controller-3] [DEBUG] [1766070779.660379405] [Mavic_2_PRO_1_Controller]: WORLD id: 1, v: [0.53216842 0.84663851 1.        ]
[mavic_controller-7] [DEBUG] [1766070779.660463385] [Mavic_2_PRO_3_Controller]: id: 3, gps: (0.7380332079726009, 2.682097283696551, 1.0931237685187662)
[mavic_controller-5] [DEBUG] [1766070779.660482712] [Mavic_2_PRO_2_Controller]: id: 2, gps: (0.7003974139865787, 1.7404601863857263, 1.0929675101123648)
[mavic_controller-3] [DEBUG] [1766070779.660525228] [Mavic_2_PRO_1_Controller]: id: 1, gps: (0.6580212367703737, 0.7842874721526764, 1.0943505840478662)
[mavic_controller-7] [DEBUG] [1766070779.660620112] [Mavic_2_PRO_3_Controller]: id: 3, vel: (0.47856389916505254, 0.3817515593336674, 0.3317735813832848)
[mavic_controller-5] [DEBUG] [1766070779.660652476] [Mavic_2_PRO_2_Controller]: id: 2, vel: (0.45685789589712633, 0.4234274652426485, 0.33106559094602445)
[mavic_controller-3] [DEBUG] [1766070779.660676982] [Mavic_2_PRO_1_Controller]: id: 1, vel: (0.42988631763746127, 0.4616173689293871, 0.3306153493984819)
[mavic_controller-5] [DEBUG] [1766070779.672895519] [Mavic_2_PRO_2_Controller]: Time(nanoseconds=5904000000, clock_type=ROS_TIME)
[mavic_controller-5] [DEBUG] [1766070779.673083957] [Mavic_2_PRO_2_Controller]: flag: (4.745658033751264, 7.469086167954433, 4.447123847096209)
[mavic_controller-5] [DEBUG] [1766070779.673230131] [Mavic_2_PRO_2_Controller]: BODY id: 2, v_b: [ 0.99914329 -0.0413846   1.        ], angular: -0.04139642316603627
[mavic_controller-7] [DEBUG] [1766070779.673087408] [Mavic_2_PRO_3_Controller]: Time(nanoseconds=5904000000, clock_type=ROS_TIME)
[mavic_controller-7] [DEBUG] [1766070779.673259312] [Mavic_2_PRO_3_Controller]: flag: (4.745658033751264, 7.469086167954433, 4.447123847096209)
[mavic_controller-5] [DEBUG] [1766070779.673376831] [Mavic_2_PRO_2_Controller]: WORLD id: 2, v: [0.58066026 0.81414597 1.        ]
[mavic_controller-5] [DEBUG] [1766070779.673521069] [Mavic_2_PRO_2_Controller]: id: 2, gps: (0.7492638156288799, 1.785491541814513, 1.1275413618357453)
[mavic_controller-7] [DEBUG] [1766070779.673406302] [Mavic_2_PRO_3_Controller]: BODY id: 3, v_b: [ 0.99970917 -0.02411604  1.        ], angular: -0.024118378075320992
[mavic_controller-7] [DEBUG] [1766070779.673550489] [Mavic_2_PRO_3_Controller]: WORLD id: 3, v: [0.62014243 0.78448924 1.        ]
[mavic_controller-5] [DEBUG] [1766070779.673684574] [Mavic_2_PRO_2_Controller]: id: 2, vel: (0.47611521398277373, 0.436699594759513, 0.3301980106547402)
[mavic_controller-7] [DEBUG] [1766070779.673720361] [Mavic_2_PRO_3_Controller]: id: 3, gps: (0.7851746132247984, 2.7195515130213854, 1.1251094794658232)
[mavic_controller-7] [DEBUG] [1766070779.673974310] [Mavic_2_PRO_3_Controller]: id: 3, vel: (0.4950778650184283, 0.3922772577844793, 0.33104415757400985)
[mavic_controller-3] [DEBUG] [1766070779.674730853] [Mavic_2_PRO_1_Controller]: Time(nanoseconds=5904000000, clock_type=ROS_TIME)
[mavic_controller-3] [DEBUG] [1766070779.675117076] [Mavic_2_PRO_1_Controller]: flag: (4.745658033751264, 7.469086167954433, 4.447123847096209)
[mavic_controller-3] [DEBUG] [1766070779.675482823] [Mavic_2_PRO_1_Controller]: BODY id: 1, v_b: [ 0.99877559 -0.04947037  1.        ], angular: -0.04949057278694199
[mavic_controller-3] [DEBUG] [1766070779.675855690] [Mavic_2_PRO_1_Controller]: WORLD id: 1, v: [0.53183713 0.84684666 1.        ]
[mavic_controller-3] [DEBUG] [1766070779.676043737] [Mavic_2_PRO_1_Controller]: id: 1, gps: (0.7004085011800959, 0.8295576584068859, 1.1262225399554673)
[mavic_controller-3] [DEBUG] [1766070779.676200731] [Mavic_2_PRO_1_Controller]: id: 1, vel: (0.44681467541641334, 0.47512318289057065, 0.3297797255884867)
[mavic_controller-5] [DEBUG] [1766070779.684695952] [Mavic_2_PRO_2_Controller]: Time(nanoseconds=6000000000, clock_type=ROS_TIME)
[mavic_controller-5] [DEBUG] [1766070779.684879774] [Mavic_2_PRO_2_Controller]: flag: (4.745658033751264, 7.469086167954433, 4.447123847096209)
[mavic_controller-7] [DEBUG] [1766070779.684892270] [Mavic_2_PRO_3_Controller]: Time(nanoseconds=6000000000, clock_type=ROS_TIME)
[mavic_controller-5] [DEBUG] [1766070779.685025018] [Mavic_2_PRO_2_Controller]: BODY id: 2, v_b: [ 0.99960007 -0.02827905  1.        ], angular: -0.028282817787545385
[mavic_controller-5] [DEBUG] [1766070779.685168421] [Mavic_2_PRO_2_Controller]: WORLD id: 2, v: [0.57932178 0.81509893 1.        ]
[mavic_controller-7] [DEBUG] [1766070779.685058015] [Mavic_2_PRO_3_Controller]: flag: (4.745658033751264, 7.469086167954433, 4.447123847096209)
[mavic_controller-7] [DEBUG] [1766070779.685200513] [Mavic_2_PRO_3_Controller]: BODY id: 3, v_b: [ 0.99998123 -0.00612656  1.        ], angular: -0.006126594563312076
[mavic_controller-5] [DEBUG] [1766070779.685321712] [Mavic_2_PRO_2_Controller]: id: 2, gps: (0.7961228744217279, 1.8282881185248498, 1.1593714934222212)
[mavic_controller-7] [DEBUG] [1766070779.685343448] [Mavic_2_PRO_3_Controller]: WORLD id: 3, v: [0.6148073  0.78867736 1.        ]
[mavic_controller-5] [DEBUG] [1766070779.685465935] [Mavic_2_PRO_2_Controller]: id: 2, vel: (0.49327001290488776, 0.44886679625463416, 0.32933629084000493)
[mavic_controller-7] [DEBUG] [1766070779.685481795] [Mavic_2_PRO_3_Controller]: id: 3, gps: (0.8381794110088078, 2.7613688160769403, 1.1596720129531812)
[mavic_controller-7] [DEBUG] [1766070779.685619380] [Mavic_2_PRO_3_Controller]: id: 3, vel: (0.5155506016273502, 0.4055416033946977, 0.3300751441044665)
[mavic_controller-3] [DEBUG] [1766070779.685961257] [Mavic_2_PRO_1_Controller]: Time(nanoseconds=6000000000, clock_type=ROS_TIME)
[mavic_controller-3] [DEBUG] [1766070779.686329324] [Mavic_2_PRO_1_Controller]: flag: (4.745658033751264, 7.469086167954433, 4.447123847096209)
[mavic_controller-3] [DEBUG] [1766070779.686685745] [Mavic_2_PRO_1_Controller]: BODY id: 1, v_b: [ 0.99931818 -0.03692126  1.        ], angular: -0.03692965312786731
[mavic_controller-3] [DEBUG] [1766070779.687036731] [Mavic_2_PRO_1_Controller]: WORLD id: 1, v: [0.53142559 0.84710497 1.        ]
[mavic_controller-3] [DEBUG] [1766070779.687378974] [Mavic_2_PRO_1_Controller]: id: 1, gps: (0.748155549529204, 0.8800518223580442, 1.1606590976232518)
[mavic_controller-3] [DEBUG] [1766070779.687720640] [Mavic_2_PRO_1_Controller]: id: 1, vel: (0.464772277916904, 0.48944047850631545, 0.3288641837967284)
[mavic_controller-7] [DEBUG] [1766070779.697684844] [Mavic_2_PRO_3_Controller]: Time(nanoseconds=6104000000, clock_type=ROS_TIME)
[mavic_controller-5] [DEBUG] [1766070779.697719248] [Mavic_2_PRO_2_Controller]: Time(nanoseconds=6104000000, clock_type=ROS_TIME)
[mavic_controller-7] [DEBUG] [1766070779.697859459] [Mavic_2_PRO_3_Controller]: flag: (4.745658033751264, 7.469086167954433, 4.447123847096209)
[mavic_controller-7] [DEBUG] [1766070779.698004385] [Mavic_2_PRO_3_Controller]: BODY id: 3, v_b: [0.99996789 0.00801412 1.        ], angular: 0.008014205342840959
[mavic_controller-5] [DEBUG] [1766070779.697892116] [Mavic_2_PRO_2_Controller]: flag: (4.745658033751264, 7.469086167954433, 4.447123847096209)
[mavic_controller-5] [DEBUG] [1766070779.698036431] [Mavic_2_PRO_2_Controller]: BODY id: 2, v_b: [ 0.99987339 -0.01591242  1.        ], angular: -0.015913095319201574
[mavic_controller-3] [DEBUG] [1766070779.698001728] [Mavic_2_PRO_1_Controller]: Time(nanoseconds=6104000000, clock_type=ROS_TIME)
[mavic_controller-7] [DEBUG] [1766070779.698147379] [Mavic_2_PRO_3_Controller]: WORLD id: 3, v: [0.61086484 0.79173489 1.        ]
[mavic_controller-5] [DEBUG] [1766070779.698183672] [Mavic_2_PRO_2_Controller]: WORLD id: 2, v: [0.57775027 0.81621359 1.        ]
[mavic_controller-5] [DEBUG] [1766070779.698341332] [Mavic_2_PRO_2_Controller]: id: 2, gps: (0.8487352047622418, 1.875957660660547, 1.1937620569111371)
[mavic_controller-3] [DEBUG] [1766070779.698238485] [Mavic_2_PRO_1_Controller]: flag: (4.745658033751264, 7.469086167954433, 4.447123847096209)
[mavic_controller-3] [DEBUG] [1766070779.698396947] [Mavic_2_PRO_1_Controller]: BODY id: 1, v_b: [ 0.99965902 -0.02611214  1.        ], angular: -0.02611511246442192
[mavic_controller-7] [DEBUG] [1766070779.698310731] [Mavic_2_PRO_3_Controller]: id: 3, gps: (0.8931322303716875, 2.804470138496995, 1.1941404417169363)
[mavic_controller-7] [DEBUG] [1766070779.698454108] [Mavic_2_PRO_3_Controller]: id: 3, vel: (0.5339013268263452, 0.41775662188427765, 0.3291906330816269)
[mavic_controller-5] [DEBUG] [1766070779.698483462] [Mavic_2_PRO_2_Controller]: id: 2, vel: (0.5114435560887195, 0.46173225902261, 0.32843567680412983)
[mavic_controller-3] [DEBUG] [1766070779.698563784] [Mavic_2_PRO_1_Controller]: WORLD id: 1, v: [0.53096009 0.84739683 1.        ]
[mavic_controller-3] [DEBUG] [1766070779.698764861] [Mavic_2_PRO_1_Controller]: id: 1, gps: (0.7977503236229085, 0.9320272594065798, 1.1950002629921106)
[mavic_controller-3] [DEBUG] [1766070779.699004920] [Mavic_2_PRO_1_Controller]: id: 1, vel: (0.48224243221393137, 0.5034381216939011, 0.3279629487980145)
[mavic_controller-7] [DEBUG] [1766070779.710736206] [Mavic_2_PRO_3_Controller]: Time(nanoseconds=6200000000, clock_type=ROS_TIME)
[mavic_controller-5] [DEBUG] [1766070779.710734250] [Mavic_2_PRO_2_Controller]: Time(nanoseconds=6200000000, clock_type=ROS_TIME)
[mavic_controller-7] [DEBUG] [1766070779.710914099] [Mavic_2_PRO_3_Controller]: flag: (4.745658033751264, 7.469086167954433, 4.447123847096209)
[mavic_controller-5] [DEBUG] [1766070779.710915067] [Mavic_2_PRO_2_Controller]: flag: (4.745658033751264, 7.469086167954433, 4.447123847096209)
[mavic_controller-5] [DEBUG] [1766070779.711060660] [Mavic_2_PRO_2_Controller]: BODY id: 2, v_b: [ 0.99998207 -0.00598804  1.        ], angular: -0.005988080320957966
[mavic_controller-7] [DEBUG] [1766070779.711071159] [Mavic_2_PRO_3_Controller]: BODY id: 3, v_b: [0.99980797 0.01959659 1.        ], angular: 0.019597844939594
[mavic_controller-5] [DEBUG] [1766070779.711204773] [Mavic_2_PRO_2_Controller]: WORLD id: 2, v: [0.57618662 0.81731816 1.        ]
[mavic_controller-7] [DEBUG] [1766070779.711213924] [Mavic_2_PRO_3_Controller]: WORLD id: 3, v: [0.60702808 0.79468038 1.        ]
[mavic_controller-5] [DEBUG] [1766070779.711346431] [Mavic_2_PRO_2_Controller]: id: 2, gps: (0.8989499548894816, 1.9211508440396254, 1.2254232240325589)
[mavic_controller-7] [DEBUG] [1766070779.711353327] [Mavic_2_PRO_3_Controller]: id: 3, gps: (0.9455228644197484, 2.8453898257874743, 1.2258763259992838)
[mavic_controller-5] [DEBUG] [1766070779.711489881] [Mavic_2_PRO_2_Controller]: id: 2, vel: (0.527546543940265, 0.4735219184395349, 0.3275991651421897)
[mavic_controller-7] [DEBUG] [1766070779.711492795] [Mavic_2_PRO_3_Controller]: id: 3, vel: (0.5501161929555394, 0.4290386144637049, 0.32838379891829317)
[mavic_controller-3] [DEBUG] [1766070779.711892675] [Mavic_2_PRO_1_Controller]: Time(nanoseconds=6200000000, clock_type=ROS_TIME)
[mavic_controller-3] [DEBUG] [1766070779.712273454] [Mavic_2_PRO_1_Controller]: flag: (4.745658033751264, 7.469086167954433, 4.447123847096209)
[mavic_controller-3] [DEBUG] [1766070779.712628194] [Mavic_2_PRO_1_Controller]: BODY id: 1, v_b: [ 0.99984537 -0.01758524  1.        ], angular: -0.01758614412184193
[mavic_controller-3] [DEBUG] [1766070779.712989369] [Mavic_2_PRO_1_Controller]: WORLD id: 1, v: [0.53052371 0.8476701  1.        ]
[mavic_controller-3] [DEBUG] [1766070779.713337141] [Mavic_2_PRO_1_Controller]: id: 1, gps: (0.8411127567500493, 0.9771420181278453, 1.2239843439401097)
[mavic_controller-3] [DEBUG] [1766070779.713684781] [Mavic_2_PRO_1_Controller]: id: 1, vel: (0.49643816273739055, 0.5151348409187159, 0.3271917830732213)
[mavic_controller-7] [DEBUG] [1766070779.723732691] [Mavic_2_PRO_3_Controller]: Time(nanoseconds=6304000000, clock_type=ROS_TIME)
[mavic_controller-7] [DEBUG] [1766070779.723907673] [Mavic_2_PRO_3_Controller]: flag: (4.745658033751264, 7.469086167954433, 4.447123847096209)
[mavic_controller-5] [DEBUG] [1766070779.723750946] [Mavic_2_PRO_2_Controller]: Time(nanoseconds=6304000000, clock_type=ROS_TIME)
[mavic_controller-5] [DEBUG] [1766070779.724001408] [Mavic_2_PRO_2_Controller]: flag: (4.745658033751264, 7.469086167954433, 4.447123847096209)
[mavic_controller-5] [DEBUG] [1766070779.724170115] [Mavic_2_PRO_2_Controller]: BODY id: 2, v_b: [0.99999445 0.00333291 1.        ], angular: 0.0033329158904363615
[mavic_controller-7] [DEBUG] [1766070779.724052278] [Mavic_2_PRO_3_Controller]: BODY id: 3, v_b: [0.99952798 0.03072151 1.        ], angular: 0.030726339704824135
[mavic_controller-7] [DEBUG] [1766070779.724195682] [Mavic_2_PRO_3_Controller]: WORLD id: 3, v: [0.60266181 0.79799671 1.        ]
[mavic_controller-5] [DEBUG] [1766070779.724313808] [Mavic_2_PRO_2_Controller]: WORLD id: 2, v: [0.57436652 0.81859826 1.        ]
[mavic_controller-7] [DEBUG] [1766070779.724336315] [Mavic_2_PRO_3_Controller]: id: 3, gps: (1.0040041382643963, 2.8909461683654283, 1.2601682783942811)
[mavic_controller-5] [DEBUG] [1766070779.724454362] [Mavic_2_PRO_2_Controller]: id: 2, gps: (0.9550725488907983, 1.9713811569986917, 1.259632863663452)
[mavic_controller-7] [DEBUG] [1766070779.724475204] [Mavic_2_PRO_3_Controller]: id: 3, vel: (0.5669339340558318, 0.44120708369988565, 0.3274987565987425)
[mavic_controller-5] [DEBUG] [1766070779.724617192] [Mavic_2_PRO_2_Controller]: id: 2, vel: (0.544387541682915, 0.4860806811699067, 0.32670981882169636)
[mavic_controller-3] [DEBUG] [1766070779.724940357] [Mavic_2_PRO_1_Controller]: Time(nanoseconds=6304000000, clock_type=ROS_TIME)
[mavic_controller-3] [DEBUG] [1766070779.725308670] [Mavic_2_PRO_1_Controller]: flag: (4.745658033751264, 7.469086167954433, 4.447123847096209)
[mavic_controller-3] [DEBUG] [1766070779.725655701] [Mavic_2_PRO_1_Controller]: BODY id: 1, v_b: [ 0.9999541  -0.00958159  1.        ], angular: -0.009581738832103047
[mavic_controller-3] [DEBUG] [1766070779.726005927] [Mavic_2_PRO_1_Controller]: WORLD id: 1, v: [0.52991243 0.84805236 1.        ]
[mavic_controller-3] [DEBUG] [1766070779.726350582] [Mavic_2_PRO_1_Controller]: id: 1, gps: (0.8980858940656786, 1.036038324272035, 1.2607739984681219)
[mavic_controller-3] [DEBUG] [1766070779.726704706] [Mavic_2_PRO_1_Controller]: id: 1, vel: (0.5138869969843778, 0.5297057016328197, 0.3262020581666522)
[mavic_controller-5] [DEBUG] [1766070779.735723022] [Mavic_2_PRO_2_Controller]: Time(nanoseconds=6400000000, clock_type=ROS_TIME)
[mavic_controller-7] [DEBUG] [1766070779.735856056] [Mavic_2_PRO_3_Controller]: Time(nanoseconds=6400000000, clock_type=ROS_TIME)
[mavic_controller-7] [DEBUG] [1766070779.736025110] [Mavic_2_PRO_3_Controller]: flag: (4.745658033751264, 7.469086167954433, 4.447123847096209)
[mavic_controller-5] [DEBUG] [1766070779.735898549] [Mavic_2_PRO_2_Controller]: flag: (4.745658033751264, 7.469086167954433, 4.447123847096209)
[mavic_controller-5] [DEBUG] [1766070779.736043088] [Mavic_2_PRO_2_Controller]: BODY id: 2, v_b: [0.99994174 0.01079465 1.        ], angular: 0.010794864466143
[mavic_controller-7] [DEBUG] [1766070779.736168672] [Mavic_2_PRO_3_Controller]: BODY id: 3, v_b: [0.9992064  0.03983186 1.        ], angular: 0.03984239865269201
[mavic_controller-5] [DEBUG] [1766070779.736185741] [Mavic_2_PRO_2_Controller]: WORLD id: 2, v: [0.57256907 0.81985649 1.        ]
[mavic_controller-7] [DEBUG] [1766070779.736310461] [Mavic_2_PRO_3_Controller]: WORLD id: 3, v: [0.59844022 0.80116746 1.        ]
[mavic_controller-5] [DEBUG] [1766070779.736329177] [Mavic_2_PRO_2_Controller]: id: 2, gps: (1.008404504660762, 2.018907142789819, 1.2911279471496169)
[mavic_controller-5] [DEBUG] [1766070779.736469968] [Mavic_2_PRO_2_Controller]: id: 2, vel: (0.55922567772891, 0.4975725442735446, 0.3258817973935882)
[mavic_controller-7] [DEBUG] [1766070779.736478225] [Mavic_2_PRO_3_Controller]: id: 3, gps: (1.0595066150250072, 2.9341274831215025, 1.291740192383827)
[mavic_controller-7] [DEBUG] [1766070779.736661108] [Mavic_2_PRO_3_Controller]: id: 3, vel: (0.5816746894792175, 0.4524453308651083, 0.3266855302870027)
[mavic_controller-3] [DEBUG] [1766070779.737045613] [Mavic_2_PRO_1_Controller]: Time(nanoseconds=6400000000, clock_type=ROS_TIME)
[mavic_controller-3] [DEBUG] [1766070779.737433534] [Mavic_2_PRO_1_Controller]: flag: (4.745658033751264, 7.469086167954433, 4.447123847096209)
[mavic_controller-3] [DEBUG] [1766070779.737808762] [Mavic_2_PRO_1_Controller]: BODY id: 1, v_b: [ 0.99998848 -0.00480035  1.        ], angular: -0.004800364228421907
[mavic_controller-3] [DEBUG] [1766070779.738173376] [Mavic_2_PRO_1_Controller]: WORLD id: 1, v: [0.52948682 0.84831816 1.        ]
[mavic_controller-3] [DEBUG] [1766070779.738535981] [Mavic_2_PRO_1_Controller]: id: 1, gps: (0.9357271918856627, 1.0747606802609733, 1.284365981905778)
[mavic_controller-3] [DEBUG] [1766070779.738908345] [Mavic_2_PRO_1_Controller]: id: 1, vel: (0.5246429075514285, 0.5389365875711263, 0.32557911044870946)
[mavic_controller-7] [DEBUG] [1766070779.750154179] [Mavic_2_PRO_3_Controller]: Time(nanoseconds=6504000000, clock_type=ROS_TIME)
[mavic_controller-5] [DEBUG] [1766070779.750189864] [Mavic_2_PRO_2_Controller]: Time(nanoseconds=6504000000, clock_type=ROS_TIME)
[mavic_controller-7] [DEBUG] [1766070779.750343343] [Mavic_2_PRO_3_Controller]: flag: (4.745658033751264, 7.469086167954433, 4.447123847096209)
[mavic_controller-5] [DEBUG] [1766070779.750380648] [Mavic_2_PRO_2_Controller]: flag: (4.745658033751264, 7.469086167954433, 4.447123847096209)
[mavic_controller-7] [DEBUG] [1766070779.750498706] [Mavic_2_PRO_3_Controller]: BODY id: 3, v_b: [0.99881867 0.04859275 1.        ], angular: 0.048611893644775556
[mavic_controller-5] [DEBUG] [1766070779.750538069] [Mavic_2_PRO_2_Controller]: BODY id: 2, v_b: [0.99984189 0.01778212 1.        ], angular: 0.01778305986302355
[mavic_controller-7] [DEBUG] [1766070779.750676998] [Mavic_2_PRO_3_Controller]: WORLD id: 3, v: [0.59366292 0.80471382 1.        ]
[mavic_controller-5] [DEBUG] [1766070779.750761655] [Mavic_2_PRO_2_Controller]: WORLD id: 2, v: [0.57049526 0.82130089 1.        ]
[mavic_controller-5] [DEBUG] [1766070779.750926498] [Mavic_2_PRO_2_Controller]: id: 2, gps: (1.0677585973681454, 2.0716353751489947, 1.3251590241730293)
[mavic_controller-5] [DEBUG] [1766070779.751080172] [Mavic_2_PRO_2_Controller]: id: 2, vel: (0.574594432638971, 0.5098396412565627, 0.3250124453412956)
[mavic_controller-7] [DEBUG] [1766070779.750843856] [Mavic_2_PRO_3_Controller]: id: 3, gps: (1.1211977645963294, 2.9821275347794516, 1.3258559117398914)
[mavic_controller-7] [DEBUG] [1766070779.750996584] [Mavic_2_PRO_3_Controller]: id: 3, vel: (0.5968341035053408, 0.46458048875116326, 0.325828456143513)
[mavic_controller-3] [DEBUG] [1766070779.750953473] [Mavic_2_PRO_1_Controller]: Time(nanoseconds=6504000000, clock_type=ROS_TIME)
[mavic_controller-3] [DEBUG] [1766070779.751350181] [Mavic_2_PRO_1_Controller]: flag: (4.745658033751264, 7.469086167954433, 4.447123847096209)
[mavic_controller-3] [DEBUG] [1766070779.751726515] [Mavic_2_PRO_1_Controller]: BODY id: 1, v_b: [ 9.99999993e-01 -1.20277166e-04  1.00000000e+00], angular: -0.00012027716593555501
[mavic_controller-3] [DEBUG] [1766070779.752124090] [Mavic_2_PRO_1_Controller]: WORLD id: 1, v: [0.52898291 0.84863248 1.        ]
[mavic_controller-3] [DEBUG] [1766070779.752484101] [Mavic_2_PRO_1_Controller]: id: 1, gps: (0.9784500315476465, 1.1185612391731545, 1.3105271306334747)
[mavic_controller-3] [DEBUG] [1766070779.752851912] [Mavic_2_PRO_1_Controller]: id: 1, vel: (0.5362463513415117, 0.5490170753360388, 0.3248988824463839)
[mavic_controller-7] [DEBUG] [1766070779.761667786] [Mavic_2_PRO_3_Controller]: Time(nanoseconds=6600000000, clock_type=ROS_TIME)
[mavic_controller-5] [DEBUG] [1766070779.761786857] [Mavic_2_PRO_2_Controller]: Time(nanoseconds=6600000000, clock_type=ROS_TIME)
[mavic_controller-7] [DEBUG] [1766070779.761846097] [Mavic_2_PRO_3_Controller]: flag: (4.745658033751264, 7.469086167954433, 4.447123847096209)
[mavic_controller-7] [DEBUG] [1766070779.761995411] [Mavic_2_PRO_3_Controller]: BODY id: 3, v_b: [0.99844301 0.05578137 1.        ], angular: 0.055810339225856105
[mavic_controller-5] [DEBUG] [1766070779.761965099] [Mavic_2_PRO_2_Controller]: flag: (4.745658033751264, 7.469086167954433, 4.447123847096209)
[mavic_controller-5] [DEBUG] [1766070779.762113154] [Mavic_2_PRO_2_Controller]: BODY id: 2, v_b: [0.99972707 0.02336204 1.        ], angular: 0.023364163533767746
[mavic_controller-7] [DEBUG] [1766070779.762137903] [Mavic_2_PRO_3_Controller]: WORLD id: 3, v: [0.58906989 0.80808209 1.        ]
[mavic_controller-5] [DEBUG] [1766070779.762258486] [Mavic_2_PRO_2_Controller]: WORLD id: 2, v: [0.56846357 0.82270844 1.        ]
[mavic_controller-7] [DEBUG] [1766070779.762278854] [Mavic_2_PRO_3_Controller]: id: 3, gps: (1.1795066150140228, 3.027562289781237, 1.3572688018978152)
[mavic_controller-5] [DEBUG] [1766070779.762400813] [Mavic_2_PRO_2_Controller]: id: 2, gps: (1.1239319059916963, 2.1214420742640527, 1.3564915531615123)
[mavic_controller-5] [DEBUG] [1766070779.762542970] [Mavic_2_PRO_2_Controller]: id: 2, vel: (0.5879946693679581, 0.5210912248365012, 0.3242100122747987)
[mavic_controller-7] [DEBUG] [1766070779.762419895] [Mavic_2_PRO_3_Controller]: id: 3, vel: (0.6099982109904167, 0.4757983066343513, 0.3250572493986532)
[mavic_controller-3] [DEBUG] [1766070779.762794496] [Mavic_2_PRO_1_Controller]: Time(nanoseconds=6600000000, clock_type=ROS_TIME)
[mavic_controller-3] [DEBUG] [1766070779.763181545] [Mavic_2_PRO_1_Controller]: flag: (4.745658033751264, 7.469086167954433, 4.447123847096209)
[mavic_controller-3] [DEBUG] [1766070779.763537529] [Mavic_2_PRO_1_Controller]: BODY id: 1, v_b: [0.99999354 0.00359354 1.        ], angular: 0.0035935468308165085
[mavic_controller-3] [DEBUG] [1766070779.763901290] [Mavic_2_PRO_1_Controller]: WORLD id: 1, v: [0.52850276 0.84893158 1.        ]
[mavic_controller-3] [DEBUG] [1766070779.764264818] [Mavic_2_PRO_1_Controller]: id: 1, gps: (1.017679540359827, 1.1586724603888843, 1.3340251234866467)
[mavic_controller-3] [DEBUG] [1766070779.764622761] [Mavic_2_PRO_1_Controller]: id: 1, vel: (0.5462974742422348, 0.5579815923943195, 0.3242843709896038)
[mavic_controller-7] [DEBUG] [1766070779.775871118] [Mavic_2_PRO_3_Controller]: Time(nanoseconds=6704000000, clock_type=ROS_TIME)
[mavic_controller-5] [DEBUG] [1766070779.775871399] [Mavic_2_PRO_2_Controller]: Time(nanoseconds=6704000000, clock_type=ROS_TIME)
[mavic_controller-7] [DEBUG] [1766070779.776073409] [Mavic_2_PRO_3_Controller]: flag: (4.745658033751264, 7.469086167954433, 4.447123847096209)
[mavic_controller-5] [DEBUG] [1766070779.776085094] [Mavic_2_PRO_2_Controller]: flag: (4.745658033751264, 7.469086167954433, 4.447123847096209)
[mavic_controller-7] [DEBUG] [1766070779.776226873] [Mavic_2_PRO_3_Controller]: BODY id: 3, v_b: [0.9980328  0.06269399 1.        ], angular: 0.06273513189742964
[mavic_controller-5] [DEBUG] [1766070779.776234739] [Mavic_2_PRO_2_Controller]: BODY id: 2, v_b: [0.99959147 0.02858136 1.        ], angular: 0.028585248470280027
[mavic_controller-7] [DEBUG] [1766070779.776374025] [Mavic_2_PRO_3_Controller]: WORLD id: 3, v: [0.58390178 0.81182431 1.        ]
[mavic_controller-5] [DEBUG] [1766070779.776379968] [Mavic_2_PRO_2_Controller]: WORLD id: 2, v: [0.56613568 0.82431207 1.        ]
[mavic_controller-7] [DEBUG] [1766070779.776517914] [Mavic_2_PRO_3_Controller]: id: 3, gps: (1.244058928661578, 3.078004878379697, 1.3912170279939242)
[mavic_controller-5] [DEBUG] [1766070779.776525908] [Mavic_2_PRO_2_Controller]: id: 2, gps: (1.1862042684245377, 2.1766157765733647, 1.3903495816546907)
[mavic_controller-7] [DEBUG] [1766070779.776662385] [Mavic_2_PRO_3_Controller]: id: 3, vel: (0.6233673082290424, 0.48793115783813784, 0.32424677277931035)
[mavic_controller-5] [DEBUG] [1766070779.776697899] [Mavic_2_PRO_2_Controller]: id: 2, vel: (0.6017449117880099, 0.5331157752271619, 0.3233730281155876)
[mavic_controller-3] [DEBUG] [1766070779.777418360] [Mavic_2_PRO_1_Controller]: Time(nanoseconds=6704000000, clock_type=ROS_TIME)
[mavic_controller-3] [DEBUG] [1766070779.777804077] [Mavic_2_PRO_1_Controller]: flag: (4.745658033751264, 7.469086167954433, 4.447123847096209)
[mavic_controller-3] [DEBUG] [1766070779.778148066] [Mavic_2_PRO_1_Controller]: BODY id: 1, v_b: [0.99996341 0.00855422 1.        ], angular: 0.008554319663133123
[mavic_controller-3] [DEBUG] [1766070779.778485432] [Mavic_2_PRO_1_Controller]: WORLD id: 1, v: [0.52770267 0.84942916 1.        ]
[mavic_controller-3] [DEBUG] [1766070779.778830979] [Mavic_2_PRO_1_Controller]: id: 1, gps: (1.0801121299704102, 1.2223447173260509, 1.370490297764811)
[mavic_controller-3] [DEBUG] [1766070779.779164393] [Mavic_2_PRO_1_Controller]: id: 1, vel: (0.5611942534146273, 0.5717073430900783, 0.323351561792185)
[mavic_controller-7] [DEBUG] [1766070779.787670035] [Mavic_2_PRO_3_Controller]: Time(nanoseconds=6800000000, clock_type=ROS_TIME)
[mavic_controller-5] [DEBUG] [1766070779.787839629] [Mavic_2_PRO_2_Controller]: Time(nanoseconds=6800000000, clock_type=ROS_TIME)
[mavic_controller-7] [DEBUG] [1766070779.787848415] [Mavic_2_PRO_3_Controller]: flag: (4.745658033751264, 7.469086167954433, 4.447123847096209)
[mavic_controller-7] [DEBUG] [1766070779.787996132] [Mavic_2_PRO_3_Controller]: BODY id: 3, v_b: [0.99765985 0.06837271 1.        ], angular: 0.06842609093071315
[mavic_controller-5] [DEBUG] [1766070779.788046479] [Mavic_2_PRO_2_Controller]: flag: (4.745658033751264, 7.469086167954433, 4.447123847096209)
[mavic_controller-7] [DEBUG] [1766070779.788142090] [Mavic_2_PRO_3_Controller]: WORLD id: 3, v: [0.57895944 0.81535634 1.        ]
[mavic_controller-5] [DEBUG] [1766070779.788196816] [Mavic_2_PRO_2_Controller]: BODY id: 2, v_b: [0.9994636  0.03274922 1.        ], angular: 0.03275508038925095
[mavic_controller-7] [DEBUG] [1766070779.788292897] [Mavic_2_PRO_3_Controller]: id: 3, gps: (1.304838811602826, 3.1256950530571523, 1.4224784085007112)
[mavic_controller-5] [DEBUG] [1766070779.788344334] [Mavic_2_PRO_2_Controller]: WORLD id: 2, v: [0.56387059 0.82586316 1.        ]
[mavic_controller-7] [DEBUG] [1766070779.788439551] [Mavic_2_PRO_3_Controller]: id: 3, vel: (0.6348030952431917, 0.49916826679623955, 0.3234978922256674)
[mavic_controller-5] [DEBUG] [1766070779.788491650] [Mavic_2_PRO_2_Controller]: id: 2, gps: (1.2449194361452978, 2.22865735747383, 1.4215257579983003)
[mavic_controller-3] [DEBUG] [1766070779.788762859] [Mavic_2_PRO_1_Controller]: Time(nanoseconds=6800000000, clock_type=ROS_TIME)
[mavic_controller-5] [DEBUG] [1766070779.788804739] [Mavic_2_PRO_2_Controller]: id: 2, vel: (0.6136245640539857, 0.5441404072602478, 0.3226073949467765)
[mavic_controller-3] [DEBUG] [1766070779.789122041] [Mavic_2_PRO_1_Controller]: flag: (4.745658033751264, 7.469086167954433, 4.447123847096209)
[mavic_controller-3] [DEBUG] [1766070779.789403881] [Mavic_2_PRO_1_Controller]: BODY id: 1, v_b: [0.99990035 0.01411705 1.        ], angular: 0.01411751639379387
[mavic_controller-3] [DEBUG] [1766070779.789593219] [Mavic_2_PRO_1_Controller]: WORLD id: 1, v: [0.52508712 0.85104848 1.        ]
[mavic_controller-3] [DEBUG] [1766070779.789838830] [Mavic_2_PRO_1_Controller]: id: 1, gps: (1.1303116139452425, 1.2734463491442385, 1.3990690181388743)
[mavic_controller-3] [DEBUG] [1766070779.790014790] [Mavic_2_PRO_1_Controller]: id: 1, vel: (0.5723089996883447, 0.582270575025409, 0.32263904921724973)
[mavic_controller-5] [DEBUG] [1766070779.800803066] [Mavic_2_PRO_2_Controller]: Time(nanoseconds=6904000000, clock_type=ROS_TIME)
[mavic_controller-3] [DEBUG] [1766070779.800962829] [Mavic_2_PRO_1_Controller]: Time(nanoseconds=6904000000, clock_type=ROS_TIME)
[mavic_controller-3] [DEBUG] [1766070779.801138798] [Mavic_2_PRO_1_Controller]: flag: (4.745658033751264, 7.469086167954433, 4.447123847096209)
[mavic_controller-5] [DEBUG] [1766070779.800979615] [Mavic_2_PRO_2_Controller]: flag: (4.745658033751264, 7.469086167954433, 4.447123847096209)
[mavic_controller-5] [DEBUG] [1766070779.801123221] [Mavic_2_PRO_2_Controller]: BODY id: 2, v_b: [0.99932785 0.03665865 1.        ], angular: 0.03666686798543818
[mavic_controller-5] [DEBUG] [1766070779.801274634] [Mavic_2_PRO_2_Controller]: WORLD id: 2, v: [0.56129101 0.82761852 1.        ]
[mavic_controller-3] [DEBUG] [1766070779.801303207] [Mavic_2_PRO_1_Controller]: BODY id: 1, v_b: [0.99985479 0.01704105 1.        ], angular: 0.017041870918076223
[mavic_controller-5] [DEBUG] [1766070779.801416419] [Mavic_2_PRO_2_Controller]: id: 2, gps: (1.3097781562357629, 2.2862276565156403, 1.455218326336112)
[mavic_controller-3] [DEBUG] [1766070779.801453502] [Mavic_2_PRO_1_Controller]: WORLD id: 1, v: [0.52556303 0.85075466 1.        ]
[mavic_controller-5] [DEBUG] [1766070779.801557303] [Mavic_2_PRO_2_Controller]: id: 2, vel: (0.6256882735122307, 0.5559295050377023, 0.32180912456483796)
[mavic_controller-3] [DEBUG] [1766070779.801596842] [Mavic_2_PRO_1_Controller]: id: 1, gps: (1.2335151223271665, 1.378422719027608, 1.4560400405943268)
[mavic_controller-3] [DEBUG] [1766070779.801738838] [Mavic_2_PRO_1_Controller]: id: 1, vel: (0.5926737947069072, 0.6029775828912389, 0.32126262141423567)
[mavic_controller-7] [DEBUG] [1766070779.802317003] [Mavic_2_PRO_3_Controller]: Time(nanoseconds=6904000000, clock_type=ROS_TIME)
[mavic_controller-7] [DEBUG] [1766070779.802699829] [Mavic_2_PRO_3_Controller]: flag: (4.745658033751264, 7.469086167954433, 4.447123847096209)
[mavic_controller-7] [DEBUG] [1766070779.803076328] [Mavic_2_PRO_3_Controller]: BODY id: 3, v_b: [0.99726979 0.0738442  1.        ], angular: 0.07391147638851166
[mavic_controller-7] [DEBUG] [1766070779.803453528] [Mavic_2_PRO_3_Controller]: WORLD id: 3, v: [0.57342625 0.81925718 1.        ]
[mavic_controller-7] [DEBUG] [1766070779.803812876] [Mavic_2_PRO_3_Controller]: id: 3, gps: (1.371879691783887, 3.178580909347859, 1.4562655643104745)
[mavic_controller-7] [DEBUG] [1766070779.804161172] [Mavic_2_PRO_3_Controller]: id: 3, vel: (0.6462856284847018, 0.5112947372368732, 0.3227257639545365)
[mavic_controller-3] [DEBUG] [1766070779.813816523] [Mavic_2_PRO_1_Controller]: Time(nanoseconds=7000000000, clock_type=ROS_TIME)
[mavic_controller-3] [DEBUG] [1766070779.813997514] [Mavic_2_PRO_1_Controller]: flag: (4.745658033751264, 7.469086167954433, 4.447123847096209)
[mavic_controller-3] [DEBUG] [1766070779.814144750] [Mavic_2_PRO_1_Controller]: BODY id: 1, v_b: [0.99981573 0.01919672 1.        ], angular: 0.019197900416990772
[mavic_controller-5] [DEBUG] [1766070779.814027694] [Mavic_2_PRO_2_Controller]: Time(nanoseconds=7000000000, clock_type=ROS_TIME)
[mavic_controller-5] [DEBUG] [1766070779.814194769] [Mavic_2_PRO_2_Controller]: flag: (4.745658033751264, 7.469086167954433, 4.447123847096209)
[mavic_controller-3] [DEBUG] [1766070779.814298772] [Mavic_2_PRO_1_Controller]: WORLD id: 1, v: [0.5246961  0.85128961 1.        ]
[mavic_controller-3] [DEBUG] [1766070779.814448416] [Mavic_2_PRO_1_Controller]: id: 1, gps: (1.2912616451411882, 1.437207961358304, 1.4870149279530718)
[mavic_controller-5] [DEBUG] [1766070779.814338883] [Mavic_2_PRO_2_Controller]: BODY id: 2, v_b: [0.99920817 0.0397873  1.        ], angular: 0.03979780931683489
[mavic_controller-5] [DEBUG] [1766070779.814481617] [Mavic_2_PRO_2_Controller]: WORLD id: 2, v: [0.55879603 0.82930513 1.        ]
[mavic_controller-3] [DEBUG] [1766070779.814597275] [Mavic_2_PRO_1_Controller]: id: 1, vel: (0.6027718452542445, 0.6139879961784734, 0.32053914168489794)
[mavic_controller-5] [DEBUG] [1766070779.814652989] [Mavic_2_PRO_2_Controller]: id: 2, gps: (1.3707232464641108, 2.3404592080083377, 1.4862461055158092)
[mavic_controller-5] [DEBUG] [1766070779.814812709] [Mavic_2_PRO_2_Controller]: id: 2, vel: (0.6360134240505307, 0.5667143162688855, 0.32109278117149803)
[mavic_controller-7] [DEBUG] [1766070779.814841896] [Mavic_2_PRO_3_Controller]: Time(nanoseconds=7000000000, clock_type=ROS_TIME)
[mavic_controller-7] [DEBUG] [1766070779.815016036] [Mavic_2_PRO_3_Controller]: flag: (4.745658033751264, 7.469086167954433, 4.447123847096209)
[mavic_controller-7] [DEBUG] [1766070779.815163810] [Mavic_2_PRO_3_Controller]: BODY id: 3, v_b: [0.99698179 0.07763573 1.        ], angular: 0.07771393590083688
[mavic_controller-7] [DEBUG] [1766070779.815309326] [Mavic_2_PRO_3_Controller]: WORLD id: 3, v: [0.56904756 0.82230462 1.        ]
[mavic_controller-7] [DEBUG] [1766070779.815453515] [Mavic_2_PRO_3_Controller]: id: 3, gps: (1.424233530554076, 3.2201258361222815, 1.4822010416759412)
[mavic_controller-7] [DEBUG] [1766070779.815606835] [Mavic_2_PRO_3_Controller]: id: 3, vel: (0.6543928302622727, 0.5206641657417819, 0.3221379462824061)
[mavic_controller-7] [DEBUG] [1766070779.826703994] [Mavic_2_PRO_3_Controller]: Time(nanoseconds=7104000000, clock_type=ROS_TIME)
[mavic_controller-3] [DEBUG] [1766070779.826792315] [Mavic_2_PRO_1_Controller]: Time(nanoseconds=7104000000, clock_type=ROS_TIME)
[mavic_controller-7] [DEBUG] [1766070779.826884068] [Mavic_2_PRO_3_Controller]: flag: (4.745658033751264, 7.469086167954433, 4.447123847096209)
[mavic_controller-7] [DEBUG] [1766070779.827031223] [Mavic_2_PRO_3_Controller]: BODY id: 3, v_b: [0.99657286 0.08271958 1.        ], angular: 0.082814204496233
[mavic_controller-7] [DEBUG] [1766070779.827175062] [Mavic_2_PRO_3_Controller]: WORLD id: 3, v: [0.56228976 0.82694028 1.        ]
[mavic_controller-3] [DEBUG] [1766070779.826972984] [Mavic_2_PRO_1_Controller]: flag: (4.745658033751264, 7.469086167954433, 4.447123847096209)
[mavic_controller-3] [DEBUG] [1766070779.827121951] [Mavic_2_PRO_1_Controller]: BODY id: 1, v_b: [0.99977773 0.02108286 1.        ], angular: 0.02108442703713295
[mavic_controller-3] [DEBUG] [1766070779.827268860] [Mavic_2_PRO_1_Controller]: WORLD id: 1, v: [0.52370251 0.85190122 1.        ]
[mavic_controller-7] [DEBUG] [1766070779.827319541] [Mavic_2_PRO_3_Controller]: id: 3, gps: (1.5039293438094261, 3.283850153249082, 1.5210188072069186)
[mavic_controller-3] [DEBUG] [1766070779.827418084] [Mavic_2_PRO_1_Controller]: id: 1, gps: (1.3548767411355203, 1.5020784344818892, 1.5204925416302377)
[mavic_controller-7] [DEBUG] [1766070779.827463190] [Mavic_2_PRO_3_Controller]: id: 3, vel: (0.6655535306947828, 0.5346066039815569, 0.32130887592121155)
[mavic_controller-3] [DEBUG] [1766070779.827579311] [Mavic_2_PRO_1_Controller]: id: 1, vel: (0.6129303580976739, 0.6256712079863134, 0.31976555261497924)
[mavic_controller-5] [DEBUG] [1766070779.828465030] [Mavic_2_PRO_2_Controller]: Time(nanoseconds=7104000000, clock_type=ROS_TIME)
[mavic_controller-5] [DEBUG] [1766070779.828854440] [Mavic_2_PRO_2_Controller]: flag: (4.745658033751264, 7.469086167954433, 4.447123847096209)
[mavic_controller-5] [DEBUG] [1766070779.829220056] [Mavic_2_PRO_2_Controller]: BODY id: 2, v_b: [0.99909778 0.04246917 1.        ], angular: 0.042481947163736065
[mavic_controller-5] [DEBUG] [1766070779.829583374] [Mavic_2_PRO_2_Controller]: WORLD id: 2, v: [0.55619289 0.83105323 1.        ]
[mavic_controller-5] [DEBUG] [1766070779.829977459] [Mavic_2_PRO_2_Controller]: id: 2, gps: (1.4326265679992563, 2.3957249954510207, 1.5172058526885877)
[mavic_controller-5] [DEBUG] [1766070779.830337080] [Mavic_2_PRO_2_Controller]: id: 2, vel: (0.6455861896860671, 0.5773796420403456, 0.3203968578985674)
[mavic_controller-3] [DEBUG] [1766070779.838938231] [Mavic_2_PRO_1_Controller]: Time(nanoseconds=7200000000, clock_type=ROS_TIME)
[mavic_controller-7] [DEBUG] [1766070779.838948774] [Mavic_2_PRO_3_Controller]: Time(nanoseconds=7200000000, clock_type=ROS_TIME)
[mavic_controller-7] [DEBUG] [1766070779.839122763] [Mavic_2_PRO_3_Controller]: flag: (4.745658033751264, 7.469086167954433, 4.447123847096209)
[mavic_controller-7] [DEBUG] [1766070779.839268685] [Mavic_2_PRO_3_Controller]: BODY id: 3, v_b: [0.99626701 0.0863252  1.        ], angular: 0.08643277358945953
[mavic_controller-3] [DEBUG] [1766070779.839128788] [Mavic_2_PRO_1_Controller]: flag: (4.745658033751264, 7.469086167954433, 4.447123847096209)
[mavic_controller-3] [DEBUG] [1766070779.839281249] [Mavic_2_PRO_1_Controller]: BODY id: 1, v_b: [0.99974732 0.02247881 1.        ], angular: 0.022480702125635573
[mavic_controller-7] [DEBUG] [1766070779.839412663] [Mavic_2_PRO_3_Controller]: WORLD id: 3, v: [0.55672794 0.83069489 1.        ]
[mavic_controller-3] [DEBUG] [1766070779.839449350] [Mavic_2_PRO_1_Controller]: WORLD id: 1, v: [0.52273326 0.8524963  1.        ]
[mavic_controller-7] [DEBUG] [1766070779.839595953] [Mavic_2_PRO_3_Controller]: id: 3, gps: (1.568597049652133, 3.336043464275426, 1.5520023509806582)
[mavic_controller-3] [DEBUG] [1766070779.839601757] [Mavic_2_PRO_1_Controller]: id: 1, gps: (1.4145034510196675, 1.5630309545386305, 1.5513247372139098)
[mavic_controller-7] [DEBUG] [1766070779.839750327] [Mavic_2_PRO_3_Controller]: id: 3, vel: (0.6734689274606923, 0.5457781791834716, 0.3206721564999743)
[mavic_controller-3] [DEBUG] [1766070779.839763310] [Mavic_2_PRO_1_Controller]: id: 1, vel: (0.6215986710670716, 0.636229145939382, 0.3190831853140875)
[mavic_controller-5] [DEBUG] [1766070779.840031814] [Mavic_2_PRO_2_Controller]: Time(nanoseconds=7200000000, clock_type=ROS_TIME)
[mavic_controller-5] [DEBUG] [1766070779.840420492] [Mavic_2_PRO_2_Controller]: flag: (4.745658033751264, 7.469086167954433, 4.447123847096209)
[mavic_controller-5] [DEBUG] [1766070779.840790412] [Mavic_2_PRO_2_Controller]: BODY id: 2, v_b: [0.99902779 0.04408492 1.        ], angular: 0.04409921473514963
[mavic_controller-5] [DEBUG] [1766070779.841153128] [Mavic_2_PRO_2_Controller]: WORLD id: 2, v: [0.55439788 0.83225176 1.        ]
[mavic_controller-5] [DEBUG] [1766070779.841547519] [Mavic_2_PRO_2_Controller]: id: 2, gps: (1.4743926550767477, 2.433137150746483, 1.5378088468879358)
[mavic_controller-5] [DEBUG] [1766070779.841909010] [Mavic_2_PRO_2_Controller]: id: 2, vel: (0.6515641099802633, 0.5844124747413383, 0.31994384702687234)
[mavic_controller-7] [DEBUG] [1766070779.852684816] [Mavic_2_PRO_3_Controller]: Time(nanoseconds=7304000000, clock_type=ROS_TIME)
[mavic_controller-7] [DEBUG] [1766070779.852865501] [Mavic_2_PRO_3_Controller]: flag: (4.745658033751264, 7.469086167954433, 4.447123847096209)
[mavic_controller-7] [DEBUG] [1766070779.853012582] [Mavic_2_PRO_3_Controller]: BODY id: 3, v_b: [0.99595866 0.08981284 1.        ], angular: 0.08993402350677066
[mavic_controller-7] [DEBUG] [1766070779.853164088] [Mavic_2_PRO_3_Controller]: WORLD id: 3, v: [0.55055453 0.8347992  1.        ]
[mavic_controller-7] [DEBUG] [1766070779.853321587] [Mavic_2_PRO_3_Controller]: id: 3, gps: (1.63946511618022, 3.3937990396254683, 1.585500257480318)
[mavic_controller-7] [DEBUG] [1766070779.853467202] [Mavic_2_PRO_3_Controller]: id: 3, vel: (0.681100877162323, 0.5578192522725348, 0.32000918132790196)
[mavic_controller-3] [DEBUG] [1766070779.853560644] [Mavic_2_PRO_1_Controller]: Time(nanoseconds=7304000000, clock_type=ROS_TIME)
[mavic_controller-3] [DEBUG] [1766070779.853740024] [Mavic_2_PRO_1_Controller]: flag: (4.745658033751264, 7.469086167954433, 4.447123847096209)
[mavic_controller-3] [DEBUG] [1766070779.853892354] [Mavic_2_PRO_1_Controller]: BODY id: 1, v_b: [0.99971952 0.02368275 1.        ], angular: 0.023684960982411886
[mavic_controller-5] [DEBUG] [1766070779.853887105] [Mavic_2_PRO_2_Controller]: Time(nanoseconds=7304000000, clock_type=ROS_TIME)
[mavic_controller-3] [DEBUG] [1766070779.854053409] [Mavic_2_PRO_1_Controller]: WORLD id: 1, v: [0.52162475 0.85317502 1.        ]
[mavic_controller-3] [DEBUG] [1766070779.854197227] [Mavic_2_PRO_1_Controller]: id: 1, gps: (1.4800025466158833, 1.6301989988581405, 1.584654197227562)
[mavic_controller-5] [DEBUG] [1766070779.854253957] [Mavic_2_PRO_2_Controller]: flag: (4.745658033751264, 7.469086167954433, 4.447123847096209)
[mavic_controller-3] [DEBUG] [1766070779.854338595] [Mavic_2_PRO_1_Controller]: id: 1, vel: (0.6302467498777821, 0.6474135146660855, 0.31838336690316005)
[mavic_controller-5] [DEBUG] [1766070779.854601922] [Mavic_2_PRO_2_Controller]: BODY id: 2, v_b: [0.99893673 0.04610221 1.        ], angular: 0.04611855938554515
[mavic_controller-5] [DEBUG] [1766070779.854964113] [Mavic_2_PRO_2_Controller]: WORLD id: 2, v: [0.55185433 0.83394053 1.        ]
[mavic_controller-5] [DEBUG] [1766070779.855305615] [Mavic_2_PRO_2_Controller]: id: 2, gps: (1.532423683540475, 2.485314959336838, 1.5660912189847043)
[mavic_controller-5] [DEBUG] [1766070779.855656360] [Mavic_2_PRO_2_Controller]: id: 2, vel: (0.659236412952309, 0.5939938508494892, 0.31934300346492267)
[mavic_controller-7] [DEBUG] [1766070779.864692549] [Mavic_2_PRO_3_Controller]: Time(nanoseconds=7400000000, clock_type=ROS_TIME)
[mavic_controller-3] [DEBUG] [1766070779.864782521] [Mavic_2_PRO_1_Controller]: Time(nanoseconds=7400000000, clock_type=ROS_TIME)
[mavic_controller-3] [DEBUG] [1766070779.864954513] [Mavic_2_PRO_1_Controller]: flag: (4.745658033751264, 7.469086167954433, 4.447123847096209)
[mavic_controller-7] [DEBUG] [1766070779.864873864] [Mavic_2_PRO_3_Controller]: flag: (4.745658033751264, 7.469086167954433, 4.447123847096209)
[mavic_controller-7] [DEBUG] [1766070779.865021853] [Mavic_2_PRO_3_Controller]: BODY id: 3, v_b: [0.99569446 0.09269592 1.        ], angular: 0.09282918563993953
[mavic_controller-3] [DEBUG] [1766070779.865108561] [Mavic_2_PRO_1_Controller]: BODY id: 1, v_b: [0.99969824 0.02456474 1.        ], angular: 0.024567207449410697
[mavic_controller-7] [DEBUG] [1766070779.865167586] [Mavic_2_PRO_3_Controller]: WORLD id: 3, v: [0.54472703 0.83861342 1.        ]
[mavic_controller-3] [DEBUG] [1766070779.865263705] [Mavic_2_PRO_1_Controller]: WORLD id: 1, v: [0.52054561 0.85383386 1.        ]
[mavic_controller-7] [DEBUG] [1766070779.865312254] [Mavic_2_PRO_3_Controller]: id: 3, gps: (1.705542140177443, 3.4482274869296425, 1.616360759568367)
[mavic_controller-3] [DEBUG] [1766070779.865410879] [Mavic_2_PRO_1_Controller]: id: 1, gps: (1.5412292846268194, 1.6932259165669563, 1.6153562897074736)
[mavic_controller-7] [DEBUG] [1766070779.865457209] [Mavic_2_PRO_3_Controller]: id: 3, vel: (0.6872588121282099, 0.5688863546541953, 0.3194182958942958)
[mavic_controller-3] [DEBUG] [1766070779.865610344] [Mavic_2_PRO_1_Controller]: id: 1, vel: (0.6375438025084402, 0.6575051166729473, 0.31776229679480045)
[mavic_controller-5] [DEBUG] [1766070779.866348402] [Mavic_2_PRO_2_Controller]: Time(nanoseconds=7400000000, clock_type=ROS_TIME)
[mavic_controller-5] [DEBUG] [1766070779.866710889] [Mavic_2_PRO_2_Controller]: flag: (4.745658033751264, 7.469086167954433, 4.447123847096209)
[mavic_controller-5] [DEBUG] [1766070779.867061826] [Mavic_2_PRO_2_Controller]: BODY id: 2, v_b: [0.99884502 0.04804815 1.        ], angular: 0.048066658051642425
[mavic_controller-5] [DEBUG] [1766070779.867404470] [Mavic_2_PRO_2_Controller]: WORLD id: 2, v: [0.54922354 0.83567548 1.        ]
[mavic_controller-5] [DEBUG] [1766070779.867756091] [Mavic_2_PRO_2_Controller]: id: 2, gps: (1.5911051739014348, 2.5383340599884354, 1.5943216886395384)
[mavic_controller-5] [DEBUG] [1766070779.868122440] [Mavic_2_PRO_2_Controller]: id: 2, vel: (0.6663167010654932, 0.6034424750320196, 0.31876491804439727)
[mavic_controller-3] [DEBUG] [1766070779.878039189] [Mavic_2_PRO_1_Controller]: Time(nanoseconds=7504000000, clock_type=ROS_TIME)
[mavic_controller-7] [DEBUG] [1766070779.878118388] [Mavic_2_PRO_3_Controller]: Time(nanoseconds=7504000000, clock_type=ROS_TIME)
[mavic_controller-7] [DEBUG] [1766070779.878299686] [Mavic_2_PRO_3_Controller]: flag: (4.745658033751264, 7.469086167954433, 4.447123847096209)
[mavic_controller-3] [DEBUG] [1766070779.878250042] [Mavic_2_PRO_1_Controller]: flag: (4.745658033751264, 7.469086167954433, 4.447123847096209)
[mavic_controller-3] [DEBUG] [1766070779.878425461] [Mavic_2_PRO_1_Controller]: BODY id: 1, v_b: [0.99967932 0.02532324 1.        ], angular: 0.025325946414981693
[mavic_controller-7] [DEBUG] [1766070779.878452011] [Mavic_2_PRO_3_Controller]: BODY id: 3, v_b: [0.99542991 0.09549495 1.        ], angular: 0.09564069222276
[mavic_controller-3] [DEBUG] [1766070779.878582931] [Mavic_2_PRO_1_Controller]: WORLD id: 1, v: [0.51931311 0.85458405 1.        ]
[mavic_controller-7] [DEBUG] [1766070779.878600683] [Mavic_2_PRO_3_Controller]: WORLD id: 3, v: [0.53828099 0.84276543 1.        ]
[mavic_controller-7] [DEBUG] [1766070779.878749358] [Mavic_2_PRO_3_Controller]: id: 3, gps: (1.7777459931851016, 3.5083922454303997, 1.6497308185781767)
[mavic_controller-3] [DEBUG] [1766070779.878748979] [Mavic_2_PRO_1_Controller]: id: 1, gps: (1.608313784090287, 1.7625894276747973, 1.648550706735024)
[mavic_controller-3] [DEBUG] [1766070779.878909210] [Mavic_2_PRO_1_Controller]: id: 1, vel: (0.6447323509466648, 0.6681654750371383, 0.3171159259372904)
[mavic_controller-7] [DEBUG] [1766070779.878909231] [Mavic_2_PRO_3_Controller]: id: 3, vel: (0.6930083558460111, 0.5807893481441405, 0.31881708977944834)
[mavic_controller-5] [DEBUG] [1766070779.879950396] [Mavic_2_PRO_2_Controller]: Time(nanoseconds=7504000000, clock_type=ROS_TIME)
[mavic_controller-5] [DEBUG] [1766070779.880359072] [Mavic_2_PRO_2_Controller]: flag: (4.745658033751264, 7.469086167954433, 4.447123847096209)
[mavic_controller-5] [DEBUG] [1766070779.880716443] [Mavic_2_PRO_2_Controller]: BODY id: 2, v_b: [0.99874883 0.05000775 1.        ], angular: 0.05002861960261249
[mavic_controller-5] [DEBUG] [1766070779.881068896] [Mavic_2_PRO_2_Controller]: WORLD id: 2, v: [0.54600542 0.83778164 1.        ]
[mavic_controller-5] [DEBUG] [1766070779.881409068] [Mavic_2_PRO_2_Controller]: id: 2, gps: (1.6612194610285924, 2.6020643616338592, 1.6276201977833642)
[mavic_controller-5] [DEBUG] [1766070779.881753901] [Mavic_2_PRO_2_Controller]: id: 2, vel: (0.6738827706552337, 0.6144659428015047, 0.3181080080416159)
[mavic_controller-7] [DEBUG] [1766070779.890678918] [Mavic_2_PRO_3_Controller]: Time(nanoseconds=7600000000, clock_type=ROS_TIME)
[mavic_controller-3] [DEBUG] [1766070779.890723987] [Mavic_2_PRO_1_Controller]: Time(nanoseconds=7600000000, clock_type=ROS_TIME)
[mavic_controller-7] [DEBUG] [1766070779.890866209] [Mavic_2_PRO_3_Controller]: flag: (4.745658033751264, 7.469086167954433, 4.447123847096209)
[mavic_controller-7] [DEBUG] [1766070779.891012233] [Mavic_2_PRO_3_Controller]: BODY id: 3, v_b: [0.99520478 0.09781334 1.        ], angular: 0.09796998877647525
[mavic_controller-3] [DEBUG] [1766070779.890922904] [Mavic_2_PRO_1_Controller]: flag: (4.745658033751264, 7.469086167954433, 4.447123847096209)
[mavic_controller-3] [DEBUG] [1766070779.891074692] [Mavic_2_PRO_1_Controller]: BODY id: 1, v_b: [0.999665   0.02588221 1.        ], angular: 0.02588509683357049
[mavic_controller-7] [DEBUG] [1766070779.891155382] [Mavic_2_PRO_3_Controller]: WORLD id: 3, v: [0.53221491 0.84660929 1.        ]
[mavic_controller-3] [DEBUG] [1766070779.891229112] [Mavic_2_PRO_1_Controller]: WORLD id: 1, v: [0.51811403 0.85531155 1.        ]
[mavic_controller-7] [DEBUG] [1766070779.891298825] [Mavic_2_PRO_3_Controller]: id: 3, gps: (1.8448829038921009, 3.5650302103265514, 1.6804799163825472)
[mavic_controller-7] [DEBUG] [1766070779.891442777] [Mavic_2_PRO_3_Controller]: id: 3, vel: (0.6974602455812068, 0.5916998846026436, 0.31829548917672085)
[mavic_controller-3] [DEBUG] [1766070779.891379938] [Mavic_2_PRO_1_Controller]: id: 1, gps: (1.6708694585866921, 1.8275936239870514, 1.679133044116755)
[mavic_controller-3] [DEBUG] [1766070779.891527202] [Mavic_2_PRO_1_Controller]: id: 1, vel: (0.6507096245518972, 0.677755931064359, 0.3165451270193087)
[mavic_controller-5] [DEBUG] [1766070779.891563724] [Mavic_2_PRO_2_Controller]: Time(nanoseconds=7600000000, clock_type=ROS_TIME)
[mavic_controller-5] [DEBUG] [1766070779.891936606] [Mavic_2_PRO_2_Controller]: flag: (4.745658033751264, 7.469086167954433, 4.447123847096209)
