[mavic_controller-7] [DEBUG] [1766071030.962936310] [Mavic_2_PRO_3_Controller]: id: 3, gps: (-1.5393909050071384, 0.24146826721225045, 1.6342021523250332)
[mavic_controller-3] [DEBUG] [1766071030.963039636] [Mavic_2_PRO_1_Controller]: id: 1, vel: (-0.7202771361209509, -0.6111138432120292, 0.3162012539802555)
[mavic_controller-7] [DEBUG] [1766071030.963175282] [Mavic_2_PRO_3_Controller]: id: 3, vel: (-0.6379825944875228, -0.6868973346572952, 0.3167000969500715)
[mavic_controller-5] [DEBUG] [1766071030.972868345] [Mavic_2_PRO_2_Controller]: Time(nanoseconds=7600000000, clock_type=ROS_TIME)
[mavic_controller-5] [DEBUG] [1766071030.973067191] [Mavic_2_PRO_2_Controller]: flag: (-7.4311634968169376, -5.388654700958053, 3.6949291066242047)
[mavic_controller-5] [DEBUG] [1766071030.973215212] [Mavic_2_PRO_2_Controller]: BODY id: 2, v_b: [ 0.99986867 -0.01620653  1.        ], angular: -0.01620724273900284
[mavic_controller-7] [DEBUG] [1766071030.973140290] [Mavic_2_PRO_3_Controller]: Time(nanoseconds=7600000000, clock_type=ROS_TIME)
[mavic_controller-7] [DEBUG] [1766071030.973314027] [Mavic_2_PRO_3_Controller]: flag: (-7.4311634968169376, -5.388654700958053, 3.6949291066242047)
[mavic_controller-5] [DEBUG] [1766071030.973359168] [Mavic_2_PRO_2_Controller]: WORLD id: 2, v: [-0.77518639 -0.63173259  1.        ]
[mavic_controller-7] [DEBUG] [1766071030.973461278] [Mavic_2_PRO_3_Controller]: BODY id: 3, v_b: [ 0.99884212 -0.04810833  1.        ], angular: -0.04812690540192798
[mavic_controller-7] [DEBUG] [1766071030.973644902] [Mavic_2_PRO_3_Controller]: WORLD id: 3, v: [-0.76627229 -0.64251597  1.        ]
[mavic_controller-5] [DEBUG] [1766071030.973502084] [Mavic_2_PRO_2_Controller]: id: 2, gps: (-1.7442989087429142, -0.7251997879572201, 1.682294246211391)
[mavic_controller-5] [DEBUG] [1766071030.973678857] [Mavic_2_PRO_2_Controller]: id: 2, vel: (-0.6863984911422127, -0.65481024626596, 0.3162582406373738)
[mavic_controller-7] [DEBUG] [1766071030.973804812] [Mavic_2_PRO_3_Controller]: id: 3, gps: (-1.6325037598895118, 0.1415726006002891, 1.6800278075007162)
[mavic_controller-7] [DEBUG] [1766071030.973948282] [Mavic_2_PRO_3_Controller]: id: 3, vel: (-0.6474806115375704, -0.6923585433530379, 0.3162811432570272)
[mavic_controller-3] [DEBUG] [1766071030.974292943] [Mavic_2_PRO_1_Controller]: Time(nanoseconds=7600000000, clock_type=ROS_TIME)
[mavic_controller-3] [DEBUG] [1766071030.974662208] [Mavic_2_PRO_1_Controller]: flag: (-7.4311634968169376, -5.388654700958053, 3.6949291066242047)
[mavic_controller-3] [DEBUG] [1766071030.975011512] [Mavic_2_PRO_1_Controller]: BODY id: 1, v_b: [0.9996779 0.025379  1.       ], angular: 0.025381722858967507
[mavic_controller-3] [DEBUG] [1766071030.975348471] [Mavic_2_PRO_1_Controller]: WORLD id: 1, v: [-0.77711229 -0.62936197  1.        ]
[mavic_controller-3] [DEBUG] [1766071030.975691637] [Mavic_2_PRO_1_Controller]: id: 1, gps: (-1.8608433502166661, -1.5740159365483963, 1.6741286690321275)
[mavic_controller-3] [DEBUG] [1766071030.976059194] [Mavic_2_PRO_1_Controller]: id: 1, vel: (-0.7245233388753008, -0.6159705598462671, 0.3159267052163984)
[mavic_controller-7] [DEBUG] [1766071030.985880821] [Mavic_2_PRO_3_Controller]: Time(nanoseconds=7704000000, clock_type=ROS_TIME)
[mavic_controller-5] [DEBUG] [1766071030.985879504] [Mavic_2_PRO_2_Controller]: Time(nanoseconds=7704000000, clock_type=ROS_TIME)
[mavic_controller-5] [DEBUG] [1766071030.986066348] [Mavic_2_PRO_2_Controller]: flag: (-7.4311634968169376, -5.388654700958053, 3.6949291066242047)
[mavic_controller-7] [DEBUG] [1766071030.986073231] [Mavic_2_PRO_3_Controller]: flag: (-7.4311634968169376, -5.388654700958053, 3.6949291066242047)
[mavic_controller-5] [DEBUG] [1766071030.986213015] [Mavic_2_PRO_2_Controller]: BODY id: 2, v_b: [ 0.99986681 -0.01632077  0.99231398], angular: -0.01632149375909063
[mavic_controller-7] [DEBUG] [1766071030.986221325] [Mavic_2_PRO_3_Controller]: BODY id: 3, v_b: [ 0.99879217 -0.04913447  0.98990178], angular: -0.04915426360715571
[mavic_controller-7] [DEBUG] [1766071030.986365839] [Mavic_2_PRO_3_Controller]: WORLD id: 3, v: [-0.76875382 -0.63954481  0.98990178]
[mavic_controller-5] [DEBUG] [1766071030.986382049] [Mavic_2_PRO_2_Controller]: WORLD id: 2, v: [-0.77581503 -0.63096041  0.99231398]
[mavic_controller-7] [DEBUG] [1766071030.986547638] [Mavic_2_PRO_3_Controller]: id: 3, gps: (-1.7005863582224119, 0.06898302040430301, 1.713088884945211)
[mavic_controller-7] [DEBUG] [1766071030.986748574] [Mavic_2_PRO_3_Controller]: id: 3, vel: (-0.6540054136113455, -0.6955322439387279, 0.31601925100984485)
[mavic_controller-5] [DEBUG] [1766071030.986604098] [Mavic_2_PRO_2_Controller]: id: 2, gps: (-1.8164170113599465, -0.793923410437325, 1.715350709968316)
[mavic_controller-5] [DEBUG] [1766071030.986796905] [Mavic_2_PRO_2_Controller]: id: 2, vel: (-0.6923056454842477, -0.6590759914467242, 0.31595562006531286)
[mavic_controller-3] [DEBUG] [1766071030.987249637] [Mavic_2_PRO_1_Controller]: Time(nanoseconds=7704000000, clock_type=ROS_TIME)
[mavic_controller-3] [DEBUG] [1766071030.987621773] [Mavic_2_PRO_1_Controller]: flag: (-7.4311634968169376, -5.388654700958053, 3.6949291066242047)
[mavic_controller-3] [DEBUG] [1766071030.988024105] [Mavic_2_PRO_1_Controller]: BODY id: 1, v_b: [0.99967548 0.02547417 0.99622199], angular: 0.025476926400625304
[mavic_controller-3] [DEBUG] [1766071030.988381261] [Mavic_2_PRO_1_Controller]: WORLD id: 1, v: [-0.77616996 -0.63052375  0.99622199]
[mavic_controller-3] [DEBUG] [1766071030.988743696] [Mavic_2_PRO_1_Controller]: id: 1, gps: (-1.9193056968921145, -1.6237731456494124, 1.699531772086113)
[mavic_controller-3] [DEBUG] [1766071030.989133558] [Mavic_2_PRO_1_Controller]: id: 1, vel: (-0.7285110316681767, -0.6205813538232902, 0.3156673822671855)
[mavic_controller-5] [DEBUG] [1766071030.998666333] [Mavic_2_PRO_2_Controller]: Time(nanoseconds=7800000000, clock_type=ROS_TIME)
[mavic_controller-7] [DEBUG] [1766071030.998718836] [Mavic_2_PRO_3_Controller]: Time(nanoseconds=7800000000, clock_type=ROS_TIME)
[mavic_controller-5] [DEBUG] [1766071030.998846614] [Mavic_2_PRO_2_Controller]: flag: (-7.4311634968169376, -5.388654700958053, 3.6949291066242047)
[mavic_controller-5] [DEBUG] [1766071030.998993278] [Mavic_2_PRO_2_Controller]: BODY id: 2, v_b: [ 0.9998663  -0.01635163  0.9771762 ], angular: -0.01635235598522828
[mavic_controller-7] [DEBUG] [1766071030.998902717] [Mavic_2_PRO_3_Controller]: flag: (-7.4311634968169376, -5.388654700958053, 3.6949291066242047)
[mavic_controller-7] [DEBUG] [1766071030.999050448] [Mavic_2_PRO_3_Controller]: BODY id: 3, v_b: [ 0.99875034 -0.04997762  0.97462083], angular: -0.04999844889262106
[mavic_controller-5] [DEBUG] [1766071030.999136240] [Mavic_2_PRO_2_Controller]: WORLD id: 2, v: [-0.77638124 -0.63026357  0.9771762 ]
[mavic_controller-7] [DEBUG] [1766071030.999195583] [Mavic_2_PRO_3_Controller]: WORLD id: 3, v: [-0.7710463  -0.63677909  0.97462083]
[mavic_controller-5] [DEBUG] [1766071030.999279314] [Mavic_2_PRO_2_Controller]: id: 2, gps: (-1.8835192030930614, -0.857732367423035, 1.7458375884608899)
[mavic_controller-7] [DEBUG] [1766071030.999339977] [Mavic_2_PRO_3_Controller]: id: 3, gps: (-1.764024256071841, 0.001712292463363456, 1.7435836861305858)
[mavic_controller-5] [DEBUG] [1766071030.999422790] [Mavic_2_PRO_2_Controller]: id: 2, vel: (-0.6974491441409222, -0.6625659704052337, 0.3157004591175304)
[mavic_controller-3] [DEBUG] [1766071030.999449335] [Mavic_2_PRO_1_Controller]: Time(nanoseconds=7800000000, clock_type=ROS_TIME)
[mavic_controller-7] [DEBUG] [1766071030.999495955] [Mavic_2_PRO_3_Controller]: id: 3, vel: (-0.6597894054934411, -0.6979066131514405, 0.3157964855282776)
[mavic_controller-3] [DEBUG] [1766071030.999818843] [Mavic_2_PRO_1_Controller]: flag: (-7.4311634968169376, -5.388654700958053, 3.6949291066242047)
[mavic_controller-3] [DEBUG] [1766071031.000159239] [Mavic_2_PRO_1_Controller]: BODY id: 1, v_b: [0.99967468 0.02550551 0.98474552], angular: 0.02550828097208193
[mavic_controller-3] [DEBUG] [1766071031.000495208] [Mavic_2_PRO_1_Controller]: WORLD id: 1, v: [-0.77535296 -0.63152814  0.98474552]
[mavic_controller-3] [DEBUG] [1766071031.000833644] [Mavic_2_PRO_1_Controller]: id: 1, gps: (-1.972186930627057, -1.6688635068563804, 1.7223772685742789)
[mavic_controller-3] [DEBUG] [1766071031.001164793] [Mavic_2_PRO_1_Controller]: id: 1, vel: (-0.7318811309313357, -0.6245327412309292, 0.3154470607574529)
[mavic_controller-7] [DEBUG] [1766071031.011810118] [Mavic_2_PRO_3_Controller]: Time(nanoseconds=7904000000, clock_type=ROS_TIME)
[mavic_controller-5] [DEBUG] [1766071031.011909820] [Mavic_2_PRO_2_Controller]: Time(nanoseconds=7904000000, clock_type=ROS_TIME)
[mavic_controller-5] [DEBUG] [1766071031.012079417] [Mavic_2_PRO_2_Controller]: flag: (-7.4311634968169376, -5.388654700958053, 3.6949291066242047)
[mavic_controller-7] [DEBUG] [1766071031.011989841] [Mavic_2_PRO_3_Controller]: flag: (-7.4311634968169376, -5.388654700958053, 3.6949291066242047)
[mavic_controller-7] [DEBUG] [1766071031.012136400] [Mavic_2_PRO_3_Controller]: BODY id: 3, v_b: [ 0.99870999 -0.05077747  0.95808072], angular: -0.05079931866512976
[mavic_controller-5] [DEBUG] [1766071031.012225585] [Mavic_2_PRO_2_Controller]: BODY id: 2, v_b: [ 0.99986695 -0.01631182  0.96078829], angular: -0.016312547275696636
[mavic_controller-5] [DEBUG] [1766071031.012391775] [Mavic_2_PRO_2_Controller]: WORLD id: 2, v: [-0.77697762 -0.62952822  0.96078829]
[mavic_controller-7] [DEBUG] [1766071031.012284230] [Mavic_2_PRO_3_Controller]: WORLD id: 3, v: [-0.77352296 -0.63376828  0.95808072]
[mavic_controller-7] [DEBUG] [1766071031.012428830] [Mavic_2_PRO_3_Controller]: id: 3, gps: (-1.8333642505249073, -0.0713916921076734, 1.7765965736786051)
[mavic_controller-3] [DEBUG] [1766071031.012403004] [Mavic_2_PRO_1_Controller]: Time(nanoseconds=7904000000, clock_type=ROS_TIME)
[mavic_controller-5] [DEBUG] [1766071031.012585146] [Mavic_2_PRO_2_Controller]: id: 2, gps: (-1.9567556135030133, -0.9272134296190843, 1.778838639066924)
[mavic_controller-5] [DEBUG] [1766071031.012738684] [Mavic_2_PRO_2_Controller]: id: 2, vel: (-0.7026968128128617, -0.6658864051660761, 0.31544927096500974)
[mavic_controller-3] [DEBUG] [1766071031.012592105] [Mavic_2_PRO_1_Controller]: flag: (-7.4311634968169376, -5.388654700958053, 3.6949291066242047)
[mavic_controller-3] [DEBUG] [1766071031.012744936] [Mavic_2_PRO_1_Controller]: BODY id: 1, v_b: [0.99950796 0.03136605 0.96668267], angular: 0.0313711965116287
[mavic_controller-3] [DEBUG] [1766071031.012894113] [Mavic_2_PRO_1_Controller]: WORLD id: 1, v: [-0.7704719  -0.63747396  0.96668267]
[mavic_controller-7] [DEBUG] [1766071031.012624203] [Mavic_2_PRO_3_Controller]: id: 3, vel: (-0.6657881705540927, -0.6999189243866116, 0.3155776144339898)
[mavic_controller-3] [DEBUG] [1766071031.013036552] [Mavic_2_PRO_1_Controller]: id: 1, gps: (-2.0489836561752393, -1.7344826136878302, 1.7553492513418072)
[mavic_controller-3] [DEBUG] [1766071031.013177587] [Mavic_2_PRO_1_Controller]: id: 1, vel: (-0.7367279721912159, -0.630317103693697, 0.3151283151725535)
[mavic_controller-5] [DEBUG] [1766071031.023887925] [Mavic_2_PRO_2_Controller]: Time(nanoseconds=8000000000, clock_type=ROS_TIME)
[mavic_controller-7] [DEBUG] [1766071031.023936188] [Mavic_2_PRO_3_Controller]: Time(nanoseconds=8000000000, clock_type=ROS_TIME)
[mavic_controller-7] [DEBUG] [1766071031.024109334] [Mavic_2_PRO_3_Controller]: flag: (-7.4311634968169376, -5.388654700958053, 3.6949291066242047)
[mavic_controller-7] [DEBUG] [1766071031.024255162] [Mavic_2_PRO_3_Controller]: BODY id: 3, v_b: [ 0.9986776  -0.05141071  0.94282527], angular: -0.05143338264608898
[mavic_controller-5] [DEBUG] [1766071031.024120901] [Mavic_2_PRO_2_Controller]: flag: (-7.4311634968169376, -5.388654700958053, 3.6949291066242047)
[mavic_controller-5] [DEBUG] [1766071031.024268262] [Mavic_2_PRO_2_Controller]: BODY id: 2, v_b: [ 0.99986862 -0.01620919  0.94566985], angular: -0.016209898466881187
[mavic_controller-5] [DEBUG] [1766071031.024419530] [Mavic_2_PRO_2_Controller]: WORLD id: 2, v: [-0.77750808 -0.62887295  0.94566985]
[mavic_controller-7] [DEBUG] [1766071031.024430697] [Mavic_2_PRO_3_Controller]: WORLD id: 3, v: [-0.77579515 -0.63098485  0.94282527]
[mavic_controller-5] [DEBUG] [1766071031.024604032] [Mavic_2_PRO_2_Controller]: id: 2, gps: (-2.02482998262688, -0.991636162452763, 1.809279052765289)
[mavic_controller-5] [DEBUG] [1766071031.024766172] [Mavic_2_PRO_2_Controller]: id: 2, vel: (-0.7072522273718175, -0.6685476423362933, 0.3152401451075009)
[mavic_controller-7] [DEBUG] [1766071031.024637049] [Mavic_2_PRO_3_Controller]: id: 3, gps: (-1.8979148950445326, -0.13903209575399025, 1.8070510219235523)
[mavic_controller-7] [DEBUG] [1766071031.024854637] [Mavic_2_PRO_3_Controller]: id: 3, vel: (-0.6710991000047708, -0.7012757586400789, 0.31540109105040365)
[mavic_controller-3] [DEBUG] [1766071031.025648956] [Mavic_2_PRO_1_Controller]: Time(nanoseconds=8000000000, clock_type=ROS_TIME)
[mavic_controller-3] [DEBUG] [1766071031.026033183] [Mavic_2_PRO_1_Controller]: flag: (-7.4311634968169376, -5.388654700958053, 3.6949291066242047)
[mavic_controller-3] [DEBUG] [1766071031.026381993] [Mavic_2_PRO_1_Controller]: BODY id: 1, v_b: [0.9995077  0.03137458 0.95135827], angular: 0.03137972975709388
[mavic_controller-3] [DEBUG] [1766071031.026722374] [Mavic_2_PRO_1_Controller]: WORLD id: 1, v: [-0.76938539 -0.63878488  0.95135827]
[mavic_controller-3] [DEBUG] [1766071031.027074120] [Mavic_2_PRO_1_Controller]: id: 1, gps: (-2.1202727789356826, -1.7955366886178592, 1.785758542525788)
[mavic_controller-3] [DEBUG] [1766071031.027439261] [Mavic_2_PRO_1_Controller]: id: 1, vel: (-0.7404713398163448, -0.6349925373083921, 0.3148772915450575)
[mavic_controller-5] [DEBUG] [1766071031.037731578] [Mavic_2_PRO_2_Controller]: Time(nanoseconds=8104000000, clock_type=ROS_TIME)
[mavic_controller-7] [DEBUG] [1766071031.037773735] [Mavic_2_PRO_3_Controller]: Time(nanoseconds=8104000000, clock_type=ROS_TIME)
[mavic_controller-5] [DEBUG] [1766071031.037922669] [Mavic_2_PRO_2_Controller]: flag: (-7.4311634968169376, -5.388654700958053, 3.6949291066242047)
[mavic_controller-5] [DEBUG] [1766071031.038067738] [Mavic_2_PRO_2_Controller]: BODY id: 2, v_b: [ 0.99987152 -0.01602953  0.92930013], angular: -0.01603021288562219
[mavic_controller-7] [DEBUG] [1766071031.037950620] [Mavic_2_PRO_3_Controller]: flag: (-7.4311634968169376, -5.388654700958053, 3.6949291066242047)
[mavic_controller-7] [DEBUG] [1766071031.038097405] [Mavic_2_PRO_3_Controller]: BODY id: 3, v_b: [ 0.99864813 -0.05198001  0.92631104], angular: -0.05200344513957155
[mavic_controller-7] [DEBUG] [1766071031.038240529] [Mavic_2_PRO_3_Controller]: WORLD id: 3, v: [-0.7782328  -0.62797588  0.92631104]
[mavic_controller-5] [DEBUG] [1766071031.038254409] [Mavic_2_PRO_2_Controller]: WORLD id: 2, v: [-0.77805746 -0.62819312  0.92930013]
[mavic_controller-5] [DEBUG] [1766071031.038397707] [Mavic_2_PRO_2_Controller]: id: 2, gps: (-2.0990568012740574, -1.0616944664353776, 1.8422347285737446)
[mavic_controller-5] [DEBUG] [1766071031.038597863] [Mavic_2_PRO_2_Controller]: id: 2, vel: (-0.7118861516011414, -0.6710174583739026, 0.3150378807811052)
[mavic_controller-7] [DEBUG] [1766071031.038411014] [Mavic_2_PRO_3_Controller]: id: 3, gps: (-1.968409525512294, -0.21242930930242143, 1.8400258915814118)
[mavic_controller-7] [DEBUG] [1766071031.038621375] [Mavic_2_PRO_3_Controller]: id: 3, vel: (-0.6766051210909044, -0.7022438763489733, 0.3152413130226469)
[mavic_controller-3] [DEBUG] [1766071031.039294645] [Mavic_2_PRO_1_Controller]: Time(nanoseconds=8104000000, clock_type=ROS_TIME)
[mavic_controller-3] [DEBUG] [1766071031.039672573] [Mavic_2_PRO_1_Controller]: flag: (-7.4311634968169376, -5.388654700958053, 3.6949291066242047)
[mavic_controller-3] [DEBUG] [1766071031.040042781] [Mavic_2_PRO_1_Controller]: BODY id: 1, v_b: [0.99968975 0.02490771 0.93636517], angular: 0.024910281939160107
[mavic_controller-3] [DEBUG] [1766071031.040397643] [Mavic_2_PRO_1_Controller]: WORLD id: 1, v: [-0.772303   -0.63525434  0.93636517]
[mavic_controller-3] [DEBUG] [1766071031.040748973] [Mavic_2_PRO_1_Controller]: id: 1, gps: (-2.1978908867595055, -1.8621761982586955, 1.818674310895285)
[mavic_controller-3] [DEBUG] [1766071031.041107003] [Mavic_2_PRO_1_Controller]: id: 1, vel: (-0.743901990119979, -0.6393867991585909, 0.31461741641573104)
[mavic_controller-5] [DEBUG] [1766071031.051572922] [Mavic_2_PRO_2_Controller]: Time(nanoseconds=8208000000, clock_type=ROS_TIME)
[mavic_controller-3] [DEBUG] [1766071031.051768640] [Mavic_2_PRO_1_Controller]: Time(nanoseconds=8208000000, clock_type=ROS_TIME)
[mavic_controller-3] [DEBUG] [1766071031.051935487] [Mavic_2_PRO_1_Controller]: flag: (-7.4311634968169376, -5.388654700958053, 3.6949291066242047)
[mavic_controller-5] [DEBUG] [1766071031.051866623] [Mavic_2_PRO_2_Controller]: flag: (-7.4311634968169376, -5.388654700958053, 3.6949291066242047)
[mavic_controller-5] [DEBUG] [1766071031.052041889] [Mavic_2_PRO_2_Controller]: BODY id: 2, v_b: [ 0.99987545 -0.01578239  0.91293495], angular: -0.015783047258688402
[mavic_controller-3] [DEBUG] [1766071031.052090109] [Mavic_2_PRO_1_Controller]: BODY id: 1, v_b: [0.99971378 0.02392402 0.91221581], angular: 0.023926300721890496
[mavic_controller-5] [DEBUG] [1766071031.052187040] [Mavic_2_PRO_2_Controller]: WORLD id: 2, v: [-0.77857784 -0.62754805  0.91293495]
[mavic_controller-5] [DEBUG] [1766071031.052332633] [Mavic_2_PRO_2_Controller]: id: 2, gps: (-2.173751135751668, -1.1319880610716189, 1.8751706250915)
[mavic_controller-3] [DEBUG] [1766071031.052232725] [Mavic_2_PRO_1_Controller]: WORLD id: 1, v: [-0.77108154 -0.63673641  0.91221581]
[mavic_controller-3] [DEBUG] [1766071031.052376186] [Mavic_2_PRO_1_Controller]: id: 1, gps: (-2.3119844843468687, -1.9604336199220285, 1.8667362911629246)
[mavic_controller-5] [DEBUG] [1766071031.052478315] [Mavic_2_PRO_2_Controller]: id: 2, vel: (-0.7162186137976193, -0.6730824729383729, 0.31485974563748437)
[mavic_controller-3] [DEBUG] [1766071031.052572136] [Mavic_2_PRO_1_Controller]: id: 1, vel: (-0.7487128171990319, -0.6458009048573199, 0.3143179806813202)
[mavic_controller-7] [DEBUG] [1766071031.052853089] [Mavic_2_PRO_3_Controller]: Time(nanoseconds=8208000000, clock_type=ROS_TIME)
[mavic_controller-7] [DEBUG] [1766071031.053242270] [Mavic_2_PRO_3_Controller]: flag: (-7.4311634968169376, -5.388654700958053, 3.6949291066242047)
[mavic_controller-7] [DEBUG] [1766071031.053610875] [Mavic_2_PRO_3_Controller]: BODY id: 3, v_b: [ 0.9986249  -0.05242441  0.90980894], angular: -0.0524484511738507
[mavic_controller-7] [DEBUG] [1766071031.053996614] [Mavic_2_PRO_3_Controller]: WORLD id: 3, v: [-0.78063617 -0.62498574  0.90980894]
[mavic_controller-7] [DEBUG] [1766071031.054344282] [Mavic_2_PRO_3_Controller]: id: 3, gps: (-2.0394664038713666, -0.28589912848677373, 1.8729854651161302)
[mavic_controller-7] [DEBUG] [1766071031.054737542] [Mavic_2_PRO_3_Controller]: id: 3, vel: (-0.6818695638754648, -0.7027091635533148, 0.3151059208766586)
[mavic_controller-5] [DEBUG] [1766071031.063696220] [Mavic_2_PRO_2_Controller]: Time(nanoseconds=8304000000, clock_type=ROS_TIME)
[mavic_controller-3] [DEBUG] [1766071031.063705609] [Mavic_2_PRO_1_Controller]: Time(nanoseconds=8304000000, clock_type=ROS_TIME)
[mavic_controller-3] [DEBUG] [1766071031.063880979] [Mavic_2_PRO_1_Controller]: flag: (-7.4311634968169376, -5.388654700958053, 3.6949291066242047)
[mavic_controller-5] [DEBUG] [1766071031.063883947] [Mavic_2_PRO_2_Controller]: flag: (-7.4311634968169376, -5.388654700958053, 3.6949291066242047)
[mavic_controller-3] [DEBUG] [1766071031.064027021] [Mavic_2_PRO_1_Controller]: BODY id: 1, v_b: [0.99973578 0.02298615 0.89443703], angular: 0.022988173423948394
[mavic_controller-5] [DEBUG] [1766071031.064037757] [Mavic_2_PRO_2_Controller]: BODY id: 2, v_b: [ 0.99987981 -0.01550403  0.89782957], angular: -0.015504648460573348
[mavic_controller-3] [DEBUG] [1766071031.064171188] [Mavic_2_PRO_1_Controller]: WORLD id: 1, v: [-0.77033055 -0.63764477  0.89443703]
[mavic_controller-5] [DEBUG] [1766071031.064187890] [Mavic_2_PRO_2_Controller]: WORLD id: 2, v: [-0.77903423 -0.62698139  0.89782957]
[mavic_controller-3] [DEBUG] [1766071031.064311398] [Mavic_2_PRO_1_Controller]: id: 1, gps: (-2.396494883330002, -2.0334281570469837, 1.9021259092322587)
[mavic_controller-5] [DEBUG] [1766071031.064334110] [Mavic_2_PRO_2_Controller]: id: 2, gps: (-2.2430879814801137, -1.1970478871400965, 1.9055575375075664)
[mavic_controller-3] [DEBUG] [1766071031.064454891] [Mavic_2_PRO_1_Controller]: id: 1, vel: (-0.7518014580111866, -0.6500596923067231, 0.3141473431201216)
[mavic_controller-5] [DEBUG] [1766071031.064480629] [Mavic_2_PRO_2_Controller]: id: 2, vel: (-0.7199602268833292, -0.6746513482165645, 0.31471529944306015)
[mavic_controller-7] [DEBUG] [1766071031.064542087] [Mavic_2_PRO_3_Controller]: Time(nanoseconds=8304000000, clock_type=ROS_TIME)
[mavic_controller-7] [DEBUG] [1766071031.064714573] [Mavic_2_PRO_3_Controller]: flag: (-7.4311634968169376, -5.388654700958053, 3.6949291066242047)
[mavic_controller-7] [DEBUG] [1766071031.064882836] [Mavic_2_PRO_3_Controller]: BODY id: 3, v_b: [ 0.99860938 -0.0527192   0.89458627], angular: -0.0527436511617623
[mavic_controller-7] [DEBUG] [1766071031.065030324] [Mavic_2_PRO_3_Controller]: WORLD id: 3, v: [-0.78281565 -0.62225369  0.89458627]
[mavic_controller-7] [DEBUG] [1766071031.065195067] [Mavic_2_PRO_3_Controller]: id: 3, gps: (-2.105534464125459, -0.35373804782139423, 1.9033981370238886)
[mavic_controller-7] [DEBUG] [1766071031.065343071] [Mavic_2_PRO_3_Controller]: id: 3, vel: (-0.6865182045732585, -0.702717611891861, 0.31499942880255805)
[mavic_controller-3] [DEBUG] [1766071031.076749417] [Mavic_2_PRO_1_Controller]: Time(nanoseconds=8400000000, clock_type=ROS_TIME)
[mavic_controller-3] [DEBUG] [1766071031.076940382] [Mavic_2_PRO_1_Controller]: flag: (-7.4311634968169376, -5.388654700958053, 3.6949291066242047)
[mavic_controller-3] [DEBUG] [1766071031.077084078] [Mavic_2_PRO_1_Controller]: BODY id: 1, v_b: [0.99975655 0.02206466 0.87920739], angular: 0.022066449594882007
[mavic_controller-3] [DEBUG] [1766071031.077223499] [Mavic_2_PRO_1_Controller]: WORLD id: 1, v: [-0.76979094 -0.6382961   0.87920739]
[mavic_controller-3] [DEBUG] [1766071031.077361603] [Mavic_2_PRO_1_Controller]: id: 1, gps: (-2.469196800921929, -2.0963544282734206, 1.932441995565839)
[mavic_controller-3] [DEBUG] [1766071031.077525417] [Mavic_2_PRO_1_Controller]: id: 1, vel: (-0.7541835692014631, -0.6533547784703794, 0.31396148397190454)
[mavic_controller-5] [DEBUG] [1766071031.077765760] [Mavic_2_PRO_2_Controller]: Time(nanoseconds=8400000000, clock_type=ROS_TIME)
[mavic_controller-5] [DEBUG] [1766071031.078156292] [Mavic_2_PRO_2_Controller]: flag: (-7.4311634968169376, -5.388654700958053, 3.6949291066242047)
[mavic_controller-5] [DEBUG] [1766071031.078542543] [Mavic_2_PRO_2_Controller]: BODY id: 2, v_b: [ 0.99988463 -0.01518956  0.88272615], angular: -0.015190141002308477
[mavic_controller-7] [DEBUG] [1766071031.078548052] [Mavic_2_PRO_3_Controller]: Time(nanoseconds=8400000000, clock_type=ROS_TIME)
[mavic_controller-5] [DEBUG] [1766071031.078932558] [Mavic_2_PRO_2_Controller]: WORLD id: 2, v: [-0.77947139 -0.62643782  0.88272615]
[mavic_controller-7] [DEBUG] [1766071031.078963657] [Mavic_2_PRO_3_Controller]: flag: (-7.4311634968169376, -5.388654700958053, 3.6949291066242047)
[mavic_controller-5] [DEBUG] [1766071031.079291854] [Mavic_2_PRO_2_Controller]: id: 2, gps: (-2.31277348631007, -1.262243153269839, 1.9359314696016054)
[mavic_controller-7] [DEBUG] [1766071031.079328969] [Mavic_2_PRO_3_Controller]: BODY id: 3, v_b: [ 0.99861497 -0.05261312  0.88064008], angular: -0.05263742326806942
[mavic_controller-5] [DEBUG] [1766071031.079655715] [Mavic_2_PRO_2_Controller]: id: 2, vel: (-0.7234642212362506, -0.675916173256294, 0.3145892469804866)
[mavic_controller-7] [DEBUG] [1766071031.079697823] [Mavic_2_PRO_3_Controller]: WORLD id: 3, v: [-0.78477333 -0.61978288  0.88064008]
[mavic_controller-7] [DEBUG] [1766071031.080057838] [Mavic_2_PRO_3_Controller]: id: 3, gps: (-2.1664824257447326, -0.4159076314862792, 1.9312682492563626)
[mavic_controller-7] [DEBUG] [1766071031.080413249] [Mavic_2_PRO_3_Controller]: id: 3, vel: (-0.6906034653876388, -0.702392075511872, 0.31491956744652405)
[mavic_controller-3] [DEBUG] [1766071031.091231203] [Mavic_2_PRO_1_Controller]: Time(nanoseconds=8504000000, clock_type=ROS_TIME)
[mavic_controller-3] [DEBUG] [1766071031.091406090] [Mavic_2_PRO_1_Controller]: flag: (-7.4311634968169376, -5.388654700958053, 3.6949291066242047)
[mavic_controller-3] [DEBUG] [1766071031.091551054] [Mavic_2_PRO_1_Controller]: BODY id: 1, v_b: [0.99978065 0.02094379 0.86271726], angular: 0.020945323914042233
[mavic_controller-5] [DEBUG] [1766071031.091407820] [Mavic_2_PRO_2_Controller]: Time(nanoseconds=8504000000, clock_type=ROS_TIME)
[mavic_controller-5] [DEBUG] [1766071031.091641566] [Mavic_2_PRO_2_Controller]: flag: (-7.4311634968169376, -5.388654700958053, 3.6949291066242047)
[mavic_controller-3] [DEBUG] [1766071031.091703099] [Mavic_2_PRO_1_Controller]: WORLD id: 1, v: [-0.76932043 -0.63886312  0.86271726]
[mavic_controller-3] [DEBUG] [1766071031.091846686] [Mavic_2_PRO_1_Controller]: id: 1, gps: (-2.5481982325892423, -2.164868797779988, 1.9652652358457343)
[mavic_controller-5] [DEBUG] [1766071031.091805625] [Mavic_2_PRO_2_Controller]: BODY id: 2, v_b: [ 0.99989025 -0.01481485  0.86636612], angular: -0.014815388378309103
[mavic_controller-5] [DEBUG] [1766071031.091955100] [Mavic_2_PRO_2_Controller]: WORLD id: 2, v: [-0.77992461 -0.62587347  0.86636612]
[mavic_controller-5] [DEBUG] [1766071031.092099750] [Mavic_2_PRO_2_Controller]: id: 2, gps: (-2.388633661324264, -1.3329911526870541, 1.9688240103867742)
[mavic_controller-3] [DEBUG] [1766071031.091988112] [Mavic_2_PRO_1_Controller]: id: 1, vel: (-0.7564481645646871, -0.6566445419885362, 0.31378486317909476)
[mavic_controller-5] [DEBUG] [1766071031.092242579] [Mavic_2_PRO_2_Controller]: id: 2, vel: (-0.7270023685627036, -0.6769644559138119, 0.3144739112197246)
[mavic_controller-7] [DEBUG] [1766071031.092600074] [Mavic_2_PRO_3_Controller]: Time(nanoseconds=8512000000, clock_type=ROS_TIME)
[mavic_controller-7] [DEBUG] [1766071031.092985795] [Mavic_2_PRO_3_Controller]: flag: (-7.4311634968169376, -5.388654700958053, 3.6949291066242047)
[mavic_controller-7] [DEBUG] [1766071031.093335879] [Mavic_2_PRO_3_Controller]: BODY id: 3, v_b: [ 0.99861184 -0.05267246  0.86290053], angular: -0.05269684488053465
[mavic_controller-7] [DEBUG] [1766071031.093683248] [Mavic_2_PRO_3_Controller]: WORLD id: 3, v: [-0.78719931 -0.61669867  0.86290053]
[mavic_controller-7] [DEBUG] [1766071031.094038228] [Mavic_2_PRO_3_Controller]: id: 3, gps: (-2.2445622631487283, -0.4949661888390205, 1.966730254983505)
[mavic_controller-7] [DEBUG] [1766071031.094385363] [Mavic_2_PRO_3_Controller]: id: 3, vel: (-0.6955713845667973, -0.7015433321880438, 0.31483802400931604)
[mavic_controller-5] [DEBUG] [1766071031.102634951] [Mavic_2_PRO_2_Controller]: Time(nanoseconds=8600000000, clock_type=ROS_TIME)
[mavic_controller-3] [DEBUG] [1766071031.102717167] [Mavic_2_PRO_1_Controller]: Time(nanoseconds=8600000000, clock_type=ROS_TIME)
[mavic_controller-3] [DEBUG] [1766071031.102934371] [Mavic_2_PRO_1_Controller]: flag: (-7.4311634968169376, -5.388654700958053, 3.6949291066242047)
[mavic_controller-5] [DEBUG] [1766071031.102829671] [Mavic_2_PRO_2_Controller]: flag: (-7.4311634968169376, -5.388654700958053, 3.6949291066242047)
[mavic_controller-5] [DEBUG] [1766071031.103030518] [Mavic_2_PRO_2_Controller]: BODY id: 2, v_b: [ 0.99989566 -0.01444554  0.85126401], angular: -0.01444603834269618
[mavic_controller-3] [DEBUG] [1766071031.103176671] [Mavic_2_PRO_1_Controller]: BODY id: 1, v_b: [0.99980419 0.01978818 0.84750312], angular: 0.019789469483985377
[mavic_controller-3] [DEBUG] [1766071031.103391751] [Mavic_2_PRO_1_Controller]: WORLD id: 1, v: [-0.76899584 -0.63925379  0.84750312]
[mavic_controller-5] [DEBUG] [1766071031.103186378] [Mavic_2_PRO_2_Controller]: WORLD id: 2, v: [-0.78032613 -0.62537279  0.85126401]
[mavic_controller-5] [DEBUG] [1766071031.103339322] [Mavic_2_PRO_2_Controller]: id: 2, gps: (-2.4589746187948913, -1.3983791744687208, 1.9991765298371231)
[mavic_controller-5] [DEBUG] [1766071031.103495519] [Mavic_2_PRO_2_Controller]: id: 2, vel: (-0.7300420469417699, -0.6776527667729466, 0.31438352685919874)
[mavic_controller-3] [DEBUG] [1766071031.103544566] [Mavic_2_PRO_1_Controller]: id: 1, gps: (-2.621319399670625, -2.2284047191532124, 1.995549467567793)
[mavic_controller-3] [DEBUG] [1766071031.103724346] [Mavic_2_PRO_1_Controller]: id: 1, vel: (-0.7582907907140639, -0.6594345580630616, 0.31366498023089445)
[mavic_controller-7] [DEBUG] [1766071031.103974866] [Mavic_2_PRO_3_Controller]: Time(nanoseconds=8600000000, clock_type=ROS_TIME)
[mavic_controller-7] [DEBUG] [1766071031.104372581] [Mavic_2_PRO_3_Controller]: flag: (-7.4311634968169376, -5.388654700958053, 3.6949291066242047)
[mavic_controller-7] [DEBUG] [1766071031.104744804] [Mavic_2_PRO_3_Controller]: BODY id: 3, v_b: [ 0.99861406 -0.05263039  0.85276838], angular: -0.05265472163204668
[mavic_controller-7] [DEBUG] [1766071031.105121658] [Mavic_2_PRO_3_Controller]: WORLD id: 3, v: [-0.78854798 -0.61497323  0.85276838]
[mavic_controller-7] [DEBUG] [1766071031.105495475] [Mavic_2_PRO_3_Controller]: id: 3, gps: (-2.2894254920254506, -0.5400904207602693, 1.986990592962735)
[mavic_controller-7] [DEBUG] [1766071031.105887721] [Mavic_2_PRO_3_Controller]: id: 3, vel: (-0.6982971903022923, -0.7008530853555975, 0.3148023706638063)
[mavic_controller-3] [DEBUG] [1766071031.115841322] [Mavic_2_PRO_1_Controller]: Time(nanoseconds=8704000000, clock_type=ROS_TIME)
[mavic_controller-3] [DEBUG] [1766071031.116037801] [Mavic_2_PRO_1_Controller]: flag: (-7.4311634968169376, -5.388654700958053, 3.6949291066242047)
[mavic_controller-3] [DEBUG] [1766071031.116182365] [Mavic_2_PRO_1_Controller]: BODY id: 1, v_b: [0.99983065 0.01840316 0.831029  ], angular: 0.01840419626359506
[mavic_controller-3] [DEBUG] [1766071031.116326736] [Mavic_2_PRO_1_Controller]: WORLD id: 1, v: [-0.76876863 -0.63952701  0.831029  ]
[mavic_controller-3] [DEBUG] [1766071031.116509847] [Mavic_2_PRO_1_Controller]: id: 1, gps: (-2.7007207505605093, -2.297525377935279, 2.028346417378817)
[mavic_controller-3] [DEBUG] [1766071031.116705862] [Mavic_2_PRO_1_Controller]: id: 1, vel: (-0.7600339761783639, -0.6622065575721432, 0.3135680235607205)
[mavic_controller-7] [DEBUG] [1766071031.117404026] [Mavic_2_PRO_3_Controller]: Time(nanoseconds=8704000000, clock_type=ROS_TIME)
[mavic_controller-5] [DEBUG] [1766071031.117405617] [Mavic_2_PRO_2_Controller]: Time(nanoseconds=8704000000, clock_type=ROS_TIME)
[mavic_controller-7] [DEBUG] [1766071031.117834684] [Mavic_2_PRO_3_Controller]: flag: (-7.4311634968169376, -5.388654700958053, 3.6949291066242047)
[mavic_controller-5] [DEBUG] [1766071031.117834640] [Mavic_2_PRO_2_Controller]: flag: (-7.4311634968169376, -5.388654700958053, 3.6949291066242047)
[mavic_controller-7] [DEBUG] [1766071031.118220591] [Mavic_2_PRO_3_Controller]: BODY id: 3, v_b: [ 0.99862114 -0.05249592  0.84010775], angular: -0.05252005810950121
[mavic_controller-5] [DEBUG] [1766071031.118222462] [Mavic_2_PRO_2_Controller]: BODY id: 2, v_b: [ 0.99990231 -0.01397781  0.83615851], angular: -0.013978263339126586
[mavic_controller-7] [DEBUG] [1766071031.118625175] [Mavic_2_PRO_3_Controller]: WORLD id: 3, v: [-0.79019082 -0.61286089  0.84010775]
[mavic_controller-5] [DEBUG] [1766071031.118625099] [Mavic_2_PRO_2_Controller]: WORLD id: 2, v: [-0.78071296 -0.62488981  0.83615851]
[mavic_controller-7] [DEBUG] [1766071031.119056580] [Mavic_2_PRO_3_Controller]: id: 3, gps: (-2.3457464698751127, -0.5964250204383966, 2.012313335964686)
[mavic_controller-5] [DEBUG] [1766071031.119056430] [Mavic_2_PRO_2_Controller]: id: 2, gps: (-2.5295978472655753, -1.4638206657521047, 2.029521152624814)
[mavic_controller-5] [DEBUG] [1766071031.119470716] [Mavic_2_PRO_2_Controller]: id: 2, vel: (-0.7328707991987261, -0.6780942576967022, 0.3143090820460313)
[mavic_controller-7] [DEBUG] [1766071031.119471197] [Mavic_2_PRO_3_Controller]: id: 3, vel: (-0.7015907476163007, -0.6997938606260902, 0.314770748546883)
[mavic_controller-3] [DEBUG] [1766071031.130257642] [Mavic_2_PRO_1_Controller]: Time(nanoseconds=8800000000, clock_type=ROS_TIME)
[mavic_controller-3] [DEBUG] [1766071031.130428685] [Mavic_2_PRO_1_Controller]: flag: (-7.4311634968169376, -5.388654700958053, 3.6949291066242047)
[mavic_controller-3] [DEBUG] [1766071031.130599182] [Mavic_2_PRO_1_Controller]: BODY id: 1, v_b: [0.99985551 0.01699863 0.81582885], angular: 0.016999444879327648
[mavic_controller-3] [DEBUG] [1766071031.130905973] [Mavic_2_PRO_1_Controller]: WORLD id: 1, v: [-0.76867788 -0.63963608  0.81582885]
[mavic_controller-3] [DEBUG] [1766071031.131092591] [Mavic_2_PRO_1_Controller]: id: 1, gps: (-2.7741644820749465, -2.3615734732981135, 2.058611815132643)
[mavic_controller-3] [DEBUG] [1766071031.131236569] [Mavic_2_PRO_1_Controller]: id: 1, vel: (-0.7614277179872385, -0.6645242443487963, 0.3134822620019628)
[mavic_controller-7] [DEBUG] [1766071031.131913558] [Mavic_2_PRO_3_Controller]: Time(nanoseconds=8808000000, clock_type=ROS_TIME)
[mavic_controller-5] [DEBUG] [1766071031.131924333] [Mavic_2_PRO_2_Controller]: Time(nanoseconds=8816000000, clock_type=ROS_TIME)
[mavic_controller-7] [DEBUG] [1766071031.132302934] [Mavic_2_PRO_3_Controller]: flag: (-7.4311634968169376, -5.388654700958053, 3.6949291066242047)
[mavic_controller-5] [DEBUG] [1766071031.132310402] [Mavic_2_PRO_2_Controller]: flag: (-7.4311634968169376, -5.388654700958053, 3.6949291066242047)
[mavic_controller-7] [DEBUG] [1766071031.132673165] [Mavic_2_PRO_3_Controller]: BODY id: 3, v_b: [ 0.99816242 -0.06059521  0.82393379], angular: -0.0606323518250167
[mavic_controller-5] [DEBUG] [1766071031.132678394] [Mavic_2_PRO_2_Controller]: BODY id: 2, v_b: [ 0.99990728 -0.01361768  0.82230781], angular: -0.013618097139434057
[mavic_controller-7] [DEBUG] [1766071031.133032133] [Mavic_2_PRO_3_Controller]: WORLD id: 3, v: [-0.79736373 -0.60349903  0.82393379]
[mavic_controller-5] [DEBUG] [1766071031.133039644] [Mavic_2_PRO_2_Controller]: WORLD id: 2, v: [-0.78105648 -0.62446038  0.82230781]
[mavic_controller-7] [DEBUG] [1766071031.133380710] [Mavic_2_PRO_3_Controller]: id: 3, gps: (-2.4250298910499954, -0.6751308107256184, 2.047761966611813)
[mavic_controller-5] [DEBUG] [1766071031.133390920] [Mavic_2_PRO_2_Controller]: id: 2, gps: (-2.5945669775424327, -1.5238357927612358, 2.0573314746811104)
[mavic_controller-7] [DEBUG] [1766071031.133724037] [Mavic_2_PRO_3_Controller]: id: 3, vel: (-0.706000889912984, -0.6979601361873108, 0.3147451087600818)
[mavic_controller-5] [DEBUG] [1766071031.133735397] [Mavic_2_PRO_2_Controller]: id: 2, vel: (-0.7352853547491888, -0.6782971415316171, 0.31425563071797036)
[mavic_controller-3] [DEBUG] [1766071031.143731304] [Mavic_2_PRO_1_Controller]: Time(nanoseconds=8904000000, clock_type=ROS_TIME)
[mavic_controller-7] [DEBUG] [1766071031.143747580] [Mavic_2_PRO_3_Controller]: Time(nanoseconds=8904000000, clock_type=ROS_TIME)
[mavic_controller-5] [DEBUG] [1766071031.143756760] [Mavic_2_PRO_2_Controller]: Time(nanoseconds=8904000000, clock_type=ROS_TIME)
[mavic_controller-3] [DEBUG] [1766071031.143918462] [Mavic_2_PRO_1_Controller]: flag: (-7.4311634968169376, -5.388654700958053, 3.6949291066242047)
[mavic_controller-3] [DEBUG] [1766071031.144067017] [Mavic_2_PRO_1_Controller]: BODY id: 1, v_b: [0.99988229 0.01534265 0.79936869], angular: 0.01534325089633648
[mavic_controller-7] [DEBUG] [1766071031.143935712] [Mavic_2_PRO_3_Controller]: flag: (-7.4311634968169376, -5.388654700958053, 3.6949291066242047)
[mavic_controller-7] [DEBUG] [1766071031.144103128] [Mavic_2_PRO_3_Controller]: BODY id: 3, v_b: [ 0.99818538 -0.06021588  0.80246489], angular: -0.06025232792487308
[mavic_controller-5] [DEBUG] [1766071031.143939603] [Mavic_2_PRO_2_Controller]: flag: (-7.4311634968169376, -5.388654700958053, 3.6949291066242047)
[mavic_controller-5] [DEBUG] [1766071031.144117202] [Mavic_2_PRO_2_Controller]: BODY id: 2, v_b: [ 0.99991269 -0.01321435  0.80341297], angular: -0.013214731782371635
[mavic_controller-3] [DEBUG] [1766071031.144212217] [Mavic_2_PRO_1_Controller]: WORLD id: 1, v: [-0.76871203 -0.63959504  0.79936869]
[mavic_controller-7] [DEBUG] [1766071031.144255015] [Mavic_2_PRO_3_Controller]: WORLD id: 3, v: [-0.80006389 -0.5999148   0.80246489]
[mavic_controller-5] [DEBUG] [1766071031.144280398] [Mavic_2_PRO_2_Controller]: WORLD id: 2, v: [-0.78151709 -0.62388383  0.80341297]
[mavic_controller-3] [DEBUG] [1766071031.144357779] [Mavic_2_PRO_1_Controller]: id: 1, gps: (-2.853867012648711, -2.4311982198188926, 2.0913903313450124)
[mavic_controller-7] [DEBUG] [1766071031.144404831] [Mavic_2_PRO_3_Controller]: id: 3, gps: (-2.521954609270042, -0.7703822762099269, 2.0908054938193987)
[mavic_controller-5] [DEBUG] [1766071031.144461358] [Mavic_2_PRO_2_Controller]: id: 2, gps: (-2.6834904381394655, -1.6056858927913336, 2.095248052688641)
[mavic_controller-3] [DEBUG] [1766071031.144503317] [Mavic_2_PRO_1_Controller]: id: 1, vel: (-0.7627021833420501, -0.6667908789165703, 0.31339653516945265)
[mavic_controller-7] [DEBUG] [1766071031.144555700] [Mavic_2_PRO_3_Controller]: id: 3, vel: (-0.7111470163748079, -0.6950836033320946, 0.3147705678659648)
[mavic_controller-5] [DEBUG] [1766071031.144660927] [Mavic_2_PRO_2_Controller]: id: 2, vel: (-0.738324577015484, -0.6782765131186375, 0.3141999542966543)
[mavic_controller-3] [DEBUG] [1766071031.157730774] [Mavic_2_PRO_1_Controller]: Time(nanoseconds=9000000000, clock_type=ROS_TIME)
[mavic_controller-7] [DEBUG] [1766071031.157730961] [Mavic_2_PRO_3_Controller]: Time(nanoseconds=9000000000, clock_type=ROS_TIME)
[mavic_controller-3] [DEBUG] [1766071031.157907010] [Mavic_2_PRO_1_Controller]: flag: (-7.4311634968169376, -5.388654700958053, 3.6949291066242047)
[mavic_controller-3] [DEBUG] [1766071031.158051230] [Mavic_2_PRO_1_Controller]: BODY id: 1, v_b: [0.99990622 0.01369474 0.78418037], angular: 0.013695166543562976
[mavic_controller-7] [DEBUG] [1766071031.157917241] [Mavic_2_PRO_3_Controller]: flag: (-7.4311634968169376, -5.388654700958053, 3.6949291066242047)
[mavic_controller-7] [DEBUG] [1766071031.158067802] [Mavic_2_PRO_3_Controller]: BODY id: 3, v_b: [ 0.9987089  -0.05079901  0.78445346], angular: -0.05082087903402228
[mavic_controller-5] [DEBUG] [1766071031.158115393] [Mavic_2_PRO_2_Controller]: Time(nanoseconds=9000000000, clock_type=ROS_TIME)
[mavic_controller-3] [DEBUG] [1766071031.158207713] [Mavic_2_PRO_1_Controller]: WORLD id: 1, v: [-0.7688678  -0.63940778  0.78418037]
[mavic_controller-7] [DEBUG] [1766071031.158215065] [Mavic_2_PRO_3_Controller]: WORLD id: 3, v: [-0.79671307 -0.60435775  0.78445346]
[mavic_controller-5] [DEBUG] [1766071031.158290338] [Mavic_2_PRO_2_Controller]: flag: (-7.4311634968169376, -5.388654700958053, 3.6949291066242047)
[mavic_controller-5] [DEBUG] [1766071031.158443852] [Mavic_2_PRO_2_Controller]: BODY id: 2, v_b: [ 0.99991743 -0.0128506   0.78828744], angular: -0.012850956842669065
[mavic_controller-3] [DEBUG] [1766071031.158351232] [Mavic_2_PRO_1_Controller]: id: 1, gps: (-2.9275467678593765, -2.4956648680801363, 2.121640303930856)
[mavic_controller-3] [DEBUG] [1766071031.158494104] [Mavic_2_PRO_1_Controller]: id: 1, vel: (-0.7636863118331354, -0.6686545953476037, 0.31333525976562826)
[mavic_controller-7] [DEBUG] [1766071031.158361057] [Mavic_2_PRO_3_Controller]: id: 3, gps: (-2.596532558402485, -0.8429318777610886, 2.1237271283349215)
[mavic_controller-7] [DEBUG] [1766071031.158507198] [Mavic_2_PRO_3_Controller]: id: 3, vel: (-0.7148446131688865, -0.6924785889565271, 0.3148121537480007)
[mavic_controller-5] [DEBUG] [1766071031.158614423] [Mavic_2_PRO_2_Controller]: WORLD id: 2, v: [-0.78188908 -0.62341757  0.78828744]
[mavic_controller-5] [DEBUG] [1766071031.158769991] [Mavic_2_PRO_2_Controller]: id: 2, gps: (-2.754881284664797, -1.6711517967921532, 2.125577348227156)
[mavic_controller-5] [DEBUG] [1766071031.158920925] [Mavic_2_PRO_2_Controller]: id: 2, vel: (-0.7405475207456826, -0.6780404413368827, 0.31417072278330255)
[mavic_controller-7] [DEBUG] [1766071031.170673785] [Mavic_2_PRO_3_Controller]: Time(nanoseconds=9104000000, clock_type=ROS_TIME)
[mavic_controller-3] [DEBUG] [1766071031.170687396] [Mavic_2_PRO_1_Controller]: Time(nanoseconds=9104000000, clock_type=ROS_TIME)
[mavic_controller-5] [DEBUG] [1766071031.170796575] [Mavic_2_PRO_2_Controller]: Time(nanoseconds=9104000000, clock_type=ROS_TIME)
[mavic_controller-3] [DEBUG] [1766071031.170861125] [Mavic_2_PRO_1_Controller]: flag: (-7.4311634968169376, -5.388654700958053, 3.6949291066242047)
[mavic_controller-7] [DEBUG] [1766071031.170861696] [Mavic_2_PRO_3_Controller]: flag: (-7.4311634968169376, -5.388654700958053, 3.6949291066242047)
[mavic_controller-5] [DEBUG] [1766071031.170971060] [Mavic_2_PRO_2_Controller]: flag: (-7.4311634968169376, -5.388654700958053, 3.6949291066242047)
[mavic_controller-3] [DEBUG] [1766071031.171006535] [Mavic_2_PRO_1_Controller]: BODY id: 1, v_b: [0.99993054 0.01178606 0.76773211], angular: 0.011786336700214804
[mavic_controller-7] [DEBUG] [1766071031.171013794] [Mavic_2_PRO_3_Controller]: BODY id: 3, v_b: [ 0.99876813 -0.04962078  0.76802345], angular: -0.049641162395761634
[mavic_controller-5] [DEBUG] [1766071031.171120147] [Mavic_2_PRO_2_Controller]: BODY id: 2, v_b: [ 0.99992194 -0.01249419  0.77189628], angular: -0.012494515486236573
[mavic_controller-3] [DEBUG] [1766071031.171149317] [Mavic_2_PRO_1_Controller]: WORLD id: 1, v: [-0.76917347 -0.63904004  0.76773211]
[mavic_controller-7] [DEBUG] [1766071031.171167645] [Mavic_2_PRO_3_Controller]: WORLD id: 3, v: [-0.79836531 -0.60217342  0.76802345]
[mavic_controller-5] [DEBUG] [1766071031.171269069] [Mavic_2_PRO_2_Controller]: WORLD id: 2, v: [-0.78230219 -0.62289909  0.77189628]
[mavic_controller-3] [DEBUG] [1766071031.171303472] [Mavic_2_PRO_1_Controller]: id: 1, gps: (-3.00746328744466, -2.565693489702917, 2.1544055955919688)
[mavic_controller-7] [DEBUG] [1766071031.171321611] [Mavic_2_PRO_3_Controller]: id: 3, gps: (-2.6714822423234463, -0.9151981759958696, 2.15664634738761)
[mavic_controller-5] [DEBUG] [1766071031.171426822] [Mavic_2_PRO_2_Controller]: id: 2, gps: (-2.832452809547011, -1.7420359393700708, 2.1584317048321364)
[mavic_controller-3] [DEBUG] [1766071031.171447307] [Mavic_2_PRO_1_Controller]: id: 1, vel: (-0.7645639213641693, -0.6704354807357267, 0.31328909234368013)
[mavic_controller-7] [DEBUG] [1766071031.171469246] [Mavic_2_PRO_3_Controller]: id: 3, vel: (-0.7182711569635869, -0.6897051188767473, 0.3147420078844151)
[mavic_controller-5] [DEBUG] [1766071031.171581691] [Mavic_2_PRO_2_Controller]: id: 2, vel: (-0.7427611076604295, -0.677578631923029, 0.31415368635849844)
[mavic_controller-5] [DEBUG] [1766071031.183805273] [Mavic_2_PRO_2_Controller]: Time(nanoseconds=9200000000, clock_type=ROS_TIME)
[mavic_controller-3] [DEBUG] [1766071031.183885092] [Mavic_2_PRO_1_Controller]: Time(nanoseconds=9200000000, clock_type=ROS_TIME)
[mavic_controller-5] [DEBUG] [1766071031.183990773] [Mavic_2_PRO_2_Controller]: flag: (-7.4311634968169376, -5.388654700958053, 3.6949291066242047)
[mavic_controller-5] [DEBUG] [1766071031.184142505] [Mavic_2_PRO_2_Controller]: BODY id: 2, v_b: [ 0.99992552 -0.0122045   0.75676232], angular: -0.01220480096902804
[mavic_controller-3] [DEBUG] [1766071031.184056273] [Mavic_2_PRO_1_Controller]: flag: (-7.4311634968169376, -5.388654700958053, 3.6949291066242047)
[mavic_controller-3] [DEBUG] [1766071031.184204740] [Mavic_2_PRO_1_Controller]: BODY id: 1, v_b: [0.99995087 0.00991272 0.75255403], angular: 0.009912881741935872
[mavic_controller-5] [DEBUG] [1766071031.184289308] [Mavic_2_PRO_2_Controller]: WORLD id: 2, v: [-0.78269509 -0.62240533  0.75676232]
[mavic_controller-3] [DEBUG] [1766071031.184350248] [Mavic_2_PRO_1_Controller]: WORLD id: 1, v: [-0.76958349 -0.6385462   0.75255403]
[mavic_controller-5] [DEBUG] [1766071031.184436947] [Mavic_2_PRO_2_Controller]: id: 2, gps: (-2.9042534931260686, -1.8074151137563281, 2.188757872465072)
[mavic_controller-3] [DEBUG] [1766071031.184493912] [Mavic_2_PRO_1_Controller]: id: 1, gps: (-3.081305283532728, -2.6304889461883825, 2.1846469724672746)
[mavic_controller-5] [DEBUG] [1766071031.184584481] [Mavic_2_PRO_2_Controller]: id: 2, vel: (-0.7446334331688931, -0.6769774178049808, 0.31414977976518976)
[mavic_controller-3] [DEBUG] [1766071031.184661432] [Mavic_2_PRO_1_Controller]: id: 1, vel: (-0.7652159072894273, -0.6718631506373314, 0.3132607978503738)
[mavic_controller-7] [DEBUG] [1766071031.185411844] [Mavic_2_PRO_3_Controller]: Time(nanoseconds=9200000000, clock_type=ROS_TIME)
[mavic_controller-7] [DEBUG] [1766071031.185808768] [Mavic_2_PRO_3_Controller]: flag: (-7.4311634968169376, -5.388654700958053, 3.6949291066242047)
[mavic_controller-7] [DEBUG] [1766071031.186162142] [Mavic_2_PRO_3_Controller]: BODY id: 3, v_b: [ 0.99882844 -0.04839163  0.75286033], angular: -0.048410533860284814
[mavic_controller-7] [DEBUG] [1766071031.186507594] [Mavic_2_PRO_3_Controller]: WORLD id: 3, v: [-0.79976498 -0.60031323  0.75286033]
[mavic_controller-7] [DEBUG] [1766071031.186858724] [Mavic_2_PRO_3_Controller]: id: 3, gps: (-2.7409775601630404, -0.9816371205117269, 2.187029118684269)
[mavic_controller-7] [DEBUG] [1766071031.187209102] [Mavic_2_PRO_3_Controller]: id: 3, vel: (-0.7212527357983204, -0.6870050415237257, 0.3147587318239033)
[mavic_controller-3] [DEBUG] [1766071031.197677973] [Mavic_2_PRO_1_Controller]: Time(nanoseconds=9304000000, clock_type=ROS_TIME)
[mavic_controller-5] [DEBUG] [1766071031.197681234] [Mavic_2_PRO_2_Controller]: Time(nanoseconds=9304000000, clock_type=ROS_TIME)
[mavic_controller-3] [DEBUG] [1766071031.197881232] [Mavic_2_PRO_1_Controller]: flag: (-7.4311634968169376, -5.388654700958053, 3.6949291066242047)
[mavic_controller-5] [DEBUG] [1766071031.197884026] [Mavic_2_PRO_2_Controller]: flag: (-7.4311634968169376, -5.388654700958053, 3.6949291066242047)
[mavic_controller-5] [DEBUG] [1766071031.198037169] [Mavic_2_PRO_2_Controller]: BODY id: 2, v_b: [ 0.99992879 -0.01193349  0.74035502], angular: -0.011933772330752247
[mavic_controller-3] [DEBUG] [1766071031.198051822] [Mavic_2_PRO_1_Controller]: BODY id: 1, v_b: [0.99996983 0.00776756 0.73611608], angular: 0.0077676380876904655
[mavic_controller-5] [DEBUG] [1766071031.198186649] [Mavic_2_PRO_2_Controller]: WORLD id: 2, v: [-0.78313294 -0.62185432  0.74035502]
[mavic_controller-3] [DEBUG] [1766071031.198223035] [Mavic_2_PRO_1_Controller]: WORLD id: 1, v: [-0.77016769 -0.63784146  0.73611608]
[mavic_controller-5] [DEBUG] [1766071031.198337616] [Mavic_2_PRO_2_Controller]: id: 2, gps: (-2.9822318096953278, -1.8781673484820636, 2.221611463127213)
[mavic_controller-3] [DEBUG] [1766071031.198390678] [Mavic_2_PRO_1_Controller]: id: 1, gps: (-3.161362390322068, -2.700827620497796, 2.217406109818888)
[mavic_controller-5] [DEBUG] [1766071031.198487794] [Mavic_2_PRO_2_Controller]: id: 2, vel: (-0.7464863783397151, -0.6761516640250809, 0.3141577040068445)
[mavic_controller-3] [DEBUG] [1766071031.198558710] [Mavic_2_PRO_1_Controller]: id: 1, vel: (-0.765757396750416, -0.6731885331679176, 0.3132424538988763)
[mavic_controller-7] [DEBUG] [1766071031.199301015] [Mavic_2_PRO_3_Controller]: Time(nanoseconds=9304000000, clock_type=ROS_TIME)
[mavic_controller-7] [DEBUG] [1766071031.199687928] [Mavic_2_PRO_3_Controller]: flag: (-7.4311634968169376, -5.388654700958053, 3.6949291066242047)
[mavic_controller-7] [DEBUG] [1766071031.200040088] [Mavic_2_PRO_3_Controller]: BODY id: 3, v_b: [ 0.99888848 -0.04713598  0.73896386], angular: -0.047153455725032135
[mavic_controller-7] [DEBUG] [1766071031.200378281] [Mavic_2_PRO_3_Controller]: WORLD id: 3, v: [-0.80094117 -0.59874306  0.73896386]
[mavic_controller-7] [DEBUG] [1766071031.200718341] [Mavic_2_PRO_3_Controller]: id: 3, gps: (-2.8049292850691905, -1.0423043573561077, 2.2148865338123205)
[mavic_controller-7] [DEBUG] [1766071031.201059478] [Mavic_2_PRO_3_Controller]: id: 3, vel: (-0.7239067140213475, -0.6843849136890618, 0.3148568821130749)
[mavic_controller-5] [DEBUG] [1766071031.210740379] [Mavic_2_PRO_2_Controller]: Time(nanoseconds=9400000000, clock_type=ROS_TIME)
[mavic_controller-5] [DEBUG] [1766071031.210931875] [Mavic_2_PRO_2_Controller]: flag: (-7.4311634968169376, -5.388654700958053, 3.6949291066242047)
[mavic_controller-5] [DEBUG] [1766071031.211079957] [Mavic_2_PRO_2_Controller]: BODY id: 2, v_b: [ 0.99993121 -0.01172914  0.72519723], angular: -0.011729407455360025
[mavic_controller-3] [DEBUG] [1766071031.211201507] [Mavic_2_PRO_1_Controller]: Time(nanoseconds=9400000000, clock_type=ROS_TIME)
[mavic_controller-5] [DEBUG] [1766071031.211227582] [Mavic_2_PRO_2_Controller]: WORLD id: 2, v: [-0.78355263 -0.62132542  0.72519723]
[mavic_controller-7] [DEBUG] [1766071031.211304612] [Mavic_2_PRO_3_Controller]: Time(nanoseconds=9400000000, clock_type=ROS_TIME)
[mavic_controller-5] [DEBUG] [1766071031.211374792] [Mavic_2_PRO_2_Controller]: id: 2, gps: (-3.0543754691650427, -1.9433924380172882, 2.251939172130165)
[mavic_controller-3] [DEBUG] [1766071031.211375440] [Mavic_2_PRO_1_Controller]: flag: (-7.4311634968169376, -5.388654700958053, 3.6949291066242047)
[mavic_controller-7] [DEBUG] [1766071031.211476746] [Mavic_2_PRO_3_Controller]: flag: (-7.4311634968169376, -5.388654700958053, 3.6949291066242047)
[mavic_controller-5] [DEBUG] [1766071031.211520745] [Mavic_2_PRO_2_Controller]: id: 2, vel: (-0.7480429905700158, -0.675242041032677, 0.3141756522202356)
[mavic_controller-3] [DEBUG] [1766071031.211554302] [Mavic_2_PRO_1_Controller]: BODY id: 1, v_b: [0.99998176 0.00603976 0.72347471], angular: 0.00603980022834648
