[mavic_controller-5] [DEBUG] [1766070779.892284031] [Mavic_2_PRO_2_Controller]: BODY id: 2, v_b: [0.99843115 0.05599326 1.        ], angular: 0.05602256237918002
[mavic_controller-5] [DEBUG] [1766070779.892626954] [Mavic_2_PRO_2_Controller]: WORLD id: 2, v: [0.53941709 0.84203872 1.        ]
[mavic_controller-5] [DEBUG] [1766070779.892982779] [Mavic_2_PRO_2_Controller]: id: 2, gps: (1.7211315183871096, 2.656883199028197, 1.6557438043417352)
[mavic_controller-5] [DEBUG] [1766070779.893330687] [Mavic_2_PRO_2_Controller]: id: 2, vel: (0.6796227319544854, 0.6236563942233643, 0.31758174000496703)
[mavic_controller-7] [DEBUG] [1766070779.904711507] [Mavic_2_PRO_3_Controller]: Time(nanoseconds=7704000000, clock_type=ROS_TIME)
[mavic_controller-3] [DEBUG] [1766070779.904802633] [Mavic_2_PRO_1_Controller]: Time(nanoseconds=7704000000, clock_type=ROS_TIME)
[mavic_controller-7] [DEBUG] [1766070779.904895212] [Mavic_2_PRO_3_Controller]: flag: (4.745658033751264, 7.469086167954433, 4.447123847096209)
[mavic_controller-3] [DEBUG] [1766070779.904988208] [Mavic_2_PRO_1_Controller]: flag: (4.745658033751264, 7.469086167954433, 4.447123847096209)
[mavic_controller-7] [DEBUG] [1766070779.905042405] [Mavic_2_PRO_3_Controller]: BODY id: 3, v_b: [0.99498003 0.10007367 1.        ], angular: 0.10024146405922839
[mavic_controller-3] [DEBUG] [1766070779.905141595] [Mavic_2_PRO_1_Controller]: BODY id: 1, v_b: [0.99965208 0.02637657 1.        ], angular: 0.0263796283612112
[mavic_controller-7] [DEBUG] [1766070779.905186230] [Mavic_2_PRO_3_Controller]: WORLD id: 3, v: [0.52552295 0.85077943 1.        ]
[mavic_controller-3] [DEBUG] [1766070779.905292522] [Mavic_2_PRO_1_Controller]: WORLD id: 1, v: [0.51674415 0.85613988 1.        ]
[mavic_controller-7] [DEBUG] [1766070779.905332249] [Mavic_2_PRO_3_Controller]: id: 3, gps: (1.9180507588652569, 3.6275701717230797, 1.7137362747379354)
[mavic_controller-3] [DEBUG] [1766070779.905440969] [Mavic_2_PRO_1_Controller]: id: 1, gps: (1.739251463025172, 1.8990441662841508, 1.7122034447844194)
[mavic_controller-7] [DEBUG] [1766070779.905477207] [Mavic_2_PRO_3_Controller]: id: 3, vel: (0.7013898511537856, 0.6034078270905217, 0.3177597366624175)
[mavic_controller-5] [DEBUG] [1766070779.905524686] [Mavic_2_PRO_2_Controller]: Time(nanoseconds=7704000000, clock_type=ROS_TIME)
[mavic_controller-3] [DEBUG] [1766070779.905613730] [Mavic_2_PRO_1_Controller]: id: 1, vel: (0.6564985069338708, 0.6878661444563592, 0.3159582760892585)
[mavic_controller-5] [DEBUG] [1766070779.905900832] [Mavic_2_PRO_2_Controller]: flag: (4.745658033751264, 7.469086167954433, 4.447123847096209)
[mavic_controller-5] [DEBUG] [1766070779.906242094] [Mavic_2_PRO_2_Controller]: BODY id: 2, v_b: [0.99858139 0.05324666 1.        ], angular: 0.053271851837537715
[mavic_controller-5] [DEBUG] [1766070779.906580611] [Mavic_2_PRO_2_Controller]: WORLD id: 2, v: [0.53949874 0.8419864  1.        ]
[mavic_controller-5] [DEBUG] [1766070779.906923517] [Mavic_2_PRO_2_Controller]: id: 2, gps: (1.7980697046893779, 2.7278176919214743, 1.6914717849952774)
[mavic_controller-5] [DEBUG] [1766070779.907257719] [Mavic_2_PRO_2_Controller]: id: 2, vel: (0.6860457728328591, 0.635174282447574, 0.3169429102882009)
[mavic_controller-7] [DEBUG] [1766070779.918170615] [Mavic_2_PRO_3_Controller]: Time(nanoseconds=7800000000, clock_type=ROS_TIME)
[mavic_controller-7] [DEBUG] [1766070779.918364418] [Mavic_2_PRO_3_Controller]: flag: (4.745658033751264, 7.469086167954433, 4.447123847096209)
[mavic_controller-7] [DEBUG] [1766070779.918511159] [Mavic_2_PRO_3_Controller]: BODY id: 3, v_b: [0.99478895 0.10195556 1.        ], angular: 0.1021330329352019
[mavic_controller-7] [DEBUG] [1766070779.918676744] [Mavic_2_PRO_3_Controller]: WORLD id: 3, v: [0.51924176 0.8546274  1.        ]
[mavic_controller-7] [DEBUG] [1766070779.918834362] [Mavic_2_PRO_3_Controller]: id: 3, gps: (1.9859115008783976, 3.6863799490074345, 1.7443862757325375)
[mavic_controller-7] [DEBUG] [1766070779.918976861] [Mavic_2_PRO_3_Controller]: id: 3, vel: (0.7042053341395598, 0.6140993879111664, 0.3172952576694463)
[mavic_controller-3] [DEBUG] [1766070779.919192942] [Mavic_2_PRO_1_Controller]: Time(nanoseconds=7800000000, clock_type=ROS_TIME)
[mavic_controller-3] [DEBUG] [1766070779.919572501] [Mavic_2_PRO_1_Controller]: flag: (4.745658033751264, 7.469086167954433, 4.447123847096209)
[mavic_controller-3] [DEBUG] [1766070779.919946070] [Mavic_2_PRO_1_Controller]: BODY id: 1, v_b: [0.99964186 0.02676091 1.        ], angular: 0.026764100287418404
[mavic_controller-5] [DEBUG] [1766070779.919964394] [Mavic_2_PRO_2_Controller]: Time(nanoseconds=7816000000, clock_type=ROS_TIME)
[mavic_controller-3] [DEBUG] [1766070779.920300354] [Mavic_2_PRO_1_Controller]: WORLD id: 1, v: [0.51541228 0.85694234 1.        ]
[mavic_controller-5] [DEBUG] [1766070779.920372104] [Mavic_2_PRO_2_Controller]: flag: (4.745658033751264, 7.469086167954433, 4.447123847096209)
[mavic_controller-3] [DEBUG] [1766070779.920646476] [Mavic_2_PRO_1_Controller]: id: 1, gps: (1.802877620820483, 1.9659228720564184, 1.7426771611160923)
[mavic_controller-5] [DEBUG] [1766070779.920730885] [Mavic_2_PRO_2_Controller]: BODY id: 2, v_b: [0.99849923 0.05476575 1.        ], angular: 0.054793159872149895
[mavic_controller-3] [DEBUG] [1766070779.920996001] [Mavic_2_PRO_1_Controller]: id: 1, vel: (0.6612285432676589, 0.6969359076401147, 0.31544764788771074)
[mavic_controller-5] [DEBUG] [1766070779.921078265] [Mavic_2_PRO_2_Controller]: WORLD id: 2, v: [0.53568568 0.84441746 1.        ]
[mavic_controller-5] [DEBUG] [1766070779.921411404] [Mavic_2_PRO_2_Controller]: id: 2, gps: (1.8756690572700863, 2.8000377276622928, 1.7271317421342725)
[mavic_controller-5] [DEBUG] [1766070779.921752651] [Mavic_2_PRO_2_Controller]: id: 2, vel: (0.6915098878355882, 0.6464443630484987, 0.31636724929860094)
[mavic_controller-7] [DEBUG] [1766070779.929861078] [Mavic_2_PRO_3_Controller]: Time(nanoseconds=7904000000, clock_type=ROS_TIME)
[mavic_controller-3] [DEBUG] [1766070779.929891369] [Mavic_2_PRO_1_Controller]: Time(nanoseconds=7904000000, clock_type=ROS_TIME)
[mavic_controller-7] [DEBUG] [1766070779.930035008] [Mavic_2_PRO_3_Controller]: flag: (4.745658033751264, 7.469086167954433, 4.447123847096209)
[mavic_controller-7] [DEBUG] [1766070779.930181016] [Mavic_2_PRO_3_Controller]: BODY id: 3, v_b: [0.99459796 0.10380225 1.        ], angular: 0.10398956704105833
[mavic_controller-3] [DEBUG] [1766070779.930143213] [Mavic_2_PRO_1_Controller]: flag: (4.745658033751264, 7.469086167954433, 4.447123847096209)
[mavic_controller-7] [DEBUG] [1766070779.930325968] [Mavic_2_PRO_3_Controller]: WORLD id: 3, v: [0.51232861 0.8587895  1.        ]
[mavic_controller-3] [DEBUG] [1766070779.930413962] [Mavic_2_PRO_1_Controller]: BODY id: 1, v_b: [0.99963187 0.02713145 1.        ], angular: 0.027134776375847325
[mavic_controller-7] [DEBUG] [1766070779.930470238] [Mavic_2_PRO_3_Controller]: id: 3, gps: (2.0596877938676177, 3.751246863359106, 1.7775416356430325)
[mavic_controller-7] [DEBUG] [1766070779.930626759] [Mavic_2_PRO_3_Controller]: id: 3, vel: (0.7064069652327607, 0.6255360823098831, 0.31682416993602214)
[mavic_controller-5] [DEBUG] [1766070779.930643787] [Mavic_2_PRO_2_Controller]: Time(nanoseconds=7904000000, clock_type=ROS_TIME)
[mavic_controller-5] [DEBUG] [1766070779.931019649] [Mavic_2_PRO_2_Controller]: flag: (4.745658033751264, 7.469086167954433, 4.447123847096209)
[mavic_controller-3] [DEBUG] [1766070779.930682397] [Mavic_2_PRO_1_Controller]: WORLD id: 1, v: [0.51389194 0.85785492 1.        ]
[mavic_controller-3] [DEBUG] [1766070779.930848487] [Mavic_2_PRO_1_Controller]: id: 1, gps: (1.8722860314216068, 2.039346743214109, 1.775636471630575)
[mavic_controller-3] [DEBUG] [1766070779.930999430] [Mavic_2_PRO_1_Controller]: id: 1, vel: (0.6657112794931314, 0.7064711285703251, 0.3149255027175532)
[mavic_controller-5] [DEBUG] [1766070779.931370992] [Mavic_2_PRO_2_Controller]: BODY id: 2, v_b: [0.99814001 0.06096329 1.        ], angular: 0.06100111351276193
[mavic_controller-5] [DEBUG] [1766070779.931717618] [Mavic_2_PRO_2_Controller]: WORLD id: 2, v: [0.52846137 0.84895735 1.        ]
[mavic_controller-5] [DEBUG] [1766070779.932065444] [Mavic_2_PRO_2_Controller]: id: 2, gps: (1.9314478318978496, 2.8523917950389164, 1.7525625887333627)
[mavic_controller-5] [DEBUG] [1766070779.932412636] [Mavic_2_PRO_2_Controller]: id: 2, vel: (0.6948279905282843, 0.6543659899133331, 0.3159287046759416)
[mavic_controller-3] [DEBUG] [1766070779.942784204] [Mavic_2_PRO_1_Controller]: Time(nanoseconds=8000000000, clock_type=ROS_TIME)
[mavic_controller-5] [DEBUG] [1766070779.942959070] [Mavic_2_PRO_2_Controller]: Time(nanoseconds=8000000000, clock_type=ROS_TIME)
[mavic_controller-3] [DEBUG] [1766070779.942971951] [Mavic_2_PRO_1_Controller]: flag: (4.745658033751264, 7.469086167954433, 4.447123847096209)
[mavic_controller-3] [DEBUG] [1766070779.943130527] [Mavic_2_PRO_1_Controller]: BODY id: 1, v_b: [0.99962306 0.02745438 1.        ], angular: 0.02745783258080225
[mavic_controller-5] [DEBUG] [1766070779.943152040] [Mavic_2_PRO_2_Controller]: flag: (4.745658033751264, 7.469086167954433, 4.447123847096209)
[mavic_controller-3] [DEBUG] [1766070779.943283987] [Mavic_2_PRO_1_Controller]: WORLD id: 1, v: [0.51241363 0.85873877 1.        ]
[mavic_controller-5] [DEBUG] [1766070779.943325988] [Mavic_2_PRO_2_Controller]: BODY id: 2, v_b: [0.9983615  0.05722156 1.        ], angular: 0.05725282823418402
[mavic_controller-3] [DEBUG] [1766070779.943438039] [Mavic_2_PRO_1_Controller]: id: 1, gps: (1.9367405073569568, 2.1079931009154267, 1.8060135558314214)
[mavic_controller-5] [DEBUG] [1766070779.943497477] [Mavic_2_PRO_2_Controller]: WORLD id: 2, v: [0.52829491 0.84906094 1.        ]
[mavic_controller-3] [DEBUG] [1766070779.943612348] [Mavic_2_PRO_1_Controller]: id: 1, vel: (0.6692783638918793, 0.7149982372457883, 0.31447318758398596)
[mavic_controller-5] [DEBUG] [1766070779.943688396] [Mavic_2_PRO_2_Controller]: id: 2, gps: (2.0211961897587427, 2.9374644479257563, 1.7931825812824873)
[mavic_controller-5] [DEBUG] [1766070779.943929514] [Mavic_2_PRO_2_Controller]: id: 2, vel: (0.6992294402832422, 0.6667419934415257, 0.315315098786926)
[mavic_controller-7] [DEBUG] [1766070779.944423334] [Mavic_2_PRO_3_Controller]: Time(nanoseconds=8008000000, clock_type=ROS_TIME)
[mavic_controller-7] [DEBUG] [1766070779.944611520] [Mavic_2_PRO_3_Controller]: flag: (4.745658033751264, 7.469086167954433, 4.447123847096209)
[mavic_controller-7] [DEBUG] [1766070779.944852016] [Mavic_2_PRO_3_Controller]: BODY id: 3, v_b: [0.99442211 0.10547355 1.        ], angular: 0.10567010024141182
[mavic_controller-7] [DEBUG] [1766070779.945058538] [Mavic_2_PRO_3_Controller]: WORLD id: 3, v: [0.50530755 0.86293933 1.        ]
[mavic_controller-7] [DEBUG] [1766070779.945224544] [Mavic_2_PRO_3_Controller]: id: 3, gps: (2.1336455349981422, 3.8173006315229054, 1.8106499203221382)
[mavic_controller-7] [DEBUG] [1766070779.945366904] [Mavic_2_PRO_3_Controller]: id: 3, vel: (0.7077502928902984, 0.6368036152378614, 0.31639234997687005)
[mavic_controller-3] [DEBUG] [1766070779.956477079] [Mavic_2_PRO_1_Controller]: Time(nanoseconds=8104000000, clock_type=ROS_TIME)
[mavic_controller-3] [DEBUG] [1766070779.956663952] [Mavic_2_PRO_1_Controller]: flag: (4.745658033751264, 7.469086167954433, 4.447123847096209)
[mavic_controller-3] [DEBUG] [1766070779.956828516] [Mavic_2_PRO_1_Controller]: BODY id: 1, v_b: [0.99961766 0.0276502  1.        ], angular: 0.027653728769616543
[mavic_controller-3] [DEBUG] [1766070779.956979275] [Mavic_2_PRO_1_Controller]: WORLD id: 1, v: [0.51085998 0.85966394 1.        ]
[mavic_controller-5] [DEBUG] [1766070779.956844987] [Mavic_2_PRO_2_Controller]: Time(nanoseconds=8104000000, clock_type=ROS_TIME)
[mavic_controller-7] [DEBUG] [1766070779.956859840] [Mavic_2_PRO_3_Controller]: Time(nanoseconds=8104000000, clock_type=ROS_TIME)
[mavic_controller-5] [DEBUG] [1766070779.957045265] [Mavic_2_PRO_2_Controller]: flag: (4.745658033751264, 7.469086167954433, 4.447123847096209)
[mavic_controller-3] [DEBUG] [1766070779.957135181] [Mavic_2_PRO_1_Controller]: id: 1, gps: (2.0015112505684884, 2.177448869227151, 1.8363483721712381)
[mavic_controller-7] [DEBUG] [1766070779.957239156] [Mavic_2_PRO_3_Controller]: flag: (4.745658033751264, 7.469086167954433, 4.447123847096209)
[mavic_controller-5] [DEBUG] [1766070779.957273192] [Mavic_2_PRO_2_Controller]: BODY id: 2, v_b: [0.99828294 0.05857622 1.        ], angular: 0.05860976451768305
[mavic_controller-3] [DEBUG] [1766070779.957286426] [Mavic_2_PRO_1_Controller]: id: 1, vel: (0.6723116136455126, 0.7232619828064447, 0.3140473033513282)
[mavic_controller-5] [DEBUG] [1766070779.957491960] [Mavic_2_PRO_2_Controller]: WORLD id: 2, v: [0.52326398 0.85217065 1.        ]
[mavic_controller-7] [DEBUG] [1766070779.957596676] [Mavic_2_PRO_3_Controller]: BODY id: 3, v_b: [0.99433984 0.10624633 1.        ], angular: 0.10644724213361667
[mavic_controller-5] [DEBUG] [1766070779.957864515] [Mavic_2_PRO_2_Controller]: id: 2, gps: (2.1170868248020387, 3.0295720231200782, 1.836264862911773)
[mavic_controller-7] [DEBUG] [1766070779.957953369] [Mavic_2_PRO_3_Controller]: WORLD id: 3, v: [0.49928558 0.86643748 1.        ]
[mavic_controller-5] [DEBUG] [1766070779.958253560] [Mavic_2_PRO_2_Controller]: id: 2, vel: (0.7027199515994198, 0.6794773113790575, 0.3147616278912246)
[mavic_controller-7] [DEBUG] [1766070779.958302348] [Mavic_2_PRO_3_Controller]: id: 3, gps: (2.196301096110051, 3.874105790525479, 1.8386306672745245)
[mavic_controller-7] [DEBUG] [1766070779.958651356] [Mavic_2_PRO_3_Controller]: id: 3, vel: (0.7082224495077373, 0.6462042741199752, 0.3160520462748739)
[mavic_controller-3] [DEBUG] [1766070779.968697131] [Mavic_2_PRO_1_Controller]: Time(nanoseconds=8208000000, clock_type=ROS_TIME)
[mavic_controller-3] [DEBUG] [1766070779.968889964] [Mavic_2_PRO_1_Controller]: flag: (4.745658033751264, 7.469086167954433, 4.447123847096209)
[mavic_controller-3] [DEBUG] [1766070779.969052517] [Mavic_2_PRO_1_Controller]: BODY id: 1, v_b: [0.9996029  0.02817878 1.        ], angular: 0.028182511805896125
[mavic_controller-3] [DEBUG] [1766070779.969200648] [Mavic_2_PRO_1_Controller]: WORLD id: 1, v: [0.50894584 0.86079854 1.        ]
[mavic_controller-3] [DEBUG] [1766070779.969348818] [Mavic_2_PRO_1_Controller]: id: 1, gps: (2.077410150490496, 2.259469122369374, 1.8716889897387334)
[mavic_controller-3] [DEBUG] [1766070779.969497584] [Mavic_2_PRO_1_Controller]: id: 1, vel: (0.6752116470854832, 0.7325609036008706, 0.3135845005607654)
[mavic_controller-5] [DEBUG] [1766070779.969919648] [Mavic_2_PRO_2_Controller]: Time(nanoseconds=8208000000, clock_type=ROS_TIME)
[mavic_controller-5] [DEBUG] [1766070779.970303832] [Mavic_2_PRO_2_Controller]: flag: (4.745658033751264, 7.469086167954433, 4.447123847096209)
[mavic_controller-7] [DEBUG] [1766070779.970415555] [Mavic_2_PRO_3_Controller]: Time(nanoseconds=8208000000, clock_type=ROS_TIME)
[mavic_controller-5] [DEBUG] [1766070779.970683025] [Mavic_2_PRO_2_Controller]: BODY id: 2, v_b: [0.99823884 0.05932297 1.        ], angular: 0.05935782056038831
[mavic_controller-7] [DEBUG] [1766070779.970810560] [Mavic_2_PRO_3_Controller]: flag: (4.745658033751264, 7.469086167954433, 4.447123847096209)
[mavic_controller-5] [DEBUG] [1766070779.971055784] [Mavic_2_PRO_2_Controller]: WORLD id: 2, v: [0.52023802 0.85402131 1.        ]
[mavic_controller-7] [DEBUG] [1766070779.971204445] [Mavic_2_PRO_3_Controller]: BODY id: 3, v_b: [0.99422372 0.10732747 1.        ], angular: 0.10753459853396898
[mavic_controller-5] [DEBUG] [1766070779.971415946] [Mavic_2_PRO_2_Controller]: id: 2, gps: (2.1736832313369288, 3.0845583984919647, 1.8615698769772795)
[mavic_controller-7] [DEBUG] [1766070779.971567372] [Mavic_2_PRO_3_Controller]: WORLD id: 3, v: [0.49374646 0.86960591 1.        ]
[mavic_controller-5] [DEBUG] [1766070779.971784921] [Mavic_2_PRO_2_Controller]: id: 2, vel: (0.7041733309373371, 0.6868051732182925, 0.3144091622913184)
[mavic_controller-7] [DEBUG] [1766070779.971929962] [Mavic_2_PRO_3_Controller]: id: 3, gps: (2.253274920243569, 3.9264624246537903, 1.8640424738371588)
[mavic_controller-7] [DEBUG] [1766070779.972283786] [Mavic_2_PRO_3_Controller]: id: 3, vel: (0.7081643739301292, 0.6546165844932264, 0.3157610039244818)
[mavic_controller-3] [DEBUG] [1766070779.981791616] [Mavic_2_PRO_1_Controller]: Time(nanoseconds=8304000000, clock_type=ROS_TIME)
[mavic_controller-3] [DEBUG] [1766070779.981972887] [Mavic_2_PRO_1_Controller]: flag: (4.745658033751264, 7.469086167954433, 4.447123847096209)
[mavic_controller-3] [DEBUG] [1766070779.982143485] [Mavic_2_PRO_1_Controller]: BODY id: 1, v_b: [0.99959212 0.02855862 1.        ], angular: 0.028562504349178695
[mavic_controller-3] [DEBUG] [1766070779.982291941] [Mavic_2_PRO_1_Controller]: WORLD id: 1, v: [0.5072151 0.8618195 1.       ]
[mavic_controller-3] [DEBUG] [1766070779.982447838] [Mavic_2_PRO_1_Controller]: id: 1, gps: (2.1426967060759052, 2.3305899043200937, 1.9019411478356039)
[mavic_controller-3] [DEBUG] [1766070779.982598500] [Mavic_2_PRO_1_Controller]: id: 1, vel: (0.677165227548519, 0.7402411787114891, 0.3132193061217992)
[mavic_controller-5] [DEBUG] [1766070779.983355867] [Mavic_2_PRO_2_Controller]: Time(nanoseconds=8304000000, clock_type=ROS_TIME)
[mavic_controller-7] [DEBUG] [1766070779.983830803] [Mavic_2_PRO_3_Controller]: Time(nanoseconds=8304000000, clock_type=ROS_TIME)
[mavic_controller-5] [DEBUG] [1766070779.983908162] [Mavic_2_PRO_2_Controller]: flag: (4.745658033751264, 7.469086167954433, 4.447123847096209)
[mavic_controller-7] [DEBUG] [1766070779.984390893] [Mavic_2_PRO_3_Controller]: flag: (4.745658033751264, 7.469086167954433, 4.447123847096209)
[mavic_controller-5] [DEBUG] [1766070779.984433236] [Mavic_2_PRO_2_Controller]: BODY id: 2, v_b: [0.99819603 0.0600391  1.        ], angular: 0.060075226237695754
[mavic_controller-7] [DEBUG] [1766070779.984923306] [Mavic_2_PRO_3_Controller]: BODY id: 3, v_b: [0.99409184 0.10854221 1.        ], angular: 0.10875647521179475
[mavic_controller-5] [DEBUG] [1766070779.984963582] [Mavic_2_PRO_2_Controller]: WORLD id: 2, v: [0.5171627  0.85588711 1.        ]
[mavic_controller-7] [DEBUG] [1766070779.985436133] [Mavic_2_PRO_3_Controller]: WORLD id: 3, v: [0.48702127 0.87339011 1.        ]
[mavic_controller-5] [DEBUG] [1766070779.985515510] [Mavic_2_PRO_2_Controller]: id: 2, gps: (2.230383420051847, 3.140123880619191, 1.886849036470493)
[mavic_controller-7] [DEBUG] [1766070779.985962313] [Mavic_2_PRO_3_Controller]: id: 3, gps: (2.3216066709100667, 3.9901759308678506, 1.894506781681421)
[mavic_controller-5] [DEBUG] [1766070779.986019995] [Mavic_2_PRO_2_Controller]: id: 2, vel: (0.7053013292702344, 0.6939235594728177, 0.3141098998983726)
[mavic_controller-7] [DEBUG] [1766070779.986405796] [Mavic_2_PRO_3_Controller]: id: 3, vel: (0.7074834946538192, 0.6645507912412656, 0.3154347863164652)
[mavic_controller-3] [DEBUG] [1766070779.997549510] [Mavic_2_PRO_1_Controller]: Time(nanoseconds=8400000000, clock_type=ROS_TIME)
[mavic_controller-3] [DEBUG] [1766070779.997935814] [Mavic_2_PRO_1_Controller]: flag: (4.745658033751264, 7.469086167954433, 4.447123847096209)
[mavic_controller-3] [DEBUG] [1766070779.998118298] [Mavic_2_PRO_1_Controller]: BODY id: 1, v_b: [0.9995799 0.028983  1.       ], angular: 0.0289870614436501
[mavic_controller-3] [DEBUG] [1766070779.998276690] [Mavic_2_PRO_1_Controller]: WORLD id: 1, v: [0.50539573 0.86288768 1.        ]
[mavic_controller-7] [DEBUG] [1766070779.998321891] [Mavic_2_PRO_3_Controller]: Time(nanoseconds=8400000000, clock_type=ROS_TIME)
[mavic_controller-3] [DEBUG] [1766070779.998567532] [Mavic_2_PRO_1_Controller]: id: 1, gps: (2.208147360527729, 2.402437846440289, 1.9321595574162571)
[mavic_controller-7] [DEBUG] [1766070779.998707878] [Mavic_2_PRO_3_Controller]: flag: (4.745658033751264, 7.469086167954433, 4.447123847096209)
[mavic_controller-3] [DEBUG] [1766070779.998817523] [Mavic_2_PRO_1_Controller]: id: 1, vel: (0.678650986679206, 0.7476506726829716, 0.31288178644375947)
[mavic_controller-5] [DEBUG] [1766070779.999050795] [Mavic_2_PRO_2_Controller]: Time(nanoseconds=8407999999, clock_type=ROS_TIME)
[mavic_controller-7] [DEBUG] [1766070779.999075063] [Mavic_2_PRO_3_Controller]: BODY id: 3, v_b: [0.99391562 0.11014417 1.        ], angular: 0.11036809941644353
[mavic_controller-7] [DEBUG] [1766070779.999436772] [Mavic_2_PRO_3_Controller]: WORLD id: 3, v: [0.48078063 0.87684091 1.        ]
[mavic_controller-5] [DEBUG] [1766070779.999442907] [Mavic_2_PRO_2_Controller]: flag: (4.745658033751264, 7.469086167954433, 4.447123847096209)
[mavic_controller-7] [DEBUG] [1766070779.999810413] [Mavic_2_PRO_3_Controller]: id: 3, gps: (2.3841586312452328, 4.049414051277729, 1.9224063022092928)
[mavic_controller-5] [DEBUG] [1766070779.999811579] [Mavic_2_PRO_2_Controller]: BODY id: 2, v_b: [0.99771831 0.0675142  1.        ], angular: 0.06756559625645736
[mavic_controller-7] [DEBUG] [1766070780.000210076] [Mavic_2_PRO_3_Controller]: id: 3, vel: (0.706307205985362, 0.6734845001612105, 0.3151674658560403)
[mavic_controller-5] [DEBUG] [1766070780.000209866] [Mavic_2_PRO_2_Controller]: WORLD id: 2, v: [0.50742456 0.86169618 1.        ]
[mavic_controller-5] [DEBUG] [1766070780.000570364] [Mavic_2_PRO_2_Controller]: id: 2, gps: (2.304194831984871, 3.2132070467567826, 1.9196777695231728)
[mavic_controller-5] [DEBUG] [1766070780.000958108] [Mavic_2_PRO_2_Controller]: id: 2, vel: (0.7061406283471644, 0.7030012693314592, 0.3137551661490333)
[mavic_controller-7] [DEBUG] [1766070780.008998299] [Mavic_2_PRO_3_Controller]: Time(nanoseconds=8504000000, clock_type=ROS_TIME)
[mavic_controller-7] [DEBUG] [1766070780.009172779] [Mavic_2_PRO_3_Controller]: flag: (4.745658033751264, 7.469086167954433, 4.447123847096209)
[mavic_controller-7] [DEBUG] [1766070780.009316038] [Mavic_2_PRO_3_Controller]: BODY id: 3, v_b: [0.99377382 0.11141629 1.        ], angular: 0.11164810034683448
[mavic_controller-7] [DEBUG] [1766070780.009455485] [Mavic_2_PRO_3_Controller]: WORLD id: 3, v: [0.47273181 0.88120635 1.        ]
[mavic_controller-7] [DEBUG] [1766070780.009594452] [Mavic_2_PRO_3_Controller]: id: 3, gps: (2.4635758166677264, 4.12593894185482, 1.9578827251557915)
[mavic_controller-7] [DEBUG] [1766070780.009754090] [Mavic_2_PRO_3_Controller]: id: 3, vel: (0.7040345519433997, 0.6846316471271727, 0.31486496758835253)
[mavic_controller-5] [DEBUG] [1766070780.010270893] [Mavic_2_PRO_2_Controller]: Time(nanoseconds=8504000000, clock_type=ROS_TIME)
[mavic_controller-3] [DEBUG] [1766070780.010565409] [Mavic_2_PRO_1_Controller]: Time(nanoseconds=8504000000, clock_type=ROS_TIME)
[mavic_controller-5] [DEBUG] [1766070780.010639561] [Mavic_2_PRO_2_Controller]: flag: (4.745658033751264, 7.469086167954433, 4.447123847096209)
[mavic_controller-5] [DEBUG] [1766070780.010993480] [Mavic_2_PRO_2_Controller]: BODY id: 2, v_b: [0.9984751 0.055204  1.       ], angular: 0.055232075079805105
[mavic_controller-3] [DEBUG] [1766070780.010947902] [Mavic_2_PRO_1_Controller]: flag: (4.745658033751264, 7.469086167954433, 4.447123847096209)
[mavic_controller-3] [DEBUG] [1766070780.011298628] [Mavic_2_PRO_1_Controller]: BODY id: 1, v_b: [0.99956457 0.02950717 1.        ], angular: 0.02951145062590894
[mavic_controller-5] [DEBUG] [1766070780.011339278] [Mavic_2_PRO_2_Controller]: WORLD id: 2, v: [0.51541559 0.85694035 1.        ]
[mavic_controller-3] [DEBUG] [1766070780.011645240] [Mavic_2_PRO_1_Controller]: WORLD id: 1, v: [0.50331911 0.86410062 1.        ]
[mavic_controller-3] [DEBUG] [1766070780.011994259] [Mavic_2_PRO_1_Controller]: id: 1, gps: (2.279186226713757, 2.481063411135674, 1.9648609020274754)
[mavic_controller-5] [DEBUG] [1766070780.011686078] [Mavic_2_PRO_2_Controller]: id: 2, gps: (2.3610128786217097, 3.2700617736836337, 1.9449066858063828)
[mavic_controller-5] [DEBUG] [1766070780.012032056] [Mavic_2_PRO_2_Controller]: id: 2, vel: (0.7063760097387611, 0.7097977324690661, 0.31350698874885796)
[mavic_controller-3] [DEBUG] [1766070780.012333585] [Mavic_2_PRO_1_Controller]: id: 1, vel: (0.679756032218648, 0.7553714341347556, 0.3125437223398615)
[mavic_controller-7] [DEBUG] [1766070780.020799456] [Mavic_2_PRO_3_Controller]: Time(nanoseconds=8600000000, clock_type=ROS_TIME)
[mavic_controller-7] [DEBUG] [1766070780.020969592] [Mavic_2_PRO_3_Controller]: flag: (4.745658033751264, 7.469086167954433, 4.447123847096209)
[mavic_controller-3] [DEBUG] [1766070780.020986320] [Mavic_2_PRO_1_Controller]: Time(nanoseconds=8600000000, clock_type=ROS_TIME)
[mavic_controller-7] [DEBUG] [1766070780.021111613] [Mavic_2_PRO_3_Controller]: BODY id: 3, v_b: [0.9936205  0.11277545 1.        ], angular: 0.11301588492628727
[mavic_controller-7] [DEBUG] [1766070780.021251337] [Mavic_2_PRO_3_Controller]: WORLD id: 3, v: [0.46338524 0.88615694 1.        ]
[mavic_controller-3] [DEBUG] [1766070780.021371522] [Mavic_2_PRO_1_Controller]: flag: (4.745658033751264, 7.469086167954433, 4.447123847096209)
[mavic_controller-7] [DEBUG] [1766070780.021388988] [Mavic_2_PRO_3_Controller]: id: 3, gps: (2.5539588406758362, 4.214910308010262, 1.9983887152020354)
[mavic_controller-7] [DEBUG] [1766070780.021531734] [Mavic_2_PRO_3_Controller]: id: 3, vel: (0.7004428231773383, 0.6970147401768239, 0.3145664117766393)
[mavic_controller-3] [DEBUG] [1766070780.021723502] [Mavic_2_PRO_1_Controller]: BODY id: 1, v_b: [0.99954817 0.03005756 1.        ], angular: 0.03006209088370182
[mavic_controller-5] [DEBUG] [1766070780.021748949] [Mavic_2_PRO_2_Controller]: Time(nanoseconds=8600000000, clock_type=ROS_TIME)
[mavic_controller-3] [DEBUG] [1766070780.021970963] [Mavic_2_PRO_1_Controller]: WORLD id: 1, v: [0.50130209 0.86527234 1.        ]
[mavic_controller-3] [DEBUG] [1766070780.022144530] [Mavic_2_PRO_1_Controller]: id: 1, gps: (2.34483923065462, 2.554342259727591, 1.995016876048146)
[mavic_controller-5] [DEBUG] [1766070780.022118806] [Mavic_2_PRO_2_Controller]: flag: (4.745658033751264, 7.469086167954433, 4.447123847096209)
[mavic_controller-3] [DEBUG] [1766070780.022295686] [Mavic_2_PRO_1_Controller]: id: 1, vel: (0.6803314386009716, 0.762215651424557, 0.3122596407567442)
[mavic_controller-5] [DEBUG] [1766070780.022457393] [Mavic_2_PRO_2_Controller]: BODY id: 2, v_b: [0.9975956  0.06930385 1.        ], angular: 0.06935944907039344
[mavic_controller-5] [DEBUG] [1766070780.022801403] [Mavic_2_PRO_2_Controller]: WORLD id: 2, v: [0.50029262 0.86585639 1.        ]
[mavic_controller-5] [DEBUG] [1766070780.023134975] [Mavic_2_PRO_2_Controller]: id: 2, gps: (2.423507314377347, 3.333229620784025, 1.9726369109364827)
[mavic_controller-5] [DEBUG] [1766070780.023464014] [Mavic_2_PRO_2_Controller]: id: 2, vel: (0.7060477013392605, 0.7178140915825422, 0.3132572751428996)
[mavic_controller-7] [DEBUG] [1766070780.035186117] [Mavic_2_PRO_3_Controller]: Time(nanoseconds=8704000000, clock_type=ROS_TIME)
[mavic_controller-3] [DEBUG] [1766070780.035206947] [Mavic_2_PRO_1_Controller]: Time(nanoseconds=8704000000, clock_type=ROS_TIME)
[mavic_controller-7] [DEBUG] [1766070780.035362208] [Mavic_2_PRO_3_Controller]: flag: (4.745658033751264, 7.469086167954433, 4.447123847096209)
[mavic_controller-7] [DEBUG] [1766070780.035508584] [Mavic_2_PRO_3_Controller]: BODY id: 3, v_b: [0.99350154 0.11381863 1.        ], angular: 0.11406582431802333
[mavic_controller-3] [DEBUG] [1766070780.035387946] [Mavic_2_PRO_1_Controller]: flag: (4.745658033751264, 7.469086167954433, 4.447123847096209)
[mavic_controller-3] [DEBUG] [1766070780.035541979] [Mavic_2_PRO_1_Controller]: BODY id: 1, v_b: [0.99952754 0.03073581 1.        ], angular: 0.03074064745990399
[mavic_controller-7] [DEBUG] [1766070780.035704852] [Mavic_2_PRO_3_Controller]: WORLD id: 3, v: [0.45566874 0.89014942 1.        ]
[mavic_controller-7] [DEBUG] [1766070780.035860349] [Mavic_2_PRO_3_Controller]: id: 3, gps: (2.6270077806432606, 4.288356443775539, 2.031272971199636)
[mavic_controller-7] [DEBUG] [1766070780.036001406] [Mavic_2_PRO_3_Controller]: id: 3, vel: (0.6967588748048181, 0.7067934444785599, 0.3143476789449488)
[mavic_controller-3] [DEBUG] [1766070780.035722067] [Mavic_2_PRO_1_Controller]: WORLD id: 1, v: [0.49900055 0.86660167 1.        ]
[mavic_controller-3] [DEBUG] [1766070780.035880027] [Mavic_2_PRO_1_Controller]: id: 1, gps: (2.4160003300912, 2.6344566558468494, 2.0276565974024043)
[mavic_controller-3] [DEBUG] [1766070780.036029528] [Mavic_2_PRO_1_Controller]: id: 1, vel: (0.6804950729625764, 0.7693258614147898, 0.31198272484732154)
[mavic_controller-5] [DEBUG] [1766070780.036575574] [Mavic_2_PRO_2_Controller]: Time(nanoseconds=8704000000, clock_type=ROS_TIME)
[mavic_controller-5] [DEBUG] [1766070780.036960960] [Mavic_2_PRO_2_Controller]: flag: (4.745658033751264, 7.469086167954433, 4.447123847096209)
[mavic_controller-5] [DEBUG] [1766070780.037306508] [Mavic_2_PRO_2_Controller]: BODY id: 2, v_b: [0.99800499 0.06313505 1.        ], angular: 0.06317706952743764
[mavic_controller-5] [DEBUG] [1766070780.037667543] [Mavic_2_PRO_2_Controller]: WORLD id: 2, v: [0.50148965 0.86516364 1.        ]
[mavic_controller-5] [DEBUG] [1766070780.038012462] [Mavic_2_PRO_2_Controller]: id: 2, gps: (2.5086700666592368, 3.420382526083758, 2.0104157404307883)
[mavic_controller-5] [DEBUG] [1766070780.038347427] [Mavic_2_PRO_2_Controller]: id: 2, vel: (0.7051393214935276, 0.7268284094317211, 0.31287835797623303)
[mavic_controller-7] [DEBUG] [1766070780.046788707] [Mavic_2_PRO_3_Controller]: Time(nanoseconds=8800000000, clock_type=ROS_TIME)
[mavic_controller-3] [DEBUG] [1766070780.046802791] [Mavic_2_PRO_1_Controller]: Time(nanoseconds=8800000000, clock_type=ROS_TIME)
[mavic_controller-7] [DEBUG] [1766070780.046963759] [Mavic_2_PRO_3_Controller]: flag: (4.745658033751264, 7.469086167954433, 4.447123847096209)
[mavic_controller-7] [DEBUG] [1766070780.047106329] [Mavic_2_PRO_3_Controller]: BODY id: 3, v_b: [0.9933951 0.114744  1.       ], angular: 0.11499729011185772
[mavic_controller-3] [DEBUG] [1766070780.046983096] [Mavic_2_PRO_1_Controller]: flag: (4.745658033751264, 7.469086167954433, 4.447123847096209)
[mavic_controller-3] [DEBUG] [1766070780.047135872] [Mavic_2_PRO_1_Controller]: BODY id: 1, v_b: [0.9995057  0.03143821 1.        ], angular: 0.031443395800313724
[mavic_controller-7] [DEBUG] [1766070780.047246176] [Mavic_2_PRO_3_Controller]: WORLD id: 3, v: [0.44844734 0.89380925 1.        ]
[mavic_controller-3] [DEBUG] [1766070780.047284373] [Mavic_2_PRO_1_Controller]: WORLD id: 1, v: [0.49676829 0.86788321 1.        ]
[mavic_controller-7] [DEBUG] [1766070780.047385200] [Mavic_2_PRO_3_Controller]: id: 3, gps: (2.6940655413965993, 4.357047319380549, 2.0616087060511155)
[mavic_controller-7] [DEBUG] [1766070780.047521718] [Mavic_2_PRO_3_Controller]: id: 3, vel: (0.6927942610360349, 0.7155782550720261, 0.31417141460609366)
[mavic_controller-3] [DEBUG] [1766070780.047433128] [Mavic_2_PRO_1_Controller]: id: 1, gps: (2.481680446696139, 2.7090536656733826, 2.0577612064081667)
[mavic_controller-3] [DEBUG] [1766070780.047634600] [Mavic_2_PRO_1_Controller]: id: 1, vel: (0.6802344288376418, 0.7756150103705681, 0.31175184935755174)
[mavic_controller-5] [DEBUG] [1766070780.048032868] [Mavic_2_PRO_2_Controller]: Time(nanoseconds=8800000000, clock_type=ROS_TIME)
[mavic_controller-5] [DEBUG] [1766070780.048392064] [Mavic_2_PRO_2_Controller]: flag: (4.745658033751264, 7.469086167954433, 4.447123847096209)
[mavic_controller-5] [DEBUG] [1766070780.048736975] [Mavic_2_PRO_2_Controller]: BODY id: 2, v_b: [0.99796667 0.06373795 1.        ], angular: 0.0637811881058646
[mavic_controller-5] [DEBUG] [1766070780.049080794] [Mavic_2_PRO_2_Controller]: WORLD id: 2, v: [0.4978571  0.86725908 1.        ]
[mavic_controller-5] [DEBUG] [1766070780.049421809] [Mavic_2_PRO_2_Controller]: id: 2, gps: (2.5710134631581445, 3.485030267397774, 2.0380940203274487)
[mavic_controller-5] [DEBUG] [1766070780.049766400] [Mavic_2_PRO_2_Controller]: id: 2, vel: (0.7040552621495487, 0.7335872179097173, 0.31274401696851684)
[mavic_controller-7] [DEBUG] [1766070780.059855150] [Mavic_2_PRO_3_Controller]: Time(nanoseconds=8904000000, clock_type=ROS_TIME)
[mavic_controller-3] [DEBUG] [1766070780.059855401] [Mavic_2_PRO_1_Controller]: Time(nanoseconds=8904000000, clock_type=ROS_TIME)
[mavic_controller-3] [DEBUG] [1766070780.060046658] [Mavic_2_PRO_1_Controller]: flag: (4.745658033751264, 7.469086167954433, 4.447123847096209)
[mavic_controller-3] [DEBUG] [1766070780.060203991] [Mavic_2_PRO_1_Controller]: BODY id: 1, v_b: [0.9994785  0.03229139 1.        ], angular: 0.03229700157320131
[mavic_controller-7] [DEBUG] [1766070780.060068768] [Mavic_2_PRO_3_Controller]: flag: (4.745658033751264, 7.469086167954433, 4.447123847096209)
[mavic_controller-7] [DEBUG] [1766070780.060214296] [Mavic_2_PRO_3_Controller]: BODY id: 3, v_b: [0.99328106 0.11572699 1.        ], angular: 0.11598687393989779
[mavic_controller-3] [DEBUG] [1766070780.060355708] [Mavic_2_PRO_1_Controller]: WORLD id: 1, v: [0.49422384 0.86933469 1.        ]
[mavic_controller-7] [DEBUG] [1766070780.060357521] [Mavic_2_PRO_3_Controller]: WORLD id: 3, v: [0.44050607 0.89774963 1.        ]
[mavic_controller-7] [DEBUG] [1766070780.060501127] [Mavic_2_PRO_3_Controller]: id: 3, gps: (2.7662476202237527, 4.432404721605803, 2.0944552055139547)
[mavic_controller-7] [DEBUG] [1766070780.060646827] [Mavic_2_PRO_3_Controller]: id: 3, vel: (0.6879262787985215, 0.7248250221802331, 0.31401657927493937)
[mavic_controller-3] [DEBUG] [1766070780.060508885] [Mavic_2_PRO_1_Controller]: id: 1, gps: (2.5527824639205963, 2.7905356670665005, 2.090350925339081)
[mavic_controller-3] [DEBUG] [1766070780.060663836] [Mavic_2_PRO_1_Controller]: id: 1, vel: (0.6795354904671207, 0.7821282343495406, 0.31152962287607416)
[mavic_controller-5] [DEBUG] [1766070780.060593045] [Mavic_2_PRO_2_Controller]: Time(nanoseconds=8904000000, clock_type=ROS_TIME)
[mavic_controller-5] [DEBUG] [1766070780.061024841] [Mavic_2_PRO_2_Controller]: flag: (4.745658033751264, 7.469086167954433, 4.447123847096209)
[mavic_controller-5] [DEBUG] [1766070780.061392250] [Mavic_2_PRO_2_Controller]: BODY id: 2, v_b: [0.99791388 0.06455921 1.        ], angular: 0.06460414099838166
[mavic_controller-5] [DEBUG] [1766070780.061755475] [Mavic_2_PRO_2_Controller]: WORLD id: 2, v: [0.49216119 0.87050409 1.        ]
[mavic_controller-5] [DEBUG] [1766070780.062119388] [Mavic_2_PRO_2_Controller]: id: 2, gps: (2.6671204902126884, 3.5860978177637293, 2.0808426754766027)
[mavic_controller-5] [DEBUG] [1766070780.062498339] [Mavic_2_PRO_2_Controller]: id: 2, vel: (0.7014365247183132, 0.7438333469928705, 0.3124243683450396)
[mavic_controller-7] [DEBUG] [1766070780.073079305] [Mavic_2_PRO_3_Controller]: Time(nanoseconds=9000000000, clock_type=ROS_TIME)
[mavic_controller-5] [DEBUG] [1766070780.073082337] [Mavic_2_PRO_2_Controller]: Time(nanoseconds=9000000000, clock_type=ROS_TIME)
[mavic_controller-7] [DEBUG] [1766070780.073253171] [Mavic_2_PRO_3_Controller]: flag: (4.745658033751264, 7.469086167954433, 4.447123847096209)
[mavic_controller-7] [DEBUG] [1766070780.073418980] [Mavic_2_PRO_3_Controller]: BODY id: 3, v_b: [0.99317562 0.11662839 1.        ], angular: 0.11689442654311868
[mavic_controller-5] [DEBUG] [1766070780.073272290] [Mavic_2_PRO_2_Controller]: flag: (4.745658033751264, 7.469086167954433, 4.447123847096209)
[mavic_controller-5] [DEBUG] [1766070780.073422990] [Mavic_2_PRO_2_Controller]: BODY id: 2, v_b: [0.99787059 0.06522483 1.        ], angular: 0.06527116325469887
[mavic_controller-7] [DEBUG] [1766070780.073563146] [Mavic_2_PRO_3_Controller]: WORLD id: 3, v: [0.43306268 0.90136381 1.        ]
[mavic_controller-5] [DEBUG] [1766070780.073570932] [Mavic_2_PRO_2_Controller]: WORLD id: 2, v: [0.48741061 0.87317289 1.        ]
[mavic_controller-7] [DEBUG] [1766070780.073718921] [Mavic_2_PRO_3_Controller]: id: 3, gps: (2.8323975028314194, 4.502810675935259, 2.1247621296192407)
[mavic_controller-7] [DEBUG] [1766070780.073878619] [Mavic_2_PRO_3_Controller]: id: 3, vel: (0.6829181840022057, 0.733115654429911, 0.31390019312469575)
[mavic_controller-5] [DEBUG] [1766070780.073737995] [Mavic_2_PRO_2_Controller]: id: 2, gps: (2.7459661421475765, 3.670352843206039, 2.1160167539885975)
[mavic_controller-5] [DEBUG] [1766070780.073892059] [Mavic_2_PRO_2_Controller]: id: 2, vel: (0.6987879963676491, 0.7518107480380043, 0.31223386229008576)
[mavic_controller-3] [DEBUG] [1766070780.074403876] [Mavic_2_PRO_1_Controller]: Time(nanoseconds=9000000000, clock_type=ROS_TIME)
[mavic_controller-3] [DEBUG] [1766070780.074773602] [Mavic_2_PRO_1_Controller]: flag: (4.745658033751264, 7.469086167954433, 4.447123847096209)
[mavic_controller-3] [DEBUG] [1766070780.075131890] [Mavic_2_PRO_1_Controller]: BODY id: 1, v_b: [0.99944988 0.03316545 1.        ], angular: 0.03317153275285579
[mavic_controller-3] [DEBUG] [1766070780.075490207] [Mavic_2_PRO_1_Controller]: WORLD id: 1, v: [0.49175557 0.87073329 1.        ]
[mavic_controller-3] [DEBUG] [1766070780.075846255] [Mavic_2_PRO_1_Controller]: id: 1, gps: (2.618329869963736, 2.8663400627080087, 2.120414435621639)
[mavic_controller-3] [DEBUG] [1766070780.076192806] [Mavic_2_PRO_1_Controller]: id: 1, vel: (0.6785163610629245, 0.7878722130583852, 0.31134937473122226)
[mavic_controller-7] [DEBUG] [1766070780.085734384] [Mavic_2_PRO_3_Controller]: Time(nanoseconds=9104000000, clock_type=ROS_TIME)
[mavic_controller-7] [DEBUG] [1766070780.085911768] [Mavic_2_PRO_3_Controller]: flag: (4.745658033751264, 7.469086167954433, 4.447123847096209)
[mavic_controller-7] [DEBUG] [1766070780.086076185] [Mavic_2_PRO_3_Controller]: BODY id: 3, v_b: [0.99305895 0.11761767 1.        ], angular: 0.11789055922177887
[mavic_controller-7] [DEBUG] [1766070780.086217629] [Mavic_2_PRO_3_Controller]: WORLD id: 3, v: [0.42486538 0.90525654 1.        ]
[mavic_controller-7] [DEBUG] [1766070780.086380775] [Mavic_2_PRO_3_Controller]: id: 3, gps: (2.9034857765292097, 4.579971448253217, 2.1575833806060434)
[mavic_controller-7] [DEBUG] [1766070780.086531885] [Mavic_2_PRO_3_Controller]: id: 3, vel: (0.6769734940024804, 0.7418171037832264, 0.31379911137158817)
[mavic_controller-5] [DEBUG] [1766070780.086885767] [Mavic_2_PRO_2_Controller]: Time(nanoseconds=9104000000, clock_type=ROS_TIME)
[mavic_controller-3] [DEBUG] [1766070780.086984875] [Mavic_2_PRO_1_Controller]: Time(nanoseconds=9104000000, clock_type=ROS_TIME)
[mavic_controller-5] [DEBUG] [1766070780.087249741] [Mavic_2_PRO_2_Controller]: flag: (4.745658033751264, 7.469086167954433, 4.447123847096209)
[mavic_controller-3] [DEBUG] [1766070780.087347967] [Mavic_2_PRO_1_Controller]: flag: (4.745658033751264, 7.469086167954433, 4.447123847096209)
[mavic_controller-5] [DEBUG] [1766070780.087591179] [Mavic_2_PRO_2_Controller]: BODY id: 2, v_b: [0.99782562 0.06590922 1.        ], angular: 0.06595703618020142
[mavic_controller-3] [DEBUG] [1766070780.087694862] [Mavic_2_PRO_1_Controller]: BODY id: 1, v_b: [0.99942312 0.03396224 1.        ], angular: 0.03396877028097282
[mavic_controller-5] [DEBUG] [1766070780.087931424] [Mavic_2_PRO_2_Controller]: WORLD id: 2, v: [0.48226705 0.87602425 1.        ]
[mavic_controller-3] [DEBUG] [1766070780.088042258] [Mavic_2_PRO_1_Controller]: WORLD id: 1, v: [0.48960592 0.87194383 1.        ]
[mavic_controller-5] [DEBUG] [1766070780.088267813] [Mavic_2_PRO_2_Controller]: id: 2, gps: (2.830067920361748, 3.7616069977309685, 2.1536828208811594)
[mavic_controller-3] [DEBUG] [1766070780.088385619] [Mavic_2_PRO_1_Controller]: id: 1, gps: (2.672865668246909, 2.929924572207544, 2.1454548758957146)
[mavic_controller-5] [DEBUG] [1766070780.088609476] [Mavic_2_PRO_2_Controller]: id: 2, vel: (0.6953036005881436, 0.7600612245719791, 0.31208179754188764)
[mavic_controller-3] [DEBUG] [1766070780.088724320] [Mavic_2_PRO_1_Controller]: id: 1, vel: (0.6774052137014592, 0.792466052354921, 0.3112153969311675)
[mavic_controller-7] [DEBUG] [1766070780.098924596] [Mavic_2_PRO_3_Controller]: Time(nanoseconds=9200000000, clock_type=ROS_TIME)
[mavic_controller-7] [DEBUG] [1766070780.099142013] [Mavic_2_PRO_3_Controller]: flag: (4.745658033751264, 7.469086167954433, 4.447123847096209)
[mavic_controller-7] [DEBUG] [1766070780.099284816] [Mavic_2_PRO_3_Controller]: BODY id: 3, v_b: [0.99294717 0.11855767 1.        ], angular: 0.11883718046096947
[mavic_controller-7] [DEBUG] [1766070780.099455295] [Mavic_2_PRO_3_Controller]: WORLD id: 3, v: [0.41716576 0.90883042 1.        ]
[mavic_controller-7] [DEBUG] [1766070780.099599007] [Mavic_2_PRO_3_Controller]: id: 3, gps: (2.968528785669389, 4.651990658500318, 2.1878717281970133)
[mavic_controller-7] [DEBUG] [1766070780.099799432] [Mavic_2_PRO_3_Controller]: id: 3, vel: (0.6710234059583055, 0.7495895554525562, 0.3137284532216674)
[mavic_controller-5] [DEBUG] [1766070780.099891893] [Mavic_2_PRO_2_Controller]: Time(nanoseconds=9200000000, clock_type=ROS_TIME)
[mavic_controller-5] [DEBUG] [1766070780.100103302] [Mavic_2_PRO_2_Controller]: flag: (4.745658033751264, 7.469086167954433, 4.447123847096209)
[mavic_controller-5] [DEBUG] [1766070780.100258307] [Mavic_2_PRO_2_Controller]: BODY id: 2, v_b: [0.99779398 0.06638652 1.        ], angular: 0.06643537621983966
[mavic_controller-5] [DEBUG] [1766070780.100410662] [Mavic_2_PRO_2_Controller]: WORLD id: 2, v: [0.47846383 0.87810726 1.        ]
[mavic_controller-5] [DEBUG] [1766070780.100564225] [Mavic_2_PRO_2_Controller]: id: 2, gps: (2.891455658585598, 3.8291468653811243, 2.1812939382072045)
[mavic_controller-3] [DEBUG] [1766070780.100597021] [Mavic_2_PRO_1_Controller]: Time(nanoseconds=9200000000, clock_type=ROS_TIME)
[mavic_controller-3] [DEBUG] [1766070780.101033351] [Mavic_2_PRO_1_Controller]: flag: (4.745658033751264, 7.469086167954433, 4.447123847096209)
[mavic_controller-5] [DEBUG] [1766070780.100795222] [Mavic_2_PRO_2_Controller]: id: 2, vel: (0.692368788852277, 0.7658862609388777, 0.3119824913664624)
[mavic_controller-3] [DEBUG] [1766070780.101403956] [Mavic_2_PRO_1_Controller]: BODY id: 1, v_b: [0.99939033 0.03491383 1.        ], angular: 0.034920931990645006
[mavic_controller-3] [DEBUG] [1766070780.101795698] [Mavic_2_PRO_1_Controller]: WORLD id: 1, v: [0.4871397  0.87332406 1.        ]
[mavic_controller-3] [DEBUG] [1766070780.102163858] [Mavic_2_PRO_1_Controller]: id: 1, gps: (2.7327398862722947, 3.0002846569159916, 2.172987821420878)
[mavic_controller-3] [DEBUG] [1766070780.102523461] [Mavic_2_PRO_1_Controller]: id: 1, vel: (0.6759316094495627, 0.7973121974571843, 0.31108776700346424)
[mavic_controller-7] [DEBUG] [1766070780.112768226] [Mavic_2_PRO_3_Controller]: Time(nanoseconds=9304000000, clock_type=ROS_TIME)
[mavic_controller-5] [DEBUG] [1766070780.112851562] [Mavic_2_PRO_2_Controller]: Time(nanoseconds=9304000000, clock_type=ROS_TIME)
[mavic_controller-7] [DEBUG] [1766070780.112957047] [Mavic_2_PRO_3_Controller]: flag: (4.745658033751264, 7.469086167954433, 4.447123847096209)
[mavic_controller-7] [DEBUG] [1766070780.113105008] [Mavic_2_PRO_3_Controller]: BODY id: 3, v_b: [0.99281959 0.11962131 1.        ], angular: 0.11990844743842363
[mavic_controller-5] [DEBUG] [1766070780.113033441] [Mavic_2_PRO_2_Controller]: flag: (4.745658033751264, 7.469086167954433, 4.447123847096209)
[mavic_controller-5] [DEBUG] [1766070780.113180651] [Mavic_2_PRO_2_Controller]: BODY id: 2, v_b: [0.99775534 0.06696481 1.        ], angular: 0.06701495917240685
[mavic_controller-3] [DEBUG] [1766070780.113070822] [Mavic_2_PRO_1_Controller]: Time(nanoseconds=9304000000, clock_type=ROS_TIME)
[mavic_controller-3] [DEBUG] [1766070780.113247112] [Mavic_2_PRO_1_Controller]: flag: (4.745658033751264, 7.469086167954433, 4.447123847096209)
[mavic_controller-3] [DEBUG] [1766070780.113396738] [Mavic_2_PRO_1_Controller]: BODY id: 1, v_b: [0.99935014 0.03604565 1.        ], angular: 0.036053464493343824
[mavic_controller-7] [DEBUG] [1766070780.113251795] [Mavic_2_PRO_3_Controller]: WORLD id: 3, v: [0.40866898 0.91268267 1.        ]
[mavic_controller-7] [DEBUG] [1766070780.113396724] [Mavic_2_PRO_3_Controller]: id: 3, gps: (3.0383177801384305, 4.730842436656082, 2.220677695890566)
[mavic_controller-5] [DEBUG] [1766070780.113332650] [Mavic_2_PRO_2_Controller]: WORLD id: 2, v: [0.47358753 0.88074676 1.        ]
[mavic_controller-5] [DEBUG] [1766070780.113476330] [Mavic_2_PRO_2_Controller]: id: 2, gps: (2.969186105174968, 3.9158353214886747, 2.2164232053743596)
[mavic_controller-5] [DEBUG] [1766070780.113642261] [Mavic_2_PRO_2_Controller]: id: 2, vel: (0.6882155299107661, 0.7729996258991906, 0.3118683067624318)
[mavic_controller-7] [DEBUG] [1766070780.113540881] [Mavic_2_PRO_3_Controller]: id: 3, vel: (0.6641049442639574, 0.7577244062322648, 0.3136752042539862)
[mavic_controller-3] [DEBUG] [1766070780.113547930] [Mavic_2_PRO_1_Controller]: WORLD id: 1, v: [0.48432273 0.87488942 1.        ]
[mavic_controller-3] [DEBUG] [1766070780.113714429] [Mavic_2_PRO_1_Controller]: id: 1, gps: (2.797893296071592, 3.077518140007938, 2.2030119487882835)
[mavic_controller-3] [DEBUG] [1766070780.113862391] [Mavic_2_PRO_1_Controller]: id: 1, vel: (0.6740280750604793, 0.8023631401567234, 0.31096866805781)
[mavic_controller-7] [DEBUG] [1766070780.124677353] [Mavic_2_PRO_3_Controller]: Time(nanoseconds=9400000000, clock_type=ROS_TIME)
[mavic_controller-5] [DEBUG] [1766070780.124787186] [Mavic_2_PRO_2_Controller]: Time(nanoseconds=9400000000, clock_type=ROS_TIME)
[mavic_controller-5] [DEBUG] [1766070780.124967813] [Mavic_2_PRO_2_Controller]: flag: (4.745658033751264, 7.469086167954433, 4.447123847096209)
[mavic_controller-3] [DEBUG] [1766070780.124787016] [Mavic_2_PRO_1_Controller]: Time(nanoseconds=9400000000, clock_type=ROS_TIME)
[mavic_controller-3] [DEBUG] [1766070780.124975757] [Mavic_2_PRO_1_Controller]: flag: (4.745658033751264, 7.469086167954433, 4.447123847096209)
[mavic_controller-7] [DEBUG] [1766070780.124858354] [Mavic_2_PRO_3_Controller]: flag: (4.745658033751264, 7.469086167954433, 4.447123847096209)
[mavic_controller-7] [DEBUG] [1766070780.125007542] [Mavic_2_PRO_3_Controller]: BODY id: 3, v_b: [0.99269405 0.12065867 1.        ], angular: 0.12095337573774906
[mavic_controller-5] [DEBUG] [1766070780.125120302] [Mavic_2_PRO_2_Controller]: BODY id: 2, v_b: [0.99772356 0.06743656 1.        ], angular: 0.06748778322940228
[mavic_controller-3] [DEBUG] [1766070780.125142604] [Mavic_2_PRO_1_Controller]: BODY id: 1, v_b: [0.99928448 0.03782226 1.        ], angular: 0.03783128516680814
[mavic_controller-7] [DEBUG] [1766070780.125155289] [Mavic_2_PRO_3_Controller]: WORLD id: 3, v: [0.4006712  0.91622191 1.        ]
[mavic_controller-5] [DEBUG] [1766070780.125270719] [Mavic_2_PRO_2_Controller]: WORLD id: 2, v: [0.46937581 0.8829985  1.        ]
[mavic_controller-3] [DEBUG] [1766070780.125290835] [Mavic_2_PRO_1_Controller]: WORLD id: 1, v: [0.48009583 0.87721605 1.        ]
[mavic_controller-7] [DEBUG] [1766070780.125312429] [Mavic_2_PRO_3_Controller]: id: 3, gps: (3.1020736411267396, 4.804369668687702, 2.250956461623838)
[mavic_controller-3] [DEBUG] [1766070780.125436373] [Mavic_2_PRO_1_Controller]: id: 1, gps: (2.8898451470130824, 3.187740386684746, 2.2455288960393225)
[mavic_controller-5] [DEBUG] [1766070780.125458057] [Mavic_2_PRO_2_Controller]: id: 2, gps: (3.035419245080676, 3.9907636598928473, 2.246524902970794)
[mavic_controller-7] [DEBUG] [1766070780.125461208] [Mavic_2_PRO_3_Controller]: id: 3, vel: (0.65730317221962, 0.764968892162303, 0.31365010612177185)
[mavic_controller-3] [DEBUG] [1766070780.125598399] [Mavic_2_PRO_1_Controller]: id: 1, vel: (0.6708235587704411, 0.8091101391172633, 0.3108391273115537)
[mavic_controller-5] [DEBUG] [1766070780.125677184] [Mavic_2_PRO_2_Controller]: id: 2, vel: (0.6842882512917526, 0.7788461925240356, 0.3117935699024025)
[mavic_controller-7] [DEBUG] [1766070780.138778340] [Mavic_2_PRO_3_Controller]: Time(nanoseconds=9504000000, clock_type=ROS_TIME)
[mavic_controller-7] [DEBUG] [1766070780.138958851] [Mavic_2_PRO_3_Controller]: flag: (4.745658033751264, 7.469086167954433, 4.447123847096209)
[mavic_controller-7] [DEBUG] [1766070780.139106681] [Mavic_2_PRO_3_Controller]: BODY id: 3, v_b: [0.99254759 0.12185765 1.        ], angular: 0.12216126572208076
[mavic_controller-7] [DEBUG] [1766070780.139249662] [Mavic_2_PRO_3_Controller]: WORLD id: 3, v: [0.39182521 0.92003967 1.        ]
[mavic_controller-7] [DEBUG] [1766070780.139392570] [Mavic_2_PRO_3_Controller]: id: 3, gps: (3.1703779255617435, 4.884797538304134, 2.283757015308423)
[mavic_controller-7] [DEBUG] [1766070780.139535470] [Mavic_2_PRO_3_Controller]: id: 3, vel: (0.6495097310009567, 0.7725285772485554, 0.31364560832021565)
[mavic_controller-5] [DEBUG] [1766070780.140042392] [Mavic_2_PRO_2_Controller]: Time(nanoseconds=9504000000, clock_type=ROS_TIME)
[mavic_controller-3] [DEBUG] [1766070780.140146583] [Mavic_2_PRO_1_Controller]: Time(nanoseconds=9504000000, clock_type=ROS_TIME)
[mavic_controller-5] [DEBUG] [1766070780.140437956] [Mavic_2_PRO_2_Controller]: flag: (4.745658033751264, 7.469086167954433, 4.447123847096209)
[mavic_controller-3] [DEBUG] [1766070780.140532562] [Mavic_2_PRO_1_Controller]: flag: (4.745658033751264, 7.469086167954433, 4.447123847096209)
[mavic_controller-5] [DEBUG] [1766070780.140820875] [Mavic_2_PRO_2_Controller]: BODY id: 2, v_b: [0.99769052 0.06792373 1.        ], angular: 0.06797607268431119
[mavic_controller-3] [DEBUG] [1766070780.140909717] [Mavic_2_PRO_1_Controller]: BODY id: 1, v_b: [0.99923156 0.03919547 1.        ], angular: 0.039205512410325154
[mavic_controller-5] [DEBUG] [1766070780.141195427] [Mavic_2_PRO_2_Controller]: WORLD id: 2, v: [0.46478028 0.88542605 1.        ]
[mavic_controller-3] [DEBUG] [1766070780.141272016] [Mavic_2_PRO_1_Controller]: WORLD id: 1, v: [0.47693628 0.87893787 1.        ]
[mavic_controller-5] [DEBUG] [1766070780.141565111] [Mavic_2_PRO_2_Controller]: id: 2, gps: (3.1067248118351176, 4.0725586235874704, 2.279128622606157)
[mavic_controller-3] [DEBUG] [1766070780.141640114] [Mavic_2_PRO_1_Controller]: id: 1, gps: (2.954467068953307, 3.266083795003999, 2.2755318054216036)
