[mavic_controller-7] [DEBUG] [1766070845.821865064] [Mavic_2_PRO_3_Controller]: WORLD id: 3, v: [ 0.35497588 -0.81526051  0.45753954]
[mavic_controller-7] [DEBUG] [1766070845.822211106] [Mavic_2_PRO_3_Controller]: id: 3, gps: (-8.996963639138896, 8.468183648404251, 4.32331145052291)
[mavic_controller-7] [DEBUG] [1766070845.822559212] [Mavic_2_PRO_3_Controller]: id: 3, vel: (-0.4275789538692039, -0.04143013742102816, 0.25790964589539844)
[mavic_controller-3] [DEBUG] [1766070845.830695982] [Mavic_2_PRO_1_Controller]: Time(nanoseconds=16904000000, clock_type=ROS_TIME)
[mavic_controller-5] [DEBUG] [1766070845.830697649] [Mavic_2_PRO_2_Controller]: Time(nanoseconds=16904000000, clock_type=ROS_TIME)
[mavic_controller-3] [DEBUG] [1766070845.830883290] [Mavic_2_PRO_1_Controller]: flag: (-1.999155045340956, -1.035265230397517, 4.971941275877409)
[mavic_controller-5] [DEBUG] [1766070845.830889310] [Mavic_2_PRO_2_Controller]: flag: (-1.999155045340956, -1.035265230397517, 4.971941275877409)
[mavic_controller-3] [DEBUG] [1766070845.831037189] [Mavic_2_PRO_1_Controller]: BODY id: 1, v_b: [0.35619391 0.83111078 0.27986161], angular: 1.1659009083694594
[mavic_controller-5] [DEBUG] [1766070845.831040296] [Mavic_2_PRO_2_Controller]: BODY id: 2, v_b: [ 0.36314836  0.90393482 -6.52121649], angular: 1.1887893364770583
[mavic_controller-3] [DEBUG] [1766070845.831186904] [Mavic_2_PRO_1_Controller]: WORLD id: 1, v: [ 0.56187895 -0.70845696  0.27986161]
[mavic_controller-5] [DEBUG] [1766070845.831187563] [Mavic_2_PRO_2_Controller]: WORLD id: 2, v: [-0.8388796   0.49523318 -6.52121649]
[mavic_controller-5] [DEBUG] [1766070845.831337463] [Mavic_2_PRO_2_Controller]: id: 2, gps: (-9.312006075241753, 8.011893391554954, 0.21764180321526566)
[mavic_controller-3] [DEBUG] [1766070845.831342267] [Mavic_2_PRO_1_Controller]: id: 1, gps: (-8.566777533664824, 6.6578043971919465, 4.412089389434056)
[mavic_controller-3] [DEBUG] [1766070845.831500534] [Mavic_2_PRO_1_Controller]: id: 1, vel: (-0.2971410093037531, -0.19651525987380344, 0.27922935611517985)
[mavic_controller-5] [DEBUG] [1766070845.831506104] [Mavic_2_PRO_2_Controller]: id: 2, vel: (-1.0277949409327587, 0.6591020338250231, -7.489440630992789)
[mavic_controller-7] [INFO] [1766070845.831537320] [Mavic_2_PRO_3_Controller]: theta: 1.5707963267948966
[mavic_controller-7] [DEBUG] [1766070845.832280038] [Mavic_2_PRO_3_Controller]: Time(nanoseconds=16904000000, clock_type=ROS_TIME)
[mavic_controller-7] [DEBUG] [1766070845.832658187] [Mavic_2_PRO_3_Controller]: flag: (-1.999155045340956, -1.035265230397517, 4.971941275877409)
[mavic_controller-7] [DEBUG] [1766070845.833015101] [Mavic_2_PRO_3_Controller]: BODY id: 3, v_b: [0.22283357 0.88542004 0.40789283], angular: 1.324246609860838
[mavic_controller-7] [DEBUG] [1766070845.833361615] [Mavic_2_PRO_3_Controller]: WORLD id: 3, v: [ 0.42110062 -0.81012203  0.40789283]
[mavic_controller-7] [DEBUG] [1766070845.833706255] [Mavic_2_PRO_3_Controller]: id: 3, gps: (-9.036619980695358, 8.46249899215091, 4.3484954459706415)
[mavic_controller-7] [DEBUG] [1766070845.834043941] [Mavic_2_PRO_3_Controller]: id: 3, vel: (-0.39583703645638213, -0.07311649232567, 0.26343669538279557)
[mavic_controller-3] [DEBUG] [1766070845.844322685] [Mavic_2_PRO_1_Controller]: Time(nanoseconds=17008000000, clock_type=ROS_TIME)
[mavic_controller-3] [DEBUG] [1766070845.844582369] [Mavic_2_PRO_1_Controller]: flag: (-1.999155045340956, -1.035265230397517, 4.971941275877409)
[mavic_controller-3] [DEBUG] [1766070845.844767397] [Mavic_2_PRO_1_Controller]: BODY id: 1, v_b: [0.43943451 0.84194404 0.26714704], angular: 1.0897602790617316
[mavic_controller-3] [DEBUG] [1766070845.844918450] [Mavic_2_PRO_1_Controller]: WORLD id: 1, v: [ 0.60577364 -0.73144428  0.26714704]
[mavic_controller-3] [DEBUG] [1766070845.845062488] [Mavic_2_PRO_1_Controller]: id: 1, gps: (-8.593370715033744, 6.637221914137561, 4.439161270673416)
[mavic_controller-7] [INFO] [1766070845.844980201] [Mavic_2_PRO_3_Controller]: theta: 1.5707963267948966
[mavic_controller-3] [DEBUG] [1766070845.845204310] [Mavic_2_PRO_1_Controller]: id: 1, vel: (-0.25717673363248583, -0.22635495623783802, 0.281339153469088)
[mavic_controller-5] [DEBUG] [1766070845.845271481] [Mavic_2_PRO_2_Controller]: Time(nanoseconds=17008000000, clock_type=ROS_TIME)
[mavic_controller-5] [DEBUG] [1766070845.845646053] [Mavic_2_PRO_2_Controller]: flag: (-1.999155045340956, -1.035265230397517, 4.971941275877409)
[mavic_controller-7] [DEBUG] [1766070845.845653316] [Mavic_2_PRO_3_Controller]: Time(nanoseconds=17008000000, clock_type=ROS_TIME)
[mavic_controller-5] [DEBUG] [1766070845.845995945] [Mavic_2_PRO_2_Controller]: BODY id: 2, v_b: [-2.48904541  1.13551074  0.37961755], angular: 2.7135920477042514
[mavic_controller-7] [DEBUG] [1766070845.846011330] [Mavic_2_PRO_3_Controller]: flag: (-1.999155045340956, -1.035265230397517, 4.971941275877409)
[mavic_controller-7] [DEBUG] [1766070845.846278754] [Mavic_2_PRO_3_Controller]: BODY id: 3, v_b: [0.2576722  0.90367669 0.34201386], angular: 1.2930299127629459
[mavic_controller-5] [DEBUG] [1766070845.846340728] [Mavic_2_PRO_2_Controller]: WORLD id: 2, v: [ 2.02336265 -1.84139492  0.37961755]
[mavic_controller-7] [DEBUG] [1766070845.846452091] [Mavic_2_PRO_3_Controller]: WORLD id: 3, v: [ 0.50139415 -0.7947518   0.34201386]
[mavic_controller-5] [DEBUG] [1766070845.846702070] [Mavic_2_PRO_2_Controller]: id: 2, gps: (-9.095694391113106, 7.8202960082773325, 0.2386309107838504)
[mavic_controller-7] [DEBUG] [1766070845.846810770] [Mavic_2_PRO_3_Controller]: id: 3, gps: (-9.078903237000455, 8.452033779178626, 4.3785098916140255)
[mavic_controller-5] [DEBUG] [1766070845.847075835] [Mavic_2_PRO_2_Controller]: id: 2, vel: (2.7743833760271364, -2.4113929509874232, 0.04634572167415141)
[mavic_controller-7] [DEBUG] [1766070845.847156647] [Mavic_2_PRO_3_Controller]: id: 3, vel: (-0.35694711239986315, -0.10940050216864525, 0.26906788389315006)
[mavic_controller-3] [DEBUG] [1766070845.855743013] [Mavic_2_PRO_1_Controller]: Time(nanoseconds=17104000000, clock_type=ROS_TIME)
[mavic_controller-3] [DEBUG] [1766070845.855930808] [Mavic_2_PRO_1_Controller]: flag: (-1.999155045340956, -1.035265230397517, 4.971941275877409)
[mavic_controller-3] [DEBUG] [1766070845.856079647] [Mavic_2_PRO_1_Controller]: BODY id: 1, v_b: [0.51943676 0.85342199 0.25164911], angular: 1.0240395417020804
[mavic_controller-7] [DEBUG] [1766070845.856107367] [Mavic_2_PRO_3_Controller]: Time(nanoseconds=17104000000, clock_type=ROS_TIME)
[mavic_controller-3] [DEBUG] [1766070845.856221910] [Mavic_2_PRO_1_Controller]: WORLD id: 1, v: [ 0.65358134 -0.75562893  0.25164911]
[mavic_controller-7] [DEBUG] [1766070845.856307154] [Mavic_2_PRO_3_Controller]: flag: (-1.999155045340956, -1.035265230397517, 4.971941275877409)
[mavic_controller-3] [DEBUG] [1766070845.856366039] [Mavic_2_PRO_1_Controller]: id: 1, gps: (-8.617801651820955, 6.611781935526415, 4.468705577986389)
[mavic_controller-7] [DEBUG] [1766070845.856492348] [Mavic_2_PRO_3_Controller]: BODY id: 3, v_b: [0.27796813 0.82000686 0.28416987], angular: 1.2439700001330984
[mavic_controller-7] [DEBUG] [1766070845.856649101] [Mavic_2_PRO_3_Controller]: WORLD id: 3, v: [ 0.48476725 -0.71741079  0.28416987]
[mavic_controller-7] [DEBUG] [1766070845.856828550] [Mavic_2_PRO_3_Controller]: id: 3, gps: (-9.106352541894196, 8.442088240073494, 4.400306339025975)
[mavic_controller-5] [DEBUG] [1766070845.856545292] [Mavic_2_PRO_2_Controller]: Time(nanoseconds=17104000000, clock_type=ROS_TIME)
[mavic_controller-3] [DEBUG] [1766070845.856581473] [Mavic_2_PRO_1_Controller]: id: 1, vel: (-0.21281274259513933, -0.2572797290631038, 0.28341973517862307)
[mavic_controller-5] [DEBUG] [1766070845.856932568] [Mavic_2_PRO_2_Controller]: flag: (-1.999155045340956, -1.035265230397517, 4.971941275877409)
[mavic_controller-7] [DEBUG] [1766070845.856976887] [Mavic_2_PRO_3_Controller]: id: 3, vel: (-0.327759353270038, -0.1346025443604915, 0.27254793432952495)
[mavic_controller-5] [DEBUG] [1766070845.857292250] [Mavic_2_PRO_2_Controller]: BODY id: 2, v_b: [-0.08692046  2.33760052  0.12502184], angular: 1.6079628286461973
[mavic_controller-5] [DEBUG] [1766070845.857656863] [Mavic_2_PRO_2_Controller]: WORLD id: 2, v: [ 1.77258311 -1.5263946   0.12502184]
[mavic_controller-5] [DEBUG] [1766070845.858022444] [Mavic_2_PRO_2_Controller]: id: 2, gps: (-8.917645710574488, 7.673777247882481, 0.20446038592594984)
[mavic_controller-5] [DEBUG] [1766070845.858381023] [Mavic_2_PRO_2_Controller]: id: 2, vel: (2.480435921342088, -1.9837464925174588, -0.41328443552868943)
[mavic_controller-7] [DEBUG] [1766070845.868601014] [Mavic_2_PRO_3_Controller]: Time(nanoseconds=17200000000, clock_type=ROS_TIME)
[mavic_controller-3] [DEBUG] [1766070845.868669648] [Mavic_2_PRO_1_Controller]: Time(nanoseconds=17200000000, clock_type=ROS_TIME)
[mavic_controller-3] [DEBUG] [1766070845.868854397] [Mavic_2_PRO_1_Controller]: flag: (-1.999155045340956, -1.035265230397517, 4.971941275877409)
[mavic_controller-7] [DEBUG] [1766070845.868786272] [Mavic_2_PRO_3_Controller]: flag: (-1.999155045340956, -1.035265230397517, 4.971941275877409)
[mavic_controller-7] [DEBUG] [1766070845.868957753] [Mavic_2_PRO_3_Controller]: BODY id: 3, v_b: [0.4159521  0.84390693 0.26348584], angular: 1.1128540087651715
[mavic_controller-3] [DEBUG] [1766070845.869002945] [Mavic_2_PRO_1_Controller]: BODY id: 1, v_b: [0.58706758 0.80953793 0.23788109], angular: 0.9433646029086923
[mavic_controller-7] [DEBUG] [1766070845.869129439] [Mavic_2_PRO_3_Controller]: WORLD id: 3, v: [ 0.55288948 -0.76125442  0.26348584]
[mavic_controller-3] [DEBUG] [1766070845.869146820] [Mavic_2_PRO_1_Controller]: WORLD id: 1, v: [ 0.65675788 -0.75410151  0.23788109]
[mavic_controller-7] [DEBUG] [1766070845.869306883] [Mavic_2_PRO_3_Controller]: id: 3, gps: (-9.156118580681513, 8.41482510861932, 4.446945222732223)
[mavic_controller-3] [DEBUG] [1766070845.869322315] [Mavic_2_PRO_1_Controller]: id: 1, gps: (-8.63613778863224, 6.585440797565332, 4.496179103174786)
[mavic_controller-7] [DEBUG] [1766070845.869473489] [Mavic_2_PRO_3_Controller]: id: 3, vel: (-0.2637303662029157, -0.18429655513066207, 0.279349288422931)
[mavic_controller-3] [DEBUG] [1766070845.869524876] [Mavic_2_PRO_1_Controller]: id: 1, vel: (-0.17036250079793766, -0.2855563463474176, 0.2855869918931111)
[mavic_controller-5] [DEBUG] [1766070845.869615072] [Mavic_2_PRO_2_Controller]: Time(nanoseconds=17200000000, clock_type=ROS_TIME)
[mavic_controller-5] [DEBUG] [1766070845.869986640] [Mavic_2_PRO_2_Controller]: flag: (-1.999155045340956, -1.035265230397517, 4.971941275877409)
[mavic_controller-5] [DEBUG] [1766070845.870328357] [Mavic_2_PRO_2_Controller]: BODY id: 2, v_b: [ 0.32625437  1.35973439 -0.5273404 ], angular: 1.3353082862280867
[mavic_controller-5] [DEBUG] [1766070845.870676152] [Mavic_2_PRO_2_Controller]: WORLD id: 2, v: [ 1.38973446 -0.15478263 -0.5273404 ]
[mavic_controller-5] [DEBUG] [1766070845.871020480] [Mavic_2_PRO_2_Controller]: id: 2, gps: (-8.72139577806575, 7.5897161424323825, 0.08663993706870543)
[mavic_controller-5] [DEBUG] [1766070845.871361214] [Mavic_2_PRO_2_Controller]: id: 2, vel: (1.814095373527056, 0.19234540894531038, -1.3636536987761403)
[mavic_controller-3] [DEBUG] [1766070845.882668118] [Mavic_2_PRO_1_Controller]: Time(nanoseconds=17304000000, clock_type=ROS_TIME)
[mavic_controller-5] [DEBUG] [1766070845.882668482] [Mavic_2_PRO_2_Controller]: Time(nanoseconds=17304000000, clock_type=ROS_TIME)
[mavic_controller-3] [DEBUG] [1766070845.882848049] [Mavic_2_PRO_1_Controller]: flag: (-1.999155045340956, -1.035265230397517, 4.971941275877409)
[mavic_controller-3] [DEBUG] [1766070845.882993644] [Mavic_2_PRO_1_Controller]: BODY id: 1, v_b: [0.6482267  0.7614474  0.22403394], angular: 0.8655430610595974
[mavic_controller-3] [DEBUG] [1766070845.883140168] [Mavic_2_PRO_1_Controller]: WORLD id: 1, v: [ 0.65898189 -0.75215881  0.22403394]
[mavic_controller-5] [DEBUG] [1766070845.882855523] [Mavic_2_PRO_2_Controller]: flag: (-1.999155045340956, -1.035265230397517, 4.971941275877409)
[mavic_controller-5] [DEBUG] [1766070845.883005059] [Mavic_2_PRO_2_Controller]: BODY id: 2, v_b: [ 0.13920764 -1.05438039  0.92357483], angular: -1.4395276350846944
[mavic_controller-5] [DEBUG] [1766070845.883154372] [Mavic_2_PRO_2_Controller]: WORLD id: 2, v: [ 1.01249896 -0.3254883   0.92357483]
[mavic_controller-3] [DEBUG] [1766070845.883283474] [Mavic_2_PRO_1_Controller]: id: 1, gps: (-8.650367981577089, 6.556397701235008, 4.5238733896838585)
[mavic_controller-5] [DEBUG] [1766070845.883301099] [Mavic_2_PRO_2_Controller]: id: 2, gps: (-8.584823322548148, 7.698844737158972, 0.1777326304745087)
[mavic_controller-3] [DEBUG] [1766070845.883426735] [Mavic_2_PRO_1_Controller]: id: 1, vel: (-0.12755642984661114, -0.31334646470095945, 0.2878549711031522)
[mavic_controller-5] [DEBUG] [1766070845.883455886] [Mavic_2_PRO_2_Controller]: id: 2, vel: (1.6630959705191848, 0.4242106046741333, 0.8024341124667457)
[mavic_controller-7] [DEBUG] [1766070845.883664547] [Mavic_2_PRO_3_Controller]: Time(nanoseconds=17304000000, clock_type=ROS_TIME)
[mavic_controller-7] [DEBUG] [1766070845.883853269] [Mavic_2_PRO_3_Controller]: flag: (-1.999155045340956, -1.035265230397517, 4.971941275877409)
[mavic_controller-7] [DEBUG] [1766070845.884001103] [Mavic_2_PRO_3_Controller]: BODY id: 3, v_b: [0.50559211 0.84808488 0.24826395], angular: 1.0332070245607112
[mavic_controller-7] [DEBUG] [1766070845.884153933] [Mavic_2_PRO_3_Controller]: WORLD id: 3, v: [ 0.59507776 -0.78787931  0.24826395]
[mavic_controller-7] [DEBUG] [1766070845.884299074] [Mavic_2_PRO_3_Controller]: id: 3, gps: (-9.181388229747515, 8.393856921110773, 4.476287374207048)
[mavic_controller-7] [DEBUG] [1766070845.884454386] [Mavic_2_PRO_3_Controller]: id: 3, vel: (-0.22294156538789084, -0.21363014447493428, 0.28116204986732624)
[mavic_controller-7] [DEBUG] [1766070845.893577959] [Mavic_2_PRO_3_Controller]: Time(nanoseconds=17400000000, clock_type=ROS_TIME)
[mavic_controller-3] [DEBUG] [1766070845.893644594] [Mavic_2_PRO_1_Controller]: Time(nanoseconds=17400000000, clock_type=ROS_TIME)
[mavic_controller-7] [DEBUG] [1766070845.893762304] [Mavic_2_PRO_3_Controller]: flag: (-1.999155045340956, -1.035265230397517, 4.971941275877409)
[mavic_controller-7] [DEBUG] [1766070845.893917752] [Mavic_2_PRO_3_Controller]: BODY id: 3, v_b: [0.57972609 0.81481143 0.23419744], angular: 0.9524038437049528
[mavic_controller-3] [DEBUG] [1766070845.893846774] [Mavic_2_PRO_1_Controller]: flag: (-1.999155045340956, -1.035265230397517, 4.971941275877409)
[mavic_controller-3] [DEBUG] [1766070845.893998499] [Mavic_2_PRO_1_Controller]: BODY id: 1, v_b: [0.70720918 0.70700437 0.2089297 ], angular: 0.7852533450952978
[mavic_controller-7] [DEBUG] [1766070845.894065721] [Mavic_2_PRO_3_Controller]: WORLD id: 3, v: [ 0.60788315 -0.79402649  0.23419744]
[mavic_controller-3] [DEBUG] [1766070845.894143261] [Mavic_2_PRO_1_Controller]: WORLD id: 1, v: [ 0.66127229 -0.75014595  0.2089297 ]
[mavic_controller-7] [DEBUG] [1766070845.894211934] [Mavic_2_PRO_3_Controller]: id: 3, gps: (-9.200942227338494, 8.3718219586452, 4.503546396753895)
[mavic_controller-3] [DEBUG] [1766070845.894288361] [Mavic_2_PRO_1_Controller]: id: 1, gps: (-8.66104004510581, 6.52196364815456, 4.554081876750354)
[mavic_controller-7] [DEBUG] [1766070845.894357703] [Mavic_2_PRO_3_Controller]: id: 3, vel: (-0.18491554875542227, -0.24037221930938402, 0.28328881867062594)
[mavic_controller-3] [DEBUG] [1766070845.894439694] [Mavic_2_PRO_1_Controller]: id: 1, vel: (-0.08021239723912207, -0.34228091180907827, 0.2893792680530578)
[mavic_controller-5] [DEBUG] [1766070845.894968797] [Mavic_2_PRO_2_Controller]: Time(nanoseconds=17400000000, clock_type=ROS_TIME)
[mavic_controller-5] [DEBUG] [1766070845.895357086] [Mavic_2_PRO_2_Controller]: flag: (-1.999155045340956, -1.035265230397517, 4.971941275877409)
[mavic_controller-5] [DEBUG] [1766070845.895875713] [Mavic_2_PRO_2_Controller]: BODY id: 2, v_b: [-0.2555056  -0.86824423  0.87986651], angular: -1.8569957938038506
[mavic_controller-5] [DEBUG] [1766070845.896270371] [Mavic_2_PRO_2_Controller]: WORLD id: 2, v: [ 0.60095055 -0.67674928  0.87986651]
[mavic_controller-5] [DEBUG] [1766070845.896675764] [Mavic_2_PRO_2_Controller]: id: 2, gps: (-8.49339479363115, 7.723758113477345, 0.2353465374086285)
[mavic_controller-5] [DEBUG] [1766070845.897086535] [Mavic_2_PRO_2_Controller]: id: 2, vel: (0.6316743704249921, 0.04813902957935509, 0.1916855880954158)
[mavic_controller-7] [DEBUG] [1766070845.906612045] [Mavic_2_PRO_3_Controller]: Time(nanoseconds=17504000000, clock_type=ROS_TIME)
[mavic_controller-3] [DEBUG] [1766070845.906700499] [Mavic_2_PRO_1_Controller]: Time(nanoseconds=17504000000, clock_type=ROS_TIME)
[mavic_controller-3] [DEBUG] [1766070845.906879592] [Mavic_2_PRO_1_Controller]: flag: (-1.999155045340956, -1.035265230397517, 4.971941275877409)
[mavic_controller-7] [DEBUG] [1766070845.906796642] [Mavic_2_PRO_3_Controller]: flag: (-1.999155045340956, -1.035265230397517, 4.971941275877409)
[mavic_controller-7] [DEBUG] [1766070845.906948171] [Mavic_2_PRO_3_Controller]: BODY id: 3, v_b: [0.64884724 0.76091869 0.2193121 ], angular: 0.864727826127793
[mavic_controller-3] [DEBUG] [1766070845.907028675] [Mavic_2_PRO_1_Controller]: BODY id: 1, v_b: [0.75865056 0.65149775 0.19380061], angular: 0.7095570008314109
[mavic_controller-7] [DEBUG] [1766070845.907093375] [Mavic_2_PRO_3_Controller]: WORLD id: 3, v: [ 0.60988169 -0.79249248  0.2193121 ]
[mavic_controller-3] [DEBUG] [1766070845.907173729] [Mavic_2_PRO_1_Controller]: WORLD id: 1, v: [ 0.66343491 -0.748234    0.19380061]
[mavic_controller-7] [DEBUG] [1766070845.907239940] [Mavic_2_PRO_3_Controller]: id: 3, gps: (-9.217954213844912, 8.34498700864944, 4.533317076531745)
[mavic_controller-3] [DEBUG] [1766070845.907344301] [Mavic_2_PRO_1_Controller]: id: 1, gps: (-8.666770481932042, 6.484593188867743, 4.584340059957393)
[mavic_controller-7] [DEBUG] [1766070845.907385088] [Mavic_2_PRO_3_Controller]: id: 3, vel: (-0.14305836058232838, -0.2701305785268368, 0.2860849173891933)
[mavic_controller-5] [DEBUG] [1766070845.907415382] [Mavic_2_PRO_2_Controller]: Time(nanoseconds=17504000000, clock_type=ROS_TIME)
[mavic_controller-3] [DEBUG] [1766070845.907540713] [Mavic_2_PRO_1_Controller]: id: 1, vel: (-0.03255456575993877, -0.3695723761491005, 0.2891672492457124)
[mavic_controller-5] [DEBUG] [1766070845.907798187] [Mavic_2_PRO_2_Controller]: flag: (-1.999155045340956, -1.035265230397517, 4.971941275877409)
[mavic_controller-5] [DEBUG] [1766070845.908149416] [Mavic_2_PRO_2_Controller]: BODY id: 2, v_b: [-0.05848295 -0.80554646  0.53974137], angular: -1.6432695212248878
[mavic_controller-5] [DEBUG] [1766070845.908497967] [Mavic_2_PRO_2_Controller]: WORLD id: 2, v: [ 0.50149672 -0.63310851  0.53974137]
[mavic_controller-5] [DEBUG] [1766070845.908846998] [Mavic_2_PRO_2_Controller]: id: 2, gps: (-8.46187913487115, 7.714904378444826, 0.23192336209785422)
[mavic_controller-5] [DEBUG] [1766070845.909193519] [Mavic_2_PRO_2_Controller]: id: 2, vel: (0.31618554869469934, -0.2903812501431199, -0.38123517251760836)
[mavic_controller-3] [DEBUG] [1766070845.920760058] [Mavic_2_PRO_1_Controller]: Time(nanoseconds=17600000000, clock_type=ROS_TIME)
[mavic_controller-3] [DEBUG] [1766070845.920951956] [Mavic_2_PRO_1_Controller]: flag: (-1.999155045340956, -1.035265230397517, 4.971941275877409)
[mavic_controller-5] [DEBUG] [1766070845.921075857] [Mavic_2_PRO_2_Controller]: Time(nanoseconds=17608000000, clock_type=ROS_TIME)
[mavic_controller-3] [DEBUG] [1766070845.921100609] [Mavic_2_PRO_1_Controller]: BODY id: 1, v_b: [0.79976316 0.60031566 0.17986193], angular: 0.643895739442593
[mavic_controller-7] [DEBUG] [1766070845.921099700] [Mavic_2_PRO_3_Controller]: Time(nanoseconds=17600000000, clock_type=ROS_TIME)
[mavic_controller-3] [DEBUG] [1766070845.921249855] [Mavic_2_PRO_1_Controller]: WORLD id: 1, v: [ 0.66530942 -0.74656773  0.17986193]
[mavic_controller-5] [DEBUG] [1766070845.921255710] [Mavic_2_PRO_2_Controller]: flag: (-1.999155045340956, -1.035265230397517, 4.971941275877409)
[mavic_controller-7] [DEBUG] [1766070845.921281925] [Mavic_2_PRO_3_Controller]: flag: (-1.999155045340956, -1.035265230397517, 4.971941275877409)
[mavic_controller-3] [DEBUG] [1766070845.921396801] [Mavic_2_PRO_1_Controller]: id: 1, gps: (-8.667617729041297, 6.447657612624048, 4.612217409107309)
[mavic_controller-5] [DEBUG] [1766070845.921414389] [Mavic_2_PRO_2_Controller]: BODY id: 2, v_b: [-0.67048021  0.70725125  0.50794464], angular: 2.3295112671758647
[mavic_controller-5] [DEBUG] [1766070845.921658681] [Mavic_2_PRO_2_Controller]: WORLD id: 2, v: [ 0.29787223 -0.92791173  0.50794464]
[mavic_controller-7] [DEBUG] [1766070845.921439310] [Mavic_2_PRO_3_Controller]: BODY id: 3, v_b: [0.70522821 0.70898038 0.20543793], angular: 0.7880513498684641
[mavic_controller-7] [DEBUG] [1766070845.921615614] [Mavic_2_PRO_3_Controller]: WORLD id: 3, v: [ 0.61163341 -0.79114131  0.20543793]
[mavic_controller-7] [DEBUG] [1766070845.921764605] [Mavic_2_PRO_3_Controller]: id: 3, gps: (-9.229765225406497, 8.317452176218012, 4.561065406078268)
[mavic_controller-3] [DEBUG] [1766070845.921583180] [Mavic_2_PRO_1_Controller]: id: 1, vel: (0.01144973897971406, -0.3931453510779691, 0.2882912184232338)
[mavic_controller-5] [DEBUG] [1766070845.921831472] [Mavic_2_PRO_2_Controller]: id: 2, gps: (-8.459923220471707, 7.636235328305216, 0.16784473526820046)
[mavic_controller-5] [DEBUG] [1766070845.921989902] [Mavic_2_PRO_2_Controller]: id: 2, vel: (-0.21015926566075563, -1.141600924963167, -0.32646588173367364)
[mavic_controller-7] [DEBUG] [1766070845.921916871] [Mavic_2_PRO_3_Controller]: id: 3, vel: (-0.10438368443294342, -0.2975833146078703, 0.28837858894122403)
[mavic_controller-3] [DEBUG] [1766070845.932540642] [Mavic_2_PRO_1_Controller]: Time(nanoseconds=17704000000, clock_type=ROS_TIME)
[mavic_controller-3] [DEBUG] [1766070845.932714474] [Mavic_2_PRO_1_Controller]: flag: (-1.999155045340956, -1.035265230397517, 4.971941275877409)
[mavic_controller-7] [DEBUG] [1766070845.932573211] [Mavic_2_PRO_3_Controller]: Time(nanoseconds=17704000000, clock_type=ROS_TIME)
[mavic_controller-7] [DEBUG] [1766070845.932748933] [Mavic_2_PRO_3_Controller]: flag: (-1.999155045340956, -1.035265230397517, 4.971941275877409)
[mavic_controller-3] [DEBUG] [1766070845.932863691] [Mavic_2_PRO_1_Controller]: BODY id: 1, v_b: [0.83790206 0.54582061 0.16482781], angular: 0.5773681700872612
[mavic_controller-3] [DEBUG] [1766070845.933009155] [Mavic_2_PRO_1_Controller]: WORLD id: 1, v: [ 0.66720068 -0.74487802  0.16482781]
[mavic_controller-7] [DEBUG] [1766070845.932898735] [Mavic_2_PRO_3_Controller]: BODY id: 3, v_b: [0.7585118  0.65165931 0.19032597], angular: 0.7097699688357326
[mavic_controller-7] [DEBUG] [1766070845.933045907] [Mavic_2_PRO_3_Controller]: WORLD id: 3, v: [ 0.61342683 -0.78975156  0.19032597]
[mavic_controller-3] [DEBUG] [1766070845.933151872] [Mavic_2_PRO_1_Controller]: id: 1, gps: (-8.66368953143596, 6.405172716041784, 4.642285658497988)
[mavic_controller-3] [DEBUG] [1766070845.933293688] [Mavic_2_PRO_1_Controller]: id: 1, vel: (0.05987765033872914, -0.41696409326653394, 0.2866758364198547)
[mavic_controller-7] [DEBUG] [1766070845.933190760] [Mavic_2_PRO_3_Controller]: id: 3, gps: (-9.238275875700428, 8.28468418023414, 4.591289334033111)
[mavic_controller-7] [DEBUG] [1766070845.933333784] [Mavic_2_PRO_3_Controller]: id: 3, vel: (-0.06163238926665984, -0.3262561986452076, 0.28910217784251424)
[mavic_controller-5] [DEBUG] [1766070845.933826159] [Mavic_2_PRO_2_Controller]: Time(nanoseconds=17704000000, clock_type=ROS_TIME)
[mavic_controller-5] [DEBUG] [1766070845.933996705] [Mavic_2_PRO_2_Controller]: flag: (-1.999155045340956, -1.035265230397517, 4.971941275877409)
[mavic_controller-5] [DEBUG] [1766070845.934142983] [Mavic_2_PRO_2_Controller]: BODY id: 2, v_b: [ 0.34224209  0.95635495 -0.71425744], angular: 1.2271356682140193
[mavic_controller-5] [DEBUG] [1766070845.934284623] [Mavic_2_PRO_2_Controller]: WORLD id: 2, v: [ 0.17641212 -1.00031155 -0.71425744]
[mavic_controller-5] [DEBUG] [1766070845.934426226] [Mavic_2_PRO_2_Controller]: id: 2, gps: (-8.4734229029067, 7.533239467188255, 0.07261288335205451)
[mavic_controller-5] [DEBUG] [1766070845.934590527] [Mavic_2_PRO_2_Controller]: id: 2, vel: (-0.0634204262611747, -1.1141752270470962, -1.6783712333282015)
[mavic_controller-5] [INFO] [1766070845.944386482] [Mavic_2_PRO_2_Controller]: theta: 1.5707963267948966
[mavic_controller-7] [DEBUG] [1766070845.944506041] [Mavic_2_PRO_3_Controller]: Time(nanoseconds=17800000000, clock_type=ROS_TIME)
[mavic_controller-7] [DEBUG] [1766070845.944676548] [Mavic_2_PRO_3_Controller]: flag: (-1.999155045340956, -1.035265230397517, 4.971941275877409)
[mavic_controller-7] [DEBUG] [1766070845.944841309] [Mavic_2_PRO_3_Controller]: BODY id: 3, v_b: [0.80082524 0.5988981  0.17639821], angular: 0.6421244439609887
[mavic_controller-3] [DEBUG] [1766070845.944525281] [Mavic_2_PRO_1_Controller]: Time(nanoseconds=17800000000, clock_type=ROS_TIME)
[mavic_controller-3] [DEBUG] [1766070845.944715329] [Mavic_2_PRO_1_Controller]: flag: (-1.999155045340956, -1.035265230397517, 4.971941275877409)
[mavic_controller-3] [DEBUG] [1766070845.944869008] [Mavic_2_PRO_1_Controller]: BODY id: 1, v_b: [0.8676814  0.49712071 0.15105282], angular: 0.520277232267568
[mavic_controller-5] [DEBUG] [1766070845.944844834] [Mavic_2_PRO_2_Controller]: Time(nanoseconds=17800000000, clock_type=ROS_TIME)
[mavic_controller-7] [DEBUG] [1766070845.944986229] [Mavic_2_PRO_3_Controller]: WORLD id: 3, v: [ 0.61498223 -0.78854097  0.17639821]
[mavic_controller-5] [DEBUG] [1766070845.945006136] [Mavic_2_PRO_2_Controller]: flag: (-1.999155045340956, -1.035265230397517, 4.971941275877409)
[mavic_controller-5] [DEBUG] [1766070845.945154892] [Mavic_2_PRO_2_Controller]: BODY id: 2, v_b: [-0.10801782  0.93143369  0.34751032], angular: 1.686250012658992
[mavic_controller-5] [DEBUG] [1766070845.945300648] [Mavic_2_PRO_2_Controller]: WORLD id: 2, v: [ 0.52470001 -0.77712706  0.34751032]
[mavic_controller-3] [DEBUG] [1766070845.945012778] [Mavic_2_PRO_1_Controller]: WORLD id: 1, v: [ 0.66881261 -0.74343103  0.15105282]
[mavic_controller-3] [DEBUG] [1766070845.945157709] [Mavic_2_PRO_1_Controller]: id: 1, gps: (-8.655590871577301, 6.363819084995439, 4.669835629536025)
[mavic_controller-3] [DEBUG] [1766070845.945302273] [Mavic_2_PRO_1_Controller]: id: 1, vel: (0.10444667525980203, -0.43751058453123237, 0.2841869175539811)
[mavic_controller-7] [DEBUG] [1766070845.945130354] [Mavic_2_PRO_3_Controller]: id: 3, gps: (-9.242160616450516, 8.25184325694999, 4.61914485512412)
[mavic_controller-7] [DEBUG] [1766070845.945273743] [Mavic_2_PRO_3_Controller]: id: 3, vel: (-0.021787535073038593, -0.35145067350559406, 0.287974896951065)
[mavic_controller-5] [DEBUG] [1766070845.945446489] [Mavic_2_PRO_2_Controller]: id: 2, gps: (-8.466664476700311, 7.46698314862301, 0.016858887053059726)
[mavic_controller-5] [DEBUG] [1766070845.945642256] [Mavic_2_PRO_2_Controller]: id: 2, vel: (0.0679424827004947, -0.20114704214469764, -0.5524044004783213)
[mavic_controller-3] [DEBUG] [1766070845.961747877] [Mavic_2_PRO_1_Controller]: Time(nanoseconds=17904000000, clock_type=ROS_TIME)
[mavic_controller-5] [DEBUG] [1766070845.961830103] [Mavic_2_PRO_2_Controller]: Time(nanoseconds=17904000000, clock_type=ROS_TIME)
[mavic_controller-5] [DEBUG] [1766070845.962007140] [Mavic_2_PRO_2_Controller]: flag: (-1.999155045340956, -1.035265230397517, 4.971941275877409)
[mavic_controller-3] [DEBUG] [1766070845.961932611] [Mavic_2_PRO_1_Controller]: flag: (-1.999155045340956, -1.035265230397517, 4.971941275877409)
[mavic_controller-3] [DEBUG] [1766070845.962085042] [Mavic_2_PRO_1_Controller]: BODY id: 1, v_b: [0.89467192 0.4467238  0.13629214], angular: 0.46310007170478484
[mavic_controller-5] [DEBUG] [1766070845.962155768] [Mavic_2_PRO_2_Controller]: BODY id: 2, v_b: [-0.12122626  0.71034452  0.72828772], angular: 1.7398263222749393
[mavic_controller-3] [DEBUG] [1766070845.962230223] [Mavic_2_PRO_1_Controller]: WORLD id: 1, v: [ 0.67040668 -0.74199386  0.13629214]
[mavic_controller-5] [DEBUG] [1766070845.962299803] [Mavic_2_PRO_2_Controller]: WORLD id: 2, v: [ 0.43442365 -0.57494455  0.72828772]
[mavic_controller-3] [DEBUG] [1766070845.962372540] [Mavic_2_PRO_1_Controller]: id: 1, gps: (-8.641968247491105, 6.316878987765284, 4.6993570016983135)
[mavic_controller-5] [DEBUG] [1766070845.962503190] [Mavic_2_PRO_2_Controller]: id: 2, gps: (-8.465672922140293, 7.466732769828719, 0.015409763820545437)
[mavic_controller-3] [DEBUG] [1766070845.962592761] [Mavic_2_PRO_1_Controller]: id: 1, vel: (0.15259583313539826, -0.4579849822537403, 0.28051911475676483)
[mavic_controller-5] [DEBUG] [1766070845.962699359] [Mavic_2_PRO_2_Controller]: id: 2, vel: (-0.004227009887203818, -0.007908596826635368, 0.031110671891602104)
[mavic_controller-7] [DEBUG] [1766070845.962821708] [Mavic_2_PRO_3_Controller]: Time(nanoseconds=17904000000, clock_type=ROS_TIME)
[mavic_controller-7] [DEBUG] [1766070845.963193728] [Mavic_2_PRO_3_Controller]: flag: (-1.999155045340956, -1.035265230397517, 4.971941275877409)
[mavic_controller-7] [DEBUG] [1766070845.963558264] [Mavic_2_PRO_3_Controller]: BODY id: 3, v_b: [0.839755   0.5429655  0.16138714], angular: 0.5739644867970105
[mavic_controller-7] [DEBUG] [1766070845.963849086] [Mavic_2_PRO_3_Controller]: WORLD id: 3, v: [ 0.61655197 -0.78731421  0.16138714]
[mavic_controller-7] [DEBUG] [1766070845.964251140] [Mavic_2_PRO_3_Controller]: id: 3, gps: (-9.242011719112242, 8.213596616550166, 4.649167002988907)
[mavic_controller-7] [DEBUG] [1766070845.964616824] [Mavic_2_PRO_3_Controller]: id: 3, vel: (0.021701883136014066, -0.377436194582472, 0.2863196121707945)
[mavic_controller-5] [INFO] [1766070845.973441918] [Mavic_2_PRO_2_Controller]: theta: 1.5707963267948966
[mavic_controller-7] [DEBUG] [1766070845.973558126] [Mavic_2_PRO_3_Controller]: Time(nanoseconds=18000000000, clock_type=ROS_TIME)
[mavic_controller-7] [DEBUG] [1766070845.973732851] [Mavic_2_PRO_3_Controller]: flag: (-1.999155045340956, -1.035265230397517, 4.971941275877409)
[mavic_controller-7] [DEBUG] [1766070845.973884660] [Mavic_2_PRO_3_Controller]: BODY id: 3, v_b: [0.87004778 0.4929674  0.14760952], angular: 0.5154970830526266
[mavic_controller-3] [DEBUG] [1766070845.973557208] [Mavic_2_PRO_1_Controller]: Time(nanoseconds=18000000000, clock_type=ROS_TIME)
[mavic_controller-3] [DEBUG] [1766070845.973830199] [Mavic_2_PRO_1_Controller]: flag: (-1.999155045340956, -1.035265230397517, 4.971941275877409)
[mavic_controller-5] [DEBUG] [1766070845.973837842] [Mavic_2_PRO_2_Controller]: Time(nanoseconds=18000000000, clock_type=ROS_TIME)
[mavic_controller-3] [DEBUG] [1766070845.974000877] [Mavic_2_PRO_1_Controller]: BODY id: 1, v_b: [0.91535729 0.40264255 0.12286275], angular: 0.41440192843034424
[mavic_controller-5] [DEBUG] [1766070845.974003928] [Mavic_2_PRO_2_Controller]: flag: (-1.999155045340956, -1.035265230397517, 4.971941275877409)
[mavic_controller-7] [DEBUG] [1766070845.974034024] [Mavic_2_PRO_3_Controller]: WORLD id: 3, v: [ 0.61788779 -0.78626629  0.14760952]
[mavic_controller-3] [DEBUG] [1766070845.974150526] [Mavic_2_PRO_1_Controller]: WORLD id: 1, v: [ 0.67173101 -0.74079515  0.12286275]
[mavic_controller-5] [DEBUG] [1766070845.974157876] [Mavic_2_PRO_2_Controller]: BODY id: 2, v_b: [0.01984676 0.60783666 0.79381402], angular: 1.538156461728801
[mavic_controller-7] [DEBUG] [1766070845.974181251] [Mavic_2_PRO_3_Controller]: id: 3, gps: (-9.237793165223241, 8.175949477377788, 4.6767222291059065)
[mavic_controller-3] [DEBUG] [1766070845.974297205] [Mavic_2_PRO_1_Controller]: id: 1, gps: (-8.624934201495316, 6.271744546200709, 4.726215770290364)
[mavic_controller-5] [DEBUG] [1766070845.974309867] [Mavic_2_PRO_2_Controller]: WORLD id: 2, v: [ 0.26200719 -0.54882742  0.79381402]
[mavic_controller-7] [DEBUG] [1766070845.974328162] [Mavic_2_PRO_3_Controller]: id: 3, vel: (0.06205189263601344, -0.4002975534269155, 0.28443559169162413)
[mavic_controller-3] [DEBUG] [1766070845.974439408] [Mavic_2_PRO_1_Controller]: id: 1, vel: (0.19664614031584196, -0.4752083629710077, 0.27609262553032343)
[mavic_controller-5] [DEBUG] [1766070845.974459541] [Mavic_2_PRO_2_Controller]: id: 2, gps: (-8.46567554375483, 7.46675227560346, 0.015407559475095908)
[mavic_controller-5] [DEBUG] [1766070845.974620139] [Mavic_2_PRO_2_Controller]: id: 2, vel: (-2.2249729095141272e-05, 3.0854356829996062e-06, 9.476981325179837e-06)
[mavic_controller-5] [DEBUG] [1766070845.986749502] [Mavic_2_PRO_2_Controller]: Time(nanoseconds=18104000000, clock_type=ROS_TIME)
[mavic_controller-3] [DEBUG] [1766070845.986749083] [Mavic_2_PRO_1_Controller]: Time(nanoseconds=18104000000, clock_type=ROS_TIME)
[mavic_controller-3] [DEBUG] [1766070845.986935867] [Mavic_2_PRO_1_Controller]: flag: (-1.999155045340956, -1.035265230397517, 4.971941275877409)
[mavic_controller-5] [DEBUG] [1766070845.986937541] [Mavic_2_PRO_2_Controller]: flag: (-1.999155045340956, -1.035265230397517, 4.971941275877409)
[mavic_controller-3] [DEBUG] [1766070845.987084206] [Mavic_2_PRO_1_Controller]: BODY id: 1, v_b: [0.93377438 0.35786228 0.1085901 ], angular: 0.3659775589392484
[mavic_controller-5] [DEBUG] [1766070845.987088916] [Mavic_2_PRO_2_Controller]: BODY id: 2, v_b: [-0.12115369  0.69666305  0.70711298], angular: 1.7429800292105844
[mavic_controller-3] [DEBUG] [1766070845.987228404] [Mavic_2_PRO_1_Controller]: WORLD id: 1, v: [ 0.67299998 -0.7396425   0.1085901 ]
[mavic_controller-5] [DEBUG] [1766070845.987235223] [Mavic_2_PRO_2_Controller]: WORLD id: 2, v: [ 0.42806493 -0.56283038  0.70711298]
[mavic_controller-3] [DEBUG] [1766070845.987371824] [Mavic_2_PRO_1_Controller]: id: 1, gps: (-8.601694331541983, 6.22107774862094, 4.754761085436867)
[mavic_controller-5] [DEBUG] [1766070845.987379731] [Mavic_2_PRO_2_Controller]: id: 2, gps: (-8.46567799723315, 7.466748950394834, 0.015407742569099325)
[mavic_controller-3] [DEBUG] [1766070845.987593211] [Mavic_2_PRO_1_Controller]: id: 1, vel: (0.24419676542765184, -0.4919150565678429, 0.2701315922161559)
[mavic_controller-5] [DEBUG] [1766070845.987605408] [Mavic_2_PRO_2_Controller]: id: 2, vel: (-2.385663715726639e-05, -4.32907997223749e-05, -1.3529636236013285e-06)
[mavic_controller-7] [DEBUG] [1766070845.988259742] [Mavic_2_PRO_3_Controller]: Time(nanoseconds=18104000000, clock_type=ROS_TIME)
[mavic_controller-7] [DEBUG] [1766070845.988675931] [Mavic_2_PRO_3_Controller]: flag: (-1.999155045340956, -1.035265230397517, 4.971941275877409)
[mavic_controller-7] [DEBUG] [1766070845.989070124] [Mavic_2_PRO_3_Controller]: BODY id: 3, v_b: [0.89735866 0.44130198 0.13283335], angular: 0.4570490590464307
[mavic_controller-7] [DEBUG] [1766070845.989443156] [Mavic_2_PRO_3_Controller]: WORLD id: 3, v: [ 0.61920931 -0.78522597  0.13283335]
[mavic_controller-7] [DEBUG] [1766070845.989828367] [Mavic_2_PRO_3_Controller]: id: 3, gps: (-9.228811188452752, 8.132739327421733, 4.706274577546962)
[mavic_controller-7] [DEBUG] [1766070845.990195232] [Mavic_2_PRO_3_Controller]: id: 3, vel: (0.10654507271829537, -0.4236791102854473, 0.28085356337248435)
[mavic_controller-3] [DEBUG] [1766070846.019961608] [Mavic_2_PRO_1_Controller]: Time(nanoseconds=18200000000, clock_type=ROS_TIME)
[mavic_controller-3] [DEBUG] [1766070846.020157265] [Mavic_2_PRO_1_Controller]: flag: (-1.999155045340956, -1.035265230397517, 4.971941275877409)
[mavic_controller-3] [DEBUG] [1766070846.020321175] [Mavic_2_PRO_1_Controller]: BODY id: 1, v_b: [0.94659126 0.32243601 0.09677508], angular: 0.32830181288856075
[mavic_controller-5] [DEBUG] [1766070846.020263066] [Mavic_2_PRO_2_Controller]: Time(nanoseconds=18200000000, clock_type=ROS_TIME)
[mavic_controller-5] [DEBUG] [1766070846.020456444] [Mavic_2_PRO_2_Controller]: flag: (-1.999155045340956, -1.035265230397517, 4.971941275877409)
[mavic_controller-5] [DEBUG] [1766070846.020622888] [Mavic_2_PRO_2_Controller]: BODY id: 2, v_b: [-0.12115355  0.6966635   0.70711223], angular: 1.7429797241350353
[mavic_controller-5] [DEBUG] [1766070846.020786555] [Mavic_2_PRO_2_Controller]: WORLD id: 2, v: [ 0.42806506 -0.56283081  0.70711223]
[mavic_controller-5] [DEBUG] [1766070846.020943287] [Mavic_2_PRO_2_Controller]: id: 2, gps: (-8.465680308391983, 7.466744597946102, 0.015407488922044764)
[mavic_controller-3] [DEBUG] [1766070846.020488767] [Mavic_2_PRO_1_Controller]: WORLD id: 1, v: [ 0.67393402 -0.73879154  0.09677508]
[mavic_controller-3] [DEBUG] [1766070846.020648259] [Mavic_2_PRO_1_Controller]: id: 1, gps: (-8.578185445007595, 6.176912603947499, 4.7783911214260675)
[mavic_controller-3] [DEBUG] [1766070846.020807320] [Mavic_2_PRO_1_Controller]: id: 1, vel: (0.28345149548632625, -0.5047981944785594, 0.2643134054046407)
[mavic_controller-5] [DEBUG] [1766070846.021096645] [Mavic_2_PRO_2_Controller]: id: 2, vel: (-2.3987843726394197e-05, -4.570147279895366e-05, -3.51724742660558e-06)
[mavic_controller-7] [DEBUG] [1766070846.021916989] [Mavic_2_PRO_3_Controller]: Time(nanoseconds=18208000000, clock_type=ROS_TIME)
[mavic_controller-7] [DEBUG] [1766070846.022299962] [Mavic_2_PRO_3_Controller]: flag: (-1.999155045340956, -1.035265230397517, 4.971941275877409)
[mavic_controller-7] [DEBUG] [1766070846.022664400] [Mavic_2_PRO_3_Controller]: BODY id: 3, v_b: [0.91816824 0.39619072 0.11938244], angular: 0.40736432655621163
[mavic_controller-7] [DEBUG] [1766070846.023025596] [Mavic_2_PRO_3_Controller]: WORLD id: 3, v: [ 0.62030538 -0.7843604   0.11938244]
[mavic_controller-7] [DEBUG] [1766070846.023379700] [Mavic_2_PRO_3_Controller]: id: 3, gps: (-9.216409192380986, 8.090769317447668, 4.7331763979808805)
[mavic_controller-7] [DEBUG] [1766070846.023764002] [Mavic_2_PRO_3_Controller]: id: 3, vel: (0.14675724929400524, -0.44386544715935455, 0.276572985809473)
[mavic_controller-3] [DEBUG] [1766070846.054986701] [Mavic_2_PRO_1_Controller]: Time(nanoseconds=18304000000, clock_type=ROS_TIME)
[mavic_controller-3] [DEBUG] [1766070846.055262892] [Mavic_2_PRO_1_Controller]: flag: (-1.999155045340956, -1.035265230397517, 4.971941275877409)
[mavic_controller-3] [DEBUG] [1766070846.055500499] [Mavic_2_PRO_1_Controller]: BODY id: 1, v_b: [0.95980146 0.2806798  0.08214071], angular: 0.28450230814059296
[mavic_controller-3] [DEBUG] [1766070846.055812074] [Mavic_2_PRO_1_Controller]: WORLD id: 1, v: [ 0.67493168 -0.73788022  0.08214071]
[mavic_controller-3] [DEBUG] [1766070846.056050456] [Mavic_2_PRO_1_Controller]: id: 1, gps: (-8.543249057294949, 6.119173754682457, 4.807659850218182)
[mavic_controller-3] [DEBUG] [1766070846.056283272] [Mavic_2_PRO_1_Controller]: id: 1, vel: (0.3331531758186328, -0.5191114915347251, 0.2558566192248296)
[mavic_controller-7] [DEBUG] [1766070846.056568429] [Mavic_2_PRO_3_Controller]: Time(nanoseconds=18304000000, clock_type=ROS_TIME)
[mavic_controller-7] [DEBUG] [1766070846.057203964] [Mavic_2_PRO_3_Controller]: flag: (-1.999155045340956, -1.035265230397517, 4.971941275877409)
[mavic_controller-7] [DEBUG] [1766070846.057771905] [Mavic_2_PRO_3_Controller]: BODY id: 3, v_b: [0.93534612 0.35373385 0.10616881], angular: 0.3615600490432549
[mavic_controller-5] [DEBUG] [1766070846.057693367] [Mavic_2_PRO_2_Controller]: Time(nanoseconds=18312000000, clock_type=ROS_TIME)
[mavic_controller-5] [DEBUG] [1766070846.058293425] [Mavic_2_PRO_2_Controller]: flag: (-1.999155045340956, -1.035265230397517, 4.971941275877409)
[mavic_controller-7] [DEBUG] [1766070846.058319929] [Mavic_2_PRO_3_Controller]: WORLD id: 3, v: [ 0.62127811 -0.78359014  0.10616881]
[mavic_controller-5] [DEBUG] [1766070846.058840664] [Mavic_2_PRO_2_Controller]: BODY id: 2, v_b: [-0.12115362  0.69666292  0.70711116], angular: 1.7429799638719008
[mavic_controller-7] [DEBUG] [1766070846.058866841] [Mavic_2_PRO_3_Controller]: id: 3, gps: (-9.200082801868072, 8.04694117699012, 4.75960365785585)
[mavic_controller-5] [DEBUG] [1766070846.059395983] [Mavic_2_PRO_2_Controller]: WORLD id: 2, v: [ 0.42806493 -0.56283021  0.70711116]
[mavic_controller-7] [DEBUG] [1766070846.059455717] [Mavic_2_PRO_3_Controller]: id: 3, vel: (0.18758616709919648, -0.46237572867314713, 0.2711991104268044)
[mavic_controller-5] [DEBUG] [1766070846.059925640] [Mavic_2_PRO_2_Controller]: id: 2, gps: (-8.465682627780254, 7.466740176549748, 0.015407060215092826)
[mavic_controller-5] [DEBUG] [1766070846.060422746] [Mavic_2_PRO_2_Controller]: id: 2, vel: (-2.4058267099916206e-05, -4.582542677547434e-05, -5.206099090618867e-06)
[mavic_controller-3] [DEBUG] [1766070846.067028575] [Mavic_2_PRO_1_Controller]: Time(nanoseconds=18400000000, clock_type=ROS_TIME)
[mavic_controller-5] [DEBUG] [1766070846.067169273] [Mavic_2_PRO_2_Controller]: Time(nanoseconds=18400000000, clock_type=ROS_TIME)
[mavic_controller-5] [DEBUG] [1766070846.067391765] [Mavic_2_PRO_2_Controller]: flag: (-1.999155045340956, -1.035265230397517, 4.971941275877409)
[mavic_controller-3] [DEBUG] [1766070846.067252850] [Mavic_2_PRO_1_Controller]: flag: (-1.999155045340956, -1.035265230397517, 4.971941275877409)
[mavic_controller-3] [DEBUG] [1766070846.067450622] [Mavic_2_PRO_1_Controller]: BODY id: 1, v_b: [0.96882245 0.24775603 0.07000173], angular: 0.2503633881808497
[mavic_controller-5] [DEBUG] [1766070846.067615380] [Mavic_2_PRO_2_Controller]: BODY id: 2, v_b: [-0.12115365  0.69666265  0.70711071], angular: 1.7429800709419871
[mavic_controller-5] [DEBUG] [1766070846.067826630] [Mavic_2_PRO_2_Controller]: WORLD id: 2, v: [ 0.42806487 -0.56282993  0.70711071]
[mavic_controller-5] [DEBUG] [1766070846.068017824] [Mavic_2_PRO_2_Controller]: id: 2, gps: (-8.465683596140131, 7.466738333527562, 0.01540683407593798)
[mavic_controller-3] [DEBUG] [1766070846.067655639] [Mavic_2_PRO_1_Controller]: WORLD id: 1, v: [ 0.67561194 -0.73725742  0.07000173]
[mavic_controller-3] [DEBUG] [1766070846.067845080] [Mavic_2_PRO_1_Controller]: id: 1, gps: (-8.50891991853374, 6.0684761137632135, 4.83193781247905)
[mavic_controller-3] [DEBUG] [1766070846.068026105] [Mavic_2_PRO_1_Controller]: id: 1, vel: (0.37439651034084115, -0.5300786521398716, 0.2476372067627875)
[mavic_controller-7] [DEBUG] [1766070846.068076507] [Mavic_2_PRO_3_Controller]: Time(nanoseconds=18400000000, clock_type=ROS_TIME)
[mavic_controller-5] [DEBUG] [1766070846.068217055] [Mavic_2_PRO_2_Controller]: id: 2, vel: (-2.4086362972190566e-05, -4.5816516178187334e-05, -5.8964088087675226e-06)
[mavic_controller-7] [DEBUG] [1766070846.068547667] [Mavic_2_PRO_3_Controller]: flag: (-1.999155045340956, -1.035265230397517, 4.971941275877409)
[mavic_controller-7] [DEBUG] [1766070846.069002850] [Mavic_2_PRO_3_Controller]: BODY id: 3, v_b: [0.94155235 0.33686669 0.10074439], angular: 0.34358709319396513
[mavic_controller-7] [DEBUG] [1766070846.069427057] [Mavic_2_PRO_3_Controller]: WORLD id: 3, v: [ 0.62164564 -0.7832986   0.10074439]
[mavic_controller-7] [DEBUG] [1766070846.069849080] [Mavic_2_PRO_3_Controller]: id: 3, gps: (-9.192123839490728, 8.028165762822493, 4.770452489328371)
[mavic_controller-7] [DEBUG] [1766070846.070248246] [Mavic_2_PRO_3_Controller]: id: 3, vel: (0.20471959878600418, -0.4695628680445196, 0.26872789489808147)
[mavic_controller-5] [DEBUG] [1766070846.079905786] [Mavic_2_PRO_2_Controller]: Time(nanoseconds=18504000000, clock_type=ROS_TIME)
[mavic_controller-5] [DEBUG] [1766070846.080118357] [Mavic_2_PRO_2_Controller]: flag: (-1.999155045340956, -1.035265230397517, 4.971941275877409)
[mavic_controller-5] [DEBUG] [1766070846.080272933] [Mavic_2_PRO_2_Controller]: BODY id: 2, v_b: [-0.12115123  0.69669753  0.70717142], angular: 1.7429682544410954
[mavic_controller-5] [DEBUG] [1766070846.080454610] [Mavic_2_PRO_2_Controller]: WORLD id: 2, v: [ 0.42807898 -0.56286184  0.70717142]
[mavic_controller-5] [DEBUG] [1766070846.080660961] [Mavic_2_PRO_2_Controller]: id: 2, gps: (-8.465688134554986, 7.466730205831375, 0.015407549888401213)
[mavic_controller-5] [DEBUG] [1766070846.080826935] [Mavic_2_PRO_2_Controller]: id: 2, vel: (-4.661253140459377e-05, -6.499154728567766e-05, 8.714366019297943e-05)
[mavic_controller-7] [DEBUG] [1766070846.080852767] [Mavic_2_PRO_3_Controller]: Time(nanoseconds=18504000000, clock_type=ROS_TIME)
[mavic_controller-7] [DEBUG] [1766070846.081266527] [Mavic_2_PRO_3_Controller]: flag: (-1.999155045340956, -1.035265230397517, 4.971941275877409)
[mavic_controller-3] [DEBUG] [1766070846.080874406] [Mavic_2_PRO_1_Controller]: Time(nanoseconds=18504000000, clock_type=ROS_TIME)
[mavic_controller-3] [DEBUG] [1766070846.081301279] [Mavic_2_PRO_1_Controller]: flag: (-1.999155045340956, -1.035265230397517, 4.971941275877409)
[mavic_controller-7] [DEBUG] [1766070846.081640120] [Mavic_2_PRO_3_Controller]: BODY id: 3, v_b: [0.954458   0.29834532 0.08794273], angular: 0.3029585505967228
[mavic_controller-7] [DEBUG] [1766070846.082005397] [Mavic_2_PRO_3_Controller]: WORLD id: 3, v: [ 0.62243516 -0.78267137  0.08794273]
[mavic_controller-3] [DEBUG] [1766070846.081684570] [Mavic_2_PRO_1_Controller]: BODY id: 1, v_b: [0.97606191 0.21749285 0.05828376], angular: 0.21924509200114803
[mavic_controller-3] [DEBUG] [1766070846.082061246] [Mavic_2_PRO_1_Controller]: WORLD id: 1, v: [ 0.67612817 -0.73678403  0.05828376]
[mavic_controller-7] [DEBUG] [1766070846.082366334] [Mavic_2_PRO_3_Controller]: id: 3, gps: (-9.170274878102017, 7.981947354438326, 4.796055824338107)
[mavic_controller-3] [DEBUG] [1766070846.082427121] [Mavic_2_PRO_1_Controller]: id: 1, gps: (-8.470651366761698, 6.016792881986394, 4.855373758685031)
[mavic_controller-7] [DEBUG] [1766070846.082735701] [Mavic_2_PRO_3_Controller]: id: 3, vel: (0.2481512040070798, -0.4874552567503161, 0.26155746270983343)
[mavic_controller-3] [DEBUG] [1766070846.082809225] [Mavic_2_PRO_1_Controller]: id: 1, vel: (0.4148412537126162, -0.5396494468928978, 0.23853633071903496)
[mavic_controller-5] [DEBUG] [1766070846.091856747] [Mavic_2_PRO_2_Controller]: Time(nanoseconds=18600000000, clock_type=ROS_TIME)
[mavic_controller-5] [DEBUG] [1766070846.092060473] [Mavic_2_PRO_2_Controller]: flag: (-1.999155045340956, -1.035265230397517, 4.971941275877409)
[mavic_controller-5] [DEBUG] [1766070846.092210337] [Mavic_2_PRO_2_Controller]: BODY id: 2, v_b: [-0.12114934  0.69672381  0.7072171 ], angular: 1.742959245374106
[mavic_controller-3] [DEBUG] [1766070846.092142106] [Mavic_2_PRO_1_Controller]: Time(nanoseconds=18600000000, clock_type=ROS_TIME)
[mavic_controller-3] [DEBUG] [1766070846.092333620] [Mavic_2_PRO_1_Controller]: flag: (-1.999155045340956, -1.035265230397517, 4.971941275877409)
[mavic_controller-5] [DEBUG] [1766070846.092363187] [Mavic_2_PRO_2_Controller]: WORLD id: 2, v: [ 0.42808976 -0.56288577  0.7072171 ]
[mavic_controller-5] [DEBUG] [1766070846.092526927] [Mavic_2_PRO_2_Controller]: id: 2, gps: (-8.465693853427828, 7.466722884535369, 0.015421046724784664)
[mavic_controller-5] [DEBUG] [1766070846.092677929] [Mavic_2_PRO_2_Controller]: id: 2, vel: (-6.352212011052541e-05, -7.948311186688927e-05, 0.00015709119549861623)
[mavic_controller-3] [DEBUG] [1766070846.092493150] [Mavic_2_PRO_1_Controller]: BODY id: 1, v_b: [0.98005412 0.19873077 0.05072397], angular: 0.20006268719951542
[mavic_controller-3] [DEBUG] [1766070846.092649865] [Mavic_2_PRO_1_Controller]: WORLD id: 1, v: [ 0.67637896 -0.7365538   0.05072397]
[mavic_controller-3] [DEBUG] [1766070846.092800422] [Mavic_2_PRO_1_Controller]: id: 1, gps: (-8.4429922556151, 5.98185543020666, 4.8704933267799815)
[mavic_controller-7] [DEBUG] [1766070846.092794457] [Mavic_2_PRO_3_Controller]: Time(nanoseconds=18600000000, clock_type=ROS_TIME)
[mavic_controller-3] [DEBUG] [1766070846.092944212] [Mavic_2_PRO_1_Controller]: id: 1, vel: (0.4410860975249731, -0.545405825180962, 0.23208229588740945)
[mavic_controller-7] [DEBUG] [1766070846.093234156] [Mavic_2_PRO_3_Controller]: flag: (-1.999155045340956, -1.035265230397517, 4.971941275877409)
[mavic_controller-7] [DEBUG] [1766070846.093612606] [Mavic_2_PRO_3_Controller]: BODY id: 3, v_b: [0.96568868 0.25970248 0.07445686], angular: 0.26271409547940233
[mavic_controller-7] [DEBUG] [1766070846.093972131] [Mavic_2_PRO_3_Controller]: WORLD id: 3, v: [ 0.62313691 -0.78211278  0.07445686]
[mavic_controller-7] [DEBUG] [1766070846.094351120] [Mavic_2_PRO_3_Controller]: id: 3, gps: (-9.142235371247242, 7.930171296469328, 4.8230275585148945)
[mavic_controller-7] [DEBUG] [1766070846.094712453] [Mavic_2_PRO_3_Controller]: id: 3, vel: (0.28810439134475574, -0.5023370922131121, 0.25415557318891946)
[mavic_controller-5] [DEBUG] [1766070846.104748654] [Mavic_2_PRO_2_Controller]: Time(nanoseconds=18704000000, clock_type=ROS_TIME)
[mavic_controller-5] [DEBUG] [1766070846.104939448] [Mavic_2_PRO_2_Controller]: flag: (-1.999155045340956, -1.035265230397517, 4.971941275877409)
[mavic_controller-5] [DEBUG] [1766070846.105090267] [Mavic_2_PRO_2_Controller]: BODY id: 2, v_b: [-0.1211384   0.69703921  0.70769188], angular: 1.7428676488407053
[mavic_controller-3] [DEBUG] [1766070846.104960917] [Mavic_2_PRO_1_Controller]: Time(nanoseconds=18704000000, clock_type=ROS_TIME)
[mavic_controller-3] [DEBUG] [1766070846.105141486] [Mavic_2_PRO_1_Controller]: flag: (-1.999155045340956, -1.035265230397517, 4.971941275877409)
[mavic_controller-3] [DEBUG] [1766070846.105292409] [Mavic_2_PRO_1_Controller]: BODY id: 1, v_b: [0.98706356 0.16032942 0.03451605], angular: 0.16102438068502073
[mavic_controller-5] [DEBUG] [1766070846.105243531] [Mavic_2_PRO_2_Controller]: WORLD id: 2, v: [ 0.42822575 -0.56317038  0.70769188]
[mavic_controller-5] [DEBUG] [1766070846.105394231] [Mavic_2_PRO_2_Controller]: id: 2, gps: (-8.465701611710564, 7.4667124388334285, 0.015444015765521305)
[mavic_controller-5] [DEBUG] [1766070846.105588111] [Mavic_2_PRO_2_Controller]: id: 2, vel: (-0.00017461121959907484, -0.00029995944252181155, 0.0008326154018131654)
[mavic_controller-3] [DEBUG] [1766070846.105441928] [Mavic_2_PRO_1_Controller]: WORLD id: 1, v: [ 0.67667105 -0.73628547  0.03451605]
