[mavic_controller-7] [DEBUG] [1766070843.686113051] [Mavic_2_PRO_3_Controller]: flag: (-8.734449241039517, 7.832044723519953, 4.025302324447064)
[mavic_controller-3] [DEBUG] [1766070843.686170400] [Mavic_2_PRO_1_Controller]: BODY id: 1, v_b: [ 0.89064546 -0.33742831  0.96179657], angular: -0.36214888118197497
[mavic_controller-5] [DEBUG] [1766070843.686216180] [Mavic_2_PRO_2_Controller]: BODY id: 2, v_b: [ 0.90187975 -0.29554377  0.95941818], angular: -0.31666978671323576
[mavic_controller-7] [DEBUG] [1766070843.686256846] [Mavic_2_PRO_3_Controller]: BODY id: 3, v_b: [ 0.90907819 -0.26926489  0.95868132], angular: -0.28796280263779384
[mavic_controller-3] [DEBUG] [1766070843.686316394] [Mavic_2_PRO_1_Controller]: WORLD id: 1, v: [-0.71300638  0.63145001  0.96179657]
[mavic_controller-5] [DEBUG] [1766070843.686361364] [Mavic_2_PRO_2_Controller]: WORLD id: 2, v: [-0.75105539  0.58021463  0.95941818]
[mavic_controller-7] [DEBUG] [1766070843.686398457] [Mavic_2_PRO_3_Controller]: WORLD id: 3, v: [-0.79081072  0.52301543  0.95868132]
[mavic_controller-3] [DEBUG] [1766070843.686460092] [Mavic_2_PRO_1_Controller]: id: 1, gps: (0.02165873839834387, 0.09317828575320644, 0.42909899750682345)
[mavic_controller-5] [DEBUG] [1766070843.686504979] [Mavic_2_PRO_2_Controller]: id: 2, gps: (0.02967306170971107, 1.0895059112775307, 0.43132311218187797)
[mavic_controller-7] [DEBUG] [1766070843.686542482] [Mavic_2_PRO_3_Controller]: id: 3, gps: (0.022881683908776915, 2.0851422758835136, 0.4300265117053616)
[mavic_controller-3] [DEBUG] [1766070843.686636222] [Mavic_2_PRO_1_Controller]: id: 1, vel: (-0.10834421497503921, 0.13873939654398829, 0.33600113930288084)
[mavic_controller-5] [DEBUG] [1766070843.686666792] [Mavic_2_PRO_2_Controller]: id: 2, vel: (-0.11187643357965006, 0.12907625324533012, 0.3365823826853907)
[mavic_controller-7] [DEBUG] [1766070843.686710185] [Mavic_2_PRO_3_Controller]: id: 3, vel: (-0.1205995923926623, 0.11913327462069515, 0.33602873394202276)
[mavic_controller-3] [DEBUG] [1766070843.697565745] [Mavic_2_PRO_1_Controller]: Time(nanoseconds=3904000000, clock_type=ROS_TIME)
[mavic_controller-3] [DEBUG] [1766070843.697750406] [Mavic_2_PRO_1_Controller]: flag: (-8.734449241039517, 7.832044723519953, 4.025302324447064)
[mavic_controller-5] [DEBUG] [1766070843.697585382] [Mavic_2_PRO_2_Controller]: Time(nanoseconds=3904000000, clock_type=ROS_TIME)
[mavic_controller-7] [DEBUG] [1766070843.697851870] [Mavic_2_PRO_3_Controller]: Time(nanoseconds=3904000000, clock_type=ROS_TIME)
[mavic_controller-7] [DEBUG] [1766070843.698032594] [Mavic_2_PRO_3_Controller]: flag: (-8.734449241039517, 7.832044723519953, 4.025302324447064)
[mavic_controller-5] [DEBUG] [1766070843.697882216] [Mavic_2_PRO_2_Controller]: flag: (-8.734449241039517, 7.832044723519953, 4.025302324447064)
[mavic_controller-3] [DEBUG] [1766070843.697906094] [Mavic_2_PRO_1_Controller]: BODY id: 1, v_b: [ 0.9197883  -0.30976037  0.97550081], angular: -0.3248435492957493
[mavic_controller-3] [DEBUG] [1766070843.698058028] [Mavic_2_PRO_1_Controller]: WORLD id: 1, v: [-0.72747668  0.6424482   0.97550081]
[mavic_controller-5] [DEBUG] [1766070843.698128330] [Mavic_2_PRO_2_Controller]: BODY id: 2, v_b: [ 0.9293479  -0.27148083  0.97373423], angular: -0.28421157101655886
[mavic_controller-7] [DEBUG] [1766070843.698191932] [Mavic_2_PRO_3_Controller]: BODY id: 3, v_b: [ 0.93533123 -0.24748691  0.97319315], angular: -0.25867020488930964
[mavic_controller-3] [DEBUG] [1766070843.698202898] [Mavic_2_PRO_1_Controller]: id: 1, gps: (0.008982899098754452, 0.10862559016913484, 0.4642601254934668)
[mavic_controller-5] [DEBUG] [1766070843.698291764] [Mavic_2_PRO_2_Controller]: WORLD id: 2, v: [-0.76692658  0.59094244  0.97373423]
[mavic_controller-7] [DEBUG] [1766070843.698341687] [Mavic_2_PRO_3_Controller]: WORLD id: 3, v: [-0.80745945  0.53301362  0.97319315]
[mavic_controller-3] [DEBUG] [1766070843.698346697] [Mavic_2_PRO_1_Controller]: id: 1, vel: (-0.1322235711600295, 0.15556446102330332, 0.3362684865510898)
[mavic_controller-5] [DEBUG] [1766070843.698441057] [Mavic_2_PRO_2_Controller]: id: 2, gps: (0.01651821123396896, 1.1038788608821881, 0.466576671008245)
[mavic_controller-7] [DEBUG] [1766070843.698485137] [Mavic_2_PRO_3_Controller]: id: 3, gps: (0.008747282012441196, 2.098387957869176, 0.4652340260255955)
[mavic_controller-5] [DEBUG] [1766070843.698612171] [Mavic_2_PRO_2_Controller]: id: 2, vel: (-0.1377474858961539, 0.1447104633377788, 0.3373297276363739)
[mavic_controller-7] [DEBUG] [1766070843.698673659] [Mavic_2_PRO_3_Controller]: id: 3, vel: (-0.14767651226319453, 0.1331871618172297, 0.3369343350133584)
[mavic_controller-3] [DEBUG] [1766070843.711592472] [Mavic_2_PRO_1_Controller]: Time(nanoseconds=4000000000, clock_type=ROS_TIME)
[mavic_controller-5] [DEBUG] [1766070843.711598681] [Mavic_2_PRO_2_Controller]: Time(nanoseconds=4000000000, clock_type=ROS_TIME)
[mavic_controller-7] [DEBUG] [1766070843.711704623] [Mavic_2_PRO_3_Controller]: Time(nanoseconds=4000000000, clock_type=ROS_TIME)
[mavic_controller-3] [DEBUG] [1766070843.711772222] [Mavic_2_PRO_1_Controller]: flag: (-8.734449241039517, 7.832044723519953, 4.025302324447064)
[mavic_controller-3] [DEBUG] [1766070843.711921003] [Mavic_2_PRO_1_Controller]: BODY id: 1, v_b: [ 0.94484982 -0.28458453  0.98860355], angular: -0.29255323598313226
[mavic_controller-3] [DEBUG] [1766070843.712063819] [Mavic_2_PRO_1_Controller]: WORLD id: 1, v: [-0.74040828  0.65232287  0.98860355]
[mavic_controller-5] [DEBUG] [1766070843.711787206] [Mavic_2_PRO_2_Controller]: flag: (-8.734449241039517, 7.832044723519953, 4.025302324447064)
[mavic_controller-5] [DEBUG] [1766070843.711937321] [Mavic_2_PRO_2_Controller]: BODY id: 2, v_b: [ 0.95279285 -0.24949143  0.98708296], angular: -0.2561027081990236
[mavic_controller-5] [DEBUG] [1766070843.712083047] [Mavic_2_PRO_2_Controller]: WORLD id: 2, v: [-0.78076572  0.60038744  0.98708296]
[mavic_controller-7] [DEBUG] [1766070843.711883604] [Mavic_2_PRO_3_Controller]: flag: (-8.734449241039517, 7.832044723519953, 4.025302324447064)
[mavic_controller-7] [DEBUG] [1766070843.712033507] [Mavic_2_PRO_3_Controller]: BODY id: 3, v_b: [ 0.95762053 -0.22766053  0.98656557], angular: -0.23340285067590066
[mavic_controller-7] [DEBUG] [1766070843.712184277] [Mavic_2_PRO_3_Controller]: WORLD id: 3, v: [-0.82177768  0.54180056  0.98656557]
[mavic_controller-7] [DEBUG] [1766070843.712325919] [Mavic_2_PRO_3_Controller]: id: 3, gps: (-0.006823606743552785, 2.1119480875586896, 0.497739990051204)
[mavic_controller-3] [DEBUG] [1766070843.712213964] [Mavic_2_PRO_1_Controller]: id: 1, gps: (-0.004956220049740348, 0.12448128040038799, 0.49670635837043353)
[mavic_controller-3] [DEBUG] [1766070843.712354626] [Mavic_2_PRO_1_Controller]: id: 1, vel: (-0.15458802172999953, 0.17181552578192838, 0.3359724796177803)
[mavic_controller-5] [DEBUG] [1766070843.712227396] [Mavic_2_PRO_2_Controller]: id: 2, gps: (0.001961603143468868, 1.1186331906665958, 0.4991244474531443)
[mavic_controller-5] [DEBUG] [1766070843.712373601] [Mavic_2_PRO_2_Controller]: id: 2, vel: (-0.16175855800591574, 0.15984662536463048, 0.33688765915837876)
[mavic_controller-7] [DEBUG] [1766070843.712495981] [Mavic_2_PRO_3_Controller]: id: 3, vel: (-0.17275387344476412, 0.14675381856035818, 0.33640699515801586)
[mavic_controller-5] [DEBUG] [1766070843.726229707] [Mavic_2_PRO_2_Controller]: Time(nanoseconds=4104000000, clock_type=ROS_TIME)
[mavic_controller-7] [DEBUG] [1766070843.726323316] [Mavic_2_PRO_3_Controller]: Time(nanoseconds=4104000000, clock_type=ROS_TIME)
[mavic_controller-5] [DEBUG] [1766070843.726468292] [Mavic_2_PRO_2_Controller]: flag: (-8.734449241039517, 7.832044723519953, 4.025302324447064)
[mavic_controller-7] [DEBUG] [1766070843.726642205] [Mavic_2_PRO_3_Controller]: flag: (-8.734449241039517, 7.832044723519953, 4.025302324447064)
[mavic_controller-7] [DEBUG] [1766070843.726928685] [Mavic_2_PRO_3_Controller]: BODY id: 3, v_b: [ 0.97842786 -0.20658877  1.        ], angular: -0.20808722617708683
[mavic_controller-3] [DEBUG] [1766070843.726654175] [Mavic_2_PRO_1_Controller]: Time(nanoseconds=4104000000, clock_type=ROS_TIME)
[mavic_controller-3] [DEBUG] [1766070843.726988393] [Mavic_2_PRO_1_Controller]: flag: (-8.734449241039517, 7.832044723519953, 4.025302324447064)
[mavic_controller-5] [DEBUG] [1766070843.726804275] [Mavic_2_PRO_2_Controller]: BODY id: 2, v_b: [ 0.97415197 -0.22589367  1.        ], angular: -0.2278603174237019
[mavic_controller-5] [DEBUG] [1766070843.727078837] [Mavic_2_PRO_2_Controller]: WORLD id: 2, v: [-0.79323928  0.60891004  1.        ]
[mavic_controller-7] [DEBUG] [1766070843.727185240] [Mavic_2_PRO_3_Controller]: WORLD id: 3, v: [-0.83506943  0.55014456  1.        ]
[mavic_controller-3] [DEBUG] [1766070843.727256560] [Mavic_2_PRO_1_Controller]: BODY id: 1, v_b: [ 0.96636903 -0.25715928  1.        ], angular: -0.26008146595416853
[mavic_controller-5] [DEBUG] [1766070843.727341451] [Mavic_2_PRO_2_Controller]: id: 2, gps: (-0.01642140982712724, 1.1363070417189005, 0.5343079070188685)
[mavic_controller-7] [DEBUG] [1766070843.727439321] [Mavic_2_PRO_3_Controller]: id: 3, gps: (-0.026415138466835297, 2.12815677545404, 0.5328712415901089)
[mavic_controller-3] [DEBUG] [1766070843.727519647] [Mavic_2_PRO_1_Controller]: WORLD id: 1, v: [-0.75102745  0.66027098  1.        ]
[mavic_controller-5] [DEBUG] [1766070843.727598804] [Mavic_2_PRO_2_Controller]: id: 2, vel: (-0.18769552294166686, 0.1770733595770131, 0.3361324650327189)
[mavic_controller-7] [DEBUG] [1766070843.727693584] [Mavic_2_PRO_3_Controller]: id: 3, vel: (-0.19979645761553358, 0.16220550640049092, 0.3355867627838429)
[mavic_controller-3] [DEBUG] [1766070843.727826524] [Mavic_2_PRO_1_Controller]: id: 1, gps: (-0.022500358209542333, 0.14348200905679032, 0.5318200547816372)
[mavic_controller-3] [DEBUG] [1766070843.728095872] [Mavic_2_PRO_1_Controller]: id: 1, vel: (-0.17892490949177556, 0.19043414554927734, 0.33565459725791336)
[mavic_controller-7] [DEBUG] [1766070843.738061812] [Mavic_2_PRO_3_Controller]: Time(nanoseconds=4200000000, clock_type=ROS_TIME)
[mavic_controller-5] [DEBUG] [1766070843.738235911] [Mavic_2_PRO_2_Controller]: Time(nanoseconds=4200000000, clock_type=ROS_TIME)
[mavic_controller-7] [DEBUG] [1766070843.738291699] [Mavic_2_PRO_3_Controller]: flag: (-8.734449241039517, 7.832044723519953, 4.025302324447064)
[mavic_controller-5] [DEBUG] [1766070843.738486184] [Mavic_2_PRO_2_Controller]: flag: (-8.734449241039517, 7.832044723519953, 4.025302324447064)
[mavic_controller-7] [DEBUG] [1766070843.738492688] [Mavic_2_PRO_3_Controller]: BODY id: 3, v_b: [ 0.98257441 -0.18586963  1.        ], angular: -0.18695684537023302
[mavic_controller-5] [DEBUG] [1766070843.738760925] [Mavic_2_PRO_2_Controller]: BODY id: 2, v_b: [ 0.97723136 -0.2121765   1.        ], angular: -0.21380163268611366
[mavic_controller-5] [DEBUG] [1766070843.738996456] [Mavic_2_PRO_2_Controller]: WORLD id: 2, v: [-0.79333162  0.60878974  1.        ]
[mavic_controller-7] [DEBUG] [1766070843.738793535] [Mavic_2_PRO_3_Controller]: WORLD id: 3, v: [-0.8349185  0.5503736  1.       ]
[mavic_controller-7] [DEBUG] [1766070843.739118085] [Mavic_2_PRO_3_Controller]: id: 3, gps: (-0.04701984100227494, 2.1445888558520267, 0.5652496908569172)
[mavic_controller-5] [DEBUG] [1766070843.739197559] [Mavic_2_PRO_2_Controller]: id: 2, gps: (-0.027442973136183213, 1.146585201060708, 0.5532303115723666)
[mavic_controller-7] [DEBUG] [1766070843.739426507] [Mavic_2_PRO_3_Controller]: id: 3, vel: (-0.22500041898454226, 0.17715071738702765, 0.3353173547303594)
[mavic_controller-5] [DEBUG] [1766070843.739467225] [Mavic_2_PRO_2_Controller]: id: 2, vel: (-0.20181478028015293, 0.18651221201404625, 0.33591247441457234)
[mavic_controller-3] [DEBUG] [1766070843.739497446] [Mavic_2_PRO_1_Controller]: Time(nanoseconds=4200000000, clock_type=ROS_TIME)
[mavic_controller-3] [DEBUG] [1766070843.740020184] [Mavic_2_PRO_1_Controller]: flag: (-8.734449241039517, 7.832044723519953, 4.025302324447064)
[mavic_controller-3] [DEBUG] [1766070843.740502203] [Mavic_2_PRO_1_Controller]: BODY id: 1, v_b: [ 0.97151486 -0.23697864  1.        ], angular: -0.23925471528356895
[mavic_controller-3] [DEBUG] [1766070843.740993818] [Mavic_2_PRO_1_Controller]: WORLD id: 1, v: [-0.7513103   0.65994911  1.        ]
[mavic_controller-3] [DEBUG] [1766070843.741470792] [Mavic_2_PRO_1_Controller]: id: 1, gps: (-0.036134266269834826, 0.1578085521599205, 0.5561204074548058)
[mavic_controller-3] [DEBUG] [1766070843.741948826] [Mavic_2_PRO_1_Controller]: id: 1, vel: (-0.19590306763250248, 0.20372721007778002, 0.3355502130609264)
[mavic_controller-5] [DEBUG] [1766070843.752579231] [Mavic_2_PRO_2_Controller]: Time(nanoseconds=4304000000, clock_type=ROS_TIME)
[mavic_controller-7] [DEBUG] [1766070843.752629137] [Mavic_2_PRO_3_Controller]: Time(nanoseconds=4304000000, clock_type=ROS_TIME)
[mavic_controller-5] [DEBUG] [1766070843.752761509] [Mavic_2_PRO_2_Controller]: flag: (-8.734449241039517, 7.832044723519953, 4.025302324447064)
[mavic_controller-7] [DEBUG] [1766070843.752805512] [Mavic_2_PRO_3_Controller]: flag: (-8.734449241039517, 7.832044723519953, 4.025302324447064)
[mavic_controller-5] [DEBUG] [1766070843.752923694] [Mavic_2_PRO_2_Controller]: BODY id: 2, v_b: [ 0.9837924 -0.1793112  1.       ], angular: -0.18028625484933308
[mavic_controller-7] [DEBUG] [1766070843.752950981] [Mavic_2_PRO_3_Controller]: BODY id: 3, v_b: [ 0.98626986 -0.16514164  1.        ], angular: -0.16590162591606042
[mavic_controller-5] [DEBUG] [1766070843.753073661] [Mavic_2_PRO_2_Controller]: WORLD id: 2, v: [-0.79357043  0.60847841  1.        ]
[mavic_controller-7] [DEBUG] [1766070843.753093345] [Mavic_2_PRO_3_Controller]: WORLD id: 3, v: [-0.83470948  0.55069055  1.        ]
[mavic_controller-5] [DEBUG] [1766070843.753220319] [Mavic_2_PRO_2_Controller]: id: 2, gps: (-0.059417698691829876, 1.175575798843608, 0.6018691138992822)
[mavic_controller-7] [DEBUG] [1766070843.753234820] [Mavic_2_PRO_3_Controller]: id: 3, gps: (-0.07209339519549153, 2.164064431413858, 0.600328550845849)
[mavic_controller-5] [DEBUG] [1766070843.753367850] [Mavic_2_PRO_2_Controller]: id: 2, vel: (-0.23771989258604032, 0.21268049738302058, 0.3359823603777707)
[mavic_controller-7] [DEBUG] [1766070843.753375012] [Mavic_2_PRO_3_Controller]: id: 3, vel: (-0.25234513108688467, 0.1941404376206564, 0.33554653988752514)
[mavic_controller-3] [DEBUG] [1766070843.754059378] [Mavic_2_PRO_1_Controller]: Time(nanoseconds=4304000000, clock_type=ROS_TIME)
[mavic_controller-3] [DEBUG] [1766070843.754428559] [Mavic_2_PRO_1_Controller]: flag: (-8.734449241039517, 7.832044723519953, 4.025302324447064)
[mavic_controller-3] [DEBUG] [1766070843.754788774] [Mavic_2_PRO_1_Controller]: BODY id: 1, v_b: [ 0.9769225  -0.21359409  1.        ], angular: -0.21525248355044327
[mavic_controller-3] [DEBUG] [1766070843.755138880] [Mavic_2_PRO_1_Controller]: WORLD id: 1, v: [-0.75167279  0.65953621  1.        ]
[mavic_controller-3] [DEBUG] [1766070843.755485279] [Mavic_2_PRO_1_Controller]: id: 1, gps: (-0.05445472466505269, 0.17667214838615541, 0.5858098743042778)
[mavic_controller-3] [DEBUG] [1766070843.755827554] [Mavic_2_PRO_1_Controller]: id: 1, vel: (-0.2163057947128647, 0.22097788241999852, 0.33549423301133163)
[mavic_controller-7] [DEBUG] [1766070843.764731876] [Mavic_2_PRO_3_Controller]: Time(nanoseconds=4400000000, clock_type=ROS_TIME)
[mavic_controller-5] [DEBUG] [1766070843.764901500] [Mavic_2_PRO_2_Controller]: Time(nanoseconds=4400000000, clock_type=ROS_TIME)
[mavic_controller-5] [DEBUG] [1766070843.765105569] [Mavic_2_PRO_2_Controller]: flag: (-8.734449241039517, 7.832044723519953, 4.025302324447064)
[mavic_controller-7] [DEBUG] [1766070843.764961219] [Mavic_2_PRO_3_Controller]: flag: (-8.734449241039517, 7.832044723519953, 4.025302324447064)
[mavic_controller-7] [DEBUG] [1766070843.765147953] [Mavic_2_PRO_3_Controller]: BODY id: 3, v_b: [ 0.98884117 -0.1489736   1.        ], angular: -0.14953020541432807
[mavic_controller-3] [DEBUG] [1766070843.765214074] [Mavic_2_PRO_1_Controller]: Time(nanoseconds=4400000000, clock_type=ROS_TIME)
[mavic_controller-5] [DEBUG] [1766070843.765292494] [Mavic_2_PRO_2_Controller]: BODY id: 2, v_b: [ 0.98697811 -0.16085461  1.        ], angular: -0.16155647546434823
[mavic_controller-7] [DEBUG] [1766070843.765319891] [Mavic_2_PRO_3_Controller]: WORLD id: 3, v: [-0.8344983   0.55101051  1.        ]
[mavic_controller-7] [DEBUG] [1766070843.765523059] [Mavic_2_PRO_3_Controller]: id: 3, gps: (-0.09553520525241434, 2.181945011297251, 0.6300198294716707)
[mavic_controller-7] [DEBUG] [1766070843.765711368] [Mavic_2_PRO_3_Controller]: id: 3, vel: (-0.2752609376650592, 0.2087608431747062, 0.3354541175544837)
[mavic_controller-3] [DEBUG] [1766070843.765418541] [Mavic_2_PRO_1_Controller]: flag: (-8.734449241039517, 7.832044723519953, 4.025302324447064)
[mavic_controller-3] [DEBUG] [1766070843.765689851] [Mavic_2_PRO_1_Controller]: BODY id: 1, v_b: [ 0.98330102 -0.18198655  1.        ], angular: -0.18300635692413728
[mavic_controller-3] [DEBUG] [1766070843.765898736] [Mavic_2_PRO_1_Controller]: WORLD id: 1, v: [-0.75224407  0.65888455  1.        ]
[mavic_controller-5] [DEBUG] [1766070843.765536155] [Mavic_2_PRO_2_Controller]: WORLD id: 2, v: [-0.7937161   0.60828839  1.        ]
[mavic_controller-5] [DEBUG] [1766070843.765739025] [Mavic_2_PRO_2_Controller]: id: 2, gps: (-0.08151374173599957, 1.1951662893942092, 0.6315925272542506)
[mavic_controller-5] [DEBUG] [1766070843.765922886] [Mavic_2_PRO_2_Controller]: id: 2, vel: (-0.2595052252132017, 0.22882599865611464, 0.33577529514400156)
[mavic_controller-3] [DEBUG] [1766070843.766072340] [Mavic_2_PRO_1_Controller]: id: 1, gps: (-0.08429847342792737, 0.20686841590326058, 0.6289775850191411)
[mavic_controller-3] [DEBUG] [1766070843.766241394] [Mavic_2_PRO_1_Controller]: id: 1, vel: (-0.24546724994772778, 0.24663341250589763, 0.3351858508187856)
[mavic_controller-7] [DEBUG] [1766070843.777678655] [Mavic_2_PRO_3_Controller]: Time(nanoseconds=4504000000, clock_type=ROS_TIME)
[mavic_controller-5] [DEBUG] [1766070843.777707268] [Mavic_2_PRO_2_Controller]: Time(nanoseconds=4504000000, clock_type=ROS_TIME)
[mavic_controller-3] [DEBUG] [1766070843.777732680] [Mavic_2_PRO_1_Controller]: Time(nanoseconds=4504000000, clock_type=ROS_TIME)
[mavic_controller-7] [DEBUG] [1766070843.777869614] [Mavic_2_PRO_3_Controller]: flag: (-8.734449241039517, 7.832044723519953, 4.025302324447064)
[mavic_controller-7] [DEBUG] [1766070843.778022872] [Mavic_2_PRO_3_Controller]: BODY id: 3, v_b: [ 0.99148817 -0.13019679  1.        ], angular: -0.13056745259055616
[mavic_controller-3] [DEBUG] [1766070843.777940737] [Mavic_2_PRO_1_Controller]: flag: (-8.734449241039517, 7.832044723519953, 4.025302324447064)
[mavic_controller-5] [DEBUG] [1766070843.777974769] [Mavic_2_PRO_2_Controller]: flag: (-8.734449241039517, 7.832044723519953, 4.025302324447064)
[mavic_controller-3] [DEBUG] [1766070843.778098185] [Mavic_2_PRO_1_Controller]: BODY id: 1, v_b: [ 0.98764747 -0.1566923   1.        ], angular: -0.15734068699911172
[mavic_controller-7] [DEBUG] [1766070843.778168169] [Mavic_2_PRO_3_Controller]: WORLD id: 3, v: [-0.83418409  0.55148608  1.        ]
[mavic_controller-5] [DEBUG] [1766070843.778171379] [Mavic_2_PRO_2_Controller]: BODY id: 2, v_b: [ 0.99025002 -0.13930147  1.        ], angular: -0.13975597458336375
[mavic_controller-3] [DEBUG] [1766070843.778246472] [Mavic_2_PRO_1_Controller]: WORLD id: 1, v: [-0.7527927   0.65825766  1.        ]
[mavic_controller-7] [DEBUG] [1766070843.778314207] [Mavic_2_PRO_3_Controller]: id: 3, gps: (-0.1282517152732417, 2.206599726129199, 0.6677598062385399)
[mavic_controller-5] [DEBUG] [1766070843.778326650] [Mavic_2_PRO_2_Controller]: WORLD id: 2, v: [-0.79391201  0.60803267  1.        ]
[mavic_controller-3] [DEBUG] [1766070843.778399987] [Mavic_2_PRO_1_Controller]: id: 1, gps: (-0.11344222551007713, 0.23602023929005012, 0.6666882469878557)
[mavic_controller-7] [DEBUG] [1766070843.778459323] [Mavic_2_PRO_3_Controller]: id: 3, vel: (-0.3035212740906304, 0.22773633557320735, 0.33471159875682877)
[mavic_controller-5] [DEBUG] [1766070843.778481430] [Mavic_2_PRO_2_Controller]: id: 2, gps: (-0.11236155771968101, 1.222208849401279, 0.6693687606394895)
[mavic_controller-3] [DEBUG] [1766070843.778547867] [Mavic_2_PRO_1_Controller]: id: 1, vel: (-0.27011449156037165, 0.26949035502821206, 0.33451730077865854)
[mavic_controller-5] [DEBUG] [1766070843.778630860] [Mavic_2_PRO_2_Controller]: id: 2, vel: (-0.2862580797074717, 0.24983302382840777, 0.3350391929853156)
[mavic_controller-3] [DEBUG] [1766070843.790551279] [Mavic_2_PRO_1_Controller]: Time(nanoseconds=4600000000, clock_type=ROS_TIME)
[mavic_controller-3] [DEBUG] [1766070843.790729927] [Mavic_2_PRO_1_Controller]: flag: (-8.734449241039517, 7.832044723519953, 4.025302324447064)
[mavic_controller-7] [DEBUG] [1766070843.790643430] [Mavic_2_PRO_3_Controller]: Time(nanoseconds=4600000000, clock_type=ROS_TIME)
[mavic_controller-5] [DEBUG] [1766070843.790732730] [Mavic_2_PRO_2_Controller]: Time(nanoseconds=4600000000, clock_type=ROS_TIME)
[mavic_controller-5] [DEBUG] [1766070843.790913129] [Mavic_2_PRO_2_Controller]: flag: (-8.734449241039517, 7.832044723519953, 4.025302324447064)
[mavic_controller-5] [DEBUG] [1766070843.791063121] [Mavic_2_PRO_2_Controller]: BODY id: 2, v_b: [ 0.9924709  -0.12248065  1.        ], angular: -0.12278896589427207
[mavic_controller-7] [DEBUG] [1766070843.790831792] [Mavic_2_PRO_3_Controller]: flag: (-8.734449241039517, 7.832044723519953, 4.025302324447064)
[mavic_controller-7] [DEBUG] [1766070843.790983217] [Mavic_2_PRO_3_Controller]: BODY id: 3, v_b: [ 0.99328899 -0.11565889  1.        ], angular: -0.11591831202724735
[mavic_controller-7] [DEBUG] [1766070843.791127093] [Mavic_2_PRO_3_Controller]: WORLD id: 3, v: [-0.83387805  0.55194873  1.        ]
[mavic_controller-3] [DEBUG] [1766070843.790881747] [Mavic_2_PRO_1_Controller]: BODY id: 1, v_b: [ 0.99058151 -0.13692436  1.        ], angular: -0.13735585677145518
[mavic_controller-3] [DEBUG] [1766070843.791026693] [Mavic_2_PRO_1_Controller]: WORLD id: 1, v: [-0.75330609  0.65767008  1.        ]
[mavic_controller-3] [DEBUG] [1766070843.791169655] [Mavic_2_PRO_1_Controller]: id: 1, gps: (-0.1406082340351516, 0.26304492451795225, 0.6989477104453956)
[mavic_controller-3] [DEBUG] [1766070843.791313155] [Mavic_2_PRO_1_Controller]: id: 1, vel: (-0.29076600506477585, 0.2889482153239422, 0.3339130758045741)
[mavic_controller-5] [DEBUG] [1766070843.791216687] [Mavic_2_PRO_2_Controller]: WORLD id: 2, v: [-0.79408448  0.6078074   1.        ]
[mavic_controller-7] [DEBUG] [1766070843.791270080] [Mavic_2_PRO_3_Controller]: id: 3, gps: (-0.15879022193327713, 2.2294282296658947, 0.7000289103356335)
[mavic_controller-5] [DEBUG] [1766070843.791393085] [Mavic_2_PRO_2_Controller]: id: 2, gps: (-0.14117139432949738, 1.2472567462551465, 0.7016701517167298)
[mavic_controller-5] [DEBUG] [1766070843.791637898] [Mavic_2_PRO_2_Controller]: id: 2, vel: (-0.3085230362498264, 0.2678164207830681, 0.33428607843741565)
[mavic_controller-7] [DEBUG] [1766070843.791410962] [Mavic_2_PRO_3_Controller]: id: 3, vel: (-0.3270125139785484, 0.2440363247356561, 0.33394358369272015)
[mavic_controller-7] [DEBUG] [1766070843.804695804] [Mavic_2_PRO_3_Controller]: Time(nanoseconds=4704000000, clock_type=ROS_TIME)
[mavic_controller-5] [DEBUG] [1766070843.804699315] [Mavic_2_PRO_2_Controller]: Time(nanoseconds=4704000000, clock_type=ROS_TIME)
[mavic_controller-7] [DEBUG] [1766070843.804879145] [Mavic_2_PRO_3_Controller]: flag: (-8.734449241039517, 7.832044723519953, 4.025302324447064)
[mavic_controller-7] [DEBUG] [1766070843.805024623] [Mavic_2_PRO_3_Controller]: BODY id: 3, v_b: [ 0.99483928 -0.10146335  1.        ], angular: -0.10163825427176676
[mavic_controller-5] [DEBUG] [1766070843.804889006] [Mavic_2_PRO_2_Controller]: flag: (-8.734449241039517, 7.832044723519953, 4.025302324447064)
[mavic_controller-5] [DEBUG] [1766070843.805041446] [Mavic_2_PRO_2_Controller]: BODY id: 2, v_b: [ 0.99437534 -0.10591358  1.        ], angular: -0.1061126037425248
[mavic_controller-7] [DEBUG] [1766070843.805166950] [Mavic_2_PRO_3_Controller]: WORLD id: 3, v: [-0.83350885  0.5525061   1.        ]
[mavic_controller-5] [DEBUG] [1766070843.805189808] [Mavic_2_PRO_2_Controller]: WORLD id: 2, v: [-0.79428496  0.60754539  1.        ]
[mavic_controller-7] [DEBUG] [1766070843.805315526] [Mavic_2_PRO_3_Controller]: id: 3, gps: (-0.194392907216222, 2.255945548113922, 0.7349149609273986)
[mavic_controller-7] [DEBUG] [1766070843.805502285] [Mavic_2_PRO_3_Controller]: id: 3, vel: (-0.3518179479682402, 0.2617867890529171, 0.3333154633556812)
[mavic_controller-5] [DEBUG] [1766070843.805338404] [Mavic_2_PRO_2_Controller]: id: 2, gps: (-0.1747656347030987, 1.276362723473108, 0.736591423498405)
[mavic_controller-5] [DEBUG] [1766070843.805552711] [Mavic_2_PRO_2_Controller]: id: 2, vel: (-0.3319924910632259, 0.2873650387217987, 0.33363832168254565)
[mavic_controller-3] [DEBUG] [1766070843.805809585] [Mavic_2_PRO_1_Controller]: Time(nanoseconds=4704000000, clock_type=ROS_TIME)
[mavic_controller-3] [DEBUG] [1766070843.806212161] [Mavic_2_PRO_1_Controller]: flag: (-8.734449241039517, 7.832044723519953, 4.025302324447064)
[mavic_controller-3] [DEBUG] [1766070843.806596821] [Mavic_2_PRO_1_Controller]: BODY id: 1, v_b: [ 0.99308414 -0.11740482  1.        ], angular: -0.11767622223249087
[mavic_controller-3] [DEBUG] [1766070843.807001436] [Mavic_2_PRO_1_Controller]: WORLD id: 1, v: [-0.75390807  0.65697993  1.        ]
[mavic_controller-3] [DEBUG] [1766070843.807386126] [Mavic_2_PRO_1_Controller]: id: 1, gps: (-0.17225065194086758, 0.2944497667704381, 0.7338338740617086)
[mavic_controller-3] [DEBUG] [1766070843.807761254] [Mavic_2_PRO_1_Controller]: id: 1, vel: (-0.31248412361100375, 0.3101497372676527, 0.3333252123734687)
[mavic_controller-7] [DEBUG] [1766070843.816623123] [Mavic_2_PRO_3_Controller]: Time(nanoseconds=4800000000, clock_type=ROS_TIME)
[mavic_controller-5] [DEBUG] [1766070843.816624864] [Mavic_2_PRO_2_Controller]: Time(nanoseconds=4800000000, clock_type=ROS_TIME)
[mavic_controller-7] [DEBUG] [1766070843.816808013] [Mavic_2_PRO_3_Controller]: flag: (-8.734449241039517, 7.832044723519953, 4.025302324447064)
[mavic_controller-5] [DEBUG] [1766070843.816817468] [Mavic_2_PRO_2_Controller]: flag: (-8.734449241039517, 7.832044723519953, 4.025302324447064)
[mavic_controller-7] [DEBUG] [1766070843.816958248] [Mavic_2_PRO_3_Controller]: BODY id: 3, v_b: [ 0.9959705  -0.08968148  1.        ], angular: -0.08980213501770043
[mavic_controller-5] [DEBUG] [1766070843.816981689] [Mavic_2_PRO_2_Controller]: BODY id: 2, v_b: [ 0.99575607 -0.09203176  1.        ], angular: -0.09216216878359877
[mavic_controller-7] [DEBUG] [1766070843.817105326] [Mavic_2_PRO_3_Controller]: WORLD id: 3, v: [-0.83313454  0.55307037  1.        ]
[mavic_controller-5] [DEBUG] [1766070843.817138027] [Mavic_2_PRO_2_Controller]: WORLD id: 2, v: [-0.7944814   0.60728849  1.        ]
[mavic_controller-7] [DEBUG] [1766070843.817250870] [Mavic_2_PRO_3_Controller]: id: 3, gps: (-0.22952668975850654, 2.282078436138241, 0.7670658100171007)
[mavic_controller-5] [DEBUG] [1766070843.817290081] [Mavic_2_PRO_2_Controller]: id: 2, gps: (-0.2079202389771182, 1.3050501867392494, 0.7687710185773102)
[mavic_controller-7] [DEBUG] [1766070843.817392979] [Mavic_2_PRO_3_Controller]: id: 3, vel: (-0.3741143665023071, 0.27827368041133277, 0.3328268920502578)
[mavic_controller-3] [DEBUG] [1766070843.817427699] [Mavic_2_PRO_1_Controller]: Time(nanoseconds=4800000000, clock_type=ROS_TIME)
[mavic_controller-5] [DEBUG] [1766070843.817440192] [Mavic_2_PRO_2_Controller]: id: 2, vel: (-0.3530325396596173, 0.3054816640368219, 0.33310286043939763)
[mavic_controller-3] [DEBUG] [1766070843.817810890] [Mavic_2_PRO_1_Controller]: flag: (-8.734449241039517, 7.832044723519953, 4.025302324447064)
[mavic_controller-3] [DEBUG] [1766070843.818172875] [Mavic_2_PRO_1_Controller]: BODY id: 1, v_b: [ 0.99433512 -0.10629052  1.        ], angular: -0.10649168715895686
[mavic_controller-3] [DEBUG] [1766070843.818537241] [Mavic_2_PRO_1_Controller]: WORLD id: 1, v: [-0.75430684  0.65652204  1.        ]
[mavic_controller-3] [DEBUG] [1766070843.818897448] [Mavic_2_PRO_1_Controller]: id: 1, gps: (-0.1928306508226681, 0.3148876202390985, 0.7552725261844243)
[mavic_controller-3] [DEBUG] [1766070843.819243656] [Mavic_2_PRO_1_Controller]: id: 1, vel: (-0.3255169861168223, 0.32319677863029467, 0.3329537761821571)
[mavic_controller-5] [DEBUG] [1766070843.837010419] [Mavic_2_PRO_2_Controller]: Time(nanoseconds=4904000000, clock_type=ROS_TIME)
[mavic_controller-5] [DEBUG] [1766070843.837203276] [Mavic_2_PRO_2_Controller]: flag: (-8.734449241039517, 7.832044723519953, 4.025302324447064)
[mavic_controller-5] [DEBUG] [1766070843.837357947] [Mavic_2_PRO_2_Controller]: BODY id: 2, v_b: [ 0.99691567 -0.07848027  1.        ], angular: -0.07856105561684705
[mavic_controller-5] [DEBUG] [1766070843.837524724] [Mavic_2_PRO_2_Controller]: WORLD id: 2, v: [-0.79470841  0.60699138  1.        ]
[mavic_controller-5] [DEBUG] [1766070843.837713487] [Mavic_2_PRO_2_Controller]: id: 2, gps: (-0.24609286125935037, 1.3380932602653282, 0.8035695766881754)
[mavic_controller-7] [DEBUG] [1766070843.837753645] [Mavic_2_PRO_3_Controller]: Time(nanoseconds=4904000000, clock_type=ROS_TIME)
[mavic_controller-7] [DEBUG] [1766070843.838015384] [Mavic_2_PRO_3_Controller]: flag: (-8.734449241039517, 7.832044723519953, 4.025302324447064)
[mavic_controller-5] [DEBUG] [1766070843.837943075] [Mavic_2_PRO_2_Controller]: id: 2, vel: (-0.3750924623184744, 0.325006276618669, 0.33243264196282113)
[mavic_controller-3] [DEBUG] [1766070843.837976380] [Mavic_2_PRO_1_Controller]: Time(nanoseconds=4904000000, clock_type=ROS_TIME)
[mavic_controller-7] [DEBUG] [1766070843.838211416] [Mavic_2_PRO_3_Controller]: BODY id: 3, v_b: [ 0.99692955 -0.0783037   1.        ], angular: -0.0783839410220812
[mavic_controller-7] [DEBUG] [1766070843.838429613] [Mavic_2_PRO_3_Controller]: WORLD id: 3, v: [-0.8326935   0.55373417  1.        ]
[mavic_controller-3] [DEBUG] [1766070843.838485009] [Mavic_2_PRO_1_Controller]: flag: (-8.734449241039517, 7.832044723519953, 4.025302324447064)
[mavic_controller-7] [DEBUG] [1766070843.838693941] [Mavic_2_PRO_3_Controller]: id: 3, gps: (-0.26997979281324125, 2.3121795417620015, 0.8018378444964045)
[mavic_controller-7] [DEBUG] [1766070843.838945139] [Mavic_2_PRO_3_Controller]: id: 3, vel: (-0.3975324732572421, 0.29608195551759936, 0.3321932760206929)
[mavic_controller-3] [DEBUG] [1766070843.839006570] [Mavic_2_PRO_1_Controller]: BODY id: 1, v_b: [ 0.99619277 -0.08717783  1.        ], angular: -0.08728863117094036
[mavic_controller-3] [DEBUG] [1766070843.839516565] [Mavic_2_PRO_1_Controller]: WORLD id: 1, v: [-0.7551132   0.65559443  1.        ]
[mavic_controller-3] [DEBUG] [1766070843.840031271] [Mavic_2_PRO_1_Controller]: id: 1, gps: (-0.23363693956614945, 0.355468972167498, 0.7953999340548561)
[mavic_controller-3] [DEBUG] [1766070843.840534211] [Mavic_2_PRO_1_Controller]: id: 1, vel: (-0.34901822135757044, 0.3478090315580812, 0.33218352998503814)
[mavic_controller-7] [DEBUG] [1766070843.857021244] [Mavic_2_PRO_3_Controller]: Time(nanoseconds=5000000000, clock_type=ROS_TIME)
[mavic_controller-5] [DEBUG] [1766070843.857282530] [Mavic_2_PRO_2_Controller]: Time(nanoseconds=5000000000, clock_type=ROS_TIME)
[mavic_controller-7] [DEBUG] [1766070843.857348461] [Mavic_2_PRO_3_Controller]: flag: (-8.734449241039517, 7.832044723519953, 4.025302324447064)
[mavic_controller-7] [DEBUG] [1766070843.857581067] [Mavic_2_PRO_3_Controller]: BODY id: 3, v_b: [ 0.99761946 -0.06895957  1.        ], angular: -0.06901433861696508
[mavic_controller-5] [DEBUG] [1766070843.857596050] [Mavic_2_PRO_2_Controller]: flag: (-8.734449241039517, 7.832044723519953, 4.025302324447064)
[mavic_controller-5] [DEBUG] [1766070843.857759376] [Mavic_2_PRO_2_Controller]: BODY id: 2, v_b: [ 0.997738   -0.06722258  1.        ], angular: -0.06727331490972142
[mavic_controller-7] [DEBUG] [1766070843.857732977] [Mavic_2_PRO_3_Controller]: WORLD id: 3, v: [-0.83225486  0.55439322  1.        ]
[mavic_controller-7] [DEBUG] [1766070843.857884682] [Mavic_2_PRO_3_Controller]: id: 3, gps: (-0.3094559176568405, 2.3416094373986778, 0.8338674806249221)
[mavic_controller-5] [DEBUG] [1766070843.857916096] [Mavic_2_PRO_2_Controller]: WORLD id: 2, v: [-0.79493114  0.60669966  1.        ]
[mavic_controller-7] [DEBUG] [1766070843.858030472] [Mavic_2_PRO_3_Controller]: id: 3, vel: (-0.41846598791544953, 0.31227189135947897, 0.33144822519466044)
[mavic_controller-5] [DEBUG] [1766070843.858063453] [Mavic_2_PRO_2_Controller]: id: 2, gps: (-0.28334061969550095, 1.3703933693045107, 0.8356213559798926)
[mavic_controller-5] [DEBUG] [1766070843.858208784] [Mavic_2_PRO_2_Controller]: id: 2, vel: (-0.39481328739737703, 0.34271905312380924, 0.33167463171521727)
[mavic_controller-3] [DEBUG] [1766070843.858637828] [Mavic_2_PRO_1_Controller]: Time(nanoseconds=5000000000, clock_type=ROS_TIME)
[mavic_controller-3] [DEBUG] [1766070843.859016231] [Mavic_2_PRO_1_Controller]: flag: (-8.734449241039517, 7.832044723519953, 4.025302324447064)
[mavic_controller-3] [DEBUG] [1766070843.859377007] [Mavic_2_PRO_1_Controller]: BODY id: 1, v_b: [ 0.99739211 -0.07217322  1.        ], angular: -0.07223602585384607
[mavic_controller-3] [DEBUG] [1766070843.859882310] [Mavic_2_PRO_1_Controller]: WORLD id: 1, v: [-0.75530352  0.65537516  1.        ]
[mavic_controller-3] [DEBUG] [1766070843.860379716] [Mavic_2_PRO_1_Controller]: id: 1, gps: (-0.27124852142931133, 0.39302810115319164, 0.8300959481267175)
[mavic_controller-3] [DEBUG] [1766070843.860764892] [Mavic_2_PRO_1_Controller]: id: 1, vel: (-0.36872457896664607, 0.36871527432317563, 0.3313950201232245)
[mavic_controller-5] [DEBUG] [1766070843.869646281] [Mavic_2_PRO_2_Controller]: Time(nanoseconds=5104000000, clock_type=ROS_TIME)
[mavic_controller-5] [DEBUG] [1766070843.869835287] [Mavic_2_PRO_2_Controller]: flag: (-8.734449241039517, 7.832044723519953, 4.025302324447064)
[mavic_controller-5] [DEBUG] [1766070843.869987685] [Mavic_2_PRO_2_Controller]: BODY id: 2, v_b: [ 0.99841406 -0.05629706  1.        ], angular: -0.05632684418104993
[mavic_controller-5] [DEBUG] [1766070843.870135447] [Mavic_2_PRO_2_Controller]: WORLD id: 2, v: [-0.79518841  0.60636243  1.        ]
[mavic_controller-5] [DEBUG] [1766070843.870286530] [Mavic_2_PRO_2_Controller]: id: 2, gps: (-0.3257912984331829, 1.4073082508587955, 0.8702612100070807)
[mavic_controller-5] [DEBUG] [1766070843.870433737] [Mavic_2_PRO_2_Controller]: id: 2, vel: (-0.4153182108152606, 0.36173691362440064, 0.3308604324355122)
[mavic_controller-3] [DEBUG] [1766070843.870925948] [Mavic_2_PRO_1_Controller]: Time(nanoseconds=5104000000, clock_type=ROS_TIME)
[mavic_controller-3] [DEBUG] [1766070843.871302259] [Mavic_2_PRO_1_Controller]: flag: (-8.734449241039517, 7.832044723519953, 4.025302324447064)
[mavic_controller-7] [DEBUG] [1766070843.871368781] [Mavic_2_PRO_3_Controller]: Time(nanoseconds=5104000000, clock_type=ROS_TIME)
[mavic_controller-3] [DEBUG] [1766070843.871650895] [Mavic_2_PRO_1_Controller]: BODY id: 1, v_b: [ 0.99802361 -0.06284011  1.        ], angular: -0.06288154108126233
[mavic_controller-7] [DEBUG] [1766070843.871743829] [Mavic_2_PRO_3_Controller]: flag: (-8.734449241039517, 7.832044723519953, 4.025302324447064)
[mavic_controller-3] [DEBUG] [1766070843.872003150] [Mavic_2_PRO_1_Controller]: WORLD id: 1, v: [-0.75584415  0.65475157  1.        ]
[mavic_controller-7] [DEBUG] [1766070843.872100915] [Mavic_2_PRO_3_Controller]: BODY id: 3, v_b: [ 0.99819729 -0.06001815  1.        ], angular: -0.060054240093190485
[mavic_controller-3] [DEBUG] [1766070843.872348141] [Mavic_2_PRO_1_Controller]: id: 1, gps: (-0.29846745023435833, 0.4203124583496889, 0.8540681933618156)
[mavic_controller-7] [DEBUG] [1766070843.872448386] [Mavic_2_PRO_3_Controller]: WORLD id: 3, v: [-0.83174566  0.55515688  1.        ]
[mavic_controller-3] [DEBUG] [1766070843.872690638] [Mavic_2_PRO_1_Controller]: id: 1, vel: (-0.3817449527049569, 0.3832406976027251, 0.33087460703633703)
[mavic_controller-7] [DEBUG] [1766070843.872796968] [Mavic_2_PRO_3_Controller]: id: 3, gps: (-0.35445244949851973, 2.375251283765145, 0.8684844409969043)
[mavic_controller-7] [DEBUG] [1766070843.873157998] [Mavic_2_PRO_3_Controller]: id: 3, vel: (-0.44025247972841774, 0.32971711837371565, 0.3306499289810806)
[mavic_controller-5] [DEBUG] [1766070843.889601093] [Mavic_2_PRO_2_Controller]: Time(nanoseconds=5200000000, clock_type=ROS_TIME)
[mavic_controller-3] [DEBUG] [1766070843.889710128] [Mavic_2_PRO_1_Controller]: Time(nanoseconds=5200000000, clock_type=ROS_TIME)
[mavic_controller-3] [DEBUG] [1766070843.889921352] [Mavic_2_PRO_1_Controller]: flag: (-8.734449241039517, 7.832044723519953, 4.025302324447064)
[mavic_controller-5] [DEBUG] [1766070843.889806330] [Mavic_2_PRO_2_Controller]: flag: (-8.734449241039517, 7.832044723519953, 4.025302324447064)
[mavic_controller-5] [DEBUG] [1766070843.889957755] [Mavic_2_PRO_2_Controller]: BODY id: 2, v_b: [ 0.99888092 -0.04729594  1.        ], angular: -0.04731358836842106
[mavic_controller-3] [DEBUG] [1766070843.890081895] [Mavic_2_PRO_1_Controller]: BODY id: 1, v_b: [ 0.99890784 -0.04672403  1.        ], angular: -0.04674104678850257
[mavic_controller-5] [DEBUG] [1766070843.890107934] [Mavic_2_PRO_2_Controller]: WORLD id: 2, v: [-0.79544087  0.6060312   1.        ]
[mavic_controller-3] [DEBUG] [1766070843.890229239] [Mavic_2_PRO_1_Controller]: WORLD id: 1, v: [-0.75763347  0.65268027  1.        ]
[mavic_controller-5] [DEBUG] [1766070843.890255829] [Mavic_2_PRO_2_Controller]: id: 2, gps: (-0.36684838318348406, 1.4431252853672032, 0.9021620646319111)
[mavic_controller-5] [DEBUG] [1766070843.890409645] [Mavic_2_PRO_2_Controller]: id: 2, vel: (-0.43363217625129835, 0.3788922659887694, 0.33013476312798673)
[mavic_controller-3] [DEBUG] [1766070843.890373741] [Mavic_2_PRO_1_Controller]: id: 1, gps: (-0.3524230214137551, 0.4746540841258938, 0.8992449065711275)
[mavic_controller-3] [DEBUG] [1766070843.890536712] [Mavic_2_PRO_1_Controller]: id: 1, vel: (-0.40566656956139296, 0.4098553155545951, 0.32987763170400625)
[mavic_controller-7] [DEBUG] [1766070843.890660597] [Mavic_2_PRO_3_Controller]: Time(nanoseconds=5200000000, clock_type=ROS_TIME)
[mavic_controller-7] [DEBUG] [1766070843.890948704] [Mavic_2_PRO_3_Controller]: flag: (-8.734449241039517, 7.832044723519953, 4.025302324447064)
[mavic_controller-7] [DEBUG] [1766070843.891117518] [Mavic_2_PRO_3_Controller]: BODY id: 3, v_b: [ 0.99860713 -0.05276172  1.        ], angular: -0.05278623448112588
[mavic_controller-7] [DEBUG] [1766070843.891261607] [Mavic_2_PRO_3_Controller]: WORLD id: 3, v: [-0.83124546  0.55590555  1.        ]
[mavic_controller-7] [DEBUG] [1766070843.891409704] [Mavic_2_PRO_3_Controller]: id: 3, gps: (-0.39797546631318553, 2.4079059973911385, 0.9003657244505505)
[mavic_controller-7] [DEBUG] [1766070843.891565207] [Mavic_2_PRO_3_Controller]: id: 3, vel: (-0.4597304321481295, 0.3454628162352207, 0.32993440688775555)
[mavic_controller-7] [DEBUG] [1766070843.903452790] [Mavic_2_PRO_3_Controller]: Time(nanoseconds=5304000000, clock_type=ROS_TIME)
[mavic_controller-5] [DEBUG] [1766070843.903545615] [Mavic_2_PRO_2_Controller]: Time(nanoseconds=5304000000, clock_type=ROS_TIME)
[mavic_controller-7] [DEBUG] [1766070843.903652631] [Mavic_2_PRO_3_Controller]: flag: (-8.734449241039517, 7.832044723519953, 4.025302324447064)
[mavic_controller-7] [DEBUG] [1766070843.903885775] [Mavic_2_PRO_3_Controller]: BODY id: 3, v_b: [ 0.9989463 -0.0458943  1.       ], angular: -0.04591043068505396
[mavic_controller-5] [DEBUG] [1766070843.903722929] [Mavic_2_PRO_2_Controller]: flag: (-8.734449241039517, 7.832044723519953, 4.025302324447064)
[mavic_controller-5] [DEBUG] [1766070843.903900417] [Mavic_2_PRO_2_Controller]: BODY id: 2, v_b: [ 0.99925358 -0.03863017  1.        ], angular: -0.038639785576678964
[mavic_controller-5] [DEBUG] [1766070843.904066378] [Mavic_2_PRO_2_Controller]: WORLD id: 2, v: [-0.79573248  0.60564826  1.        ]
[mavic_controller-7] [DEBUG] [1766070843.904139483] [Mavic_2_PRO_3_Controller]: WORLD id: 3, v: [-0.83067115  0.55676337  1.        ]
[mavic_controller-5] [DEBUG] [1766070843.904230564] [Mavic_2_PRO_2_Controller]: id: 2, gps: (-0.4132812938908118, 1.483775739199562, 0.9366433747655617)
[mavic_controller-3] [DEBUG] [1766070843.904401234] [Mavic_2_PRO_1_Controller]: Time(nanoseconds=5304000000, clock_type=ROS_TIME)
[mavic_controller-3] [DEBUG] [1766070843.904788716] [Mavic_2_PRO_1_Controller]: flag: (-8.734449241039517, 7.832044723519953, 4.025302324447064)
[mavic_controller-7] [DEBUG] [1766070843.904408922] [Mavic_2_PRO_3_Controller]: id: 3, gps: (-0.4472026852339503, 2.44498481688514, 0.9348276878725142)
[mavic_controller-7] [DEBUG] [1766070843.904570235] [Mavic_2_PRO_3_Controller]: id: 3, vel: (-0.48002897579410786, 0.3622721231062654, 0.3291850573458052)
[mavic_controller-5] [DEBUG] [1766070843.904427226] [Mavic_2_PRO_2_Controller]: id: 2, vel: (-0.4527442032938044, 0.3970866478943166, 0.329358612287081)
[mavic_controller-3] [DEBUG] [1766070843.905141664] [Mavic_2_PRO_1_Controller]: BODY id: 1, v_b: [ 0.99932766 -0.03666365  1.        ], angular: -0.03667187232431003
[mavic_controller-3] [DEBUG] [1766070843.905490234] [Mavic_2_PRO_1_Controller]: WORLD id: 1, v: [-0.75853977  0.65162675  1.        ]
[mavic_controller-3] [DEBUG] [1766070843.905839298] [Mavic_2_PRO_1_Controller]: id: 1, gps: (-0.39244013262578425, 0.5151724657557817, 0.9310512662620896)
[mavic_controller-3] [DEBUG] [1766070843.906181163] [Mavic_2_PRO_1_Controller]: id: 1, vel: (-0.4206177532269165, 0.4265240063190417, 0.32921226860404124)
[mavic_controller-7] [DEBUG] [1766070843.916640193] [Mavic_2_PRO_3_Controller]: Time(nanoseconds=5400000000, clock_type=ROS_TIME)
[mavic_controller-7] [DEBUG] [1766070843.916822126] [Mavic_2_PRO_3_Controller]: flag: (-8.734449241039517, 7.832044723519953, 4.025302324447064)
[mavic_controller-7] [DEBUG] [1766070843.916965415] [Mavic_2_PRO_3_Controller]: BODY id: 3, v_b: [ 0.99918368 -0.04039774  1.        ], angular: -0.04040873365779891
[mavic_controller-5] [DEBUG] [1766070843.916848867] [Mavic_2_PRO_2_Controller]: Time(nanoseconds=5400000000, clock_type=ROS_TIME)
[mavic_controller-5] [DEBUG] [1766070843.917020791] [Mavic_2_PRO_2_Controller]: flag: (-8.734449241039517, 7.832044723519953, 4.025302324447064)
[mavic_controller-7] [DEBUG] [1766070843.917106856] [Mavic_2_PRO_3_Controller]: WORLD id: 3, v: [-0.83011134  0.55759767  1.        ]
[mavic_controller-7] [DEBUG] [1766070843.917246340] [Mavic_2_PRO_3_Controller]: id: 3, gps: (-0.49449240789755977, 2.480748563159374, 0.9665674941536173)
[mavic_controller-5] [DEBUG] [1766070843.917167134] [Mavic_2_PRO_2_Controller]: BODY id: 2, v_b: [ 0.99950253 -0.0315388   1.        ], angular: -0.031544034710684926
[mavic_controller-5] [DEBUG] [1766070843.917311800] [Mavic_2_PRO_2_Controller]: WORLD id: 2, v: [-0.79601804  0.6052729   1.        ]
[mavic_controller-7] [DEBUG] [1766070843.917407519] [Mavic_2_PRO_3_Controller]: id: 3, vel: (-0.498097060768353, 0.3773748513417068, 0.3284604522413093)
[mavic_controller-5] [DEBUG] [1766070843.917472963] [Mavic_2_PRO_2_Controller]: id: 2, gps: (-0.4578825559063541, 1.5229629899243886, 0.9683985790210983)
[mavic_controller-5] [DEBUG] [1766070843.917645756] [Mavic_2_PRO_2_Controller]: id: 2, vel: (-0.4697521365168374, 0.41340769670402483, 0.3286114401948718)
[mavic_controller-3] [DEBUG] [1766070843.918267441] [Mavic_2_PRO_1_Controller]: Time(nanoseconds=5400000000, clock_type=ROS_TIME)
[mavic_controller-3] [DEBUG] [1766070843.918653427] [Mavic_2_PRO_1_Controller]: flag: (-8.734449241039517, 7.832044723519953, 4.025302324447064)
[mavic_controller-3] [DEBUG] [1766070843.918941138] [Mavic_2_PRO_1_Controller]: BODY id: 1, v_b: [ 0.99959844 -0.02833656  1.        ], angular: -0.02834035412747492
[mavic_controller-3] [DEBUG] [1766070843.919124713] [Mavic_2_PRO_1_Controller]: WORLD id: 1, v: [-0.75942756  0.65059187  1.        ]
[mavic_controller-3] [DEBUG] [1766070843.919274644] [Mavic_2_PRO_1_Controller]: id: 1, gps: (-0.4304698807323245, 0.5538438898615274, 0.9601459961539747)
[mavic_controller-3] [DEBUG] [1766070843.919425854] [Mavic_2_PRO_1_Controller]: id: 1, vel: (-0.43500611629538516, 0.44288044516051905, 0.32854490503777434)
[mavic_controller-7] [DEBUG] [1766070843.929549583] [Mavic_2_PRO_3_Controller]: Time(nanoseconds=5504000000, clock_type=ROS_TIME)
[mavic_controller-3] [DEBUG] [1766070843.929706349] [Mavic_2_PRO_1_Controller]: Time(nanoseconds=5504000000, clock_type=ROS_TIME)
[mavic_controller-7] [DEBUG] [1766070843.929723328] [Mavic_2_PRO_3_Controller]: flag: (-8.734449241039517, 7.832044723519953, 4.025302324447064)
[mavic_controller-3] [DEBUG] [1766070843.929888157] [Mavic_2_PRO_1_Controller]: flag: (-8.734449241039517, 7.832044723519953, 4.025302324447064)
[mavic_controller-7] [DEBUG] [1766070843.929898168] [Mavic_2_PRO_3_Controller]: BODY id: 3, v_b: [ 0.99936423 -0.03565291  1.        ], angular: -0.035660466564384305
[mavic_controller-7] [DEBUG] [1766070843.930056403] [Mavic_2_PRO_3_Controller]: WORLD id: 3, v: [-0.82952268  0.55847302  1.        ]
[mavic_controller-3] [DEBUG] [1766070843.930062954] [Mavic_2_PRO_1_Controller]: BODY id: 1, v_b: [ 0.99982249 -0.01884126  1.        ], angular: -0.018842378689374398
[mavic_controller-7] [DEBUG] [1766070843.930200950] [Mavic_2_PRO_3_Controller]: id: 3, gps: (-0.543490493382461, 2.5179500875592336, 0.9982362169022477)
[mavic_controller-3] [DEBUG] [1766070843.930226493] [Mavic_2_PRO_1_Controller]: WORLD id: 1, v: [-0.76063551  0.64917919  1.        ]
[mavic_controller-7] [DEBUG] [1766070843.930342985] [Mavic_2_PRO_3_Controller]: id: 3, vel: (-0.5154781035284575, 0.39209214855595875, 0.32771688263692944)
[mavic_controller-3] [DEBUG] [1766070843.930375895] [Mavic_2_PRO_1_Controller]: id: 1, gps: (-0.480673439900864, 0.6051095660910485, 0.9970875626550494)
[mavic_controller-5] [DEBUG] [1766070843.930423957] [Mavic_2_PRO_2_Controller]: Time(nanoseconds=5504000000, clock_type=ROS_TIME)
[mavic_controller-3] [DEBUG] [1766070843.930550530] [Mavic_2_PRO_1_Controller]: id: 1, vel: (-0.45387085837256236, 0.46447473869993544, 0.3276048105289112)
[mavic_controller-5] [DEBUG] [1766070843.930819689] [Mavic_2_PRO_2_Controller]: flag: (-8.734449241039517, 7.832044723519953, 4.025302324447064)
[mavic_controller-5] [DEBUG] [1766070843.931168907] [Mavic_2_PRO_2_Controller]: BODY id: 2, v_b: [ 0.99964025 -0.02682113  1.        ], angular: -0.026824346434006566
[mavic_controller-5] [DEBUG] [1766070843.931541650] [Mavic_2_PRO_2_Controller]: WORLD id: 2, v: [-0.795364    0.60613209  1.        ]
[mavic_controller-5] [DEBUG] [1766070843.931896989] [Mavic_2_PRO_2_Controller]: id: 2, gps: (-0.500179988834579, 1.56025091234486, 0.9974435600238527)
[mavic_controller-5] [DEBUG] [1766070843.932239717] [Mavic_2_PRO_2_Controller]: id: 2, vel: (-0.4847889015457876, 0.4279578797946618, 0.32791329436234234)
[mavic_controller-7] [DEBUG] [1766070843.943394765] [Mavic_2_PRO_3_Controller]: Time(nanoseconds=5600000000, clock_type=ROS_TIME)
[mavic_controller-3] [DEBUG] [1766070843.943394901] [Mavic_2_PRO_1_Controller]: Time(nanoseconds=5600000000, clock_type=ROS_TIME)
[mavic_controller-7] [DEBUG] [1766070843.943594196] [Mavic_2_PRO_3_Controller]: flag: (-8.734449241039517, 7.832044723519953, 4.025302324447064)
[mavic_controller-7] [DEBUG] [1766070843.943749392] [Mavic_2_PRO_3_Controller]: BODY id: 3, v_b: [ 0.99951074 -0.03127753  1.        ], angular: -0.03128263235184247
[mavic_controller-7] [DEBUG] [1766070843.943904508] [Mavic_2_PRO_3_Controller]: WORLD id: 3, v: [-0.82885209  0.5594678   1.        ]
[mavic_controller-3] [DEBUG] [1766070843.943597234] [Mavic_2_PRO_1_Controller]: flag: (-8.734449241039517, 7.832044723519953, 4.025302324447064)
[mavic_controller-3] [DEBUG] [1766070843.943751772] [Mavic_2_PRO_1_Controller]: BODY id: 1, v_b: [ 0.99993921 -0.011026    1.        ], angular: -0.011026220856746234
[mavic_controller-3] [DEBUG] [1766070843.943904299] [Mavic_2_PRO_1_Controller]: WORLD id: 1, v: [-0.76183698  0.6477688   1.        ]
[mavic_controller-7] [DEBUG] [1766070843.944048710] [Mavic_2_PRO_3_Controller]: id: 3, gps: (-0.5984241795468416, 2.5598282974125492, 1.0324624196006462)
[mavic_controller-7] [DEBUG] [1766070843.944190780] [Mavic_2_PRO_3_Controller]: id: 3, vel: (-0.5335649214443461, 0.40754781816018903, 0.3269057027620046)
[mavic_controller-3] [DEBUG] [1766070843.944052991] [Mavic_2_PRO_1_Controller]: id: 1, gps: (-0.529028049864764, 0.6547012317287845, 1.0313026554596418)
[mavic_controller-3] [DEBUG] [1766070843.944204358] [Mavic_2_PRO_1_Controller]: id: 1, vel: (-0.46957418625726205, 0.4824372013860851, 0.3268056952768041)
[mavic_controller-5] [DEBUG] [1766070843.944562787] [Mavic_2_PRO_2_Controller]: Time(nanoseconds=5608000000, clock_type=ROS_TIME)
[mavic_controller-5] [DEBUG] [1766070843.944946870] [Mavic_2_PRO_2_Controller]: flag: (-8.734449241039517, 7.832044723519953, 4.025302324447064)
[mavic_controller-5] [DEBUG] [1766070843.945297963] [Mavic_2_PRO_2_Controller]: BODY id: 2, v_b: [ 0.99976307 -0.02176696  1.        ], angular: -0.021768676091029802
[mavic_controller-5] [DEBUG] [1766070843.945656512] [Mavic_2_PRO_2_Controller]: WORLD id: 2, v: [-0.79560047  0.60582166  1.        ]
[mavic_controller-5] [DEBUG] [1766070843.946011162] [Mavic_2_PRO_2_Controller]: id: 2, gps: (-0.5437805705866523, 1.598809642057435, 1.026426825783595)
[mavic_controller-5] [DEBUG] [1766070843.946355670] [Mavic_2_PRO_2_Controller]: id: 2, vel: (-0.49928319997471904, 0.4421291449751018, 0.3272158347703539)
[mavic_controller-7] [DEBUG] [1766070843.955545371] [Mavic_2_PRO_3_Controller]: Time(nanoseconds=5704000000, clock_type=ROS_TIME)
