[mavic_controller-5] [DEBUG] [1766071032.093356856] [Mavic_2_PRO_2_Controller]: BODY id: 2, v_b: [ 1.08401639 -0.51179296 -1.90687457], angular: -0.44110128433098816
[mavic_controller-5] [DEBUG] [1766071032.093707317] [Mavic_2_PRO_2_Controller]: WORLD id: 2, v: [-1.17541414 -0.23542549 -1.90687457]
[mavic_controller-5] [DEBUG] [1766071032.094058922] [Mavic_2_PRO_2_Controller]: id: 2, gps: (-7.585964018201207, -5.123004260973663, 3.2070178290888647)
[mavic_controller-5] [DEBUG] [1766071032.094403671] [Mavic_2_PRO_2_Controller]: id: 2, vel: (-1.6525145846954417, -0.6167185373100352, -2.6987020635492054)
[mavic_controller-3] [INFO] [1766071032.101469152] [Mavic_2_PRO_1_Controller]: theta: 1.5707963267948966
[mavic_controller-7] [INFO] [1766071032.101536239] [Mavic_2_PRO_3_Controller]: theta: 1.5707963267948966
[mavic_controller-5] [DEBUG] [1766071032.101809333] [Mavic_2_PRO_2_Controller]: Time(nanoseconds=15000000000, clock_type=ROS_TIME)
[mavic_controller-3] [DEBUG] [1766071032.101834167] [Mavic_2_PRO_1_Controller]: Time(nanoseconds=15000000000, clock_type=ROS_TIME)
[mavic_controller-5] [DEBUG] [1766071032.101980467] [Mavic_2_PRO_2_Controller]: flag: (-4.547114246699788, 4.225384356482628, 4.321008883785762)
[mavic_controller-3] [DEBUG] [1766071032.101993876] [Mavic_2_PRO_1_Controller]: flag: (-4.547114246699788, 4.225384356482628, 4.321008883785762)
[mavic_controller-7] [DEBUG] [1766071032.101992471] [Mavic_2_PRO_3_Controller]: Time(nanoseconds=15000000000, clock_type=ROS_TIME)
[mavic_controller-5] [DEBUG] [1766071032.102132076] [Mavic_2_PRO_2_Controller]: BODY id: 2, v_b: [ 1.08523518 -0.1086452  -2.83687019], angular: -0.09977966617565201
[mavic_controller-3] [DEBUG] [1766071032.102143778] [Mavic_2_PRO_1_Controller]: BODY id: 1, v_b: [ 0.08695177 -0.92000377  0.38214192], angular: -1.4765638365699802
[mavic_controller-7] [DEBUG] [1766071032.102154006] [Mavic_2_PRO_3_Controller]: flag: (-4.547114246699788, 4.225384356482628, 4.321008883785762)
[mavic_controller-5] [DEBUG] [1766071032.102283583] [Mavic_2_PRO_2_Controller]: WORLD id: 2, v: [-1.04881367 -0.29921407 -2.83687019]
[mavic_controller-3] [DEBUG] [1766071032.102292983] [Mavic_2_PRO_1_Controller]: WORLD id: 1, v: [-0.10999183  0.91753439  0.38214192]
[mavic_controller-7] [DEBUG] [1766071032.102304752] [Mavic_2_PRO_3_Controller]: BODY id: 3, v_b: [ 0.27018023 -0.90464387  0.32957869], angular: -1.280570058167164
[mavic_controller-5] [DEBUG] [1766071032.102432958] [Mavic_2_PRO_2_Controller]: id: 2, gps: (-7.709600203056386, -5.1790131142992255, 2.9505906740415284)
[mavic_controller-3] [DEBUG] [1766071032.102440112] [Mavic_2_PRO_1_Controller]: id: 1, gps: (-7.446643993404592, -6.027286113996134, 3.8363416620630963)
[mavic_controller-7] [DEBUG] [1766071032.102451394] [Mavic_2_PRO_3_Controller]: WORLD id: 3, v: [0.03571148 0.94345248 0.32957869]
[mavic_controller-7] [DEBUG] [1766071032.102624388] [Mavic_2_PRO_3_Controller]: id: 3, gps: (-7.016304964426055, -4.24658961985227, 3.8702600779464555)
[mavic_controller-7] [DEBUG] [1766071032.102773675] [Mavic_2_PRO_3_Controller]: id: 3, vel: (-0.5577444399836086, -0.05932495890889916, 0.23025808689929209)
[mavic_controller-3] [DEBUG] [1766071032.102652669] [Mavic_2_PRO_1_Controller]: id: 1, vel: (-0.6047458215461864, -0.15218774578387284, 0.1913435555860265)
[mavic_controller-5] [DEBUG] [1766071032.102678708] [Mavic_2_PRO_2_Controller]: id: 2, vel: (-1.3925282466582123, -0.6126439804489443, -3.7220944412921773)
[mavic_controller-7] [INFO] [1766071032.116614941] [Mavic_2_PRO_3_Controller]: theta: 1.5707963267948966
[mavic_controller-7] [DEBUG] [1766071032.117049422] [Mavic_2_PRO_3_Controller]: Time(nanoseconds=15104000000, clock_type=ROS_TIME)
[mavic_controller-7] [DEBUG] [1766071032.117208916] [Mavic_2_PRO_3_Controller]: flag: (-4.547114246699788, 4.225384356482628, 4.321008883785762)
[mavic_controller-7] [DEBUG] [1766071032.117357145] [Mavic_2_PRO_3_Controller]: BODY id: 3, v_b: [ 0.2957938  -0.90980927  0.29112389], angular: -1.2564592690095875
[mavic_controller-7] [DEBUG] [1766071032.117505042] [Mavic_2_PRO_3_Controller]: WORLD id: 3, v: [0.10768408 0.95060561 0.29112389]
[mavic_controller-7] [DEBUG] [1766071032.117678530] [Mavic_2_PRO_3_Controller]: id: 3, gps: (-7.073400270558114, -4.2501418990978745, 3.8948083831863385)
[mavic_controller-7] [DEBUG] [1766071032.117828289] [Mavic_2_PRO_3_Controller]: id: 3, vel: (-0.5350496295471969, -0.012414704160730844, 0.23844767605700612)
[mavic_controller-3] [INFO] [1766071032.117858129] [Mavic_2_PRO_1_Controller]: theta: 1.5707963267948966
[mavic_controller-5] [DEBUG] [1766071032.118140145] [Mavic_2_PRO_2_Controller]: Time(nanoseconds=15104000000, clock_type=ROS_TIME)
[mavic_controller-5] [DEBUG] [1766071032.118508536] [Mavic_2_PRO_2_Controller]: flag: (-4.547114246699788, 4.225384356482628, 4.321008883785762)
[mavic_controller-3] [DEBUG] [1766071032.118560773] [Mavic_2_PRO_1_Controller]: Time(nanoseconds=15104000000, clock_type=ROS_TIME)
[mavic_controller-3] [DEBUG] [1766071032.118759910] [Mavic_2_PRO_1_Controller]: flag: (-4.547114246699788, 4.225384356482628, 4.321008883785762)
[mavic_controller-5] [DEBUG] [1766071032.118895304] [Mavic_2_PRO_2_Controller]: BODY id: 2, v_b: [ 0.70440195 -1.31365693 -3.42188734], angular: -1.0785985269578697
[mavic_controller-3] [DEBUG] [1766071032.118969117] [Mavic_2_PRO_1_Controller]: BODY id: 1, v_b: [ 0.11969145 -0.92650541  0.35673755], angular: -1.4423219592689798
[mavic_controller-3] [DEBUG] [1766071032.119115772] [Mavic_2_PRO_1_Controller]: WORLD id: 1, v: [-0.05133213  0.9327933   0.35673755]
[mavic_controller-5] [DEBUG] [1766071032.119243402] [Mavic_2_PRO_2_Controller]: WORLD id: 2, v: [-1.44618976 -0.36112574 -3.42188734]
[mavic_controller-3] [DEBUG] [1766071032.119258994] [Mavic_2_PRO_1_Controller]: id: 1, gps: (-7.5088119085676395, -6.040769171784425, 3.8568584813360687)
[mavic_controller-3] [DEBUG] [1766071032.119401739] [Mavic_2_PRO_1_Controller]: id: 1, vel: (-0.5849340747309808, -0.10894936060414058, 0.20071147873963843)
[mavic_controller-5] [DEBUG] [1766071032.119588004] [Mavic_2_PRO_2_Controller]: id: 2, gps: (-7.950084751989371, -5.227932058922418, 2.3482224225187185)
[mavic_controller-5] [DEBUG] [1766071032.119937555] [Mavic_2_PRO_2_Controller]: id: 2, vel: (-1.8081683794743744, -0.625177650576061, -4.3158940917249735)
[mavic_controller-3] [INFO] [1766071032.130887420] [Mavic_2_PRO_1_Controller]: theta: 1.5707963267948966
[mavic_controller-7] [DEBUG] [1766071032.130968240] [Mavic_2_PRO_3_Controller]: Time(nanoseconds=15200000000, clock_type=ROS_TIME)
[mavic_controller-5] [DEBUG] [1766071032.131032310] [Mavic_2_PRO_2_Controller]: Time(nanoseconds=15200000000, clock_type=ROS_TIME)
[mavic_controller-7] [DEBUG] [1766071032.131142191] [Mavic_2_PRO_3_Controller]: flag: (-4.547114246699788, 4.225384356482628, 4.321008883785762)
[mavic_controller-5] [DEBUG] [1766071032.131203815] [Mavic_2_PRO_2_Controller]: flag: (-4.547114246699788, 4.225384356482628, 4.321008883785762)
[mavic_controller-3] [DEBUG] [1766071032.131283156] [Mavic_2_PRO_1_Controller]: Time(nanoseconds=15200000000, clock_type=ROS_TIME)
[mavic_controller-7] [DEBUG] [1766071032.131292336] [Mavic_2_PRO_3_Controller]: BODY id: 3, v_b: [ 0.26469393 -0.7536417   0.20940467], angular: -1.2330351955288503
[mavic_controller-5] [DEBUG] [1766071032.131352138] [Mavic_2_PRO_2_Controller]: BODY id: 2, v_b: [ 1.07458715 -0.27780599 -4.70411405], angular: -0.252984517315827
[mavic_controller-3] [DEBUG] [1766071032.131437695] [Mavic_2_PRO_1_Controller]: flag: (-4.547114246699788, 4.225384356482628, 4.321008883785762)
[mavic_controller-7] [DEBUG] [1766071032.131441753] [Mavic_2_PRO_3_Controller]: WORLD id: 3, v: [0.14271069 0.78592134 0.20940467]
[mavic_controller-5] [DEBUG] [1766071032.131499084] [Mavic_2_PRO_2_Controller]: WORLD id: 2, v: [-1.02803626 -0.41839591 -4.70411405]
[mavic_controller-7] [DEBUG] [1766071032.131601956] [Mavic_2_PRO_3_Controller]: id: 3, gps: (-7.123899595453918, -4.249055093401454, 3.918166253044424)
[mavic_controller-3] [DEBUG] [1766071032.131608014] [Mavic_2_PRO_1_Controller]: BODY id: 1, v_b: [ 0.14787913 -0.93229444  0.33008915], angular: -1.4134883816455872
[mavic_controller-5] [DEBUG] [1766071032.131652841] [Mavic_2_PRO_2_Controller]: id: 2, gps: (-8.095975313955844, -5.306997585252523, 1.8732800432348156)
[mavic_controller-7] [DEBUG] [1766071032.131749957] [Mavic_2_PRO_3_Controller]: id: 3, vel: (-0.5121983573414635, 0.03103751761307754, 0.2446829097765481)
[mavic_controller-5] [DEBUG] [1766071032.131803927] [Mavic_2_PRO_2_Controller]: id: 2, vel: (-1.2566686353898904, -0.6434781440273424, -5.651249322548949)
[mavic_controller-3] [DEBUG] [1766071032.131877847] [Mavic_2_PRO_1_Controller]: WORLD id: 1, v: [0.00818328 0.94391429 0.33008915]
[mavic_controller-3] [DEBUG] [1766071032.132136404] [Mavic_2_PRO_1_Controller]: id: 1, gps: (-7.564309394059321, -6.049176943189416, 3.8767482469626997)
[mavic_controller-3] [DEBUG] [1766071032.132283265] [Mavic_2_PRO_1_Controller]: id: 1, vel: (-0.5656819761715572, -0.06865536664415096, 0.21034898842519817)
[mavic_controller-3] [INFO] [1766071032.142694779] [Mavic_2_PRO_1_Controller]: theta: 1.5707963267948966
[mavic_controller-7] [DEBUG] [1766071032.142773143] [Mavic_2_PRO_3_Controller]: Time(nanoseconds=15304000000, clock_type=ROS_TIME)
[mavic_controller-7] [DEBUG] [1766071032.142955240] [Mavic_2_PRO_3_Controller]: flag: (-4.547114246699788, 4.225384356482628, 4.321008883785762)
[mavic_controller-3] [DEBUG] [1766071032.143101589] [Mavic_2_PRO_1_Controller]: Time(nanoseconds=15304000000, clock_type=ROS_TIME)
[mavic_controller-7] [DEBUG] [1766071032.143109617] [Mavic_2_PRO_3_Controller]: BODY id: 3, v_b: [ 0.32794815 -0.77421235  0.1979845 ], angular: -1.1701210664691466
[mavic_controller-5] [DEBUG] [1766071032.143199443] [Mavic_2_PRO_2_Controller]: Time(nanoseconds=15304000000, clock_type=ROS_TIME)
[mavic_controller-3] [DEBUG] [1766071032.143257642] [Mavic_2_PRO_1_Controller]: flag: (-4.547114246699788, 4.225384356482628, 4.321008883785762)
[mavic_controller-7] [DEBUG] [1766071032.143262318] [Mavic_2_PRO_3_Controller]: WORLD id: 3, v: [0.17797428 0.82175416 0.1979845 ]
[mavic_controller-5] [DEBUG] [1766071032.143375099] [Mavic_2_PRO_2_Controller]: flag: (-4.547114246699788, 4.225384356482628, 4.321008883785762)
[mavic_controller-3] [DEBUG] [1766071032.143404878] [Mavic_2_PRO_1_Controller]: BODY id: 1, v_b: [ 0.17737685 -0.93828128  0.29692707], angular: -1.3839568216070486
[mavic_controller-7] [DEBUG] [1766071032.143412367] [Mavic_2_PRO_3_Controller]: id: 3, gps: (-7.176026503096274, -4.243290909915853, 3.9441280679011608)
[mavic_controller-5] [DEBUG] [1766071032.143527099] [Mavic_2_PRO_2_Controller]: BODY id: 2, v_b: [-0.85251533 -1.28199362 -4.86832594], angular: -2.157638559496765
[mavic_controller-3] [DEBUG] [1766071032.143547633] [Mavic_2_PRO_1_Controller]: WORLD id: 1, v: [0.07643524 0.9518361  0.29692707]
[mavic_controller-7] [DEBUG] [1766071032.143563875] [Mavic_2_PRO_3_Controller]: id: 3, vel: (-0.48550097576071377, 0.07546671625508712, 0.25142262453528774)
[mavic_controller-5] [DEBUG] [1766071032.143722910] [Mavic_2_PRO_2_Controller]: WORLD id: 2, v: [-1.5267841  -0.19804125 -4.86832594]
[mavic_controller-5] [DEBUG] [1766071032.143889957] [Mavic_2_PRO_2_Controller]: id: 2, gps: (-8.258834857269727, -5.337710902029474, 1.2588657366660074)
[mavic_controller-3] [DEBUG] [1766071032.143727087] [Mavic_2_PRO_1_Controller]: id: 1, gps: (-7.6222471739786615, -6.053880807988236, 3.8992693570589805)
[mavic_controller-3] [DEBUG] [1766071032.143888267] [Mavic_2_PRO_1_Controller]: id: 1, vel: (-0.5431064749558279, -0.024813936767899974, 0.2193510870137566)
[mavic_controller-5] [DEBUG] [1766071032.144042188] [Mavic_2_PRO_2_Controller]: id: 2, vel: (-1.8281184354077147, -0.37838162831153543, -5.8046351712541435)
[mavic_controller-3] [INFO] [1766071032.155492738] [Mavic_2_PRO_1_Controller]: theta: 1.5707963267948966
[mavic_controller-5] [DEBUG] [1766071032.155651416] [Mavic_2_PRO_2_Controller]: Time(nanoseconds=15400000000, clock_type=ROS_TIME)
[mavic_controller-5] [DEBUG] [1766071032.155836361] [Mavic_2_PRO_2_Controller]: flag: (-4.547114246699788, 4.225384356482628, 4.321008883785762)
[mavic_controller-5] [DEBUG] [1766071032.155996963] [Mavic_2_PRO_2_Controller]: BODY id: 2, v_b: [ 1.25292333  0.0155035  -5.79878092], angular: 0.01237322955153034
[mavic_controller-5] [DEBUG] [1766071032.156146323] [Mavic_2_PRO_2_Controller]: WORLD id: 2, v: [-1.10537521 -0.59008717 -5.79878092]
[mavic_controller-7] [DEBUG] [1766071032.155730783] [Mavic_2_PRO_3_Controller]: Time(nanoseconds=15400000000, clock_type=ROS_TIME)
[mavic_controller-7] [DEBUG] [1766071032.155939942] [Mavic_2_PRO_3_Controller]: flag: (-4.547114246699788, 4.225384356482628, 4.321008883785762)
[mavic_controller-7] [DEBUG] [1766071032.156096544] [Mavic_2_PRO_3_Controller]: BODY id: 3, v_b: [ 0.38955307 -0.78984759  0.18549239], angular: -1.1126032533232406
[mavic_controller-3] [DEBUG] [1766071032.155920445] [Mavic_2_PRO_1_Controller]: Time(nanoseconds=15400000000, clock_type=ROS_TIME)
[mavic_controller-3] [DEBUG] [1766071032.156080206] [Mavic_2_PRO_1_Controller]: flag: (-4.547114246699788, 4.225384356482628, 4.321008883785762)
[mavic_controller-3] [DEBUG] [1766071032.156223824] [Mavic_2_PRO_1_Controller]: BODY id: 1, v_b: [ 0.20275665 -0.94346429  0.26223056], angular: -1.359109494026988
[mavic_controller-3] [DEBUG] [1766071032.156367326] [Mavic_2_PRO_1_Controller]: WORLD id: 1, v: [0.14293996 0.95436015 0.26223056]
[mavic_controller-3] [DEBUG] [1766071032.156507401] [Mavic_2_PRO_1_Controller]: id: 1, gps: (-7.673526360211725, -6.0541480914870744, 3.920824968137604)
[mavic_controller-7] [DEBUG] [1766071032.156246395] [Mavic_2_PRO_3_Controller]: WORLD id: 3, v: [0.21194437 0.8548043  0.18549239]
[mavic_controller-7] [DEBUG] [1766071032.156398128] [Mavic_2_PRO_3_Controller]: id: 3, gps: (-7.221475973467401, -4.2338289193904695, 3.9686107765525676)
[mavic_controller-5] [DEBUG] [1766071032.156294595] [Mavic_2_PRO_2_Controller]: id: 2, gps: (-8.415063984219358, -5.406545597263716, 0.661994906197986)
[mavic_controller-5] [DEBUG] [1766071032.156442623] [Mavic_2_PRO_2_Controller]: id: 2, vel: (-1.312926131563022, -0.8032596474357806, -6.753495591422903)
[mavic_controller-7] [DEBUG] [1766071032.156600949] [Mavic_2_PRO_3_Controller]: id: 3, vel: (-0.45822961892418507, 0.11586990490799286, 0.25508248894702595)
[mavic_controller-3] [DEBUG] [1766071032.156684824] [Mavic_2_PRO_1_Controller]: id: 1, vel: (-0.5202627555709972, 0.015685932422154603, 0.22650414472865418)
[mavic_controller-7] [DEBUG] [1766071032.170256458] [Mavic_2_PRO_3_Controller]: Time(nanoseconds=15504000000, clock_type=ROS_TIME)
[mavic_controller-3] [DEBUG] [1766071032.170274646] [Mavic_2_PRO_1_Controller]: Time(nanoseconds=15504000000, clock_type=ROS_TIME)
[mavic_controller-7] [DEBUG] [1766071032.170434581] [Mavic_2_PRO_3_Controller]: flag: (-4.547114246699788, 4.225384356482628, 4.321008883785762)
[mavic_controller-7] [DEBUG] [1766071032.170612226] [Mavic_2_PRO_3_Controller]: BODY id: 3, v_b: [ 0.45938663 -0.80123918  0.17025289], angular: -1.050206566898226
[mavic_controller-3] [DEBUG] [1766071032.170437396] [Mavic_2_PRO_1_Controller]: flag: (-4.547114246699788, 4.225384356482628, 4.321008883785762)
[mavic_controller-3] [DEBUG] [1766071032.170618760] [Mavic_2_PRO_1_Controller]: BODY id: 1, v_b: [ 0.21056351 -0.79925323  0.19551089], angular: -1.3131991522245163
[mavic_controller-5] [DEBUG] [1766071032.170534555] [Mavic_2_PRO_2_Controller]: Time(nanoseconds=15512000000, clock_type=ROS_TIME)
[mavic_controller-7] [DEBUG] [1766071032.170761768] [Mavic_2_PRO_3_Controller]: WORLD id: 3, v: [0.24890661 0.8894188  0.17025289]
[mavic_controller-7] [DEBUG] [1766071032.170913618] [Mavic_2_PRO_3_Controller]: id: 3, gps: (-7.267727137464371, -4.219321285580794, 3.9954238455802167)
[mavic_controller-3] [DEBUG] [1766071032.170763521] [Mavic_2_PRO_1_Controller]: WORLD id: 1, v: [0.16714359 0.8094478  0.19551089]
[mavic_controller-3] [DEBUG] [1766071032.170909424] [Mavic_2_PRO_1_Controller]: id: 1, gps: (-7.726463888457428, -6.050025639799338, 3.9449319455672556)
[mavic_controller-5] [DEBUG] [1766071032.170830932] [Mavic_2_PRO_2_Controller]: flag: (-4.547114246699788, 4.225384356482628, 4.321008883785762)
[mavic_controller-3] [DEBUG] [1766071032.171060032] [Mavic_2_PRO_1_Controller]: id: 1, vel: (-0.49322881494597776, 0.05949291935694696, 0.23392904227729105)
[mavic_controller-7] [DEBUG] [1766071032.171061287] [Mavic_2_PRO_3_Controller]: id: 3, vel: (-0.4276376435396743, 0.1582233592370835, 0.25766627222160826)
[mavic_controller-5] [DEBUG] [1766071032.171103309] [Mavic_2_PRO_2_Controller]: BODY id: 2, v_b: [ 0.86395879 -0.50762627  1.16273425], angular: -0.5312210550937753
[mavic_controller-5] [DEBUG] [1766071032.171255179] [Mavic_2_PRO_2_Controller]: WORLD id: 2, v: [ 0.6506992  -0.7620366   1.16273425]
[mavic_controller-5] [DEBUG] [1766071032.171411989] [Mavic_2_PRO_2_Controller]: id: 2, gps: (-8.487645668493862, -5.505030083102372, 0.187707083567063)
[mavic_controller-5] [DEBUG] [1766071032.171575166] [Mavic_2_PRO_2_Controller]: id: 2, vel: (0.8108800691640539, -1.7445738106980926, 1.257405886367708)
[mavic_controller-5] [DEBUG] [1766071032.184705290] [Mavic_2_PRO_2_Controller]: Time(nanoseconds=15600000000, clock_type=ROS_TIME)
[mavic_controller-3] [DEBUG] [1766071032.184780972] [Mavic_2_PRO_1_Controller]: Time(nanoseconds=15600000000, clock_type=ROS_TIME)
[mavic_controller-5] [DEBUG] [1766071032.184924398] [Mavic_2_PRO_2_Controller]: flag: (-4.547114246699788, 4.225384356482628, 4.321008883785762)
[mavic_controller-5] [DEBUG] [1766071032.185081255] [Mavic_2_PRO_2_Controller]: BODY id: 2, v_b: [ 0.6563044  -0.7774993   0.99035062], angular: -0.8697245529741008
[mavic_controller-3] [DEBUG] [1766071032.184973663] [Mavic_2_PRO_1_Controller]: flag: (-4.547114246699788, 4.225384356482628, 4.321008883785762)
[mavic_controller-3] [DEBUG] [1766071032.185153650] [Mavic_2_PRO_1_Controller]: BODY id: 1, v_b: [ 0.27352829 -0.82003168  0.18504424], angular: -1.2488434111835136
[mavic_controller-5] [DEBUG] [1766071032.185244489] [Mavic_2_PRO_2_Controller]: WORLD id: 2, v: [ 0.879147   -0.51219253  0.99035062]
[mavic_controller-5] [DEBUG] [1766071032.185398326] [Mavic_2_PRO_2_Controller]: id: 2, gps: (-8.378796839100067, -5.659071365475272, 0.286609793690025)
[mavic_controller-3] [DEBUG] [1766071032.185308068] [Mavic_2_PRO_1_Controller]: WORLD id: 1, v: [0.19876744 0.84128543 0.18504424]
[mavic_controller-3] [DEBUG] [1766071032.185462672] [Mavic_2_PRO_1_Controller]: id: 1, gps: (-7.772760854751746, -6.042277410668058, 3.967884637298635)
[mavic_controller-5] [DEBUG] [1766071032.185562562] [Mavic_2_PRO_2_Controller]: id: 2, vel: (1.2165066098068422, -1.4535473779094785, 0.9840626755609412)
[mavic_controller-3] [DEBUG] [1766071032.185610767] [Mavic_2_PRO_1_Controller]: id: 1, vel: (-0.4672408036964507, 0.09744319000334029, 0.24100618872274124)
[mavic_controller-7] [DEBUG] [1766071032.186372691] [Mavic_2_PRO_3_Controller]: Time(nanoseconds=15600000000, clock_type=ROS_TIME)
[mavic_controller-7] [DEBUG] [1766071032.186748509] [Mavic_2_PRO_3_Controller]: flag: (-4.547114246699788, 4.225384356482628, 4.321008883785762)
[mavic_controller-7] [DEBUG] [1766071032.187110533] [Mavic_2_PRO_3_Controller]: BODY id: 3, v_b: [ 0.52612357 -0.80816134  0.15449599], angular: -0.9937092833907958
[mavic_controller-7] [DEBUG] [1766071032.187475850] [Mavic_2_PRO_3_Controller]: WORLD id: 3, v: [0.28413728 0.92151873 0.15449599]
[mavic_controller-7] [DEBUG] [1766071032.187832819] [Mavic_2_PRO_3_Controller]: id: 3, gps: (-7.307463170397394, -4.201960807707607, 4.02045699157471)
[mavic_controller-7] [DEBUG] [1766071032.188181794] [Mavic_2_PRO_3_Controller]: id: 3, vel: (-0.39775896966322577, 0.19779725454514469, 0.2605371353188213)
[mavic_controller-3] [DEBUG] [1766071032.210762179] [Mavic_2_PRO_1_Controller]: Time(nanoseconds=15704000000, clock_type=ROS_TIME)
[mavic_controller-5] [DEBUG] [1766071032.210818149] [Mavic_2_PRO_2_Controller]: Time(nanoseconds=15704000000, clock_type=ROS_TIME)
[mavic_controller-3] [DEBUG] [1766071032.211033846] [Mavic_2_PRO_1_Controller]: flag: (-4.547114246699788, 4.225384356482628, 4.321008883785762)
[mavic_controller-3] [DEBUG] [1766071032.211256017] [Mavic_2_PRO_1_Controller]: BODY id: 1, v_b: [ 0.34594183 -0.83843634  0.17155429], angular: -1.1794722444613277
[mavic_controller-5] [DEBUG] [1766071032.211111649] [Mavic_2_PRO_2_Controller]: flag: (-4.547114246699788, 4.225384356482628, 4.321008883785762)
[mavic_controller-5] [DEBUG] [1766071032.211346221] [Mavic_2_PRO_2_Controller]: BODY id: 2, v_b: [-0.25320365 -0.88648656  0.88335051], angular: -1.8490144010072957
[mavic_controller-3] [DEBUG] [1766071032.211475865] [Mavic_2_PRO_1_Controller]: WORLD id: 1, v: [0.23445462 0.8761748  0.17155429]
[mavic_controller-5] [DEBUG] [1766071032.211575984] [Mavic_2_PRO_2_Controller]: WORLD id: 2, v: [ 0.55365239 -0.73718352  0.88335051]
[mavic_controller-5] [DEBUG] [1766071032.211853064] [Mavic_2_PRO_2_Controller]: id: 2, gps: (-8.269025847001085, -5.809430477894655, 0.38551662433819733)
[mavic_controller-5] [DEBUG] [1766071032.212082107] [Mavic_2_PRO_2_Controller]: id: 2, vel: (0.6753862327540159, -1.7273474298936276, 0.8143845673473624)
[mavic_controller-3] [DEBUG] [1766071032.211729328] [Mavic_2_PRO_1_Controller]: id: 1, gps: (-7.819911406793709, -6.029698791760227, 3.9934073681168023)
[mavic_controller-3] [DEBUG] [1766071032.211962356] [Mavic_2_PRO_1_Controller]: id: 1, vel: (-0.4365629724027309, 0.13851377403936277, 0.24633127519808493)
[mavic_controller-7] [DEBUG] [1766071032.211982309] [Mavic_2_PRO_3_Controller]: Time(nanoseconds=15704000000, clock_type=ROS_TIME)
[mavic_controller-7] [DEBUG] [1766071032.212557769] [Mavic_2_PRO_3_Controller]: flag: (-4.547114246699788, 4.225384356482628, 4.321008883785762)
[mavic_controller-7] [DEBUG] [1766071032.213107448] [Mavic_2_PRO_3_Controller]: BODY id: 3, v_b: [ 0.58826714 -0.80701954  0.1399361 ], angular: -0.9409117813129375
[mavic_controller-7] [DEBUG] [1766071032.213641736] [Mavic_2_PRO_3_Controller]: WORLD id: 3, v: [0.31398129 0.94802665 0.1399361 ]
[mavic_controller-7] [DEBUG] [1766071032.214167766] [Mavic_2_PRO_3_Controller]: id: 3, gps: (-7.3383510953517055, -4.184565686728159, 4.041499890175467)
[mavic_controller-7] [DEBUG] [1766071032.214690120] [Mavic_2_PRO_3_Controller]: id: 3, vel: (-0.37231836102962135, 0.2310596402131012, 0.26221077546974625)
[mavic_controller-5] [DEBUG] [1766071032.222680802] [Mavic_2_PRO_2_Controller]: Time(nanoseconds=15800000000, clock_type=ROS_TIME)
[mavic_controller-3] [DEBUG] [1766071032.222788693] [Mavic_2_PRO_1_Controller]: Time(nanoseconds=15800000000, clock_type=ROS_TIME)
[mavic_controller-5] [DEBUG] [1766071032.222875805] [Mavic_2_PRO_2_Controller]: flag: (-4.547114246699788, 4.225384356482628, 4.321008883785762)
[mavic_controller-5] [DEBUG] [1766071032.223027779] [Mavic_2_PRO_2_Controller]: BODY id: 2, v_b: [ 0.1838814  -1.66745945 -0.37710893], angular: -1.4609637279335552
[mavic_controller-3] [DEBUG] [1766071032.223109183] [Mavic_2_PRO_1_Controller]: flag: (-4.547114246699788, 4.225384356482628, 4.321008883785762)
[mavic_controller-5] [DEBUG] [1766071032.223175333] [Mavic_2_PRO_2_Controller]: WORLD id: 2, v: [ 0.36000901 -1.63848311 -0.37710893]
[mavic_controller-3] [DEBUG] [1766071032.223291418] [Mavic_2_PRO_1_Controller]: BODY id: 1, v_b: [ 0.41635256 -0.84922122  0.15738182], angular: -1.1149583499723643
[mavic_controller-5] [DEBUG] [1766071032.223329861] [Mavic_2_PRO_2_Controller]: id: 2, gps: (-8.232034646466282, -6.020459139788403, 0.3971324395300699)
[mavic_controller-3] [DEBUG] [1766071032.223436938] [Mavic_2_PRO_1_Controller]: WORLD id: 1, v: [0.26719314 0.9072673  0.15738182]
[mavic_controller-5] [DEBUG] [1766071032.223476932] [Mavic_2_PRO_2_Controller]: id: 2, vel: (0.36738926582114007, -2.5206147418856797, -0.8480540555009992)
[mavic_controller-3] [DEBUG] [1766071032.223580313] [Mavic_2_PRO_1_Controller]: id: 1, gps: (-7.860569379183833, -6.014421135528687, 4.017377583533982)
[mavic_controller-7] [DEBUG] [1766071032.223576032] [Mavic_2_PRO_3_Controller]: Time(nanoseconds=15800000000, clock_type=ROS_TIME)
[mavic_controller-3] [DEBUG] [1766071032.223750206] [Mavic_2_PRO_1_Controller]: id: 1, vel: (-0.4073951002180812, 0.17486774430229138, 0.24969429412032007)
[mavic_controller-7] [DEBUG] [1766071032.223954189] [Mavic_2_PRO_3_Controller]: flag: (-4.547114246699788, 4.225384356482628, 4.321008883785762)
[mavic_controller-7] [DEBUG] [1766071032.224296766] [Mavic_2_PRO_3_Controller]: BODY id: 3, v_b: [ 0.62269848 -0.78246189  0.13235285], angular: -0.8986096339465368
[mavic_controller-7] [DEBUG] [1766071032.224651814] [Mavic_2_PRO_3_Controller]: WORLD id: 3, v: [0.31753736 0.94824576 0.13235285]
[mavic_controller-7] [DEBUG] [1766071032.225002450] [Mavic_2_PRO_3_Controller]: id: 3, gps: (-7.358727139474324, -4.170793006822889, 4.056303174672211)
[mavic_controller-7] [DEBUG] [1766071032.225334576] [Mavic_2_PRO_3_Controller]: id: 3, vel: (-0.35365108891187713, 0.254358231042552, 0.26339148172800975)
[mavic_controller-7] [DEBUG] [1766071032.242463852] [Mavic_2_PRO_3_Controller]: Time(nanoseconds=15904000000, clock_type=ROS_TIME)
[mavic_controller-3] [DEBUG] [1766071032.242713220] [Mavic_2_PRO_1_Controller]: Time(nanoseconds=15904000000, clock_type=ROS_TIME)
[mavic_controller-3] [DEBUG] [1766071032.242991849] [Mavic_2_PRO_1_Controller]: flag: (-4.547114246699788, 4.225384356482628, 4.321008883785762)
[mavic_controller-3] [DEBUG] [1766071032.243235652] [Mavic_2_PRO_1_Controller]: BODY id: 1, v_b: [ 0.49519215 -0.85602003  0.14006285], angular: -1.0463491931114854
[mavic_controller-7] [DEBUG] [1766071032.242813472] [Mavic_2_PRO_3_Controller]: flag: (-4.547114246699788, 4.225384356482628, 4.321008883785762)
[mavic_controller-7] [DEBUG] [1766071032.243078656] [Mavic_2_PRO_3_Controller]: BODY id: 3, v_b: [ 0.71002449 -0.70417699  0.11011335], angular: -0.7812633443466713
[mavic_controller-7] [DEBUG] [1766071032.243320532] [Mavic_2_PRO_3_Controller]: WORLD id: 3, v: [0.32477715 0.94579057 0.11011335]
[mavic_controller-5] [DEBUG] [1766071032.242823810] [Mavic_2_PRO_2_Controller]: Time(nanoseconds=15904000000, clock_type=ROS_TIME)
[mavic_controller-5] [DEBUG] [1766071032.243113369] [Mavic_2_PRO_2_Controller]: flag: (-4.547114246699788, 4.225384356482628, 4.321008883785762)
[mavic_controller-5] [DEBUG] [1766071032.243355504] [Mavic_2_PRO_2_Controller]: BODY id: 2, v_b: [ 1.29922607  1.07776761 -1.15961966], angular: 0.6924988795988206
[mavic_controller-3] [DEBUG] [1766071032.243462258] [Mavic_2_PRO_1_Controller]: WORLD id: 1, v: [0.30352575 0.94120012 0.14006285]
[mavic_controller-3] [DEBUG] [1766071032.243735242] [Mavic_2_PRO_1_Controller]: id: 1, gps: (-7.901346320272763, -5.993865628577648, 4.043653313867676)
[mavic_controller-3] [DEBUG] [1766071032.243981340] [Mavic_2_PRO_1_Controller]: id: 1, vel: (-0.37438462174396037, 0.2147442233095035, 0.2527542515778902)
[mavic_controller-7] [DEBUG] [1766071032.243556587] [Mavic_2_PRO_3_Controller]: id: 3, gps: (-7.413418887036591, -4.121643482790106, 4.100782182800468)
[mavic_controller-7] [DEBUG] [1766071032.243852384] [Mavic_2_PRO_3_Controller]: id: 3, vel: (-0.2983567825075046, 0.3201973947808585, 0.26287526438577785)
[mavic_controller-5] [DEBUG] [1766071032.243610627] [Mavic_2_PRO_2_Controller]: WORLD id: 2, v: [ 1.13832662 -1.24650868 -1.15961966]
[mavic_controller-5] [DEBUG] [1766071032.243861031] [Mavic_2_PRO_2_Controller]: id: 2, gps: (-8.140683980807616, -6.261972128138915, 0.22123130436159022)
[mavic_controller-5] [DEBUG] [1766071032.244187275] [Mavic_2_PRO_2_Controller]: id: 2, vel: (1.394083084423149, -1.9352447955115024, -1.8380230821979313)
[mavic_controller-5] [DEBUG] [1766071032.276233245] [Mavic_2_PRO_2_Controller]: Time(nanoseconds=16000000000, clock_type=ROS_TIME)
[mavic_controller-3] [DEBUG] [1766071032.276368231] [Mavic_2_PRO_1_Controller]: Time(nanoseconds=16000000000, clock_type=ROS_TIME)
[mavic_controller-5] [DEBUG] [1766071032.276503872] [Mavic_2_PRO_2_Controller]: flag: (-4.547114246699788, 4.225384356482628, 4.321008883785762)
[mavic_controller-3] [DEBUG] [1766071032.276652895] [Mavic_2_PRO_1_Controller]: flag: (-4.547114246699788, 4.225384356482628, 4.321008883785762)
[mavic_controller-3] [DEBUG] [1766071032.276884482] [Mavic_2_PRO_1_Controller]: BODY id: 1, v_b: [ 0.56439981 -0.82550157  0.12640592], angular: -0.9710903102541583
[mavic_controller-5] [DEBUG] [1766071032.276802290] [Mavic_2_PRO_2_Controller]: BODY id: 2, v_b: [ 0.9276688  0.1307899 -0.1895324], angular: 0.1400645312776372
[mavic_controller-5] [DEBUG] [1766071032.277027890] [Mavic_2_PRO_2_Controller]: WORLD id: 2, v: [ 0.25432214 -0.90166271 -0.1895324 ]
[mavic_controller-3] [DEBUG] [1766071032.277095256] [Mavic_2_PRO_1_Controller]: WORLD id: 1, v: [0.31538193 0.94896483 0.12640592]
[mavic_controller-5] [DEBUG] [1766071032.277266501] [Mavic_2_PRO_2_Controller]: id: 2, gps: (-8.089912018457936, -6.4333649537287, 0.16475956997515023)
[mavic_controller-3] [DEBUG] [1766071032.277316190] [Mavic_2_PRO_1_Controller]: id: 1, gps: (-7.935871484075151, -5.97117774119575, 4.068197041748981)
[mavic_controller-3] [DEBUG] [1766071032.277526984] [Mavic_2_PRO_1_Controller]: id: 1, vel: (-0.3430227106644082, 0.25192012329282176, 0.2552716607291037)
[mavic_controller-5] [DEBUG] [1766071032.277549086] [Mavic_2_PRO_2_Controller]: id: 2, vel: (0.22656184615843372, -1.7425478582404241, -0.7300335900114779)
[mavic_controller-7] [DEBUG] [1766071032.278842636] [Mavic_2_PRO_3_Controller]: Time(nanoseconds=16008000000, clock_type=ROS_TIME)
[mavic_controller-7] [DEBUG] [1766071032.279133955] [Mavic_2_PRO_3_Controller]: flag: (-4.547114246699788, 4.225384356482628, 4.321008883785762)
[mavic_controller-7] [DEBUG] [1766071032.279356733] [Mavic_2_PRO_3_Controller]: BODY id: 3, v_b: [ 0.75187437 -0.6593064   0.09853322], angular: -0.7198958920553101
[mavic_controller-7] [DEBUG] [1766071032.279566248] [Mavic_2_PRO_3_Controller]: WORLD id: 3, v: [0.32833692 0.94456067 0.09853322]
[mavic_controller-7] [DEBUG] [1766071032.279807116] [Mavic_2_PRO_3_Controller]: id: 3, gps: (-7.438069279211021, -4.091324025734351, 4.123942436030198)
[mavic_controller-7] [DEBUG] [1766071032.280015768] [Mavic_2_PRO_3_Controller]: id: 3, vel: (-0.26445203758358143, 0.3582656253404613, 0.26040501211044215)
[mavic_controller-5] [DEBUG] [1766071032.306144756] [Mavic_2_PRO_2_Controller]: Time(nanoseconds=16104000000, clock_type=ROS_TIME)
[mavic_controller-5] [DEBUG] [1766071032.306325597] [Mavic_2_PRO_2_Controller]: flag: (-4.547114246699788, 4.225384356482628, 4.321008883785762)
[mavic_controller-5] [DEBUG] [1766071032.306470585] [Mavic_2_PRO_2_Controller]: BODY id: 2, v_b: [7.60838517e-02 3.21042355e-04 8.34834799e-01], angular: 0.004219560956906333
[mavic_controller-5] [DEBUG] [1766071032.306650352] [Mavic_2_PRO_2_Controller]: WORLD id: 2, v: [-0.05872916 -0.04837087  0.8348348 ]
[mavic_controller-5] [DEBUG] [1766071032.306805237] [Mavic_2_PRO_2_Controller]: id: 2, gps: (-8.098609364322353, -6.542266121363167, 0.235310706147766)
[mavic_controller-5] [DEBUG] [1766071032.306950396] [Mavic_2_PRO_2_Controller]: id: 2, vel: (-0.403828606540216, -0.9743431279142681, 0.6815972143316692)
[mavic_controller-3] [DEBUG] [1766071032.306771338] [Mavic_2_PRO_1_Controller]: Time(nanoseconds=16112000000, clock_type=ROS_TIME)
[mavic_controller-3] [DEBUG] [1766071032.306952919] [Mavic_2_PRO_1_Controller]: flag: (-4.547114246699788, 4.225384356482628, 4.321008883785762)
[mavic_controller-3] [DEBUG] [1766071032.307098376] [Mavic_2_PRO_1_Controller]: BODY id: 1, v_b: [ 0.63160849 -0.77528751  0.11301625], angular: -0.8871701664035176
[mavic_controller-3] [DEBUG] [1766071032.307241991] [Mavic_2_PRO_1_Controller]: WORLD id: 1, v: [0.31902771 0.94774539 0.11301625]
[mavic_controller-3] [DEBUG] [1766071032.307385661] [Mavic_2_PRO_1_Controller]: id: 1, gps: (-7.96981972892022, -5.942551531357625, 4.094976373926683)
[mavic_controller-7] [DEBUG] [1766071032.307509837] [Mavic_2_PRO_3_Controller]: Time(nanoseconds=16104000000, clock_type=ROS_TIME)
[mavic_controller-3] [DEBUG] [1766071032.307551991] [Mavic_2_PRO_1_Controller]: id: 1, vel: (-0.30823922356762784, 0.29212177313727117, 0.2564683818816226)
[mavic_controller-7] [DEBUG] [1766071032.307894632] [Mavic_2_PRO_3_Controller]: flag: (-4.547114246699788, 4.225384356482628, 4.321008883785762)
[mavic_controller-7] [DEBUG] [1766071032.308259227] [Mavic_2_PRO_3_Controller]: BODY id: 3, v_b: [ 0.79861703 -0.60183955  0.08500696], angular: -0.64580253123681
[mavic_controller-7] [DEBUG] [1766071032.308608878] [Mavic_2_PRO_3_Controller]: WORLD id: 3, v: [0.33232986 0.94316322 0.08500696]
[mavic_controller-7] [DEBUG] [1766071032.308959227] [Mavic_2_PRO_3_Controller]: id: 3, gps: (-7.463547179551469, -4.051549421502801, 4.150994970234743)
[mavic_controller-7] [DEBUG] [1766071032.309334653] [Mavic_2_PRO_3_Controller]: id: 3, vel: (-0.22622602724481516, 0.39860096250206867, 0.2570390004673342)
[mavic_controller-5] [INFO] [1766071032.323130305] [Mavic_2_PRO_2_Controller]: theta: 1.5707963267948966
[mavic_controller-7] [DEBUG] [1766071032.323280607] [Mavic_2_PRO_3_Controller]: Time(nanoseconds=16200000000, clock_type=ROS_TIME)
[mavic_controller-3] [DEBUG] [1766071032.323434163] [Mavic_2_PRO_1_Controller]: Time(nanoseconds=16200000000, clock_type=ROS_TIME)
[mavic_controller-7] [DEBUG] [1766071032.323463012] [Mavic_2_PRO_3_Controller]: flag: (-4.547114246699788, 4.225384356482628, 4.321008883785762)
[mavic_controller-7] [DEBUG] [1766071032.323635693] [Mavic_2_PRO_3_Controller]: BODY id: 3, v_b: [ 0.83276911 -0.55362045  0.07167939], angular: -0.5867054703365258
[mavic_controller-5] [DEBUG] [1766071032.323522102] [Mavic_2_PRO_2_Controller]: Time(nanoseconds=16200000000, clock_type=ROS_TIME)
[mavic_controller-5] [DEBUG] [1766071032.323696339] [Mavic_2_PRO_2_Controller]: flag: (-4.547114246699788, 4.225384356482628, 4.321008883785762)
[mavic_controller-3] [DEBUG] [1766071032.323624019] [Mavic_2_PRO_1_Controller]: flag: (-4.547114246699788, 4.225384356482628, 4.321008883785762)
[mavic_controller-3] [DEBUG] [1766071032.323777394] [Mavic_2_PRO_1_Controller]: BODY id: 1, v_b: [ 0.68725179 -0.72641929  0.10064275], angular: -0.8130973078203658
[mavic_controller-7] [DEBUG] [1766071032.323787575] [Mavic_2_PRO_3_Controller]: WORLD id: 3, v: [0.33608883 0.94183029 0.07167939]
[mavic_controller-7] [DEBUG] [1766071032.323935291] [Mavic_2_PRO_3_Controller]: id: 3, gps: (-7.485036704514397, -4.007630692475465, 4.177650097787075)
[mavic_controller-5] [DEBUG] [1766071032.323844539] [Mavic_2_PRO_2_Controller]: BODY id: 2, v_b: [-0.02314215 -0.49062437  0.87106381], angular: -1.6179301605160346
[mavic_controller-5] [DEBUG] [1766071032.323988684] [Mavic_2_PRO_2_Controller]: WORLD id: 2, v: [-0.10786735  0.47917896  0.87106381]
[mavic_controller-3] [DEBUG] [1766071032.323933576] [Mavic_2_PRO_1_Controller]: WORLD id: 1, v: [0.32223014 0.94666136 0.10064275]
[mavic_controller-3] [DEBUG] [1766071032.324077020] [Mavic_2_PRO_1_Controller]: id: 1, gps: (-7.997881256958894, -5.912425393642784, 4.119723384563397)
[mavic_controller-3] [DEBUG] [1766071032.324227146] [Mavic_2_PRO_1_Controller]: id: 1, vel: (-0.27550559959192006, 0.3285479124339858, 0.2559325698600379)
[mavic_controller-7] [DEBUG] [1766071032.324082274] [Mavic_2_PRO_3_Controller]: id: 3, vel: (-0.18775848105444817, 0.4378383173156257, 0.25269821081900307)
[mavic_controller-5] [DEBUG] [1766071032.324131748] [Mavic_2_PRO_2_Controller]: id: 2, gps: (-8.16241588496859, -6.613788833618889, 0.2772629264213499)
[mavic_controller-5] [DEBUG] [1766071032.324272087] [Mavic_2_PRO_2_Controller]: id: 2, vel: (-0.5469145562774318, -0.3957618498373858, 0.14998502433362235)
[mavic_controller-7] [DEBUG] [1766071032.340759305] [Mavic_2_PRO_3_Controller]: Time(nanoseconds=16304000000, clock_type=ROS_TIME)
[mavic_controller-3] [DEBUG] [1766071032.340759059] [Mavic_2_PRO_1_Controller]: Time(nanoseconds=16304000000, clock_type=ROS_TIME)
[mavic_controller-3] [DEBUG] [1766071032.340955046] [Mavic_2_PRO_1_Controller]: flag: (-4.547114246699788, 4.225384356482628, 4.321008883785762)
[mavic_controller-3] [DEBUG] [1766071032.341106440] [Mavic_2_PRO_1_Controller]: BODY id: 1, v_b: [ 0.74054812 -0.67200333  0.08730895], angular: -0.7369106840685239
[mavic_controller-3] [DEBUG] [1766071032.341250997] [Mavic_2_PRO_1_Controller]: WORLD id: 1, v: [0.32551753 0.94553601 0.08730895]
[mavic_controller-7] [DEBUG] [1766071032.340956507] [Mavic_2_PRO_3_Controller]: flag: (-4.547114246699788, 4.225384356482628, 4.321008883785762)
[mavic_controller-7] [DEBUG] [1766071032.341104148] [Mavic_2_PRO_3_Controller]: BODY id: 3, v_b: [ 0.86451043 -0.50261487  0.0586249 ], angular: -0.5266208132178181
[mavic_controller-7] [DEBUG] [1766071032.341247608] [Mavic_2_PRO_3_Controller]: WORLD id: 3, v: [0.33960707 0.9405674  0.0586249 ]
[mavic_controller-7] [DEBUG] [1766071032.341391882] [Mavic_2_PRO_3_Controller]: id: 3, gps: (-7.502462741618959, -3.959676276898022, 4.203759089986992)
[mavic_controller-7] [DEBUG] [1766071032.341554744] [Mavic_2_PRO_3_Controller]: id: 3, vel: (-0.14849158619499753, 0.47581609047912615, 0.2467924404891631)
[mavic_controller-3] [DEBUG] [1766071032.341393723] [Mavic_2_PRO_1_Controller]: id: 1, gps: (-8.024648268277442, -5.875864639133665, 4.146390988272429)
[mavic_controller-3] [DEBUG] [1766071032.341550981] [Mavic_2_PRO_1_Controller]: id: 1, vel: (-0.23898827236380865, 0.3671505618507806, 0.2539113992974367)
[mavic_controller-5] [INFO] [1766071032.341766037] [Mavic_2_PRO_2_Controller]: theta: 1.5707963267948966
[mavic_controller-5] [DEBUG] [1766071032.342566383] [Mavic_2_PRO_2_Controller]: Time(nanoseconds=16304000000, clock_type=ROS_TIME)
[mavic_controller-5] [DEBUG] [1766071032.342949332] [Mavic_2_PRO_2_Controller]: flag: (-4.547114246699788, 4.225384356482628, 4.321008883785762)
[mavic_controller-5] [DEBUG] [1766071032.343320019] [Mavic_2_PRO_2_Controller]: BODY id: 2, v_b: [ 0.97196753  0.16018065 -0.17210836], angular: 0.16333231799625084
[mavic_controller-5] [DEBUG] [1766071032.343688342] [Mavic_2_PRO_2_Controller]: WORLD id: 2, v: [ 0.34214055  0.92375243 -0.17210836]
[mavic_controller-5] [DEBUG] [1766071032.344070027] [Mavic_2_PRO_2_Controller]: id: 2, gps: (-8.196480528686996, -6.6319593004152075, 0.2544687937797031)
[mavic_controller-5] [DEBUG] [1766071032.344447309] [Mavic_2_PRO_2_Controller]: id: 2, vel: (-0.02109293955767133, -0.10249184464216674, -0.5920330780187109)
[mavic_controller-5] [DEBUG] [1766071032.358613254] [Mavic_2_PRO_2_Controller]: Time(nanoseconds=16408000000, clock_type=ROS_TIME)
[mavic_controller-3] [DEBUG] [1766071032.358618216] [Mavic_2_PRO_1_Controller]: Time(nanoseconds=16408000000, clock_type=ROS_TIME)
[mavic_controller-7] [DEBUG] [1766071032.358622276] [Mavic_2_PRO_3_Controller]: Time(nanoseconds=16408000000, clock_type=ROS_TIME)
[mavic_controller-3] [DEBUG] [1766071032.358797943] [Mavic_2_PRO_1_Controller]: flag: (-4.547114246699788, 4.225384356482628, 4.321008883785762)
[mavic_controller-3] [DEBUG] [1766071032.358948302] [Mavic_2_PRO_1_Controller]: BODY id: 1, v_b: [ 0.78673852 -0.6172864   0.07412596], angular: -0.66528884280295
[mavic_controller-5] [DEBUG] [1766071032.358802975] [Mavic_2_PRO_2_Controller]: flag: (-4.547114246699788, 4.225384356482628, 4.321008883785762)
[mavic_controller-5] [DEBUG] [1766071032.358956218] [Mavic_2_PRO_2_Controller]: BODY id: 2, v_b: [-0.03240924 -0.43357836  0.52365694], angular: -1.6454058653019352
[mavic_controller-7] [DEBUG] [1766071032.358805321] [Mavic_2_PRO_3_Controller]: flag: (-4.547114246699788, 4.225384356482628, 4.321008883785762)
[mavic_controller-7] [DEBUG] [1766071032.358957634] [Mavic_2_PRO_3_Controller]: BODY id: 3, v_b: [ 0.89108598 -0.45383453  0.04592541], angular: -0.4710638604455786
[mavic_controller-3] [DEBUG] [1766071032.359095817] [Mavic_2_PRO_1_Controller]: WORLD id: 1, v: [0.32861213 0.94446496 0.07412596]
[mavic_controller-5] [DEBUG] [1766071032.359105162] [Mavic_2_PRO_2_Controller]: WORLD id: 2, v: [ 0.42869875 -0.07251163  0.52365694]
[mavic_controller-7] [DEBUG] [1766071032.359106155] [Mavic_2_PRO_3_Controller]: WORLD id: 3, v: [0.34287983 0.93937927 0.04592541]
[mavic_controller-3] [DEBUG] [1766071032.359245062] [Mavic_2_PRO_1_Controller]: id: 1, gps: (-8.047584605839557, -5.835326434678751, 4.172756956040313)
[mavic_controller-5] [DEBUG] [1766071032.359253295] [Mavic_2_PRO_2_Controller]: id: 2, gps: (-8.162232565934215, -6.661032450275774, 0.18204736133066302)
[mavic_controller-7] [DEBUG] [1766071032.359257225] [Mavic_2_PRO_3_Controller]: id: 3, gps: (-7.515798521636383, -3.9078455076830214, 4.229158054741125)
[mavic_controller-3] [DEBUG] [1766071032.359397661] [Mavic_2_PRO_1_Controller]: id: 1, vel: (-0.2018864622834421, 0.40482725734612474, 0.2504767690100168)
[mavic_controller-5] [DEBUG] [1766071032.359404508] [Mavic_2_PRO_2_Controller]: id: 2, vel: (0.5289277353413406, -0.9742605416774637, 0.10317739587221647)
[mavic_controller-7] [DEBUG] [1766071032.359448670] [Mavic_2_PRO_3_Controller]: id: 3, vel: (-0.10907731415849126, 0.5121547549204272, 0.23934469023262353)
[mavic_controller-7] [DEBUG] [1766071032.370738708] [Mavic_2_PRO_3_Controller]: Time(nanoseconds=16504000000, clock_type=ROS_TIME)
[mavic_controller-3] [DEBUG] [1766071032.370746109] [Mavic_2_PRO_1_Controller]: Time(nanoseconds=16504000000, clock_type=ROS_TIME)
[mavic_controller-7] [DEBUG] [1766071032.370918198] [Mavic_2_PRO_3_Controller]: flag: (-4.547114246699788, 4.225384356482628, 4.321008883785762)
[mavic_controller-7] [DEBUG] [1766071032.371063800] [Mavic_2_PRO_3_Controller]: BODY id: 3, v_b: [ 0.91156865 -0.41114791  0.03457828], angular: -0.42371297403803415
[mavic_controller-3] [DEBUG] [1766071032.370920669] [Mavic_2_PRO_1_Controller]: flag: (-4.547114246699788, 4.225384356482628, 4.321008883785762)
[mavic_controller-3] [DEBUG] [1766071032.371066100] [Mavic_2_PRO_1_Controller]: BODY id: 1, v_b: [ 0.82343304 -0.56741345  0.0621424 ], angular: -0.6033612670284307
[mavic_controller-3] [DEBUG] [1766071032.371209190] [Mavic_2_PRO_1_Controller]: WORLD id: 1, v: [0.33129277 0.94352801 0.0621424 ]
[mavic_controller-7] [DEBUG] [1766071032.371209379] [Mavic_2_PRO_3_Controller]: WORLD id: 3, v: [0.34567528 0.9383542  0.03457828]
[mavic_controller-3] [DEBUG] [1766071032.371347976] [Mavic_2_PRO_1_Controller]: id: 1, gps: (-8.06529537444138, -5.794461424231162, 4.196724077929981)
[mavic_controller-3] [DEBUG] [1766071032.371488789] [Mavic_2_PRO_1_Controller]: id: 1, vel: (-0.1674264331981571, 0.43863877068276, 0.2462611856762609)
[mavic_controller-7] [DEBUG] [1766071032.371355959] [Mavic_2_PRO_3_Controller]: id: 3, gps: (-7.524434066706127, -3.8567109030769546, 4.251852319512048)
[mavic_controller-7] [DEBUG] [1766071032.371504021] [Mavic_2_PRO_3_Controller]: id: 3, vel: (-0.07254603939163912, 0.5441768862249091, 0.23134417970218638)
[mavic_controller-5] [DEBUG] [1766071032.371575756] [Mavic_2_PRO_2_Controller]: Time(nanoseconds=16504000000, clock_type=ROS_TIME)
[mavic_controller-5] [DEBUG] [1766071032.371849282] [Mavic_2_PRO_2_Controller]: flag: (-4.547114246699788, 4.225384356482628, 4.321008883785762)
[mavic_controller-5] [DEBUG] [1766071032.372014864] [Mavic_2_PRO_2_Controller]: BODY id: 2, v_b: [-0.73310542 -0.39672329  0.06511684], angular: -2.645565973236509
[mavic_controller-5] [DEBUG] [1766071032.372166422] [Mavic_2_PRO_2_Controller]: WORLD id: 2, v: [ 0.6370331  -0.53760744  0.06511684]
[mavic_controller-5] [DEBUG] [1766071032.372318321] [Mavic_2_PRO_2_Controller]: id: 2, gps: (-8.08057926013778, -6.777288687814843, 0.15215821352321873)
[mavic_controller-5] [DEBUG] [1766071032.372472550] [Mavic_2_PRO_2_Controller]: id: 2, vel: (0.822130830790911, -1.3699938080058325, -0.4572544493675825)
[mavic_controller-3] [DEBUG] [1766071032.383896163] [Mavic_2_PRO_1_Controller]: Time(nanoseconds=16600000000, clock_type=ROS_TIME)
[mavic_controller-3] [DEBUG] [1766071032.384082958] [Mavic_2_PRO_1_Controller]: flag: (-4.547114246699788, 4.225384356482628, 4.321008883785762)
[mavic_controller-3] [DEBUG] [1766071032.384230947] [Mavic_2_PRO_1_Controller]: BODY id: 1, v_b: [ 0.85486716 -0.51884692  0.05039358], angular: -0.5455015619419876
[mavic_controller-3] [DEBUG] [1766071032.384377036] [Mavic_2_PRO_1_Controller]: WORLD id: 1, v: [0.3338003  0.94264381 0.05039358]
[mavic_controller-3] [DEBUG] [1766071032.384540545] [Mavic_2_PRO_1_Controller]: id: 1, gps: (-8.07963933573699, -5.750379376200241, 4.220221730943979)
[mavic_controller-7] [DEBUG] [1766071032.384683438] [Mavic_2_PRO_3_Controller]: Time(nanoseconds=16600000000, clock_type=ROS_TIME)
[mavic_controller-5] [DEBUG] [1766071032.384689951] [Mavic_2_PRO_2_Controller]: Time(nanoseconds=16600000000, clock_type=ROS_TIME)
[mavic_controller-3] [DEBUG] [1766071032.384730879] [Mavic_2_PRO_1_Controller]: id: 1, vel: (-0.1322886188770736, 0.4715060931244813, 0.24083328060251247)
[mavic_controller-7] [DEBUG] [1766071032.384933188] [Mavic_2_PRO_3_Controller]: flag: (-4.547114246699788, 4.225384356482628, 4.321008883785762)
[mavic_controller-5] [DEBUG] [1766071032.385064691] [Mavic_2_PRO_2_Controller]: flag: (-4.547114246699788, 4.225384356482628, 4.321008883785762)
[mavic_controller-7] [DEBUG] [1766071032.385102926] [Mavic_2_PRO_3_Controller]: BODY id: 3, v_b: [ 0.92873801 -0.37073672  0.02453805], angular: -0.3798021401379893
[mavic_controller-7] [DEBUG] [1766071032.385259103] [Mavic_2_PRO_3_Controller]: WORLD id: 3, v: [0.34804224 0.93747885 0.02453805]
[mavic_controller-7] [DEBUG] [1766071032.385405540] [Mavic_2_PRO_3_Controller]: id: 3, gps: (-7.529233648925167, -3.807186193757454, 4.2719327794824205)
[mavic_controller-5] [DEBUG] [1766071032.385409827] [Mavic_2_PRO_2_Controller]: BODY id: 2, v_b: [-1.22016133  0.00197335 -0.15572988], angular: 3.1399753653681106
[mavic_controller-7] [DEBUG] [1766071032.385565716] [Mavic_2_PRO_3_Controller]: id: 3, vel: (-0.03883516337000397, 0.5722408645537526, 0.22311875452011018)
[mavic_controller-5] [DEBUG] [1766071032.385769617] [Mavic_2_PRO_2_Controller]: WORLD id: 2, v: [ 0.95988805 -0.75326787 -0.15572988]
[mavic_controller-5] [DEBUG] [1766071032.386125734] [Mavic_2_PRO_2_Controller]: id: 2, gps: (-7.960792665289255, -6.911026716979417, 0.12595463816789007)
[mavic_controller-5] [DEBUG] [1766071032.386472533] [Mavic_2_PRO_2_Controller]: id: 2, vel: (1.2673929425587251, -1.5415465385331923, -0.688700319550401)
[mavic_controller-7] [DEBUG] [1766071032.396766083] [Mavic_2_PRO_3_Controller]: Time(nanoseconds=16704000000, clock_type=ROS_TIME)
[mavic_controller-5] [DEBUG] [1766071032.396938678] [Mavic_2_PRO_2_Controller]: Time(nanoseconds=16704000000, clock_type=ROS_TIME)
[mavic_controller-7] [DEBUG] [1766071032.396964985] [Mavic_2_PRO_3_Controller]: flag: (-4.547114246699788, 4.225384356482628, 4.321008883785762)
[mavic_controller-5] [DEBUG] [1766071032.397108150] [Mavic_2_PRO_2_Controller]: flag: (-4.547114246699788, 4.225384356482628, 4.321008883785762)
[mavic_controller-7] [DEBUG] [1766071032.397135841] [Mavic_2_PRO_3_Controller]: BODY id: 3, v_b: [ 0.94396932 -0.33003322  0.01316721], angular: -0.3363387715662083
[mavic_controller-7] [DEBUG] [1766071032.397285887] [Mavic_2_PRO_3_Controller]: WORLD id: 3, v: [0.35058977 0.93652913 0.01316721]
[mavic_controller-5] [DEBUG] [1766071032.397271640] [Mavic_2_PRO_2_Controller]: BODY id: 2, v_b: [ 0.17807789 -0.73416742  0.90496393], angular: -1.3328344402517949
[mavic_controller-5] [DEBUG] [1766071032.397421411] [Mavic_2_PRO_2_Controller]: WORLD id: 2, v: [0.2702373  0.70546817 0.90496393]
[mavic_controller-7] [DEBUG] [1766071032.397435779] [Mavic_2_PRO_3_Controller]: id: 3, gps: (-7.5310338670922, -3.745548902463938, 4.294674473005006)
[mavic_controller-3] [DEBUG] [1766071032.397529754] [Mavic_2_PRO_1_Controller]: Time(nanoseconds=16704000000, clock_type=ROS_TIME)
[mavic_controller-5] [DEBUG] [1766071032.397597350] [Mavic_2_PRO_2_Controller]: id: 2, gps: (-7.871081727239363, -7.013157182622394, 0.026319629971230836)
[mavic_controller-5] [DEBUG] [1766071032.397747013] [Mavic_2_PRO_2_Controller]: id: 2, vel: (0.22086027479732012, -0.22973666313306496, 0.5543161974531055)
[mavic_controller-7] [DEBUG] [1766071032.397607681] [Mavic_2_PRO_3_Controller]: id: 3, vel: (0.001159848324904393, 0.6036954797931866, 0.21238342717724604)
[mavic_controller-3] [DEBUG] [1766071032.397919023] [Mavic_2_PRO_1_Controller]: flag: (-4.547114246699788, 4.225384356482628, 4.321008883785762)
[mavic_controller-3] [DEBUG] [1766071032.398307567] [Mavic_2_PRO_1_Controller]: BODY id: 1, v_b: [ 0.88166835 -0.4718696   0.03988031], angular: -0.49141009748744646
[mavic_controller-3] [DEBUG] [1766071032.398681581] [Mavic_2_PRO_1_Controller]: WORLD id: 1, v: [0.33594148 0.94188286 0.03988031]
[mavic_controller-3] [DEBUG] [1766071032.399040794] [Mavic_2_PRO_1_Controller]: id: 1, gps: (-8.089784024659519, -5.707238360854561, 4.241248264137674)
[mavic_controller-3] [DEBUG] [1766071032.399388689] [Mavic_2_PRO_1_Controller]: id: 1, vel: (-0.09987136814628092, 0.5005179190116283, 0.23472060266978)
[mavic_controller-5] [INFO] [1766071032.409820472] [Mavic_2_PRO_2_Controller]: theta: 1.5707963267948966
[mavic_controller-7] [DEBUG] [1766071032.409829872] [Mavic_2_PRO_3_Controller]: Time(nanoseconds=16800000000, clock_type=ROS_TIME)
[mavic_controller-3] [DEBUG] [1766071032.409933482] [Mavic_2_PRO_1_Controller]: Time(nanoseconds=16800000000, clock_type=ROS_TIME)
[mavic_controller-7] [DEBUG] [1766071032.410219705] [Mavic_2_PRO_3_Controller]: flag: (-4.547114246699788, 4.225384356482628, 4.321008883785762)
[mavic_controller-3] [DEBUG] [1766071032.410307866] [Mavic_2_PRO_1_Controller]: flag: (-4.547114246699788, 4.225384356482628, 4.321008883785762)
[mavic_controller-5] [DEBUG] [1766071032.410552542] [Mavic_2_PRO_2_Controller]: Time(nanoseconds=16800000000, clock_type=ROS_TIME)
