[mavic_controller-3] [DEBUG] [1766071031.868886118] [Mavic_2_PRO_1_Controller]: flag: (-7.4311634968169376, -5.388654700958053, 3.6949291066242047)
[mavic_controller-7] [DEBUG] [1766071031.868715712] [Mavic_2_PRO_3_Controller]: flag: (-7.4311634968169376, -5.388654700958053, 3.6949291066242047)
[mavic_controller-7] [DEBUG] [1766071031.868867130] [Mavic_2_PRO_3_Controller]: BODY id: 3, v_b: [0.99354905 0.02509163 0.12243653], angular: 0.02524918362203514
[mavic_controller-5] [DEBUG] [1766071031.868773047] [Mavic_2_PRO_2_Controller]: flag: (-7.4311634968169376, -5.388654700958053, 3.6949291066242047)
[mavic_controller-5] [DEBUG] [1766071031.868931794] [Mavic_2_PRO_2_Controller]: BODY id: 2, v_b: [ 0.88027489 -0.03243924  0.12485113], angular: -0.036834595640726844
[mavic_controller-7] [DEBUG] [1766071031.869011906] [Mavic_2_PRO_3_Controller]: WORLD id: 3, v: [-0.76714462 -0.63186901  0.12243653]
[mavic_controller-7] [DEBUG] [1766071031.869154334] [Mavic_2_PRO_3_Controller]: id: 3, gps: (-5.76130390391745, -3.5107681078349895, 3.4502440106383365)
[mavic_controller-3] [DEBUG] [1766071031.869039012] [Mavic_2_PRO_1_Controller]: BODY id: 1, v_b: [ 0.80967351 -0.07730789  0.12334118], angular: -0.09519175772388408
[mavic_controller-5] [DEBUG] [1766071031.869081066] [Mavic_2_PRO_2_Controller]: WORLD id: 2, v: [-0.73005211 -0.49290984  0.12485113]
[mavic_controller-3] [DEBUG] [1766071031.869188318] [Mavic_2_PRO_1_Controller]: WORLD id: 1, v: [-0.71214935 -0.39292622  0.12334118]
[mavic_controller-5] [DEBUG] [1766071031.869232680] [Mavic_2_PRO_2_Controller]: id: 2, gps: (-5.953015997945509, -4.379244909341354, 3.449978219892718)
[mavic_controller-5] [DEBUG] [1766071031.869381860] [Mavic_2_PRO_2_Controller]: id: 2, vel: (-0.7642004804979636, -0.590015710241144, 0.2904362235504277)
[mavic_controller-7] [DEBUG] [1766071031.869298161] [Mavic_2_PRO_3_Controller]: id: 3, vel: (-0.7552495522816525, -0.6004776109928701, 0.2875386709952089)
[mavic_controller-3] [DEBUG] [1766071031.869337309] [Mavic_2_PRO_1_Controller]: id: 1, gps: (-6.160478433943296, -5.240540955010549, 3.4433074373794446)
[mavic_controller-3] [DEBUG] [1766071031.869509335] [Mavic_2_PRO_1_Controller]: id: 1, vel: (-0.7762308623710275, -0.5808050544280232, 0.2924301162944578)
[mavic_controller-3] [DEBUG] [1766071031.884763239] [Mavic_2_PRO_1_Controller]: Time(nanoseconds=13304000000, clock_type=ROS_TIME)
[mavic_controller-3] [DEBUG] [1766071031.884947601] [Mavic_2_PRO_1_Controller]: flag: (-7.4311634968169376, -5.388654700958053, 3.6949291066242047)
[mavic_controller-3] [DEBUG] [1766071031.885097023] [Mavic_2_PRO_1_Controller]: BODY id: 1, v_b: [ 0.76257309 -0.07277549  0.10827601], angular: -0.09514596575730841
[mavic_controller-3] [DEBUG] [1766071031.885241800] [Mavic_2_PRO_1_Controller]: WORLD id: 1, v: [-0.67295121 -0.36599271  0.10827601]
[mavic_controller-3] [DEBUG] [1766071031.885385681] [Mavic_2_PRO_1_Controller]: id: 1, gps: (-6.24154175119075, -5.300836286665253, 3.473489407893679)
[mavic_controller-3] [DEBUG] [1766071031.885551278] [Mavic_2_PRO_1_Controller]: id: 1, vel: (-0.7739797299878961, -0.5727375298433713, 0.28519400792983135)
[mavic_controller-5] [DEBUG] [1766071031.885866620] [Mavic_2_PRO_2_Controller]: Time(nanoseconds=13304000000, clock_type=ROS_TIME)
[mavic_controller-7] [DEBUG] [1766071031.885937744] [Mavic_2_PRO_3_Controller]: Time(nanoseconds=13304000000, clock_type=ROS_TIME)
[mavic_controller-5] [DEBUG] [1766071031.886249179] [Mavic_2_PRO_2_Controller]: flag: (-7.4311634968169376, -5.388654700958053, 3.6949291066242047)
[mavic_controller-7] [DEBUG] [1766071031.886336429] [Mavic_2_PRO_3_Controller]: flag: (-7.4311634968169376, -5.388654700958053, 3.6949291066242047)
[mavic_controller-5] [DEBUG] [1766071031.886614926] [Mavic_2_PRO_2_Controller]: BODY id: 2, v_b: [ 0.83817687 -0.03116968  0.11220629], angular: -0.03717034824446975
[mavic_controller-7] [DEBUG] [1766071031.886727994] [Mavic_2_PRO_3_Controller]: BODY id: 3, v_b: [0.93952474 0.02025284 0.10747221], angular: 0.02155313018661365
[mavic_controller-5] [DEBUG] [1766071031.886978463] [Mavic_2_PRO_2_Controller]: WORLD id: 2, v: [-0.69627583 -0.46766652  0.11220629]
[mavic_controller-7] [DEBUG] [1766071031.887101795] [Mavic_2_PRO_3_Controller]: WORLD id: 3, v: [-0.72632195 -0.5962997   0.10747221]
[mavic_controller-5] [DEBUG] [1766071031.887328424] [Mavic_2_PRO_2_Controller]: id: 2, gps: (-6.020594942665331, -4.431289582870283, 3.4754394532071946)
[mavic_controller-7] [DEBUG] [1766071031.887453485] [Mavic_2_PRO_3_Controller]: id: 3, gps: (-5.840242247581314, -3.573581358085905, 3.4799059025048082)
[mavic_controller-5] [DEBUG] [1766071031.887682011] [Mavic_2_PRO_2_Controller]: id: 2, vel: (-0.7631002712617033, -0.5864550837615271, 0.2853066508645222)
[mavic_controller-7] [DEBUG] [1766071031.887812587] [Mavic_2_PRO_3_Controller]: id: 3, vel: (-0.7544379281487175, -0.600779434156307, 0.2801372682286598)
[mavic_controller-3] [DEBUG] [1766071031.896590543] [Mavic_2_PRO_1_Controller]: Time(nanoseconds=13400000000, clock_type=ROS_TIME)
[mavic_controller-3] [DEBUG] [1766071031.896763313] [Mavic_2_PRO_1_Controller]: flag: (-7.4311634968169376, -5.388654700958053, 3.6949291066242047)
[mavic_controller-3] [DEBUG] [1766071031.896916861] [Mavic_2_PRO_1_Controller]: BODY id: 1, v_b: [ 0.72049613 -0.06777177  0.09470968], angular: -0.09378668757046124
[mavic_controller-3] [DEBUG] [1766071031.897060149] [Mavic_2_PRO_1_Controller]: WORLD id: 1, v: [-0.63726312 -0.34293352  0.09470968]
[mavic_controller-3] [DEBUG] [1766071031.897202120] [Mavic_2_PRO_1_Controller]: id: 1, gps: (-6.316091971141025, -5.355698739464597, 3.5006490925447307)
[mavic_controller-3] [DEBUG] [1766071031.897346228] [Mavic_2_PRO_1_Controller]: id: 1, vel: (-0.7706517717274342, -0.5644620215640672, 0.27809000103831344)
[mavic_controller-5] [DEBUG] [1766071031.897688561] [Mavic_2_PRO_2_Controller]: Time(nanoseconds=13400000000, clock_type=ROS_TIME)
[mavic_controller-7] [DEBUG] [1766071031.897827350] [Mavic_2_PRO_3_Controller]: Time(nanoseconds=13400000000, clock_type=ROS_TIME)
[mavic_controller-5] [DEBUG] [1766071031.898072578] [Mavic_2_PRO_2_Controller]: flag: (-7.4311634968169376, -5.388654700958053, 3.6949291066242047)
[mavic_controller-7] [DEBUG] [1766071031.898206820] [Mavic_2_PRO_3_Controller]: flag: (-7.4311634968169376, -5.388654700958053, 3.6949291066242047)
[mavic_controller-5] [DEBUG] [1766071031.898423901] [Mavic_2_PRO_2_Controller]: BODY id: 2, v_b: [ 0.80401368 -0.03001217  0.10208615], angular: -0.03731060729833054
[mavic_controller-7] [DEBUG] [1766071031.898558516] [Mavic_2_PRO_3_Controller]: BODY id: 3, v_b: [0.88819162 0.01479555 0.09400576], angular: 0.016656515565198614
[mavic_controller-5] [DEBUG] [1766071031.898771093] [Mavic_2_PRO_2_Controller]: WORLD id: 2, v: [-0.66872782 -0.44737213  0.10208615]
[mavic_controller-5] [DEBUG] [1766071031.899119314] [Mavic_2_PRO_2_Controller]: id: 2, gps: (-6.075784860410142, -4.47361499355689, 3.4958707590598865)
[mavic_controller-7] [DEBUG] [1766071031.898913031] [Mavic_2_PRO_3_Controller]: WORLD id: 3, v: [-0.68826035 -0.5616057   0.09400576]
[mavic_controller-7] [DEBUG] [1766071031.899256714] [Mavic_2_PRO_3_Controller]: id: 3, gps: (-5.913017779074388, -3.631579481021726, 3.5065779856188213)
[mavic_controller-5] [DEBUG] [1766071031.899470682] [Mavic_2_PRO_2_Controller]: id: 2, vel: (-0.7614836189818271, -0.5830215706779585, 0.2796631890641138)
[mavic_controller-7] [DEBUG] [1766071031.899615776] [Mavic_2_PRO_3_Controller]: id: 3, vel: (-0.7532621842862265, -0.6006922521673, 0.27320019834021736)
[mavic_controller-3] [DEBUG] [1766071031.910021077] [Mavic_2_PRO_1_Controller]: Time(nanoseconds=13504000000, clock_type=ROS_TIME)
[mavic_controller-3] [DEBUG] [1766071031.910210805] [Mavic_2_PRO_1_Controller]: flag: (-7.4311634968169376, -5.388654700958053, 3.6949291066242047)
[mavic_controller-3] [DEBUG] [1766071031.910364907] [Mavic_2_PRO_1_Controller]: BODY id: 1, v_b: [ 0.67644284 -0.06156132  0.08043428], angular: -0.09075740848557752
[mavic_controller-3] [DEBUG] [1766071031.910516587] [Mavic_2_PRO_1_Controller]: WORLD id: 1, v: [-0.59920132 -0.31987886  0.08043428]
[mavic_controller-3] [DEBUG] [1766071031.910682065] [Mavic_2_PRO_1_Controller]: id: 1, gps: (-6.3964179946473925, -5.414185443046599, 3.529287869081307)
[mavic_controller-3] [DEBUG] [1766071031.910885677] [Mavic_2_PRO_1_Controller]: id: 1, vel: (-0.7657889928373628, -0.5547002127863266, 0.2698835732035277)
[mavic_controller-7] [DEBUG] [1766071031.911314385] [Mavic_2_PRO_3_Controller]: Time(nanoseconds=13504000000, clock_type=ROS_TIME)
[mavic_controller-5] [DEBUG] [1766071031.911618373] [Mavic_2_PRO_2_Controller]: Time(nanoseconds=13504000000, clock_type=ROS_TIME)
[mavic_controller-5] [DEBUG] [1766071031.912005686] [Mavic_2_PRO_2_Controller]: flag: (-7.4311634968169376, -5.388654700958053, 3.6949291066242047)
[mavic_controller-7] [DEBUG] [1766071031.911702387] [Mavic_2_PRO_3_Controller]: flag: (-7.4311634968169376, -5.388654700958053, 3.6949291066242047)
[mavic_controller-7] [DEBUG] [1766071031.912067706] [Mavic_2_PRO_3_Controller]: BODY id: 3, v_b: [0.84423225 0.00940293 0.08306762], angular: 0.011137381244741645
[mavic_controller-5] [DEBUG] [1766071031.912362381] [Mavic_2_PRO_2_Controller]: BODY id: 2, v_b: [ 0.76280142 -0.02828101  0.08997057], angular: -0.037058220518166644
[mavic_controller-7] [DEBUG] [1766071031.912422213] [Mavic_2_PRO_3_Controller]: WORLD id: 3, v: [-0.65625875 -0.53116942  0.08306762]
[mavic_controller-5] [DEBUG] [1766071031.912724458] [Mavic_2_PRO_2_Controller]: WORLD id: 2, v: [-0.6352383  -0.42324713  0.08997057]
[mavic_controller-7] [DEBUG] [1766071031.912788322] [Mavic_2_PRO_3_Controller]: id: 3, gps: (-5.97354501028683, -3.6798820389882936, 3.528279527190711)
[mavic_controller-5] [DEBUG] [1766071031.913095808] [Mavic_2_PRO_2_Controller]: id: 2, gps: (-6.143026489772223, -4.524970876112927, 3.520262771346558)
[mavic_controller-7] [DEBUG] [1766071031.913151388] [Mavic_2_PRO_3_Controller]: id: 3, vel: (-0.7515585186605679, -0.600056414084649, 0.26698580234527325)
[mavic_controller-5] [DEBUG] [1766071031.913454827] [Mavic_2_PRO_2_Controller]: id: 2, vel: (-0.7584036431337058, -0.57803829904304, 0.27220764882954174)
[mavic_controller-3] [DEBUG] [1766071031.923715922] [Mavic_2_PRO_1_Controller]: Time(nanoseconds=13600000000, clock_type=ROS_TIME)
[mavic_controller-5] [INFO] [1766071031.923723697] [Mavic_2_PRO_2_Controller]: theta: 1.5707963267948966
[mavic_controller-7] [DEBUG] [1766071031.923729033] [Mavic_2_PRO_3_Controller]: Time(nanoseconds=13600000000, clock_type=ROS_TIME)
[mavic_controller-7] [DEBUG] [1766071031.923914379] [Mavic_2_PRO_3_Controller]: flag: (-7.4311634968169376, -5.388654700958053, 3.6949291066242047)
[mavic_controller-7] [DEBUG] [1766071031.924074579] [Mavic_2_PRO_3_Controller]: BODY id: 3, v_b: [-0.00736596 -0.16888415  0.05404911], angular: -1.6143841376103976
[mavic_controller-3] [DEBUG] [1766071031.923924725] [Mavic_2_PRO_1_Controller]: flag: (-7.4311634968169376, -5.388654700958053, 3.6949291066242047)
[mavic_controller-3] [DEBUG] [1766071031.924075058] [Mavic_2_PRO_1_Controller]: BODY id: 1, v_b: [ 0.63723636 -0.05510631  0.06768101], angular: -0.08626242966071876
[mavic_controller-3] [DEBUG] [1766071031.924223178] [Mavic_2_PRO_1_Controller]: WORLD id: 1, v: [-0.56467898 -0.30040728  0.06768101]
[mavic_controller-7] [DEBUG] [1766071031.924224890] [Mavic_2_PRO_3_Controller]: WORLD id: 3, v: [-0.09930322  0.13680272  0.05404911]
[mavic_controller-5] [DEBUG] [1766071031.924276150] [Mavic_2_PRO_2_Controller]: Time(nanoseconds=13600000000, clock_type=ROS_TIME)
[mavic_controller-3] [DEBUG] [1766071031.924368783] [Mavic_2_PRO_1_Controller]: id: 1, gps: (-6.47005829174848, -5.467238056879062, 3.5548923974678677)
[mavic_controller-7] [DEBUG] [1766071031.924371024] [Mavic_2_PRO_3_Controller]: id: 3, gps: (-6.063983537593748, -3.7521585819767838, 3.5597790368347915)
[mavic_controller-7] [DEBUG] [1766071031.924516449] [Mavic_2_PRO_3_Controller]: id: 3, vel: (-0.7473196387959158, -0.5976785962572039, 0.25557307561932474)
[mavic_controller-3] [DEBUG] [1766071031.924518448] [Mavic_2_PRO_1_Controller]: id: 1, vel: (-0.7601752464028677, -0.545103311838004, 0.261232770490289)
[mavic_controller-5] [DEBUG] [1766071031.924562980] [Mavic_2_PRO_2_Controller]: flag: (-7.4311634968169376, -5.388654700958053, 3.6949291066242047)
[mavic_controller-5] [DEBUG] [1766071031.924747368] [Mavic_2_PRO_2_Controller]: BODY id: 2, v_b: [-0.2666546   0.16961147  0.94875037], angular: 2.5750711824935504
[mavic_controller-5] [DEBUG] [1766071031.924902424] [Mavic_2_PRO_2_Controller]: WORLD id: 2, v: [0.3155465  0.01741079 0.94875037]
[mavic_controller-5] [DEBUG] [1766071031.925044785] [Mavic_2_PRO_2_Controller]: id: 2, gps: (-6.24025327871224, -4.598817407348147, 3.554515624561184)
[mavic_controller-5] [DEBUG] [1766071031.925183923] [Mavic_2_PRO_2_Controller]: id: 2, vel: (-0.7524822341637505, -0.5697908391754318, 0.2607257418767464)
[mavic_controller-5] [INFO] [1766071031.938369050] [Mavic_2_PRO_2_Controller]: theta: 1.5707963267948966
[mavic_controller-3] [DEBUG] [1766071031.938472689] [Mavic_2_PRO_1_Controller]: Time(nanoseconds=13704000000, clock_type=ROS_TIME)
[mavic_controller-3] [DEBUG] [1766071031.938724272] [Mavic_2_PRO_1_Controller]: flag: (-7.4311634968169376, -5.388654700958053, 3.6949291066242047)
[mavic_controller-5] [DEBUG] [1766071031.938866438] [Mavic_2_PRO_2_Controller]: Time(nanoseconds=13704000000, clock_type=ROS_TIME)
[mavic_controller-3] [DEBUG] [1766071031.938889436] [Mavic_2_PRO_1_Controller]: BODY id: 1, v_b: [ 0.59724031 -0.04668644  0.05433021], angular: -0.07801162768325176
[mavic_controller-3] [DEBUG] [1766071031.939036315] [Mavic_2_PRO_1_Controller]: WORLD id: 1, v: [-0.52835963 -0.28233264  0.05433021]
[mavic_controller-5] [DEBUG] [1766071031.939036114] [Mavic_2_PRO_2_Controller]: flag: (-7.4311634968169376, -5.388654700958053, 3.6949291066242047)
[mavic_controller-5] [DEBUG] [1766071031.939182277] [Mavic_2_PRO_2_Controller]: BODY id: 2, v_b: [-0.24923598  0.40710963  0.87871678], angular: 2.1201443580580133
[mavic_controller-3] [DEBUG] [1766071031.939190483] [Mavic_2_PRO_1_Controller]: id: 1, gps: (-6.549149199006326, -5.523622708412865, 3.5816497159065257)
[mavic_controller-5] [DEBUG] [1766071031.939327429] [Mavic_2_PRO_2_Controller]: WORLD id: 2, v: [ 0.4395337  -0.18619063  0.87871678]
[mavic_controller-3] [DEBUG] [1766071031.939338152] [Mavic_2_PRO_1_Controller]: id: 1, vel: (-0.7527839041105562, -0.5339580102096213, 0.2510174451872956)
[mavic_controller-5] [DEBUG] [1766071031.939471424] [Mavic_2_PRO_2_Controller]: id: 2, gps: (-6.33644406659592, -4.671811821391136, 3.587273351186572)
[mavic_controller-7] [INFO] [1766071031.939494683] [Mavic_2_PRO_3_Controller]: theta: 1.5707963267948966
[mavic_controller-5] [DEBUG] [1766071031.939655061] [Mavic_2_PRO_2_Controller]: id: 2, vel: (-0.7393621940148817, -0.5692733243448809, 0.2492057164436054)
[mavic_controller-7] [DEBUG] [1766071031.940245439] [Mavic_2_PRO_3_Controller]: Time(nanoseconds=13712000000, clock_type=ROS_TIME)
[mavic_controller-7] [DEBUG] [1766071031.940624245] [Mavic_2_PRO_3_Controller]: flag: (-7.4311634968169376, -5.388654700958053, 3.6949291066242047)
[mavic_controller-7] [DEBUG] [1766071031.940998223] [Mavic_2_PRO_3_Controller]: BODY id: 3, v_b: [-0.0792786  -0.956114    0.28206546], angular: -1.6535246009863183
[mavic_controller-7] [DEBUG] [1766071031.941353170] [Mavic_2_PRO_3_Controller]: WORLD id: 3, v: [-0.53114896  0.79894922  0.28206546]
[mavic_controller-7] [DEBUG] [1766071031.941705904] [Mavic_2_PRO_3_Controller]: id: 3, gps: (-6.142110080369292, -3.8141584699785085, 3.585913666329297)
[mavic_controller-7] [DEBUG] [1766071031.942056788] [Mavic_2_PRO_3_Controller]: id: 3, vel: (-0.7491592230536305, -0.5849811434920635, 0.246237482681457)
[mavic_controller-5] [INFO] [1766071031.949489774] [Mavic_2_PRO_2_Controller]: theta: 1.5707963267948966
[mavic_controller-3] [DEBUG] [1766071031.949778814] [Mavic_2_PRO_1_Controller]: Time(nanoseconds=13800000000, clock_type=ROS_TIME)
[mavic_controller-3] [DEBUG] [1766071031.949958186] [Mavic_2_PRO_1_Controller]: flag: (-7.4311634968169376, -5.388654700958053, 3.6949291066242047)
[mavic_controller-5] [DEBUG] [1766071031.949929960] [Mavic_2_PRO_2_Controller]: Time(nanoseconds=13800000000, clock_type=ROS_TIME)
[mavic_controller-5] [DEBUG] [1766071031.950085641] [Mavic_2_PRO_2_Controller]: flag: (-7.4311634968169376, -5.388654700958053, 3.6949291066242047)
[mavic_controller-5] [DEBUG] [1766071031.950232852] [Mavic_2_PRO_2_Controller]: BODY id: 2, v_b: [-0.21724333 -0.50729431  0.83394114], angular: -1.9754074349650161
[mavic_controller-5] [DEBUG] [1766071031.950375213] [Mavic_2_PRO_2_Controller]: WORLD id: 2, v: [-0.12737396  0.53695256  0.83394114]
[mavic_controller-3] [DEBUG] [1766071031.950109239] [Mavic_2_PRO_1_Controller]: BODY id: 1, v_b: [ 0.56628627 -0.03498775  0.04211062], angular: -0.06170611812402731
[mavic_controller-3] [DEBUG] [1766071031.950257440] [Mavic_2_PRO_1_Controller]: WORLD id: 1, v: [-0.49758182 -0.27261074  0.04211062]
[mavic_controller-3] [DEBUG] [1766071031.950403312] [Mavic_2_PRO_1_Controller]: id: 1, gps: (-6.621409070631892, -5.574611594973019, 3.605345603561581)
[mavic_controller-5] [DEBUG] [1766071031.950521055] [Mavic_2_PRO_2_Controller]: id: 2, gps: (-6.406571905316548, -4.727381337372601, 3.6115589676687394)
[mavic_controller-3] [DEBUG] [1766071031.950562201] [Mavic_2_PRO_1_Controller]: id: 1, vel: (-0.744793892606673, -0.5232072809559013, 0.2407180785828937)
[mavic_controller-5] [DEBUG] [1766071031.950697486] [Mavic_2_PRO_2_Controller]: id: 2, vel: (-0.7165066949833981, -0.5747277557108279, 0.26061460623682214)
[mavic_controller-7] [INFO] [1766071031.951234347] [Mavic_2_PRO_3_Controller]: theta: 1.5707963267948966
[mavic_controller-7] [DEBUG] [1766071031.951972872] [Mavic_2_PRO_3_Controller]: Time(nanoseconds=13800000000, clock_type=ROS_TIME)
[mavic_controller-7] [DEBUG] [1766071031.952337428] [Mavic_2_PRO_3_Controller]: flag: (-7.4311634968169376, -5.388654700958053, 3.6949291066242047)
[mavic_controller-7] [DEBUG] [1766071031.952701101] [Mavic_2_PRO_3_Controller]: BODY id: 3, v_b: [-0.08332509 -0.9551088   0.28429583], angular: -1.6578174644255028
[mavic_controller-7] [DEBUG] [1766071031.953055741] [Mavic_2_PRO_3_Controller]: WORLD id: 3, v: [-0.51903144  0.80609072  0.28429583]
[mavic_controller-7] [DEBUG] [1766071031.953408878] [Mavic_2_PRO_3_Controller]: id: 3, gps: (-6.190264910984519, -3.851288424438543, 3.6019986333879377)
[mavic_controller-7] [DEBUG] [1766071031.953793073] [Mavic_2_PRO_3_Controller]: id: 3, vel: (-0.7467649750695456, -0.5700016575568188, 0.2528301115347373)
[mavic_controller-5] [INFO] [1766071031.962424659] [Mavic_2_PRO_2_Controller]: theta: 1.5707963267948966
[mavic_controller-3] [DEBUG] [1766071031.962648560] [Mavic_2_PRO_1_Controller]: Time(nanoseconds=13904000000, clock_type=ROS_TIME)
[mavic_controller-3] [DEBUG] [1766071031.962824113] [Mavic_2_PRO_1_Controller]: flag: (-7.4311634968169376, -5.388654700958053, 3.6949291066242047)
[mavic_controller-7] [INFO] [1766071031.962703590] [Mavic_2_PRO_3_Controller]: theta: 1.5707963267948966
[mavic_controller-5] [DEBUG] [1766071031.962830639] [Mavic_2_PRO_2_Controller]: Time(nanoseconds=13904000000, clock_type=ROS_TIME)
[mavic_controller-3] [DEBUG] [1766071031.962974848] [Mavic_2_PRO_1_Controller]: BODY id: 1, v_b: [ 0.53397317 -0.023418    0.02793026], angular: -0.043828051583974084
[mavic_controller-3] [DEBUG] [1766071031.963123339] [Mavic_2_PRO_1_Controller]: WORLD id: 1, v: [-0.46568788 -0.26231765  0.02793026]
[mavic_controller-5] [DEBUG] [1766071031.962987673] [Mavic_2_PRO_2_Controller]: flag: (-7.4311634968169376, -5.388654700958053, 3.6949291066242047)
[mavic_controller-5] [DEBUG] [1766071031.963135610] [Mavic_2_PRO_2_Controller]: BODY id: 2, v_b: [-0.23137701 -0.66120113  0.71363698], angular: -1.9074126944863952
[mavic_controller-7] [DEBUG] [1766071031.963063256] [Mavic_2_PRO_3_Controller]: Time(nanoseconds=13904000000, clock_type=ROS_TIME)
[mavic_controller-7] [DEBUG] [1766071031.963223292] [Mavic_2_PRO_3_Controller]: flag: (-7.4311634968169376, -5.388654700958053, 3.6949291066242047)
[mavic_controller-3] [DEBUG] [1766071031.963271772] [Mavic_2_PRO_1_Controller]: id: 1, gps: (-6.698750065007243, -5.628654349245585, 3.6298612625581916)
[mavic_controller-5] [DEBUG] [1766071031.963282554] [Mavic_2_PRO_2_Controller]: WORLD id: 2, v: [-0.23851157  0.65866113  0.71363698]
[mavic_controller-7] [DEBUG] [1766071031.963372245] [Mavic_2_PRO_3_Controller]: BODY id: 3, v_b: [-0.08125888 -0.95910319  0.27114214], angular: -1.6553182894905183
[mavic_controller-3] [DEBUG] [1766071031.963419877] [Mavic_2_PRO_1_Controller]: id: 1, vel: (-0.7349363111984564, -0.5111411037212497, 0.2288405257657937)
[mavic_controller-5] [DEBUG] [1766071031.963429446] [Mavic_2_PRO_2_Controller]: id: 2, gps: (-6.479695062488513, -4.786800941718271, 3.639998419869112)
[mavic_controller-7] [DEBUG] [1766071031.963528541] [Mavic_2_PRO_3_Controller]: WORLD id: 3, v: [-0.50580585  0.81892758  0.27114214]
[mavic_controller-5] [DEBUG] [1766071031.963614908] [Mavic_2_PRO_2_Controller]: id: 2, vel: (-0.6857262533636687, -0.5525318983293782, 0.28078370832088817)
[mavic_controller-7] [DEBUG] [1766071031.963693062] [Mavic_2_PRO_3_Controller]: id: 3, gps: (-6.24439731157929, -3.891360330451078, 3.6202855014456192)
[mavic_controller-7] [DEBUG] [1766071031.963843259] [Mavic_2_PRO_3_Controller]: id: 3, vel: (-0.745716749805812, -0.5431849132188912, 0.24946773614213044)
[mavic_controller-5] [INFO] [1766071031.977970501] [Mavic_2_PRO_2_Controller]: theta: 1.5707963267948966
[mavic_controller-5] [DEBUG] [1766071031.978386971] [Mavic_2_PRO_2_Controller]: Time(nanoseconds=14000000000, clock_type=ROS_TIME)
[mavic_controller-5] [DEBUG] [1766071031.978547348] [Mavic_2_PRO_2_Controller]: flag: (-7.4311634968169376, -5.388654700958053, 3.6949291066242047)
[mavic_controller-7] [INFO] [1766071031.978623060] [Mavic_2_PRO_3_Controller]: theta: 1.5707963267948966
[mavic_controller-5] [DEBUG] [1766071031.978743920] [Mavic_2_PRO_2_Controller]: BODY id: 2, v_b: [-0.33079794 -0.48814523  0.80764284], angular: -2.1663731620782487
[mavic_controller-5] [DEBUG] [1766071031.978905405] [Mavic_2_PRO_2_Controller]: WORLD id: 2, v: [-0.08298531  0.58380347  0.80764284]
[mavic_controller-5] [DEBUG] [1766071031.979076619] [Mavic_2_PRO_2_Controller]: id: 2, gps: (-6.54494494134401, -4.8361409309030545, 3.667266850524285)
[mavic_controller-7] [DEBUG] [1766071031.979207539] [Mavic_2_PRO_3_Controller]: Time(nanoseconds=14008000000, clock_type=ROS_TIME)
[mavic_controller-5] [DEBUG] [1766071031.979224638] [Mavic_2_PRO_2_Controller]: id: 2, vel: (-0.666481048671838, -0.4726236801224957, 0.2731544146208833)
[mavic_controller-3] [DEBUG] [1766071031.979454388] [Mavic_2_PRO_1_Controller]: Time(nanoseconds=14008000000, clock_type=ROS_TIME)
[mavic_controller-7] [DEBUG] [1766071031.979463256] [Mavic_2_PRO_3_Controller]: flag: (-7.4311634968169376, -5.388654700958053, 3.6949291066242047)
[mavic_controller-7] [DEBUG] [1766071031.979812170] [Mavic_2_PRO_3_Controller]: BODY id: 3, v_b: [-0.03300689 -0.97563909  0.21688455], angular: -1.6046144734265277
[mavic_controller-7] [DEBUG] [1766071031.980001977] [Mavic_2_PRO_3_Controller]: WORLD id: 3, v: [-0.4884624   0.8452015   0.21688455]
[mavic_controller-7] [DEBUG] [1766071031.980152225] [Mavic_2_PRO_3_Controller]: id: 3, gps: (-6.363124585215753, -3.97353394151283, 3.6577226753813297)
[flag_node-1] [INFO] [1766071031.979808325] [flag_node]: Flag respawned to: x=-4.547114246699788, y=4.225384356482628, z=4.321008883785762 due to proximity to drone 1
[mavic_controller-3] [DEBUG] [1766071031.979868683] [Mavic_2_PRO_1_Controller]: flag: (-7.4311634968169376, -5.388654700958053, 3.6949291066242047)
[mavic_controller-3] [DEBUG] [1766071031.980233950] [Mavic_2_PRO_1_Controller]: BODY id: 1, v_b: [ 0.49025022 -0.02698535  0.01463547], angular: -0.054988546509758686
[mavic_controller-7] [DEBUG] [1766071031.980311708] [Mavic_2_PRO_3_Controller]: id: 3, vel: (-0.7295110786316569, -0.47772056111283406, 0.21869425617695187)
[mavic_controller-3] [DEBUG] [1766071031.980588799] [Mavic_2_PRO_1_Controller]: WORLD id: 1, v: [-0.43178011 -0.23375078  0.01463547]
[mavic_controller-3] [DEBUG] [1766071031.980971138] [Mavic_2_PRO_1_Controller]: id: 1, gps: (-6.7691688847645395, -5.677410803548228, 3.651347563683315)
[mavic_controller-3] [DEBUG] [1766071031.981327394] [Mavic_2_PRO_1_Controller]: id: 1, vel: (-0.7247537025103051, -0.49983480286654275, 0.21716571247811797)
[mavic_controller-7] [DEBUG] [1766071031.989558987] [Mavic_2_PRO_3_Controller]: Time(nanoseconds=14104000000, clock_type=ROS_TIME)
[mavic_controller-7] [DEBUG] [1766071031.989751272] [Mavic_2_PRO_3_Controller]: flag: (-4.547114246699788, 4.225384356482628, 4.321008883785762)
[mavic_controller-7] [DEBUG] [1766071031.989920462] [Mavic_2_PRO_3_Controller]: BODY id: 3, v_b: [-0.04487007 -0.42677234  0.27274203], angular: -1.6755496604919389
[mavic_controller-7] [DEBUG] [1766071031.990064831] [Mavic_2_PRO_3_Controller]: WORLD id: 3, v: [-0.16306979  0.39693349  0.27274203]
[mavic_controller-5] [INFO] [1766071031.990165787] [Mavic_2_PRO_2_Controller]: theta: 1.5707963267948966
[mavic_controller-7] [DEBUG] [1766071031.990206451] [Mavic_2_PRO_3_Controller]: id: 3, gps: (-6.438623387281241, -4.0210549409371135, 3.680060416350135)
[mavic_controller-7] [DEBUG] [1766071031.990346019] [Mavic_2_PRO_3_Controller]: id: 3, vel: (-0.7158556404036677, -0.4341027651816393, 0.21104485068671042)
[mavic_controller-5] [DEBUG] [1766071031.990873105] [Mavic_2_PRO_2_Controller]: Time(nanoseconds=14104000000, clock_type=ROS_TIME)
[mavic_controller-3] [DEBUG] [1766071031.991001677] [Mavic_2_PRO_1_Controller]: Time(nanoseconds=14104000000, clock_type=ROS_TIME)
[mavic_controller-5] [DEBUG] [1766071031.991231886] [Mavic_2_PRO_2_Controller]: flag: (-4.547114246699788, 4.225384356482628, 4.321008883785762)
[mavic_controller-3] [DEBUG] [1766071031.991375371] [Mavic_2_PRO_1_Controller]: flag: (-4.547114246699788, 4.225384356482628, 4.321008883785762)
[mavic_controller-5] [DEBUG] [1766071031.991585778] [Mavic_2_PRO_2_Controller]: BODY id: 2, v_b: [-0.30350769 -0.76440724  0.56882744], angular: -1.9487567818987248
[mavic_controller-3] [DEBUG] [1766071031.991728046] [Mavic_2_PRO_1_Controller]: BODY id: 1, v_b: [-0.03135455 -0.39281528  0.27017924], angular: -1.6504475371404206
[mavic_controller-5] [DEBUG] [1766071031.991934787] [Mavic_2_PRO_2_Controller]: WORLD id: 2, v: [-0.31329269  0.76044923  0.56882744]
[mavic_controller-3] [DEBUG] [1766071031.992123033] [Mavic_2_PRO_1_Controller]: WORLD id: 1, v: [-0.17746925  0.35184033  0.27017924]
[mavic_controller-5] [DEBUG] [1766071031.992281691] [Mavic_2_PRO_2_Controller]: id: 2, gps: (-6.607265357287613, -4.8781252927904655, 3.690156575303268)
[mavic_controller-3] [DEBUG] [1766071031.992481778] [Mavic_2_PRO_1_Controller]: id: 1, gps: (-6.832832544253393, -5.7211234525504935, 3.6700160214317106)
[mavic_controller-5] [DEBUG] [1766071031.992640884] [Mavic_2_PRO_2_Controller]: id: 2, vel: (-0.6238198440476729, -0.407551845994787, 0.20126365352203054)
[mavic_controller-3] [DEBUG] [1766071031.992850306] [Mavic_2_PRO_1_Controller]: id: 1, vel: (-0.7148655694293397, -0.48903724439414437, 0.2059134267079059)
[mavic_controller-7] [INFO] [1766071032.001653800] [Mavic_2_PRO_3_Controller]: theta: 1.5707963267948966
[mavic_controller-3] [INFO] [1766071032.001655012] [Mavic_2_PRO_1_Controller]: theta: 1.5707963267948966
[mavic_controller-3] [DEBUG] [1766071032.002027902] [Mavic_2_PRO_1_Controller]: Time(nanoseconds=14200000000, clock_type=ROS_TIME)
[mavic_controller-7] [DEBUG] [1766071032.002057540] [Mavic_2_PRO_3_Controller]: Time(nanoseconds=14200000000, clock_type=ROS_TIME)
[mavic_controller-3] [DEBUG] [1766071032.002180405] [Mavic_2_PRO_1_Controller]: flag: (-4.547114246699788, 4.225384356482628, 4.321008883785762)
[mavic_controller-7] [DEBUG] [1766071032.002213917] [Mavic_2_PRO_3_Controller]: flag: (-4.547114246699788, 4.225384356482628, 4.321008883785762)
[mavic_controller-5] [INFO] [1766071032.002272568] [Mavic_2_PRO_2_Controller]: theta: 1.5707963267948966
[mavic_controller-3] [DEBUG] [1766071032.002325322] [Mavic_2_PRO_1_Controller]: BODY id: 1, v_b: [-0.0829126  -0.82968495  0.5520402 ], angular: -1.670398272523131
[mavic_controller-7] [DEBUG] [1766071032.002371261] [Mavic_2_PRO_3_Controller]: BODY id: 3, v_b: [-0.05611494 -0.85135296  0.52158341], angular: -1.6366137827876717
[mavic_controller-3] [DEBUG] [1766071032.002470173] [Mavic_2_PRO_1_Controller]: WORLD id: 1, v: [-0.35756703  0.75325788  0.5520402 ]
[mavic_controller-7] [DEBUG] [1766071032.002582773] [Mavic_2_PRO_3_Controller]: WORLD id: 3, v: [-0.29715766  0.79978001  0.52158341]
[mavic_controller-7] [DEBUG] [1766071032.002741610] [Mavic_2_PRO_3_Controller]: id: 3, gps: (-6.5069908145937365, -4.061290172186667, 3.7004680144009687)
[mavic_controller-7] [DEBUG] [1766071032.002888746] [Mavic_2_PRO_3_Controller]: id: 3, vel: (-0.7023575251747376, -0.39972550000207213, 0.21277813528155648)
[mavic_controller-3] [DEBUG] [1766071032.002848563] [Mavic_2_PRO_1_Controller]: id: 1, gps: (-6.889929941163142, -5.7600137230226185, 3.686111609736408)
[mavic_controller-5] [DEBUG] [1766071032.002949945] [Mavic_2_PRO_2_Controller]: Time(nanoseconds=14200000000, clock_type=ROS_TIME)
[mavic_controller-3] [DEBUG] [1766071032.003026403] [Mavic_2_PRO_1_Controller]: id: 1, vel: (-0.7059620806805299, -0.4781971091861332, 0.1952339261521399)
[mavic_controller-5] [DEBUG] [1766071032.003299431] [Mavic_2_PRO_2_Controller]: flag: (-4.547114246699788, 4.225384356482628, 4.321008883785762)
[mavic_controller-5] [DEBUG] [1766071032.003642341] [Mavic_2_PRO_2_Controller]: BODY id: 2, v_b: [-0.27451918 -0.79943093  0.53436822], angular: -1.9015733127611187
[mavic_controller-5] [DEBUG] [1766071032.003989066] [Mavic_2_PRO_2_Controller]: WORLD id: 2, v: [-0.36252921  0.76355954  0.53436822]
[mavic_controller-5] [DEBUG] [1766071032.004325262] [Mavic_2_PRO_2_Controller]: id: 2, gps: (-6.651171813419843, -4.9064512922681915, 3.70225810564498)
[mavic_controller-5] [DEBUG] [1766071032.004674095] [Mavic_2_PRO_2_Controller]: id: 2, vel: (-0.5957097812922866, -0.380514366356198, 0.13957263666628406)
[mavic_controller-3] [INFO] [1766071032.015728717] [Mavic_2_PRO_1_Controller]: theta: 1.5707963267948966
[mavic_controller-3] [DEBUG] [1766071032.016112068] [Mavic_2_PRO_1_Controller]: Time(nanoseconds=14312000000, clock_type=ROS_TIME)
[mavic_controller-5] [INFO] [1766071032.016187294] [Mavic_2_PRO_2_Controller]: theta: 1.5707963267948966
[mavic_controller-3] [DEBUG] [1766071032.016267416] [Mavic_2_PRO_1_Controller]: flag: (-4.547114246699788, 4.225384356482628, 4.321008883785762)
[mavic_controller-3] [DEBUG] [1766071032.016413385] [Mavic_2_PRO_1_Controller]: BODY id: 1, v_b: [-0.0908595  -0.84392324  0.52871365], angular: -1.6780464375232154
[mavic_controller-3] [DEBUG] [1766071032.016568340] [Mavic_2_PRO_1_Controller]: WORLD id: 1, v: [-0.34248725  0.77663657  0.52871365]
[mavic_controller-3] [DEBUG] [1766071032.016713356] [Mavic_2_PRO_1_Controller]: id: 1, gps: (-6.986143384156481, -5.822362444885028, 3.7118896111147923)
[mavic_controller-7] [INFO] [1766071032.016787878] [Mavic_2_PRO_3_Controller]: theta: 1.5707963267948966
[mavic_controller-3] [DEBUG] [1766071032.016862598] [Mavic_2_PRO_1_Controller]: id: 1, vel: (-0.6995338195188636, -0.43507640557263894, 0.1859509951913319)
[mavic_controller-5] [DEBUG] [1766071032.016879430] [Mavic_2_PRO_2_Controller]: Time(nanoseconds=14304000000, clock_type=ROS_TIME)
[mavic_controller-5] [DEBUG] [1766071032.017227283] [Mavic_2_PRO_2_Controller]: flag: (-4.547114246699788, 4.225384356482628, 4.321008883785762)
[mavic_controller-7] [DEBUG] [1766071032.017467675] [Mavic_2_PRO_3_Controller]: Time(nanoseconds=14312000000, clock_type=ROS_TIME)
[mavic_controller-5] [DEBUG] [1766071032.017575631] [Mavic_2_PRO_2_Controller]: BODY id: 2, v_b: [-0.27334646 -0.84324807  0.46283303], angular: -1.8842673940409849
[mavic_controller-5] [DEBUG] [1766071032.017922501] [Mavic_2_PRO_2_Controller]: WORLD id: 2, v: [-0.39080589  0.79564838  0.46283303]
[mavic_controller-7] [DEBUG] [1766071032.017840888] [Mavic_2_PRO_3_Controller]: flag: (-4.547114246699788, 4.225384356482628, 4.321008883785762)
[mavic_controller-7] [DEBUG] [1766071032.018021205] [Mavic_2_PRO_3_Controller]: BODY id: 3, v_b: [-0.01330503 -0.86329433  0.50452539], angular: -1.5862070343471262
[mavic_controller-7] [DEBUG] [1766071032.018170722] [Mavic_2_PRO_3_Controller]: WORLD id: 3, v: [-0.27214107  0.81938597  0.50452539]
[mavic_controller-5] [DEBUG] [1766071032.018262005] [Mavic_2_PRO_2_Controller]: id: 2, gps: (-6.704520508293608, -4.938892712234565, 3.711681070818985)
[mavic_controller-7] [DEBUG] [1766071032.018312629] [Mavic_2_PRO_3_Controller]: id: 3, gps: (-6.579720078697326, -4.1004330582826265, 3.722701357018426)
[mavic_controller-7] [DEBUG] [1766071032.018455222] [Mavic_2_PRO_3_Controller]: id: 3, vel: (-0.686990575073602, -0.357297851081837, 0.2097149098487599)
[mavic_controller-5] [DEBUG] [1766071032.018602787] [Mavic_2_PRO_2_Controller]: id: 2, vel: (-0.6220470388258708, -0.35343421978173856, 0.08234010768455699)
[mavic_controller-3] [INFO] [1766071032.026472547] [Mavic_2_PRO_1_Controller]: theta: 1.5707963267948966
[mavic_controller-3] [DEBUG] [1766071032.026841573] [Mavic_2_PRO_1_Controller]: Time(nanoseconds=14400000000, clock_type=ROS_TIME)
[mavic_controller-3] [DEBUG] [1766071032.027020976] [Mavic_2_PRO_1_Controller]: flag: (-4.547114246699788, 4.225384356482628, 4.321008883785762)
[mavic_controller-3] [DEBUG] [1766071032.027169114] [Mavic_2_PRO_1_Controller]: BODY id: 1, v_b: [-0.08439535 -0.85588677  0.51023059], angular: -1.6690843369245398
[mavic_controller-5] [INFO] [1766071032.027156578] [Mavic_2_PRO_2_Controller]: theta: 1.5707963267948966
[mavic_controller-3] [DEBUG] [1766071032.027314023] [Mavic_2_PRO_1_Controller]: WORLD id: 1, v: [-0.32435936  0.79652731  0.51023059]
[mavic_controller-7] [INFO] [1766071032.027481451] [Mavic_2_PRO_3_Controller]: theta: 1.5707963267948966
[mavic_controller-3] [DEBUG] [1766071032.027500970] [Mavic_2_PRO_1_Controller]: id: 1, gps: (-7.053296441860388, -5.862561044643856, 3.729509105570864)
[mavic_controller-3] [DEBUG] [1766071032.027661220] [Mavic_2_PRO_1_Controller]: id: 1, vel: (-0.6931053280040959, -0.39707484238123236, 0.17926356602416127)
[mavic_controller-5] [DEBUG] [1766071032.027828094] [Mavic_2_PRO_2_Controller]: Time(nanoseconds=14400000000, clock_type=ROS_TIME)
[mavic_controller-5] [DEBUG] [1766071032.028180003] [Mavic_2_PRO_2_Controller]: flag: (-4.547114246699788, 4.225384356482628, 4.321008883785762)
[mavic_controller-7] [DEBUG] [1766071032.028181418] [Mavic_2_PRO_3_Controller]: Time(nanoseconds=14400000000, clock_type=ROS_TIME)
[mavic_controller-5] [DEBUG] [1766071032.028524574] [Mavic_2_PRO_2_Controller]: BODY id: 2, v_b: [-0.3404622  -0.86303223  0.37317672], angular: -1.9465483254685516
[mavic_controller-7] [DEBUG] [1766071032.028539296] [Mavic_2_PRO_3_Controller]: flag: (-4.547114246699788, 4.225384356482628, 4.321008883785762)
[mavic_controller-5] [DEBUG] [1766071032.028878539] [Mavic_2_PRO_2_Controller]: WORLD id: 2, v: [-0.34548118  0.86103536  0.37317672]
[mavic_controller-7] [DEBUG] [1766071032.028892134] [Mavic_2_PRO_3_Controller]: BODY id: 3, v_b: [ 0.03475317 -0.87051348  0.49091599], angular: -1.5308949009536392
[mavic_controller-5] [DEBUG] [1766071032.029216713] [Mavic_2_PRO_2_Controller]: id: 2, gps: (-6.753546401796946, -4.9628201453346525, 3.7161431069009985)
[mavic_controller-7] [DEBUG] [1766071032.029232944] [Mavic_2_PRO_3_Controller]: WORLD id: 3, v: [-0.24891049  0.83489225  0.49091599]
[mavic_controller-5] [DEBUG] [1766071032.029560125] [Mavic_2_PRO_2_Controller]: id: 2, vel: (-0.7322198674780228, -0.3086674426186184, 0.03431456964082136)
[mavic_controller-7] [DEBUG] [1766071032.029574263] [Mavic_2_PRO_3_Controller]: id: 3, gps: (-6.645174579023626, -4.133062957491026, 3.742470761082117)
[mavic_controller-7] [DEBUG] [1766071032.029916492] [Mavic_2_PRO_3_Controller]: id: 3, vel: (-0.6703810692827328, -0.3182657019527637, 0.20136375655043084)
[mavic_controller-3] [INFO] [1766071032.039805401] [Mavic_2_PRO_1_Controller]: theta: 1.5707963267948966
[mavic_controller-5] [DEBUG] [1766071032.039959670] [Mavic_2_PRO_2_Controller]: Time(nanoseconds=14504000000, clock_type=ROS_TIME)
[mavic_controller-5] [DEBUG] [1766071032.040137278] [Mavic_2_PRO_2_Controller]: flag: (-4.547114246699788, 4.225384356482628, 4.321008883785762)
[mavic_controller-7] [INFO] [1766071032.040181780] [Mavic_2_PRO_3_Controller]: theta: 1.5707963267948966
[mavic_controller-3] [DEBUG] [1766071032.040222842] [Mavic_2_PRO_1_Controller]: Time(nanoseconds=14504000000, clock_type=ROS_TIME)
[mavic_controller-5] [DEBUG] [1766071032.040288218] [Mavic_2_PRO_2_Controller]: BODY id: 2, v_b: [-0.06144337 -0.58872641  0.08594243], angular: -1.6747864519868307
[mavic_controller-3] [DEBUG] [1766071032.040379823] [Mavic_2_PRO_1_Controller]: flag: (-4.547114246699788, 4.225384356482628, 4.321008883785762)
[mavic_controller-5] [DEBUG] [1766071032.040439693] [Mavic_2_PRO_2_Controller]: WORLD id: 2, v: [-0.36567468  0.46546331  0.08594243]
[mavic_controller-3] [DEBUG] [1766071032.040558002] [Mavic_2_PRO_1_Controller]: BODY id: 1, v_b: [-0.0647648  -0.86794989  0.49241092], angular: -1.6452764318746378
[mavic_controller-5] [DEBUG] [1766071032.040624065] [Mavic_2_PRO_2_Controller]: id: 2, gps: (-6.856987496681788, -4.9891727141449005, 3.7100021265119376)
[mavic_controller-3] [DEBUG] [1766071032.040738877] [Mavic_2_PRO_1_Controller]: WORLD id: 1, v: [-0.30198443  0.81629461  0.49241092]
[mavic_controller-5] [DEBUG] [1766071032.040784493] [Mavic_2_PRO_2_Controller]: id: 2, vel: (-1.1153896727516484, -0.15221748886173087, -0.15153988932912266)
[mavic_controller-3] [DEBUG] [1766071032.040894820] [Mavic_2_PRO_1_Controller]: id: 1, gps: (-7.125163939008176, -5.901644181042356, 3.7477524402097733)
[mavic_controller-7] [DEBUG] [1766071032.040974445] [Mavic_2_PRO_3_Controller]: Time(nanoseconds=14504000000, clock_type=ROS_TIME)
[mavic_controller-3] [DEBUG] [1766071032.041042529] [Mavic_2_PRO_1_Controller]: id: 1, vel: (-0.6808249952560014, -0.3547775510148137, 0.17059826854936005)
[mavic_controller-7] [DEBUG] [1766071032.041353763] [Mavic_2_PRO_3_Controller]: flag: (-4.547114246699788, 4.225384356482628, 4.321008883785762)
[mavic_controller-7] [DEBUG] [1766071032.041728656] [Mavic_2_PRO_3_Controller]: BODY id: 3, v_b: [ 0.07350205 -0.87060932  0.48645336], angular: -1.4865700721708723
[mavic_controller-7] [DEBUG] [1766071032.042114258] [Mavic_2_PRO_3_Controller]: WORLD id: 3, v: [-0.21179859  0.84764644  0.48645336]
[mavic_controller-7] [DEBUG] [1766071032.042485723] [Mavic_2_PRO_3_Controller]: id: 3, gps: (-6.708976156775934, -4.1616075459531405, 3.761774956540842)
[mavic_controller-7] [DEBUG] [1766071032.042872575] [Mavic_2_PRO_3_Controller]: id: 3, vel: (-0.6523257251671427, -0.277599704913339, 0.1996999923914266)
[mavic_controller-3] [INFO] [1766071032.053165969] [Mavic_2_PRO_1_Controller]: theta: 1.5707963267948966
[mavic_controller-3] [DEBUG] [1766071032.053557654] [Mavic_2_PRO_1_Controller]: Time(nanoseconds=14600000000, clock_type=ROS_TIME)
[mavic_controller-3] [DEBUG] [1766071032.053715617] [Mavic_2_PRO_1_Controller]: flag: (-4.547114246699788, 4.225384356482628, 4.321008883785762)
[mavic_controller-3] [DEBUG] [1766071032.053865030] [Mavic_2_PRO_1_Controller]: BODY id: 1, v_b: [-0.04278346 -0.87743042  0.47779225], angular: -1.6195176876845399
[mavic_controller-7] [INFO] [1766071032.053757946] [Mavic_2_PRO_3_Controller]: theta: 1.5707963267948966
[mavic_controller-3] [DEBUG] [1766071032.054028265] [Mavic_2_PRO_1_Controller]: WORLD id: 1, v: [-0.27320227  0.83491023  0.47779225]
[mavic_controller-5] [DEBUG] [1766071032.054114815] [Mavic_2_PRO_2_Controller]: Time(nanoseconds=14600000000, clock_type=ROS_TIME)
[mavic_controller-3] [DEBUG] [1766071032.054172291] [Mavic_2_PRO_1_Controller]: id: 1, gps: (-7.190207056564234, -5.933832163452306, 3.764062650907481)
[mavic_controller-3] [DEBUG] [1766071032.054317628] [Mavic_2_PRO_1_Controller]: id: 1, vel: (-0.6675341076431796, -0.3150566383883242, 0.16884362464547253)
[mavic_controller-7] [DEBUG] [1766071032.054441373] [Mavic_2_PRO_3_Controller]: Time(nanoseconds=14600000000, clock_type=ROS_TIME)
[mavic_controller-5] [DEBUG] [1766071032.054500457] [Mavic_2_PRO_2_Controller]: flag: (-4.547114246699788, 4.225384356482628, 4.321008883785762)
[mavic_controller-7] [DEBUG] [1766071032.054646687] [Mavic_2_PRO_3_Controller]: flag: (-4.547114246699788, 4.225384356482628, 4.321008883785762)
[mavic_controller-7] [DEBUG] [1766071032.054806441] [Mavic_2_PRO_3_Controller]: BODY id: 3, v_b: [ 0.1008255  -0.86954732  0.4834477 ], angular: -1.4553601108307679
[mavic_controller-5] [DEBUG] [1766071032.054707453] [Mavic_2_PRO_2_Controller]: BODY id: 2, v_b: [ 0.66541117 -0.77870037 -0.19132196], angular: -0.8636868906063455
[mavic_controller-5] [DEBUG] [1766071032.054864423] [Mavic_2_PRO_2_Controller]: WORLD id: 2, v: [-0.98132685  0.2935028  -0.19132196]
[mavic_controller-7] [DEBUG] [1766071032.054955142] [Mavic_2_PRO_3_Controller]: WORLD id: 3, v: [-0.17360025  0.85798676  0.4834477 ]
[mavic_controller-5] [DEBUG] [1766071032.055011337] [Mavic_2_PRO_2_Controller]: id: 2, gps: (-7.101735087222625, -5.001800473370469, 3.6587648762315776)
[mavic_controller-7] [DEBUG] [1766071032.055102125] [Mavic_2_PRO_3_Controller]: id: 3, gps: (-6.760841393693546, -4.1824535045194695, 3.777983211552273)
[mavic_controller-5] [DEBUG] [1766071032.055194784] [Mavic_2_PRO_2_Controller]: id: 2, vel: (-1.8157597493572195, -0.1614698767798428, -0.5023229396442652)
[mavic_controller-7] [DEBUG] [1766071032.055248004] [Mavic_2_PRO_3_Controller]: id: 3, vel: (-0.6381585334196493, -0.24369995395352814, 0.2033453672802682)
[mavic_controller-7] [INFO] [1766071032.064443797] [Mavic_2_PRO_3_Controller]: theta: 1.5707963267948966
[mavic_controller-3] [INFO] [1766071032.064455435] [Mavic_2_PRO_1_Controller]: theta: 1.5707963267948966
[mavic_controller-5] [DEBUG] [1766071032.064629515] [Mavic_2_PRO_2_Controller]: Time(nanoseconds=14704000000, clock_type=ROS_TIME)
[mavic_controller-5] [DEBUG] [1766071032.064808013] [Mavic_2_PRO_2_Controller]: flag: (-4.547114246699788, 4.225384356482628, 4.321008883785762)
[mavic_controller-3] [DEBUG] [1766071032.064833872] [Mavic_2_PRO_1_Controller]: Time(nanoseconds=14704000000, clock_type=ROS_TIME)
[mavic_controller-7] [DEBUG] [1766071032.064845633] [Mavic_2_PRO_3_Controller]: Time(nanoseconds=14704000000, clock_type=ROS_TIME)
[mavic_controller-5] [DEBUG] [1766071032.064961559] [Mavic_2_PRO_2_Controller]: BODY id: 2, v_b: [-0.59763114 -0.85599372 -0.72080093], angular: -2.1802946244651986
[mavic_controller-3] [DEBUG] [1766071032.064996103] [Mavic_2_PRO_1_Controller]: flag: (-4.547114246699788, 4.225384356482628, 4.321008883785762)
[mavic_controller-7] [DEBUG] [1766071032.065020218] [Mavic_2_PRO_3_Controller]: flag: (-4.547114246699788, 4.225384356482628, 4.321008883785762)
[mavic_controller-5] [DEBUG] [1766071032.065111010] [Mavic_2_PRO_2_Controller]: WORLD id: 2, v: [-1.04344652  0.03328066 -0.72080093]
[mavic_controller-3] [DEBUG] [1766071032.065155513] [Mavic_2_PRO_1_Controller]: BODY id: 1, v_b: [-0.0184502  -0.88284648  0.46929913], angular: -1.5916918171606786
[mavic_controller-7] [DEBUG] [1766071032.065201363] [Mavic_2_PRO_3_Controller]: BODY id: 3, v_b: [ 0.16286484 -0.8887692   0.42844411], angular: -1.389559481424117
[mavic_controller-5] [DEBUG] [1766071032.065259226] [Mavic_2_PRO_2_Controller]: id: 2, gps: (-7.288652013644323, -5.040962191422865, 3.5701514290974226)
[mavic_controller-3] [DEBUG] [1766071032.065307119] [Mavic_2_PRO_1_Controller]: WORLD id: 1, v: [-0.23135645  0.85219277  0.46929913]
[mavic_controller-7] [DEBUG] [1766071032.065370916] [Mavic_2_PRO_3_Controller]: WORLD id: 3, v: [-0.12704371  0.89459239  0.42844411]
[mavic_controller-5] [DEBUG] [1766071032.065404301] [Mavic_2_PRO_2_Controller]: id: 2, vel: (-1.7274909192707693, -0.4487933620489681, -1.268238494031024)
[mavic_controller-3] [DEBUG] [1766071032.065457713] [Mavic_2_PRO_1_Controller]: id: 1, gps: (-7.259209708477251, -5.9644124883741885, 3.781970008999216)
[mavic_controller-7] [DEBUG] [1766071032.065554303] [Mavic_2_PRO_3_Controller]: id: 3, gps: (-6.84151889625761, -4.210061358409939, 3.804739175136106)
[mavic_controller-3] [DEBUG] [1766071032.065614659] [Mavic_2_PRO_1_Controller]: id: 1, vel: (-0.6529013142869748, -0.2730013184594853, 0.1738695321912653)
[mavic_controller-7] [DEBUG] [1766071032.065709787] [Mavic_2_PRO_3_Controller]: id: 3, vel: (-0.6160333633335731, -0.18887720565188393, 0.21170777587412387)
[mavic_controller-7] [INFO] [1766071032.076571630] [Mavic_2_PRO_3_Controller]: theta: 1.5707963267948966
[mavic_controller-3] [INFO] [1766071032.076684545] [Mavic_2_PRO_1_Controller]: theta: 1.5707963267948966
[mavic_controller-7] [DEBUG] [1766071032.077065766] [Mavic_2_PRO_3_Controller]: Time(nanoseconds=14800000000, clock_type=ROS_TIME)
[mavic_controller-3] [DEBUG] [1766071032.077136288] [Mavic_2_PRO_1_Controller]: Time(nanoseconds=14800000000, clock_type=ROS_TIME)
[mavic_controller-7] [DEBUG] [1766071032.077234834] [Mavic_2_PRO_3_Controller]: flag: (-4.547114246699788, 4.225384356482628, 4.321008883785762)
[mavic_controller-3] [DEBUG] [1766071032.077354402] [Mavic_2_PRO_1_Controller]: flag: (-4.547114246699788, 4.225384356482628, 4.321008883785762)
[mavic_controller-7] [DEBUG] [1766071032.077387583] [Mavic_2_PRO_3_Controller]: BODY id: 3, v_b: [ 0.2063934  -0.89706352  0.39074136], angular: -1.3446551135996383
[mavic_controller-7] [DEBUG] [1766071032.077538777] [Mavic_2_PRO_3_Controller]: WORLD id: 3, v: [-0.08455179  0.91660907  0.39074136]
[mavic_controller-3] [DEBUG] [1766071032.077553651] [Mavic_2_PRO_1_Controller]: BODY id: 1, v_b: [ 0.01777782 -0.90342426  0.42837899], angular: -1.5511206057851568
[mavic_controller-7] [DEBUG] [1766071032.077739483] [Mavic_2_PRO_3_Controller]: id: 3, gps: (-6.9001021821464645, -4.226122509217056, 3.825425558605692)
[mavic_controller-7] [DEBUG] [1766071032.077895910] [Mavic_2_PRO_3_Controller]: id: 3, vel: (-0.5983092056148809, -0.1473923008979245, 0.2162888652099242)
[mavic_controller-3] [DEBUG] [1766071032.077756655] [Mavic_2_PRO_1_Controller]: WORLD id: 1, v: [-0.20218721  0.88068824  0.42837899]
[mavic_controller-3] [DEBUG] [1766071032.077913345] [Mavic_2_PRO_1_Controller]: id: 1, gps: (-7.321542347524721, -5.9887385192094715, 3.7990643580888532)
[mavic_controller-5] [DEBUG] [1766071032.077842027] [Mavic_2_PRO_2_Controller]: Time(nanoseconds=14800000000, clock_type=ROS_TIME)
[mavic_controller-3] [DEBUG] [1766071032.078085563] [Mavic_2_PRO_1_Controller]: id: 1, vel: (-0.6389953272625154, -0.2341009872033522, 0.17968505429208015)
[mavic_controller-5] [DEBUG] [1766071032.078242517] [Mavic_2_PRO_2_Controller]: flag: (-4.547114246699788, 4.225384356482628, 4.321008883785762)
[mavic_controller-5] [DEBUG] [1766071032.078625451] [Mavic_2_PRO_2_Controller]: BODY id: 2, v_b: [-0.98111339 -0.52929658 -1.24102137], angular: -2.646857713230064
[mavic_controller-5] [DEBUG] [1766071032.079038105] [Mavic_2_PRO_2_Controller]: WORLD id: 2, v: [-1.11452851 -0.02376027 -1.24102137]
[mavic_controller-5] [DEBUG] [1766071032.079405554] [Mavic_2_PRO_2_Controller]: id: 2, gps: (-7.423335892960052, -5.077435794657718, 3.435376772793182)
[mavic_controller-5] [DEBUG] [1766071032.079783822] [Mavic_2_PRO_2_Controller]: id: 2, vel: (-1.7023151977070623, -0.43307485219296615, -1.938852574102936)
[mavic_controller-3] [INFO] [1766071032.090938793] [Mavic_2_PRO_1_Controller]: theta: 1.5707963267948966
[mavic_controller-3] [DEBUG] [1766071032.091317034] [Mavic_2_PRO_1_Controller]: Time(nanoseconds=14904000000, clock_type=ROS_TIME)
[mavic_controller-3] [DEBUG] [1766071032.091486427] [Mavic_2_PRO_1_Controller]: flag: (-4.547114246699788, 4.225384356482628, 4.321008883785762)
[mavic_controller-3] [DEBUG] [1766071032.091644381] [Mavic_2_PRO_1_Controller]: BODY id: 1, v_b: [ 0.05433416 -0.91329202  0.40366506], angular: -1.5113737168180892
[mavic_controller-3] [DEBUG] [1766071032.091793709] [Mavic_2_PRO_1_Controller]: WORLD id: 1, v: [-0.15767727  0.90121718  0.40366506]
[mavic_controller-3] [DEBUG] [1766071032.091935995] [Mavic_2_PRO_1_Controller]: id: 1, gps: (-7.387462113954386, -6.010838281843514, 3.818161451679724)
[mavic_controller-3] [DEBUG] [1766071032.092078347] [Mavic_2_PRO_1_Controller]: id: 1, vel: (-0.622074529811847, -0.191736922829235, 0.18507817857681763)
[mavic_controller-7] [INFO] [1766071032.092128408] [Mavic_2_PRO_3_Controller]: theta: 1.5707963267948966
[mavic_controller-7] [DEBUG] [1766071032.092504782] [Mavic_2_PRO_3_Controller]: Time(nanoseconds=14920000000, clock_type=ROS_TIME)
[mavic_controller-7] [DEBUG] [1766071032.092670990] [Mavic_2_PRO_3_Controller]: flag: (-4.547114246699788, 4.225384356482628, 4.321008883785762)
[mavic_controller-5] [DEBUG] [1766071032.092596858] [Mavic_2_PRO_2_Controller]: Time(nanoseconds=14920000000, clock_type=ROS_TIME)
[mavic_controller-7] [DEBUG] [1766071032.092826974] [Mavic_2_PRO_3_Controller]: BODY id: 3, v_b: [ 0.249631   -0.89884661  0.36022095], angular: -1.2998996877729923
[mavic_controller-7] [DEBUG] [1766071032.092975384] [Mavic_2_PRO_3_Controller]: WORLD id: 3, v: [-0.02584369  0.93250897  0.36022095]
[mavic_controller-5] [DEBUG] [1766071032.092996560] [Mavic_2_PRO_2_Controller]: flag: (-4.547114246699788, 4.225384356482628, 4.321008883785762)
[mavic_controller-7] [DEBUG] [1766071032.093121056] [Mavic_2_PRO_3_Controller]: id: 3, gps: (-6.9661890314207735, -4.239772936766169, 3.8501664504977406)
[mavic_controller-7] [DEBUG] [1766071032.093266558] [Mavic_2_PRO_3_Controller]: id: 3, vel: (-0.5776432242835915, -0.10196846532653504, 0.22252474401842717)
