[mavic_controller-5] [DEBUG] [1766070781.331530954] [Mavic_2_PRO_2_Controller]: id: 2, vel: (-0.26551904201830095, -0.25477825325796877, 0.19754335106944867)
[mavic_controller-7] [DEBUG] [1766070781.331846948] [Mavic_2_PRO_3_Controller]: id: 3, vel: (0.003378382481950732, 0.006693773406494952, 0.019714514353040558)
[mavic_controller-3] [DEBUG] [1766070781.331848774] [Mavic_2_PRO_1_Controller]: id: 1, gps: (4.3811031808626, 6.695227616650491, 4.623756579325027)
[mavic_controller-3] [DEBUG] [1766070781.332186325] [Mavic_2_PRO_1_Controller]: id: 1, vel: (-0.4647865346311096, -0.4933430149284634, 0.13966899866500482)
[mavic_controller-5] [DEBUG] [1766070781.341677929] [Mavic_2_PRO_2_Controller]: Time(nanoseconds=17104000000, clock_type=ROS_TIME)
[mavic_controller-5] [DEBUG] [1766070781.341856673] [Mavic_2_PRO_2_Controller]: flag: (-8.30425345545078, -4.5059818606579345, 4.5798366719018)
[mavic_controller-5] [DEBUG] [1766070781.342005908] [Mavic_2_PRO_2_Controller]: BODY id: 2, v_b: [ 0.90945781  0.4157962  -0.00312424], angular: 0.42881809947320426
[mavic_controller-5] [DEBUG] [1766070781.342149521] [Mavic_2_PRO_2_Controller]: WORLD id: 2, v: [-0.73140162 -0.68194697 -0.00312424]
[mavic_controller-5] [DEBUG] [1766070781.342290198] [Mavic_2_PRO_2_Controller]: id: 2, gps: (5.056415146375288, 7.9512881585956166, 4.586085159762637)
[mavic_controller-5] [DEBUG] [1766070781.342433929] [Mavic_2_PRO_2_Controller]: id: 2, vel: (-0.28067986725727156, -0.2950312152649003, 0.17910371069014944)
[mavic_controller-7] [DEBUG] [1766070781.342598161] [Mavic_2_PRO_3_Controller]: Time(nanoseconds=17104000000, clock_type=ROS_TIME)
[mavic_controller-3] [DEBUG] [1766070781.342948225] [Mavic_2_PRO_1_Controller]: Time(nanoseconds=17104000000, clock_type=ROS_TIME)
[mavic_controller-7] [DEBUG] [1766070781.342969979] [Mavic_2_PRO_3_Controller]: flag: (-8.30425345545078, -4.5059818606579345, 4.5798366719018)
[mavic_controller-3] [DEBUG] [1766070781.343308216] [Mavic_2_PRO_1_Controller]: flag: (-8.30425345545078, -4.5059818606579345, 4.5798366719018)
[mavic_controller-7] [DEBUG] [1766070781.343318010] [Mavic_2_PRO_3_Controller]: BODY id: 3, v_b: [0.65231995 0.27515812 0.70845206], angular: 0.39916954644669606
[mavic_controller-3] [DEBUG] [1766070781.343653526] [Mavic_2_PRO_1_Controller]: BODY id: 1, v_b: [ 0.99993315  0.01156287 -0.0272691 ], angular: 0.011563125751400387
[mavic_controller-7] [DEBUG] [1766070781.343658559] [Mavic_2_PRO_3_Controller]: WORLD id: 3, v: [-0.45513037 -0.54230033  0.70845206]
[mavic_controller-3] [DEBUG] [1766070781.343999650] [Mavic_2_PRO_1_Controller]: WORLD id: 1, v: [-0.74980992 -0.66165329 -0.0272691 ]
[mavic_controller-7] [DEBUG] [1766070781.344001865] [Mavic_2_PRO_3_Controller]: id: 3, gps: (5.140765263284635, 11.517647135548733, 0.01664689213941349)
[mavic_controller-3] [DEBUG] [1766070781.344336424] [Mavic_2_PRO_1_Controller]: id: 1, gps: (4.343260881297795, 6.654539266358604, 4.634374877773748)
[mavic_controller-7] [DEBUG] [1766070781.344345312] [Mavic_2_PRO_3_Controller]: id: 3, vel: (-0.0003922576102927441, -5.95540616126232e-05, 0.0019195530766010775)
[mavic_controller-3] [DEBUG] [1766070781.344669820] [Mavic_2_PRO_1_Controller]: id: 1, vel: (-0.47496754857695916, -0.5158511421450495, 0.12570509020032347)
[mavic_controller-5] [DEBUG] [1766070781.355363116] [Mavic_2_PRO_2_Controller]: Time(nanoseconds=17200000000, clock_type=ROS_TIME)
[mavic_controller-5] [DEBUG] [1766070781.355549551] [Mavic_2_PRO_2_Controller]: flag: (-8.30425345545078, -4.5059818606579345, 4.5798366719018)
[mavic_controller-3] [DEBUG] [1766070781.355652432] [Mavic_2_PRO_1_Controller]: Time(nanoseconds=17200000000, clock_type=ROS_TIME)
[mavic_controller-5] [DEBUG] [1766070781.355833467] [Mavic_2_PRO_2_Controller]: BODY id: 2, v_b: [ 0.92792078  0.37277746 -0.01075818], angular: 0.38200043380371923
[mavic_controller-3] [DEBUG] [1766070781.356035118] [Mavic_2_PRO_1_Controller]: flag: (-8.30425345545078, -4.5059818606579345, 4.5798366719018)
[mavic_controller-5] [DEBUG] [1766070781.356255686] [Mavic_2_PRO_2_Controller]: WORLD id: 2, v: [-0.73150225 -0.68183903 -0.01075818]
[mavic_controller-3] [DEBUG] [1766070781.356389199] [Mavic_2_PRO_1_Controller]: BODY id: 1, v_b: [ 0.9999908   0.0042897  -0.03245868], angular: 0.004289713963001203
[mavic_controller-7] [DEBUG] [1766070781.356396501] [Mavic_2_PRO_3_Controller]: Time(nanoseconds=17200000000, clock_type=ROS_TIME)
[mavic_controller-5] [DEBUG] [1766070781.356618210] [Mavic_2_PRO_2_Controller]: id: 2, gps: (5.031115419893947, 7.924020887612245, 4.60135303291865)
[mavic_controller-3] [DEBUG] [1766070781.356738520] [Mavic_2_PRO_1_Controller]: WORLD id: 1, v: [-0.75008301 -0.66134369 -0.03245868]
[mavic_controller-7] [DEBUG] [1766070781.356770680] [Mavic_2_PRO_3_Controller]: flag: (-8.30425345545078, -4.5059818606579345, 4.5798366719018)
[mavic_controller-5] [DEBUG] [1766070781.356984472] [Mavic_2_PRO_2_Controller]: id: 2, vel: (-0.2900128999030512, -0.3192409857819522, 0.1669702539656137)
[mavic_controller-3] [DEBUG] [1766070781.357089515] [Mavic_2_PRO_1_Controller]: id: 1, gps: (4.300704950457438, 6.607734335885912, 4.644754041517801)
[mavic_controller-7] [DEBUG] [1766070781.357121596] [Mavic_2_PRO_3_Controller]: BODY id: 3, v_b: [0.65157056 0.27491355 0.70728057], angular: 0.39926273971531007
[mavic_controller-3] [DEBUG] [1766070781.357433605] [Mavic_2_PRO_1_Controller]: id: 1, vel: (-0.48578707010562205, -0.5397179261383598, 0.11027609448038948)
[mavic_controller-7] [DEBUG] [1766070781.357464788] [Mavic_2_PRO_3_Controller]: WORLD id: 3, v: [-0.45457441 -0.54174141  0.70728057]
[mavic_controller-7] [DEBUG] [1766070781.357816688] [Mavic_2_PRO_3_Controller]: id: 3, gps: (5.140753975086798, 11.51764856163385, 0.016719017076856885)
[mavic_controller-7] [DEBUG] [1766070781.358165918] [Mavic_2_PRO_3_Controller]: id: 3, vel: (-1.4053605376237321e-05, 3.786895240899208e-05, 0.0002798036563199369)
[mavic_controller-3] [DEBUG] [1766070781.368457865] [Mavic_2_PRO_1_Controller]: Time(nanoseconds=17304000000, clock_type=ROS_TIME)
[mavic_controller-3] [DEBUG] [1766070781.368839494] [Mavic_2_PRO_1_Controller]: flag: (-8.30425345545078, -4.5059818606579345, 4.5798366719018)
[mavic_controller-7] [DEBUG] [1766070781.369102504] [Mavic_2_PRO_3_Controller]: Time(nanoseconds=17304000000, clock_type=ROS_TIME)
[mavic_controller-3] [DEBUG] [1766070781.369192331] [Mavic_2_PRO_1_Controller]: BODY id: 1, v_b: [ 0.99999685 -0.00251095 -0.03734127], angular: -0.00251094931406644
[mavic_controller-5] [DEBUG] [1766070781.369198754] [Mavic_2_PRO_2_Controller]: Time(nanoseconds=17304000000, clock_type=ROS_TIME)
[mavic_controller-7] [DEBUG] [1766070781.369476338] [Mavic_2_PRO_3_Controller]: flag: (-8.30425345545078, -4.5059818606579345, 4.5798366719018)
[mavic_controller-3] [DEBUG] [1766070781.369546345] [Mavic_2_PRO_1_Controller]: WORLD id: 1, v: [-0.75042457 -0.6609561  -0.03734127]
[mavic_controller-5] [DEBUG] [1766070781.369575737] [Mavic_2_PRO_2_Controller]: flag: (-8.30425345545078, -4.5059818606579345, 4.5798366719018)
[mavic_controller-7] [DEBUG] [1766070781.369835183] [Mavic_2_PRO_3_Controller]: BODY id: 3, v_b: [0.65152941 0.27489769 0.70721345], angular: 0.39926470498431493
[mavic_controller-3] [DEBUG] [1766070781.369904546] [Mavic_2_PRO_1_Controller]: id: 1, gps: (4.25320376873931, 6.554327564380835, 4.654519211193216)
[mavic_controller-5] [DEBUG] [1766070781.369939274] [Mavic_2_PRO_2_Controller]: BODY id: 2, v_b: [ 0.94310003  0.33250915 -0.01785094], angular: 0.33896287102120704
[mavic_controller-7] [DEBUG] [1766070781.370192595] [Mavic_2_PRO_3_Controller]: WORLD id: 3, v: [-0.45454326 -0.54171001  0.70721345]
[mavic_controller-3] [DEBUG] [1766070781.370259291] [Mavic_2_PRO_1_Controller]: id: 1, vel: (-0.49726413132046243, -0.5645719316436351, 0.0934514130496318)
[mavic_controller-5] [DEBUG] [1766070781.370302354] [Mavic_2_PRO_2_Controller]: WORLD id: 2, v: [-0.7316429  -0.6816881  -0.01785094]
[mavic_controller-7] [DEBUG] [1766070781.370539203] [Mavic_2_PRO_3_Controller]: id: 3, gps: (5.140754045765805, 11.517652559545263, 0.016739377663196345)
[mavic_controller-5] [DEBUG] [1766070781.370653750] [Mavic_2_PRO_2_Controller]: id: 2, gps: (5.005019313206413, 7.8945661492328965, 4.615538551467037)
[mavic_controller-7] [DEBUG] [1766070781.370892216] [Mavic_2_PRO_3_Controller]: id: 3, vel: (5.780732384202669e-06, 4.2423348084486606e-05, 0.00018483163669011306)
[mavic_controller-5] [DEBUG] [1766070781.371007523] [Mavic_2_PRO_2_Controller]: id: 2, vel: (-0.2990106361311538, -0.34377403977422283, 0.15468290922361255)
[mavic_controller-5] [DEBUG] [1766070781.380647274] [Mavic_2_PRO_2_Controller]: Time(nanoseconds=17400000000, clock_type=ROS_TIME)
[mavic_controller-5] [DEBUG] [1766070781.380823644] [Mavic_2_PRO_2_Controller]: flag: (-8.30425345545078, -4.5059818606579345, 4.5798366719018)
[mavic_controller-7] [DEBUG] [1766070781.380789178] [Mavic_2_PRO_3_Controller]: Time(nanoseconds=17400000000, clock_type=ROS_TIME)
[mavic_controller-7] [DEBUG] [1766070781.380952228] [Mavic_2_PRO_3_Controller]: flag: (-8.30425345545078, -4.5059818606579345, 4.5798366719018)
[mavic_controller-7] [DEBUG] [1766070781.381096736] [Mavic_2_PRO_3_Controller]: BODY id: 3, v_b: [0.65152556 0.27489376 0.70720427], angular: 0.3992617054015013
[mavic_controller-5] [DEBUG] [1766070781.380971617] [Mavic_2_PRO_2_Controller]: BODY id: 2, v_b: [ 0.9555272   0.29490299 -0.02439181], angular: 0.2993539940179473
[mavic_controller-5] [DEBUG] [1766070781.381118167] [Mavic_2_PRO_2_Controller]: WORLD id: 2, v: [-0.73182349 -0.68149422 -0.02439181]
[mavic_controller-7] [DEBUG] [1766070781.381237851] [Mavic_2_PRO_3_Controller]: WORLD id: 3, v: [-0.4545397  -0.54170638  0.70720427]
[mavic_controller-5] [DEBUG] [1766070781.381264986] [Mavic_2_PRO_2_Controller]: id: 2, gps: (4.978134757378293, 7.862944384043401, 4.628620297078158)
[mavic_controller-7] [DEBUG] [1766070781.381380082] [Mavic_2_PRO_3_Controller]: id: 3, gps: (5.140754732473826, 11.517656970515073, 0.016757776512156465)
[mavic_controller-5] [DEBUG] [1766070781.381410376] [Mavic_2_PRO_2_Controller]: id: 2, vel: (-0.3077868655600934, -0.36840572076203043, 0.14203325804762393)
[mavic_controller-7] [DEBUG] [1766070781.381520858] [Mavic_2_PRO_3_Controller]: id: 3, vel: (6.684807113811856e-06, 4.181637474761218e-05, 0.0001706959441479348)
[mavic_controller-3] [DEBUG] [1766070781.382207407] [Mavic_2_PRO_1_Controller]: Time(nanoseconds=17400000000, clock_type=ROS_TIME)
[mavic_controller-3] [DEBUG] [1766070781.382586590] [Mavic_2_PRO_1_Controller]: flag: (-8.30425345545078, -4.5059818606579345, 4.5798366719018)
[mavic_controller-3] [DEBUG] [1766070781.382941693] [Mavic_2_PRO_1_Controller]: BODY id: 1, v_b: [ 0.99996222 -0.00869199 -0.04171752], angular: -0.008692103812957118
[mavic_controller-3] [DEBUG] [1766070781.383290043] [Mavic_2_PRO_1_Controller]: WORLD id: 1, v: [-0.75084397 -0.66047962 -0.04171752]
[mavic_controller-3] [DEBUG] [1766070781.383629064] [Mavic_2_PRO_1_Controller]: id: 1, gps: (4.2005176807464295, 6.4938354370890154, 4.663271717719187)
[mavic_controller-3] [DEBUG] [1766070781.383983722] [Mavic_2_PRO_1_Controller]: id: 1, vel: (-0.509303159265118, -0.5901383839672587, 0.07535636472288683)
[mavic_controller-7] [DEBUG] [1766070781.394894457] [Mavic_2_PRO_3_Controller]: Time(nanoseconds=17504000000, clock_type=ROS_TIME)
[mavic_controller-5] [DEBUG] [1766070781.394973007] [Mavic_2_PRO_2_Controller]: Time(nanoseconds=17504000000, clock_type=ROS_TIME)
[mavic_controller-5] [DEBUG] [1766070781.395148075] [Mavic_2_PRO_2_Controller]: flag: (-8.30425345545078, -4.5059818606579345, 4.5798366719018)
[mavic_controller-7] [DEBUG] [1766070781.395071436] [Mavic_2_PRO_3_Controller]: flag: (-8.30425345545078, -4.5059818606579345, 4.5798366719018)
[mavic_controller-7] [DEBUG] [1766070781.395215814] [Mavic_2_PRO_3_Controller]: BODY id: 3, v_b: [0.65152371 0.27488921 0.70719658], angular: 0.3992567853372291
[mavic_controller-5] [DEBUG] [1766070781.395313420] [Mavic_2_PRO_2_Controller]: BODY id: 2, v_b: [ 0.97024874  0.24211029 -0.03336927], angular: 0.24454025853275194
[mavic_controller-7] [DEBUG] [1766070781.395359294] [Mavic_2_PRO_3_Controller]: WORLD id: 3, v: [-0.45453727 -0.54170387  0.70719658]
[mavic_controller-7] [DEBUG] [1766070781.395501579] [Mavic_2_PRO_3_Controller]: id: 3, gps: (5.140755752823029, 11.517663570699048, 0.01678414354303724)
[mavic_controller-5] [DEBUG] [1766070781.395462985] [Mavic_2_PRO_2_Controller]: WORLD id: 2, v: [-0.73218451 -0.68110634 -0.03336927]
[mavic_controller-5] [DEBUG] [1766070781.395674091] [Mavic_2_PRO_2_Controller]: id: 2, gps: (4.93510419238433, 7.809780588465723, 4.646575213179553)
[mavic_controller-5] [DEBUG] [1766070781.395849643] [Mavic_2_PRO_2_Controller]: id: 2, vel: (-0.32050279363621537, -0.40676627275209915, 0.12159628327107129)
[mavic_controller-7] [DEBUG] [1766070781.395687585] [Mavic_2_PRO_3_Controller]: id: 3, vel: (5.9872287736028945e-06, 4.029164397130393e-05, 0.00015790890264180918)
[mavic_controller-3] [DEBUG] [1766070781.396077696] [Mavic_2_PRO_1_Controller]: Time(nanoseconds=17504000000, clock_type=ROS_TIME)
[mavic_controller-3] [DEBUG] [1766070781.396447929] [Mavic_2_PRO_1_Controller]: flag: (-8.30425345545078, -4.5059818606579345, 4.5798366719018)
[mavic_controller-3] [DEBUG] [1766070781.396804872] [Mavic_2_PRO_1_Controller]: BODY id: 1, v_b: [ 0.99990406 -0.01385159 -0.04537932], angular: -0.013852033160722239
[mavic_controller-3] [DEBUG] [1766070781.397150715] [Mavic_2_PRO_1_Controller]: WORLD id: 1, v: [-0.75135013 -0.65990377 -0.04537932]
[mavic_controller-3] [DEBUG] [1766070781.397493209] [Mavic_2_PRO_1_Controller]: id: 1, gps: (4.142395754448362, 6.425793338291009, 4.670595316032283)
[mavic_controller-3] [DEBUG] [1766070781.397844636] [Mavic_2_PRO_1_Controller]: id: 1, vel: (-0.5218532077088426, -0.6160860463680641, 0.05612742453098095)
[mavic_controller-7] [DEBUG] [1766070781.406857259] [Mavic_2_PRO_3_Controller]: Time(nanoseconds=17600000000, clock_type=ROS_TIME)
[mavic_controller-7] [DEBUG] [1766070781.407035020] [Mavic_2_PRO_3_Controller]: flag: (-8.30425345545078, -4.5059818606579345, 4.5798366719018)
[mavic_controller-7] [DEBUG] [1766070781.407181189] [Mavic_2_PRO_3_Controller]: BODY id: 3, v_b: [0.65152266 0.27488659 0.70719211], angular: 0.39925395292751836
[mavic_controller-5] [DEBUG] [1766070781.407228827] [Mavic_2_PRO_2_Controller]: Time(nanoseconds=17600000000, clock_type=ROS_TIME)
[mavic_controller-7] [DEBUG] [1766070781.407322089] [Mavic_2_PRO_3_Controller]: WORLD id: 3, v: [-0.45453589 -0.54170245  0.70719211]
[mavic_controller-7] [DEBUG] [1766070781.407489826] [Mavic_2_PRO_3_Controller]: id: 3, gps: (5.140756306341812, 11.517667411260843, 0.016798996423243694)
[mavic_controller-7] [DEBUG] [1766070781.407643178] [Mavic_2_PRO_3_Controller]: id: 3, vel: (5.519251200105287e-06, 3.935593441322104e-05, 0.00015044078987018033)
[mavic_controller-5] [DEBUG] [1766070781.407599336] [Mavic_2_PRO_2_Controller]: flag: (-8.30425345545078, -4.5059818606579345, 4.5798366719018)
[mavic_controller-3] [DEBUG] [1766070781.407715952] [Mavic_2_PRO_1_Controller]: Time(nanoseconds=17600000000, clock_type=ROS_TIME)
[mavic_controller-5] [DEBUG] [1766070781.407949751] [Mavic_2_PRO_2_Controller]: BODY id: 2, v_b: [ 0.97799223  0.20864132 -0.03885013], angular: 0.21018550050559326
[mavic_controller-3] [DEBUG] [1766070781.408089252] [Mavic_2_PRO_1_Controller]: flag: (-8.30425345545078, -4.5059818606579345, 4.5798366719018)
[mavic_controller-5] [DEBUG] [1766070781.408291581] [Mavic_2_PRO_2_Controller]: WORLD id: 2, v: [-0.7325003  -0.68076671 -0.03885013]
[mavic_controller-3] [DEBUG] [1766070781.408434489] [Mavic_2_PRO_1_Controller]: BODY id: 1, v_b: [ 0.99984899 -0.01737812 -0.04733755], angular: -0.01737899510995707
[mavic_controller-5] [DEBUG] [1766070781.408628573] [Mavic_2_PRO_2_Controller]: id: 2, gps: (4.903693836813757, 7.769140564371944, 4.657536924527396)
[mavic_controller-3] [DEBUG] [1766070781.408779500] [Mavic_2_PRO_1_Controller]: WORLD id: 1, v: [-0.75174443 -0.65945456 -0.04733755]
[mavic_controller-5] [DEBUG] [1766070781.408971255] [Mavic_2_PRO_2_Controller]: id: 2, vel: (-0.32934334558072614, -0.43306264254123766, 0.10668462205801195)
[mavic_controller-3] [DEBUG] [1766070781.409123353] [Mavic_2_PRO_1_Controller]: id: 1, gps: (4.1000258891918815, 6.375453794694315, 4.674511773773363)
[mavic_controller-3] [DEBUG] [1766070781.409459565] [Mavic_2_PRO_1_Controller]: id: 1, vel: (-0.5305860468861714, -0.6336007796193116, 0.04262975574942849)
[mavic_controller-7] [DEBUG] [1766070781.419960724] [Mavic_2_PRO_3_Controller]: Time(nanoseconds=17704000000, clock_type=ROS_TIME)
[mavic_controller-3] [DEBUG] [1766070781.419984775] [Mavic_2_PRO_1_Controller]: Time(nanoseconds=17704000000, clock_type=ROS_TIME)
[mavic_controller-7] [DEBUG] [1766070781.420144109] [Mavic_2_PRO_3_Controller]: flag: (-8.30425345545078, -4.5059818606579345, 4.5798366719018)
[mavic_controller-7] [DEBUG] [1766070781.420295755] [Mavic_2_PRO_3_Controller]: BODY id: 3, v_b: [0.65151224 0.27488474 0.70715779], angular: 0.39925727550450923
[mavic_controller-3] [DEBUG] [1766070781.420188627] [Mavic_2_PRO_1_Controller]: flag: (-8.30425345545078, -4.5059818606579345, 4.5798366719018)
[mavic_controller-3] [DEBUG] [1766070781.420339418] [Mavic_2_PRO_1_Controller]: BODY id: 1, v_b: [ 0.9997727  -0.02132034 -0.04927072], angular: -0.021321951804119398
[mavic_controller-5] [DEBUG] [1766070781.420299007] [Mavic_2_PRO_2_Controller]: Time(nanoseconds=17704000000, clock_type=ROS_TIME)
[mavic_controller-7] [DEBUG] [1766070781.420440699] [Mavic_2_PRO_3_Controller]: WORLD id: 3, v: [-0.45452609 -0.5416972   0.70715779]
[mavic_controller-5] [DEBUG] [1766070781.420474613] [Mavic_2_PRO_2_Controller]: flag: (-8.30425345545078, -4.5059818606579345, 4.5798366719018)
[mavic_controller-3] [DEBUG] [1766070781.420486129] [Mavic_2_PRO_1_Controller]: WORLD id: 1, v: [-0.75238407 -0.65872469 -0.04927072]
[mavic_controller-7] [DEBUG] [1766070781.420590862] [Mavic_2_PRO_3_Controller]: id: 3, gps: (5.140756972353724, 11.51767071820331, 0.016812389671859017)
[mavic_controller-3] [DEBUG] [1766070781.420641670] [Mavic_2_PRO_1_Controller]: id: 1, gps: (4.03517528524355, 6.297391891440416, 4.678378120542445)
[mavic_controller-3] [DEBUG] [1766070781.420904439] [Mavic_2_PRO_1_Controller]: id: 1, vel: (-0.5433636773797182, -0.6582779255130619, 0.022877746906775347)
[mavic_controller-5] [DEBUG] [1766070781.420643788] [Mavic_2_PRO_2_Controller]: BODY id: 2, v_b: [ 0.98438613  0.17602255 -0.0439706 ], angular: 0.1769444427832384
[mavic_controller-5] [DEBUG] [1766070781.420809598] [Mavic_2_PRO_2_Controller]: WORLD id: 2, v: [-0.73289987 -0.68033652 -0.0439706 ]
[mavic_controller-5] [DEBUG] [1766070781.420962882] [Mavic_2_PRO_2_Controller]: id: 2, gps: (4.868735422371503, 7.722244366410442, 4.667777864417146)
[mavic_controller-7] [DEBUG] [1766070781.420826409] [Mavic_2_PRO_3_Controller]: id: 3, vel: (4.200956208295973e-06, 1.6102053904531313e-05, 8.712710624029837e-05)
[mavic_controller-5] [DEBUG] [1766070781.421115649] [Mavic_2_PRO_2_Controller]: id: 2, vel: (-0.3383718403387145, -0.46155809331403036, 0.09042640888638875)
[mavic_controller-7] [DEBUG] [1766070781.431726253] [Mavic_2_PRO_3_Controller]: Time(nanoseconds=17800000000, clock_type=ROS_TIME)
[mavic_controller-3] [DEBUG] [1766070781.431725291] [Mavic_2_PRO_1_Controller]: Time(nanoseconds=17800000000, clock_type=ROS_TIME)
[mavic_controller-5] [DEBUG] [1766070781.431732375] [Mavic_2_PRO_2_Controller]: Time(nanoseconds=17800000000, clock_type=ROS_TIME)
[mavic_controller-7] [DEBUG] [1766070781.431912023] [Mavic_2_PRO_3_Controller]: flag: (-8.30425345545078, -4.5059818606579345, 4.5798366719018)
[mavic_controller-7] [DEBUG] [1766070781.432058693] [Mavic_2_PRO_3_Controller]: BODY id: 3, v_b: [0.65150129 0.27488151 0.70713194], angular: 0.39925908430672874
[mavic_controller-7] [DEBUG] [1766070781.432209431] [Mavic_2_PRO_3_Controller]: WORLD id: 3, v: [-0.45451754 -0.54168956  0.70713194]
[mavic_controller-3] [DEBUG] [1766070781.431912216] [Mavic_2_PRO_1_Controller]: flag: (-8.30425345545078, -4.5059818606579345, 4.5798366719018)
[mavic_controller-3] [DEBUG] [1766070781.432068204] [Mavic_2_PRO_1_Controller]: BODY id: 1, v_b: [ 0.99968804 -0.02497657 -0.05004678], angular: -0.02497916685046118
[mavic_controller-3] [DEBUG] [1766070781.432215239] [Mavic_2_PRO_1_Controller]: WORLD id: 1, v: [-0.75327099 -0.65771028 -0.05004678]
[mavic_controller-5] [DEBUG] [1766070781.431914407] [Mavic_2_PRO_2_Controller]: flag: (-8.30425345545078, -4.5059818606579345, 4.5798366719018)
[mavic_controller-5] [DEBUG] [1766070781.432065762] [Mavic_2_PRO_2_Controller]: BODY id: 2, v_b: [ 0.98883658  0.1490041  -0.04794266], angular: 0.14956105615239998
[mavic_controller-5] [DEBUG] [1766070781.432215334] [Mavic_2_PRO_2_Controller]: WORLD id: 2, v: [-0.7333217  -0.67988182 -0.04794266]
[mavic_controller-7] [DEBUG] [1766070781.432359704] [Mavic_2_PRO_3_Controller]: id: 3, gps: (5.1407574015786075, 11.517671678800873, 0.016817712611195447)
[mavic_controller-3] [DEBUG] [1766070781.432362284] [Mavic_2_PRO_1_Controller]: id: 1, gps: (3.9508616230302693, 6.194437016368765, 4.679930228169421)
[mavic_controller-5] [DEBUG] [1766070781.432364847] [Mavic_2_PRO_2_Controller]: id: 2, gps: (4.835630148808135, 7.676349584474134, 4.675721987740395)
[mavic_controller-7] [DEBUG] [1766070781.432505751] [Mavic_2_PRO_3_Controller]: id: 3, vel: (4.504123109644794e-06, 7.813572697263417e-06, 4.378110333576149e-05)
[mavic_controller-3] [DEBUG] [1766070781.432506594] [Mavic_2_PRO_1_Controller]: id: 1, vel: (-0.5589830010004877, -0.6868938128626312, -0.0010898329921954597)
[mavic_controller-5] [DEBUG] [1766070781.432525281] [Mavic_2_PRO_2_Controller]: id: 2, vel: (-0.34667247656611994, -0.4871697117041331, 0.07538968273120576)
[mavic_controller-5] [DEBUG] [1766070781.444680465] [Mavic_2_PRO_2_Controller]: Time(nanoseconds=17904000000, clock_type=ROS_TIME)
[mavic_controller-5] [DEBUG] [1766070781.444861190] [Mavic_2_PRO_2_Controller]: flag: (-8.30425345545078, -4.5059818606579345, 4.5798366719018)
[mavic_controller-3] [DEBUG] [1766070781.444769117] [Mavic_2_PRO_1_Controller]: Time(nanoseconds=17904000000, clock_type=ROS_TIME)
[mavic_controller-7] [DEBUG] [1766070781.444816070] [Mavic_2_PRO_3_Controller]: Time(nanoseconds=17904000000, clock_type=ROS_TIME)
[mavic_controller-3] [DEBUG] [1766070781.444976124] [Mavic_2_PRO_1_Controller]: flag: (-8.30425345545078, -4.5059818606579345, 4.5798366719018)
[mavic_controller-3] [DEBUG] [1766070781.445157873] [Mavic_2_PRO_1_Controller]: BODY id: 1, v_b: [ 0.99964208 -0.0267529  -0.0495482 ], angular: -0.0267560948341543
[mavic_controller-7] [DEBUG] [1766070781.444988522] [Mavic_2_PRO_3_Controller]: flag: (-8.30425345545078, -4.5059818606579345, 4.5798366719018)
[mavic_controller-7] [DEBUG] [1766070781.445134922] [Mavic_2_PRO_3_Controller]: BODY id: 3, v_b: [0.65149964 0.27488097 0.70712535], angular: 0.3992592880611409
[mavic_controller-5] [DEBUG] [1766070781.445011548] [Mavic_2_PRO_2_Controller]: BODY id: 2, v_b: [ 0.99241725  0.12291463 -0.05142425], angular: 0.12322625265549111
[mavic_controller-5] [DEBUG] [1766070781.445160590] [Mavic_2_PRO_2_Controller]: WORLD id: 2, v: [-0.73383626 -0.67932639 -0.05142425]
[mavic_controller-7] [DEBUG] [1766070781.445278346] [Mavic_2_PRO_3_Controller]: WORLD id: 3, v: [-0.45451618 -0.54168845  0.70712535]
[mavic_controller-5] [DEBUG] [1766070781.445316348] [Mavic_2_PRO_2_Controller]: id: 2, gps: (4.798888431124341, 7.623849618514742, 4.682685168190916)
[mavic_controller-3] [DEBUG] [1766070781.445320719] [Mavic_2_PRO_1_Controller]: WORLD id: 1, v: [-0.75392293 -0.65696287 -0.0495482 ]
[mavic_controller-7] [DEBUG] [1766070781.445420041] [Mavic_2_PRO_3_Controller]: id: 3, gps: (5.140757808032648, 11.517672335469769, 0.016821685526660947)
[mavic_controller-5] [DEBUG] [1766070781.445461414] [Mavic_2_PRO_2_Controller]: id: 2, vel: (-0.3551883637237252, -0.5147075302970232, 0.05903261415321841)
[mavic_controller-3] [DEBUG] [1766070781.445498064] [Mavic_2_PRO_1_Controller]: id: 1, gps: (3.891817610587323, 6.121584243630233, 4.678933080755513)
[mavic_controller-7] [DEBUG] [1766070781.445558370] [Mavic_2_PRO_3_Controller]: id: 3, vel: (2.6927678283432953e-06, 3.903684459591836e-06, 3.130430938628225e-05)
[mavic_controller-3] [DEBUG] [1766070781.445673813] [Mavic_2_PRO_1_Controller]: id: 1, vel: (-0.5693493845815573, -0.7047856063607342, -0.01666168007296131)
[mavic_controller-5] [DEBUG] [1766070781.456742195] [Mavic_2_PRO_2_Controller]: Time(nanoseconds=18000000000, clock_type=ROS_TIME)
[mavic_controller-3] [DEBUG] [1766070781.456799980] [Mavic_2_PRO_1_Controller]: Time(nanoseconds=18000000000, clock_type=ROS_TIME)
[mavic_controller-7] [DEBUG] [1766070781.456885669] [Mavic_2_PRO_3_Controller]: Time(nanoseconds=18000000000, clock_type=ROS_TIME)
[mavic_controller-5] [DEBUG] [1766070781.456927924] [Mavic_2_PRO_2_Controller]: flag: (-8.30425345545078, -4.5059818606579345, 4.5798366719018)
[mavic_controller-5] [DEBUG] [1766070781.457078401] [Mavic_2_PRO_2_Controller]: BODY id: 2, v_b: [ 0.99483128  0.10154171 -0.05387914], angular: 0.1017170206122249
[mavic_controller-3] [DEBUG] [1766070781.456980536] [Mavic_2_PRO_1_Controller]: flag: (-8.30425345545078, -4.5059818606579345, 4.5798366719018)
[mavic_controller-3] [DEBUG] [1766070781.457134860] [Mavic_2_PRO_1_Controller]: BODY id: 1, v_b: [ 0.99960933 -0.02794977 -0.04838315], angular: -0.02795340833973177
[mavic_controller-7] [DEBUG] [1766070781.457065553] [Mavic_2_PRO_3_Controller]: flag: (-8.30425345545078, -4.5059818606579345, 4.5798366719018)
[mavic_controller-7] [DEBUG] [1766070781.457214579] [Mavic_2_PRO_3_Controller]: BODY id: 3, v_b: [0.6514965  0.27487988 0.70711688], angular: 0.399259588841735
[mavic_controller-5] [DEBUG] [1766070781.457235419] [Mavic_2_PRO_2_Controller]: WORLD id: 2, v: [-0.73436402 -0.67875584 -0.05387914]
[mavic_controller-3] [DEBUG] [1766070781.457302196] [Mavic_2_PRO_1_Controller]: WORLD id: 1, v: [-0.75455441 -0.65623749 -0.04838315]
[mavic_controller-7] [DEBUG] [1766070781.457359140] [Mavic_2_PRO_3_Controller]: WORLD id: 3, v: [-0.45451392 -0.54168602  0.70711688]
[mavic_controller-5] [DEBUG] [1766070781.457383892] [Mavic_2_PRO_2_Controller]: id: 2, gps: (4.7641851205876895, 7.572876502237091, 4.687594945577557)
[mavic_controller-3] [DEBUG] [1766070781.457452685] [Mavic_2_PRO_1_Controller]: id: 1, gps: (3.836364977314278, 6.0527384716130745, 4.6766029638064355)
[mavic_controller-7] [DEBUG] [1766070781.457501930] [Mavic_2_PRO_3_Controller]: id: 3, gps: (5.140758009645697, 11.517672601973642, 0.016824249563238886)
[mavic_controller-5] [DEBUG] [1766070781.457530546] [Mavic_2_PRO_2_Controller]: id: 2, vel: (-0.3629880276210003, -0.5393308792632845, 0.04395503537691317)
[mavic_controller-3] [DEBUG] [1766070781.457604607] [Mavic_2_PRO_1_Controller]: id: 1, vel: (-0.5787052897747708, -0.7201145336967422, -0.030359118453005166)
[mavic_controller-7] [DEBUG] [1766070781.457671564] [Mavic_2_PRO_3_Controller]: id: 3, vel: (1.2728483029876726e-06, 1.3181941151001018e-06, 1.6626216793168185e-05)
[mavic_controller-3] [DEBUG] [1766070781.471730288] [Mavic_2_PRO_1_Controller]: Time(nanoseconds=18104000000, clock_type=ROS_TIME)
[mavic_controller-5] [DEBUG] [1766070781.471737200] [Mavic_2_PRO_2_Controller]: Time(nanoseconds=18104000000, clock_type=ROS_TIME)
[mavic_controller-7] [DEBUG] [1766070781.471746594] [Mavic_2_PRO_3_Controller]: Time(nanoseconds=18104000000, clock_type=ROS_TIME)
[mavic_controller-3] [DEBUG] [1766070781.471918273] [Mavic_2_PRO_1_Controller]: flag: (-8.30425345545078, -4.5059818606579345, 4.5798366719018)
[mavic_controller-3] [DEBUG] [1766070781.472072297] [Mavic_2_PRO_1_Controller]: BODY id: 1, v_b: [ 0.9995838  -0.02884846 -0.04639714], angular: -0.02885246752830787
[mavic_controller-5] [DEBUG] [1766070781.471937624] [Mavic_2_PRO_2_Controller]: flag: (-8.30425345545078, -4.5059818606579345, 4.5798366719018)
[mavic_controller-5] [DEBUG] [1766070781.472084976] [Mavic_2_PRO_2_Controller]: BODY id: 2, v_b: [ 0.99670582  0.08110185 -0.05572194], angular: 0.08119102653009813
[mavic_controller-7] [DEBUG] [1766070781.471942143] [Mavic_2_PRO_3_Controller]: flag: (-8.30425345545078, -4.5059818606579345, 4.5798366719018)
[mavic_controller-7] [DEBUG] [1766070781.472092165] [Mavic_2_PRO_3_Controller]: BODY id: 3, v_b: [0.6514926  0.27487864 0.70710751], angular: 0.3992601176345945
[mavic_controller-3] [DEBUG] [1766070781.472226232] [Mavic_2_PRO_1_Controller]: WORLD id: 1, v: [-0.75526808 -0.655416   -0.04639714]
[mavic_controller-5] [DEBUG] [1766070781.472228892] [Mavic_2_PRO_2_Controller]: WORLD id: 2, v: [-0.73499244 -0.6780753  -0.05572194]
[mavic_controller-7] [DEBUG] [1766070781.472236931] [Mavic_2_PRO_3_Controller]: WORLD id: 3, v: [-0.4545112  -0.54168297  0.70710751]
[mavic_controller-5] [DEBUG] [1766070781.472378222] [Mavic_2_PRO_2_Controller]: id: 2, gps: (4.725760322996631, 7.5149994438395575, 4.691280546312877)
[mavic_controller-3] [DEBUG] [1766070781.472379198] [Mavic_2_PRO_1_Controller]: id: 1, gps: (3.775286344528477, 5.976552505871688, 4.672630961775727)
[mavic_controller-7] [DEBUG] [1766070781.472381531] [Mavic_2_PRO_3_Controller]: id: 3, gps: (5.140758051266349, 11.517672578568142, 0.016824743921795907)
[mavic_controller-5] [DEBUG] [1766070781.472521525] [Mavic_2_PRO_2_Controller]: id: 2, vel: (-0.3711244618486437, -0.5654691034870468, 0.027817894679922704)
[mavic_controller-7] [DEBUG] [1766070781.472523498] [Mavic_2_PRO_3_Controller]: id: 3, vel: (1.1121568420778913e-07, -7.255126587574427e-07, 8.568483196257914e-07)
[mavic_controller-3] [DEBUG] [1766070781.472536087] [Mavic_2_PRO_1_Controller]: id: 1, vel: (-0.588582564312863, -0.7355117108056033, -0.04437570823278038)
[mavic_controller-3] [DEBUG] [1766070781.484037674] [Mavic_2_PRO_1_Controller]: Time(nanoseconds=18200000000, clock_type=ROS_TIME)
[mavic_controller-5] [DEBUG] [1766070781.484036569] [Mavic_2_PRO_2_Controller]: Time(nanoseconds=18200000000, clock_type=ROS_TIME)
[mavic_controller-7] [DEBUG] [1766070781.484115963] [Mavic_2_PRO_3_Controller]: Time(nanoseconds=18200000000, clock_type=ROS_TIME)
[mavic_controller-5] [DEBUG] [1766070781.484221057] [Mavic_2_PRO_2_Controller]: flag: (-8.30425345545078, -4.5059818606579345, 4.5798366719018)
[mavic_controller-5] [DEBUG] [1766070781.484371296] [Mavic_2_PRO_2_Controller]: BODY id: 2, v_b: [ 0.99791752  0.06450287 -0.05668182], angular: 0.06454768613379783
[mavic_controller-3] [DEBUG] [1766070781.484229120] [Mavic_2_PRO_1_Controller]: flag: (-8.30425345545078, -4.5059818606579345, 4.5798366719018)
[mavic_controller-3] [DEBUG] [1766070781.484383612] [Mavic_2_PRO_1_Controller]: BODY id: 1, v_b: [ 0.99956847 -0.02937488 -0.04393545], angular: -0.02937910729602638
[mavic_controller-7] [DEBUG] [1766070781.484303161] [Mavic_2_PRO_3_Controller]: flag: (-8.30425345545078, -4.5059818606579345, 4.5798366719018)
[mavic_controller-7] [DEBUG] [1766070781.484456082] [Mavic_2_PRO_3_Controller]: BODY id: 3, v_b: [0.92134881 0.3887369  1.        ], angular: 0.39926026576504253
[mavic_controller-5] [DEBUG] [1766070781.484516006] [Mavic_2_PRO_2_Controller]: WORLD id: 2, v: [-0.7356239  -0.6773902  -0.05668182]
[mavic_controller-3] [DEBUG] [1766070781.484535483] [Mavic_2_PRO_1_Controller]: WORLD id: 1, v: [-0.75595194 -0.65462712 -0.04393545]
[mavic_controller-7] [DEBUG] [1766070781.484607418] [Mavic_2_PRO_3_Controller]: WORLD id: 3, v: [-0.64277552 -0.76605459  1.        ]
[mavic_controller-5] [DEBUG] [1766070781.484664488] [Mavic_2_PRO_2_Controller]: id: 2, gps: (4.689537947774376, 7.459190674672895, 4.693200315029642)
[mavic_controller-3] [DEBUG] [1766070781.484685277] [Mavic_2_PRO_1_Controller]: id: 1, gps: (3.718000873171286, 5.9048567797416585, 4.6677075638027326)
[mavic_controller-7] [DEBUG] [1766070781.484767801] [Mavic_2_PRO_3_Controller]: id: 3, gps: (5.140758057700458, 11.5176725011345, 0.01682476963879833)
[mavic_controller-5] [DEBUG] [1766070781.484815417] [Mavic_2_PRO_2_Controller]: id: 2, vel: (-0.378605990283984, -0.5888124986827935, 0.013224859883143942)
[mavic_controller-3] [DEBUG] [1766070781.484840653] [Mavic_2_PRO_1_Controller]: id: 1, vel: (-0.5974856288456128, -0.74862994491499, -0.056481043595235446)
[mavic_controller-7] [DEBUG] [1766070781.484922428] [Mavic_2_PRO_3_Controller]: id: 3, vel: (5.117874068235286e-08, -8.291825506352728e-07, 5.915742211617921e-08)
[mavic_controller-3] [DEBUG] [1766070781.498963033] [Mavic_2_PRO_1_Controller]: Time(nanoseconds=18304000000, clock_type=ROS_TIME)
[mavic_controller-3] [DEBUG] [1766070781.499172956] [Mavic_2_PRO_1_Controller]: flag: (-8.30425345545078, -4.5059818606579345, 4.5798366719018)
[mavic_controller-3] [DEBUG] [1766070781.499342112] [Mavic_2_PRO_1_Controller]: BODY id: 1, v_b: [ 0.99955952 -0.02967777 -0.04063572], angular: -0.029682127869603284
[mavic_controller-5] [DEBUG] [1766070781.499453098] [Mavic_2_PRO_2_Controller]: Time(nanoseconds=18304000000, clock_type=ROS_TIME)
[mavic_controller-3] [DEBUG] [1766070781.499494102] [Mavic_2_PRO_1_Controller]: WORLD id: 1, v: [-0.75671756 -0.65374195 -0.04063572]
[mavic_controller-7] [DEBUG] [1766070781.499565704] [Mavic_2_PRO_3_Controller]: Time(nanoseconds=18304000000, clock_type=ROS_TIME)
[mavic_controller-3] [DEBUG] [1766070781.499651939] [Mavic_2_PRO_1_Controller]: id: 1, gps: (3.6549849338685734, 5.825819819449874, 4.661108106417944)
[mavic_controller-5] [DEBUG] [1766070781.499748918] [Mavic_2_PRO_2_Controller]: flag: (-8.30425345545078, -4.5059818606579345, 4.5798366719018)
[mavic_controller-3] [DEBUG] [1766070781.499816228] [Mavic_2_PRO_1_Controller]: id: 1, vel: (-0.6068935711900509, -0.7617091966292594, -0.068623288640429)
[mavic_controller-7] [DEBUG] [1766070781.499863560] [Mavic_2_PRO_3_Controller]: flag: (-8.30425345545078, -4.5059818606579345, 4.5798366719018)
[mavic_controller-5] [DEBUG] [1766070781.500019983] [Mavic_2_PRO_2_Controller]: BODY id: 2, v_b: [ 0.99881052  0.04876001 -0.05693803], angular: 0.04877935236126312
[mavic_controller-7] [DEBUG] [1766070781.500132530] [Mavic_2_PRO_3_Controller]: BODY id: 3, v_b: [0.92134865 0.38873727 1.        ], angular: 0.39926067681363814
[mavic_controller-5] [DEBUG] [1766070781.500283902] [Mavic_2_PRO_2_Controller]: WORLD id: 2, v: [-0.73636247 -0.67658726 -0.05693803]
[mavic_controller-7] [DEBUG] [1766070781.500398652] [Mavic_2_PRO_3_Controller]: WORLD id: 3, v: [-0.64277552 -0.76605459  1.        ]
[mavic_controller-5] [DEBUG] [1766070781.500548952] [Mavic_2_PRO_2_Controller]: id: 2, gps: (4.649491375618399, 7.396225350360601, 4.693712741288449)
[mavic_controller-7] [DEBUG] [1766070781.500662389] [Mavic_2_PRO_3_Controller]: id: 3, gps: (5.140758062733273, 11.517672413841762, 0.01682477144230922)
[mavic_controller-5] [DEBUG] [1766070781.500812215] [Mavic_2_PRO_2_Controller]: id: 2, vel: (-0.3865755772225715, -0.6133868502124632, -0.002165603831825335)
[mavic_controller-7] [DEBUG] [1766070781.500932353] [Mavic_2_PRO_3_Controller]: id: 3, vel: (4.712145006539634e-08, -8.36565648390343e-07, 3.2924826599821954e-09)
[mavic_controller-5] [DEBUG] [1766070781.511667533] [Mavic_2_PRO_2_Controller]: Time(nanoseconds=18400000000, clock_type=ROS_TIME)
[mavic_controller-5] [DEBUG] [1766070781.511844844] [Mavic_2_PRO_2_Controller]: flag: (-8.30425345545078, -4.5059818606579345, 4.5798366719018)
[mavic_controller-7] [DEBUG] [1766070781.511711130] [Mavic_2_PRO_3_Controller]: Time(nanoseconds=18400000000, clock_type=ROS_TIME)
[mavic_controller-7] [DEBUG] [1766070781.511887750] [Mavic_2_PRO_3_Controller]: flag: (-8.30425345545078, -4.5059818606579345, 4.5798366719018)
[mavic_controller-3] [DEBUG] [1766070781.511746858] [Mavic_2_PRO_1_Controller]: Time(nanoseconds=18400000000, clock_type=ROS_TIME)
[mavic_controller-3] [DEBUG] [1766070781.511931621] [Mavic_2_PRO_1_Controller]: flag: (-8.30425345545078, -4.5059818606579345, 4.5798366719018)
[mavic_controller-3] [DEBUG] [1766070781.512083036] [Mavic_2_PRO_1_Controller]: BODY id: 1, v_b: [ 0.99955712 -0.02975852 -0.03705144], angular: -0.02976291573791659
[mavic_controller-3] [DEBUG] [1766070781.512232836] [Mavic_2_PRO_1_Controller]: WORLD id: 1, v: [-0.75744505 -0.65289891 -0.03705144]
[mavic_controller-5] [DEBUG] [1766070781.511992968] [Mavic_2_PRO_2_Controller]: BODY id: 2, v_b: [ 0.99934979  0.03605537 -0.05647177], angular: 0.036063182070000095
[mavic_controller-5] [DEBUG] [1766070781.512137564] [Mavic_2_PRO_2_Controller]: WORLD id: 2, v: [-0.73709326 -0.67579104 -0.05647177]
[mavic_controller-5] [DEBUG] [1766070781.512279262] [Mavic_2_PRO_2_Controller]: id: 2, gps: (4.611787526920771, 7.335863885275886, 4.692780203159204)
[mavic_controller-7] [DEBUG] [1766070781.512039035] [Mavic_2_PRO_3_Controller]: BODY id: 3, v_b: [0.9213485  0.38873762 1.        ], angular: 0.39926105643123055
[mavic_controller-7] [DEBUG] [1766070781.512186264] [Mavic_2_PRO_3_Controller]: WORLD id: 3, v: [-0.64277552 -0.76605458  1.        ]
[mavic_controller-7] [DEBUG] [1766070781.512330577] [Mavic_2_PRO_3_Controller]: id: 3, gps: (5.140758067266884, 11.517672333055552, 0.01682477154138378)
[mavic_controller-3] [DEBUG] [1766070781.512382322] [Mavic_2_PRO_1_Controller]: id: 1, gps: (3.595954481552364, 5.751703197747524, 4.653939543817667)
[mavic_controller-3] [DEBUG] [1766070781.512529460] [Mavic_2_PRO_1_Controller]: id: 1, vel: (-0.6153667442733189, -0.7727695501236447, -0.07888584355564623)
[mavic_controller-5] [DEBUG] [1766070781.512423976] [Mavic_2_PRO_2_Controller]: id: 2, vel: (-0.39396914904673297, -0.6352190440371306, -0.015931988779732335)
[mavic_controller-7] [DEBUG] [1766070781.512475056] [Mavic_2_PRO_3_Controller]: id: 3, vel: (4.690882812263703e-08, -8.369776839277442e-07, 2.286806264440527e-10)
[mavic_controller-5] [DEBUG] [1766070781.524762190] [Mavic_2_PRO_2_Controller]: Time(nanoseconds=18504000000, clock_type=ROS_TIME)
[mavic_controller-3] [DEBUG] [1766070781.524779295] [Mavic_2_PRO_1_Controller]: Time(nanoseconds=18504000000, clock_type=ROS_TIME)
[mavic_controller-5] [DEBUG] [1766070781.524953825] [Mavic_2_PRO_2_Controller]: flag: (-8.30425345545078, -4.5059818606579345, 4.5798366719018)
[mavic_controller-3] [DEBUG] [1766070781.524954065] [Mavic_2_PRO_1_Controller]: flag: (-8.30425345545078, -4.5059818606579345, 4.5798366719018)
[mavic_controller-5] [DEBUG] [1766070781.525103301] [Mavic_2_PRO_2_Controller]: BODY id: 2, v_b: [ 0.99970953  0.02410089 -0.05523262], angular: 0.024103227564101812
[mavic_controller-3] [DEBUG] [1766070781.525105284] [Mavic_2_PRO_1_Controller]: BODY id: 1, v_b: [ 0.99955961 -0.02967477 -0.032639  ], angular: -0.029679124471209087
[mavic_controller-3] [DEBUG] [1766070781.525252932] [Mavic_2_PRO_1_Controller]: WORLD id: 1, v: [-0.75825342 -0.65195993 -0.032639  ]
[mavic_controller-5] [DEBUG] [1766070781.525255463] [Mavic_2_PRO_2_Controller]: WORLD id: 2, v: [-0.73793612 -0.67487057 -0.05523262]
[mavic_controller-3] [DEBUG] [1766070781.525397854] [Mavic_2_PRO_1_Controller]: id: 1, gps: (3.5310946278412936, 5.670263271967631, 4.645114671531344)
[mavic_controller-5] [DEBUG] [1766070781.525400228] [Mavic_2_PRO_2_Controller]: id: 2, gps: (4.5701396949116795, 7.268139057380296, 4.690301909508971)
[mavic_controller-5] [DEBUG] [1766070781.525547329] [Mavic_2_PRO_2_Controller]: id: 2, vel: (-0.4018781234452831, -0.658094784108274, -0.03025209265585512)
[mavic_controller-3] [DEBUG] [1766070781.525555619] [Mavic_2_PRO_1_Controller]: id: 1, vel: (-0.6243135745681919, -0.7837032861303097, -0.08892193387911222)
[mavic_controller-7] [DEBUG] [1766070781.526315606] [Mavic_2_PRO_3_Controller]: Time(nanoseconds=18504000000, clock_type=ROS_TIME)
[mavic_controller-7] [DEBUG] [1766070781.526684146] [Mavic_2_PRO_3_Controller]: flag: (-8.30425345545078, -4.5059818606579345, 4.5798366719018)
[mavic_controller-7] [DEBUG] [1766070781.527030540] [Mavic_2_PRO_3_Controller]: BODY id: 3, v_b: [0.92134834 0.388738   1.        ], angular: 0.39926146769635606
[mavic_controller-7] [DEBUG] [1766070781.527372147] [Mavic_2_PRO_3_Controller]: WORLD id: 3, v: [-0.64277553 -0.76605458  1.        ]
[mavic_controller-7] [DEBUG] [1766070781.527703245] [Mavic_2_PRO_3_Controller]: id: 3, gps: (5.140758072171571, 11.517672245522935, 0.01682477154711766)
[mavic_controller-7] [DEBUG] [1766070781.528043108] [Mavic_2_PRO_3_Controller]: id: 3, vel: (4.6894826347693394e-08, -8.370093536171742e-07, 8.55359229146987e-12)
[mavic_controller-5] [DEBUG] [1766070781.537699839] [Mavic_2_PRO_2_Controller]: Time(nanoseconds=18600000000, clock_type=ROS_TIME)
[mavic_controller-3] [DEBUG] [1766070781.537792093] [Mavic_2_PRO_1_Controller]: Time(nanoseconds=18600000000, clock_type=ROS_TIME)
[mavic_controller-5] [DEBUG] [1766070781.537877332] [Mavic_2_PRO_2_Controller]: flag: (-8.30425345545078, -4.5059818606579345, 4.5798366719018)
[mavic_controller-3] [DEBUG] [1766070781.537965952] [Mavic_2_PRO_1_Controller]: flag: (-8.30425345545078, -4.5059818606579345, 4.5798366719018)
[mavic_controller-5] [DEBUG] [1766070781.538026838] [Mavic_2_PRO_2_Controller]: BODY id: 2, v_b: [ 0.99989379  0.01457444 -0.05344071], angular: 0.014574960860488831
[mavic_controller-3] [DEBUG] [1766070781.538117482] [Mavic_2_PRO_1_Controller]: BODY id: 1, v_b: [ 0.99956556 -0.0294737  -0.02812798], angular: -0.029477972084521215
[mavic_controller-5] [DEBUG] [1766070781.538187615] [Mavic_2_PRO_2_Controller]: WORLD id: 2, v: [-0.73875945 -0.67396919 -0.05344071]
[mavic_controller-3] [DEBUG] [1766070781.538268246] [Mavic_2_PRO_1_Controller]: WORLD id: 1, v: [-0.75901636 -0.65107155 -0.02812798]
[mavic_controller-5] [DEBUG] [1766070781.538337443] [Mavic_2_PRO_2_Controller]: id: 2, gps: (4.530950549742565, 7.203556308013125, 4.686718101168412)
[mavic_controller-3] [DEBUG] [1766070781.538416088] [Mavic_2_PRO_1_Controller]: id: 1, gps: (3.4704048457594574, 5.5941232250183335, 4.636092639524555)
[mavic_controller-5] [DEBUG] [1766070781.538482336] [Mavic_2_PRO_2_Controller]: id: 2, vel: (-0.40934907711356305, -0.6782127355979898, -0.04284538471588498)
[mavic_controller-3] [DEBUG] [1766070781.538569726] [Mavic_2_PRO_1_Controller]: id: 1, vel: (-0.6323615768586247, -0.7928675375581701, -0.0971433128638045)
[mavic_controller-7] [DEBUG] [1766070781.538790720] [Mavic_2_PRO_3_Controller]: Time(nanoseconds=18600000000, clock_type=ROS_TIME)
[mavic_controller-7] [DEBUG] [1766070781.539145236] [Mavic_2_PRO_3_Controller]: flag: (-8.30425345545078, -4.5059818606579345, 4.5798366719018)
[mavic_controller-7] [DEBUG] [1766070781.539486339] [Mavic_2_PRO_3_Controller]: BODY id: 3, v_b: [0.92134822 0.38873829 1.        ], angular: 0.39926178405425045
[mavic_controller-7] [DEBUG] [1766070781.539846233] [Mavic_2_PRO_3_Controller]: WORLD id: 3, v: [-0.64277553 -0.76605458  1.        ]
[mavic_controller-7] [DEBUG] [1766070781.540179515] [Mavic_2_PRO_3_Controller]: id: 3, gps: (5.14075807594405, 11.517672178190017, 0.01682477154773636)
[mavic_controller-7] [DEBUG] [1766070781.540509911] [Mavic_2_PRO_3_Controller]: id: 3, vel: (4.689458764146419e-08, -8.370080258952287e-07, 3.609686637329115e-12)
[mavic_controller-5] [DEBUG] [1766070781.551748564] [Mavic_2_PRO_2_Controller]: Time(nanoseconds=18704000000, clock_type=ROS_TIME)
[mavic_controller-3] [DEBUG] [1766070781.551749630] [Mavic_2_PRO_1_Controller]: Time(nanoseconds=18704000000, clock_type=ROS_TIME)
[mavic_controller-5] [DEBUG] [1766070781.551948580] [Mavic_2_PRO_2_Controller]: flag: (-8.30425345545078, -4.5059818606579345, 4.5798366719018)
[mavic_controller-5] [DEBUG] [1766070781.552096954] [Mavic_2_PRO_2_Controller]: BODY id: 2, v_b: [ 0.99998376  0.00569973 -0.05083412], angular: 0.005699757351784553
[mavic_controller-3] [DEBUG] [1766070781.551953551] [Mavic_2_PRO_1_Controller]: flag: (-8.30425345545078, -4.5059818606579345, 4.5798366719018)
[mavic_controller-3] [DEBUG] [1766070781.552105327] [Mavic_2_PRO_1_Controller]: BODY id: 1, v_b: [ 0.99957493 -0.029154   -0.02282521], angular: -0.02915813647634137
[mavic_controller-5] [DEBUG] [1766070781.552242983] [Mavic_2_PRO_2_Controller]: WORLD id: 2, v: [-0.73969839 -0.67293855 -0.05083412]
[mavic_controller-3] [DEBUG] [1766070781.552256135] [Mavic_2_PRO_1_Controller]: WORLD id: 1, v: [-0.75985898 -0.65008794 -0.02282521]
[mavic_controller-5] [DEBUG] [1766070781.552388242] [Mavic_2_PRO_2_Controller]: id: 2, gps: (4.487682834894818, 7.131446434840658, 4.681504916188796)
[mavic_controller-3] [DEBUG] [1766070781.552404766] [Mavic_2_PRO_1_Controller]: id: 1, gps: (3.40379349391057, 5.51069279121801, 4.625487100311433)
[mavic_controller-7] [DEBUG] [1766070781.552463419] [Mavic_2_PRO_3_Controller]: Time(nanoseconds=18704000000, clock_type=ROS_TIME)
[mavic_controller-5] [DEBUG] [1766070781.552534448] [Mavic_2_PRO_2_Controller]: id: 2, vel: (-0.41747133052760527, -0.6991148028189172, -0.05572570526103154)
[mavic_controller-3] [DEBUG] [1766070781.552553771] [Mavic_2_PRO_1_Controller]: id: 1, vel: (-0.6408513180940233, -0.8018389422565688, -0.10488206880806483)
[mavic_controller-7] [DEBUG] [1766070781.552728661] [Mavic_2_PRO_3_Controller]: flag: (-8.30425345545078, -4.5059818606579345, 4.5798366719018)
[mavic_controller-7] [DEBUG] [1766070781.553129203] [Mavic_2_PRO_3_Controller]: BODY id: 3, v_b: [0.92134803 0.38873873 1.        ], angular: 0.3992622585916968
[mavic_controller-7] [DEBUG] [1766070781.553481875] [Mavic_2_PRO_3_Controller]: WORLD id: 3, v: [-0.64277553 -0.76605458  1.        ]
[mavic_controller-7] [DEBUG] [1766070781.553850269] [Mavic_2_PRO_3_Controller]: id: 3, gps: (5.1407580816028124, 11.517672077189875, 0.01682477154657147)
[mavic_controller-7] [DEBUG] [1766070781.554225796] [Mavic_2_PRO_3_Controller]: id: 3, vel: (4.689489633909354e-08, -8.370119760115527e-07, -6.513702443921719e-12)
[mavic_controller-5] [DEBUG] [1766070781.563860011] [Mavic_2_PRO_2_Controller]: Time(nanoseconds=18800000000, clock_type=ROS_TIME)
[mavic_controller-5] [DEBUG] [1766070781.564036448] [Mavic_2_PRO_2_Controller]: flag: (-8.30425345545078, -4.5059818606579345, 4.5798366719018)
[mavic_controller-5] [DEBUG] [1766070781.564186431] [Mavic_2_PRO_2_Controller]: BODY id: 2, v_b: [ 0.99999913 -0.0013162  -0.04785078], angular: -0.0013162050213052438
[mavic_controller-5] [DEBUG] [1766070781.564332705] [Mavic_2_PRO_2_Controller]: WORLD id: 2, v: [-0.74060636 -0.67193914 -0.04785078]
[mavic_controller-5] [DEBUG] [1766070781.564479856] [Mavic_2_PRO_2_Controller]: id: 2, gps: (4.446983754107776, 7.062991662568554, 4.6755382293085335)
[mavic_controller-7] [DEBUG] [1766070781.564602349] [Mavic_2_PRO_3_Controller]: Time(nanoseconds=18800000000, clock_type=ROS_TIME)
[mavic_controller-5] [DEBUG] [1766070781.564624039] [Mavic_2_PRO_2_Controller]: id: 2, vel: (-0.42508445688096774, -0.7175008572800624, -0.0668382776331589)
[mavic_controller-7] [DEBUG] [1766070781.564930733] [Mavic_2_PRO_3_Controller]: flag: (-8.30425345545078, -4.5059818606579345, 4.5798366719018)
[mavic_controller-7] [DEBUG] [1766070781.565107158] [Mavic_2_PRO_3_Controller]: BODY id: 3, v_b: [0.92134792 0.38873899 1.        ], angular: 0.39926254331379923
[mavic_controller-3] [DEBUG] [1766070781.565176114] [Mavic_2_PRO_1_Controller]: Time(nanoseconds=18800000000, clock_type=ROS_TIME)
[mavic_controller-7] [DEBUG] [1766070781.565261957] [Mavic_2_PRO_3_Controller]: WORLD id: 3, v: [-0.64277553 -0.76605458  1.        ]
[mavic_controller-7] [DEBUG] [1766070781.565407344] [Mavic_2_PRO_3_Controller]: id: 3, gps: (5.140758084998069, 11.517672016590167, 0.01682477154669907)
[mavic_controller-3] [DEBUG] [1766070781.565546572] [Mavic_2_PRO_1_Controller]: flag: (-8.30425345545078, -4.5059818606579345, 4.5798366719018)
[mavic_controller-7] [DEBUG] [1766070781.565562221] [Mavic_2_PRO_3_Controller]: id: 3, vel: (4.6895598927695414e-08, -8.370073922677377e-07, 4.570669926304382e-12)
[mavic_controller-3] [DEBUG] [1766070781.565898859] [Mavic_2_PRO_1_Controller]: BODY id: 1, v_b: [ 0.99958551 -0.02878904 -0.01760065], angular: -0.028793020290145587
[mavic_controller-3] [DEBUG] [1766070781.566242533] [Mavic_2_PRO_1_Controller]: WORLD id: 1, v: [-0.76064988 -0.64916235 -0.01760065]
[mavic_controller-3] [DEBUG] [1766070781.566587187] [Mavic_2_PRO_1_Controller]: id: 1, gps: (3.3415293947742746, 5.4328927574933505, 4.615037968002431)
[mavic_controller-3] [DEBUG] [1766070781.566951625] [Mavic_2_PRO_1_Controller]: id: 1, vel: (-0.6484768291673516, -0.8092801565864003, -0.11092349325266071)
[mavic_controller-5] [DEBUG] [1766070781.578759938] [Mavic_2_PRO_2_Controller]: Time(nanoseconds=18904000000, clock_type=ROS_TIME)
[mavic_controller-7] [DEBUG] [1766070781.578798307] [Mavic_2_PRO_3_Controller]: Time(nanoseconds=18904000000, clock_type=ROS_TIME)
[mavic_controller-3] [DEBUG] [1766070781.578817121] [Mavic_2_PRO_1_Controller]: Time(nanoseconds=18904000000, clock_type=ROS_TIME)
[mavic_controller-5] [DEBUG] [1766070781.578958972] [Mavic_2_PRO_2_Controller]: flag: (-8.30425345545078, -4.5059818606579345, 4.5798366719018)
[mavic_controller-3] [DEBUG] [1766070781.578988160] [Mavic_2_PRO_1_Controller]: flag: (-8.30425345545078, -4.5059818606579345, 4.5798366719018)
[mavic_controller-7] [DEBUG] [1766070781.579027052] [Mavic_2_PRO_3_Controller]: flag: (-8.30425345545078, -4.5059818606579345, 4.5798366719018)
[mavic_controller-5] [DEBUG] [1766070781.579107133] [Mavic_2_PRO_2_Controller]: BODY id: 2, v_b: [ 0.99996968 -0.0077876  -0.04403837], angular: -0.007787678713271936
[mavic_controller-3] [DEBUG] [1766070781.579135619] [Mavic_2_PRO_1_Controller]: BODY id: 1, v_b: [ 0.99959832 -0.02834065 -0.01164497], angular: -0.028344449045792024
[mavic_controller-7] [DEBUG] [1766070781.579198206] [Mavic_2_PRO_3_Controller]: BODY id: 3, v_b: [0.92134773 0.38873946 1.        ], angular: 0.3992630494869237
[mavic_controller-5] [DEBUG] [1766070781.579261347] [Mavic_2_PRO_2_Controller]: WORLD id: 2, v: [-0.74163231 -0.67080662 -0.04403837]
[mavic_controller-3] [DEBUG] [1766070781.579282333] [Mavic_2_PRO_1_Controller]: WORLD id: 1, v: [-0.76151904 -0.64814254 -0.01164497]
