[mavic_controller-3] [DEBUG] [1766070844.685413468] [Mavic_2_PRO_1_Controller]: BODY id: 1, v_b: [ 0.99999664 -0.00259387  0.58771756], angular: -0.0025938734238785503
[mavic_controller-3] [DEBUG] [1766070844.685771825] [Mavic_2_PRO_1_Controller]: WORLD id: 1, v: [-0.83011411  0.55759355  0.58771756]
[mavic_controller-3] [DEBUG] [1766070844.686132257] [Mavic_2_PRO_1_Controller]: id: 1, gps: (-4.514207833821057, 4.269138728860298, 2.8488471959399932)
[mavic_controller-3] [DEBUG] [1766070844.686492410] [Mavic_2_PRO_1_Controller]: id: 1, vel: (-0.7899352839337362, 0.5844010114431007, 0.31640391494403786)
[mavic_controller-7] [DEBUG] [1766070844.695566396] [Mavic_2_PRO_3_Controller]: Time(nanoseconds=11400000000, clock_type=ROS_TIME)
[mavic_controller-3] [DEBUG] [1766070844.695574424] [Mavic_2_PRO_1_Controller]: Time(nanoseconds=11400000000, clock_type=ROS_TIME)
[mavic_controller-5] [DEBUG] [1766070844.695663056] [Mavic_2_PRO_2_Controller]: Time(nanoseconds=11400000000, clock_type=ROS_TIME)
[mavic_controller-5] [DEBUG] [1766070844.695860065] [Mavic_2_PRO_2_Controller]: flag: (-8.734449241039517, 7.832044723519953, 4.025302324447064)
[mavic_controller-7] [DEBUG] [1766070844.695766028] [Mavic_2_PRO_3_Controller]: flag: (-8.734449241039517, 7.832044723519953, 4.025302324447064)
[mavic_controller-7] [DEBUG] [1766070844.695922136] [Mavic_2_PRO_3_Controller]: BODY id: 3, v_b: [0.99942173 0.03400289 0.5725135 ], angular: 0.03400944617259456
[mavic_controller-3] [DEBUG] [1766070844.695773004] [Mavic_2_PRO_1_Controller]: flag: (-8.734449241039517, 7.832044723519953, 4.025302324447064)
[mavic_controller-3] [DEBUG] [1766070844.695943228] [Mavic_2_PRO_1_Controller]: BODY id: 1, v_b: [ 0.99998705 -0.00508871  0.57249935], angular: -0.005088729135310839
[mavic_controller-5] [DEBUG] [1766070844.696012048] [Mavic_2_PRO_2_Controller]: BODY id: 2, v_b: [0.99978366 0.02079984 0.5754124 ], angular: 0.020801340752917966
[mavic_controller-7] [DEBUG] [1766070844.696071305] [Mavic_2_PRO_3_Controller]: WORLD id: 3, v: [-0.83061522  0.5568468   0.5725135 ]
[mavic_controller-7] [DEBUG] [1766070844.696221077] [Mavic_2_PRO_3_Controller]: id: 3, gps: (-4.956252579509144, 6.012043260041901, 2.8753468504620514)
[mavic_controller-3] [DEBUG] [1766070844.696094735] [Mavic_2_PRO_1_Controller]: WORLD id: 1, v: [-0.82905108  0.55917287  0.57249935]
[mavic_controller-3] [DEBUG] [1766070844.696242722] [Mavic_2_PRO_1_Controller]: id: 1, gps: (-4.590492092537817, 4.325409888035388, 2.8793930038326683)
[mavic_controller-5] [DEBUG] [1766070844.696161514] [Mavic_2_PRO_2_Controller]: WORLD id: 2, v: [-0.83008769  0.55763287  0.5754124 ]
[mavic_controller-5] [DEBUG] [1766070844.696309007] [Mavic_2_PRO_2_Controller]: id: 2, gps: (-4.7716029409555265, 5.169367199073096, 2.880316617883555)
[mavic_controller-5] [DEBUG] [1766070844.696485120] [Mavic_2_PRO_2_Controller]: id: 2, vel: (-0.7916683723357019, 0.603777773386801, 0.3155948391269821)
[mavic_controller-7] [DEBUG] [1766070844.696371219] [Mavic_2_PRO_3_Controller]: id: 3, vel: (-0.7961110191675724, 0.6202658743450945, 0.314705052750942)
[mavic_controller-3] [DEBUG] [1766070844.696392115] [Mavic_2_PRO_1_Controller]: id: 1, vel: (-0.7904543340692142, 0.5817036470673567, 0.3164470630678821)
[mavic_controller-7] [DEBUG] [1766070844.709951003] [Mavic_2_PRO_3_Controller]: Time(nanoseconds=11504000000, clock_type=ROS_TIME)
[mavic_controller-5] [DEBUG] [1766070844.710013916] [Mavic_2_PRO_2_Controller]: Time(nanoseconds=11504000000, clock_type=ROS_TIME)
[mavic_controller-5] [DEBUG] [1766070844.710187561] [Mavic_2_PRO_2_Controller]: flag: (-8.734449241039517, 7.832044723519953, 4.025302324447064)
[mavic_controller-3] [DEBUG] [1766070844.710081233] [Mavic_2_PRO_1_Controller]: Time(nanoseconds=11504000000, clock_type=ROS_TIME)
[mavic_controller-7] [DEBUG] [1766070844.710152868] [Mavic_2_PRO_3_Controller]: flag: (-8.734449241039517, 7.832044723519953, 4.025302324447064)
[mavic_controller-7] [DEBUG] [1766070844.710313386] [Mavic_2_PRO_3_Controller]: BODY id: 3, v_b: [0.99933837 0.03637051 0.55606123], angular: 0.03637853201736112
[mavic_controller-7] [DEBUG] [1766070844.710485456] [Mavic_2_PRO_3_Controller]: WORLD id: 3, v: [-0.83285596  0.5534898   0.55606123]
[mavic_controller-7] [DEBUG] [1766070844.710634460] [Mavic_2_PRO_3_Controller]: id: 3, gps: (-5.039483611556886, 6.076765576473704, 2.9082662330592957)
[mavic_controller-5] [DEBUG] [1766070844.710344951] [Mavic_2_PRO_2_Controller]: BODY id: 2, v_b: [0.99977082 0.02140809 0.558846  ], angular: 0.021409724298300147
[mavic_controller-5] [DEBUG] [1766070844.710504328] [Mavic_2_PRO_2_Controller]: WORLD id: 2, v: [-0.83115663  0.55603836  0.558846  ]
[mavic_controller-5] [DEBUG] [1766070844.710658296] [Mavic_2_PRO_2_Controller]: id: 2, gps: (-4.85439248046852, 5.232357592800715, 2.9133280792215963)
[mavic_controller-3] [DEBUG] [1766070844.710382164] [Mavic_2_PRO_1_Controller]: flag: (-8.734449241039517, 7.832044723519953, 4.025302324447064)
[mavic_controller-3] [DEBUG] [1766070844.710606434] [Mavic_2_PRO_1_Controller]: BODY id: 1, v_b: [ 0.99997034 -0.00770144  0.55600418], angular: -0.007701520729071715
[mavic_controller-3] [DEBUG] [1766070844.710764048] [Mavic_2_PRO_1_Controller]: WORLD id: 1, v: [-0.82784804  0.56095242  0.55600418]
[mavic_controller-7] [DEBUG] [1766070844.710784646] [Mavic_2_PRO_3_Controller]: id: 3, vel: (-0.7956645063346155, 0.6176944031897454, 0.3148475902125136)
[mavic_controller-5] [DEBUG] [1766070844.710808166] [Mavic_2_PRO_2_Controller]: id: 2, vel: (-0.791632382770067, 0.6010828707029818, 0.3157209975469626)
[mavic_controller-3] [DEBUG] [1766070844.710917455] [Mavic_2_PRO_1_Controller]: id: 1, gps: (-4.673184155551946, 4.386086498639952, 2.9124898372598387)
[mavic_controller-3] [DEBUG] [1766070844.711062555] [Mavic_2_PRO_1_Controller]: id: 1, vel: (-0.7909420136874571, 0.5789359944284809, 0.31651331996052573)
[mavic_controller-7] [DEBUG] [1766070844.721501388] [Mavic_2_PRO_3_Controller]: Time(nanoseconds=11600000000, clock_type=ROS_TIME)
[mavic_controller-7] [DEBUG] [1766070844.721675334] [Mavic_2_PRO_3_Controller]: flag: (-8.734449241039517, 7.832044723519953, 4.025302324447064)
[mavic_controller-3] [DEBUG] [1766070844.721585814] [Mavic_2_PRO_1_Controller]: Time(nanoseconds=11600000000, clock_type=ROS_TIME)
[mavic_controller-5] [DEBUG] [1766070844.721646184] [Mavic_2_PRO_2_Controller]: Time(nanoseconds=11600000000, clock_type=ROS_TIME)
[mavic_controller-5] [DEBUG] [1766070844.721823921] [Mavic_2_PRO_2_Controller]: flag: (-8.734449241039517, 7.832044723519953, 4.025302324447064)
[mavic_controller-5] [DEBUG] [1766070844.721973137] [Mavic_2_PRO_2_Controller]: BODY id: 2, v_b: [0.99975937 0.02193628 0.54354997], angular: 0.021938039532816526
[mavic_controller-7] [DEBUG] [1766070844.721829488] [Mavic_2_PRO_3_Controller]: BODY id: 3, v_b: [0.9992583  0.03850778 0.54086959], angular: 0.038517305048394956
[mavic_controller-7] [DEBUG] [1766070844.721978726] [Mavic_2_PRO_3_Controller]: WORLD id: 3, v: [-0.83497279  0.55029124  0.54086959]
[mavic_controller-3] [DEBUG] [1766070844.722001181] [Mavic_2_PRO_1_Controller]: flag: (-8.734449241039517, 7.832044723519953, 4.025302324447064)
[mavic_controller-5] [DEBUG] [1766070844.722120422] [Mavic_2_PRO_2_Controller]: WORLD id: 2, v: [-0.8321438   0.55455991  0.54354997]
[mavic_controller-7] [DEBUG] [1766070844.722126967] [Mavic_2_PRO_3_Controller]: id: 3, gps: (-5.116272132282035, 6.1362633197303, 2.9386663063457505)
[mavic_controller-5] [DEBUG] [1766070844.722265331] [Mavic_2_PRO_2_Controller]: id: 2, gps: (-4.930809474210379, 5.290251424130983, 2.9438119201978266)
[mavic_controller-7] [DEBUG] [1766070844.722274343] [Mavic_2_PRO_3_Controller]: id: 3, vel: (-0.7952794902111736, 0.6151838537063281, 0.31497735349134787)
[mavic_controller-3] [DEBUG] [1766070844.722364906] [Mavic_2_PRO_1_Controller]: BODY id: 1, v_b: [ 0.99994993 -0.01000698  0.54076986], angular: -0.010007148034202606
[mavic_controller-5] [DEBUG] [1766070844.722407323] [Mavic_2_PRO_2_Controller]: id: 2, vel: (-0.7915857651789011, 0.5985759534459468, 0.3158376391660268)
[mavic_controller-3] [DEBUG] [1766070844.722722990] [Mavic_2_PRO_1_Controller]: WORLD id: 1, v: [-0.82670068  0.56264197  0.54076986]
[mavic_controller-3] [DEBUG] [1766070844.723078462] [Mavic_2_PRO_1_Controller]: id: 1, gps: (-4.749555920541727, 4.441849932882835, 2.9430499052432713)
[mavic_controller-3] [DEBUG] [1766070844.723427327] [Mavic_2_PRO_1_Controller]: id: 1, vel: (-0.7913079010288157, 0.5765898596127447, 0.3166262699602679)
[mavic_controller-5] [DEBUG] [1766070844.736002649] [Mavic_2_PRO_2_Controller]: Time(nanoseconds=11704000000, clock_type=ROS_TIME)
[mavic_controller-5] [DEBUG] [1766070844.736192259] [Mavic_2_PRO_2_Controller]: flag: (-8.734449241039517, 7.832044723519953, 4.025302324447064)
[mavic_controller-5] [DEBUG] [1766070844.736388657] [Mavic_2_PRO_2_Controller]: BODY id: 2, v_b: [0.99974772 0.02246097 0.52697383], angular: 0.02246285903405032
[mavic_controller-7] [DEBUG] [1766070844.736327992] [Mavic_2_PRO_3_Controller]: Time(nanoseconds=11704000000, clock_type=ROS_TIME)
[mavic_controller-7] [DEBUG] [1766070844.736527659] [Mavic_2_PRO_3_Controller]: flag: (-8.734449241039517, 7.832044723519953, 4.025302324447064)
[mavic_controller-7] [DEBUG] [1766070844.736688138] [Mavic_2_PRO_3_Controller]: BODY id: 3, v_b: [0.99916896 0.04076006 0.52440619], angular: 0.040771356617668654
[mavic_controller-7] [DEBUG] [1766070844.736843598] [Mavic_2_PRO_3_Controller]: WORLD id: 3, v: [-0.83731275  0.54672421  0.52440619]
[mavic_controller-7] [DEBUG] [1766070844.736997835] [Mavic_2_PRO_3_Controller]: id: 3, gps: (-5.199418730215928, 6.20043881780754, 2.9716149043710716)
[mavic_controller-5] [DEBUG] [1766070844.736619307] [Mavic_2_PRO_2_Controller]: WORLD id: 2, v: [-0.83320787  0.55295989  0.52697383]
[mavic_controller-5] [DEBUG] [1766070844.736801945] [Mavic_2_PRO_2_Controller]: id: 2, gps: (-5.01358877813601, 5.352695636875877, 2.9768488276600187)
[mavic_controller-5] [DEBUG] [1766070844.736953224] [Mavic_2_PRO_2_Controller]: id: 2, vel: (-0.7915223114307857, 0.5958433012262083, 0.3159644129248613)
[mavic_controller-3] [DEBUG] [1766070844.736753551] [Mavic_2_PRO_1_Controller]: Time(nanoseconds=11704000000, clock_type=ROS_TIME)
[mavic_controller-7] [DEBUG] [1766070844.737141844] [Mavic_2_PRO_3_Controller]: id: 3, vel: (-0.7948815795109889, 0.6123395422965616, 0.31513495970764893)
[mavic_controller-3] [DEBUG] [1766070844.737148215] [Mavic_2_PRO_1_Controller]: flag: (-8.734449241039517, 7.832044723519953, 4.025302324447064)
[mavic_controller-3] [DEBUG] [1766070844.737511252] [Mavic_2_PRO_1_Controller]: BODY id: 1, v_b: [ 0.99992572 -0.01218797  0.52552783], angular: -0.012188269377022238
[mavic_controller-3] [DEBUG] [1766070844.737887312] [Mavic_2_PRO_1_Controller]: WORLD id: 1, v: [-0.82552901  0.56435969  0.52552783]
[mavic_controller-3] [DEBUG] [1766070844.738239936] [Mavic_2_PRO_1_Controller]: id: 1, gps: (-4.825961532331466, 4.497393859323661, 2.9736205919924052)
[mavic_controller-3] [DEBUG] [1766070844.738595662] [Mavic_2_PRO_1_Controller]: id: 1, vel: (-0.7916344171516051, 0.5743878973066092, 0.31672920131855237)
[mavic_controller-5] [DEBUG] [1766070844.747891434] [Mavic_2_PRO_2_Controller]: Time(nanoseconds=11800000000, clock_type=ROS_TIME)
[mavic_controller-5] [DEBUG] [1766070844.748078242] [Mavic_2_PRO_2_Controller]: flag: (-8.734449241039517, 7.832044723519953, 4.025302324447064)
[mavic_controller-5] [DEBUG] [1766070844.748240123] [Mavic_2_PRO_2_Controller]: BODY id: 2, v_b: [0.99973865 0.02286135 0.51294415], angular: 0.02286333872655519
[mavic_controller-5] [DEBUG] [1766070844.748393784] [Mavic_2_PRO_2_Controller]: WORLD id: 2, v: [-0.83410035  0.55161273  0.51294415]
[mavic_controller-7] [DEBUG] [1766070844.748510086] [Mavic_2_PRO_3_Controller]: Time(nanoseconds=11800000000, clock_type=ROS_TIME)
[mavic_controller-5] [DEBUG] [1766070844.748557864] [Mavic_2_PRO_2_Controller]: id: 2, gps: (-5.083627367052721, 5.405309055473339, 3.0048133698203654)
[mavic_controller-5] [DEBUG] [1766070844.748704553] [Mavic_2_PRO_2_Controller]: id: 2, vel: (-0.7914651715980716, 0.5935144001502836, 0.3160694459973461)
[mavic_controller-7] [DEBUG] [1766070844.748759165] [Mavic_2_PRO_3_Controller]: flag: (-8.734449241039517, 7.832044723519953, 4.025302324447064)
[mavic_controller-7] [DEBUG] [1766070844.748940713] [Mavic_2_PRO_3_Controller]: BODY id: 3, v_b: [0.99909163 0.04261353 0.51047063], angular: 0.04262643466163929
[mavic_controller-3] [DEBUG] [1766070844.748832245] [Mavic_2_PRO_1_Controller]: Time(nanoseconds=11800000000, clock_type=ROS_TIME)
[mavic_controller-7] [DEBUG] [1766070844.749084879] [Mavic_2_PRO_3_Controller]: WORLD id: 3, v: [-0.83932598  0.54362846  0.51047063]
[mavic_controller-3] [DEBUG] [1766070844.749208617] [Mavic_2_PRO_1_Controller]: flag: (-8.734449241039517, 7.832044723519953, 4.025302324447064)
[mavic_controller-7] [DEBUG] [1766070844.749225326] [Mavic_2_PRO_3_Controller]: id: 3, gps: (-5.269743037982607, 6.254502695898782, 2.9995072192830055)
[mavic_controller-7] [DEBUG] [1766070844.749364462] [Mavic_2_PRO_3_Controller]: id: 3, vel: (-0.7945875424506482, 0.6098074319950221, 0.31526530311543177)
[mavic_controller-3] [DEBUG] [1766070844.749563217] [Mavic_2_PRO_1_Controller]: BODY id: 1, v_b: [ 0.99990566 -0.01373563  0.51409138], angular: -0.013736062868932539
[mavic_controller-3] [DEBUG] [1766070844.749918019] [Mavic_2_PRO_1_Controller]: WORLD id: 1, v: [-0.82463995  0.56565798  0.51409138]
[mavic_controller-3] [DEBUG] [1766070844.750263349] [Mavic_2_PRO_1_Controller]: id: 1, gps: (-4.883284701572898, 4.5389164082317786, 2.9965545451677844)
[mavic_controller-3] [DEBUG] [1766070844.750609442] [Mavic_2_PRO_1_Controller]: id: 1, vel: (-0.7918281966581545, 0.5728431083038027, 0.3167948201855544)
[mavic_controller-5] [DEBUG] [1766070844.760675610] [Mavic_2_PRO_2_Controller]: Time(nanoseconds=11904000000, clock_type=ROS_TIME)
[mavic_controller-5] [DEBUG] [1766070844.760865922] [Mavic_2_PRO_2_Controller]: flag: (-8.734449241039517, 7.832044723519953, 4.025302324447064)
[mavic_controller-5] [DEBUG] [1766070844.761018361] [Mavic_2_PRO_2_Controller]: BODY id: 2, v_b: [0.99972836 0.02330661 0.49508458], angular: 0.023308724312269966
[mavic_controller-5] [DEBUG] [1766070844.761180424] [Mavic_2_PRO_2_Controller]: WORLD id: 2, v: [-0.83522174  0.54991331  0.49508458]
[mavic_controller-5] [DEBUG] [1766070844.761342965] [Mavic_2_PRO_2_Controller]: id: 2, gps: (-5.172759399985713, 5.4719731755689605, 3.040418139917348)
[mavic_controller-3] [DEBUG] [1766070844.761428912] [Mavic_2_PRO_1_Controller]: Time(nanoseconds=11904000000, clock_type=ROS_TIME)
[mavic_controller-5] [DEBUG] [1766070844.761530954] [Mavic_2_PRO_2_Controller]: id: 2, vel: (-0.7913824597448037, 0.590542728136258, 0.31620432477283944)
[mavic_controller-3] [DEBUG] [1766070844.761825485] [Mavic_2_PRO_1_Controller]: flag: (-8.734449241039517, 7.832044723519953, 4.025302324447064)
[mavic_controller-7] [DEBUG] [1766070844.761972756] [Mavic_2_PRO_3_Controller]: Time(nanoseconds=11904000000, clock_type=ROS_TIME)
[mavic_controller-3] [DEBUG] [1766070844.762181480] [Mavic_2_PRO_1_Controller]: BODY id: 1, v_b: [ 0.999882   -0.01536176  0.50137941], angular: -0.015362363737310264
[mavic_controller-7] [DEBUG] [1766070844.762344466] [Mavic_2_PRO_3_Controller]: flag: (-8.734449241039517, 7.832044723519953, 4.025302324447064)
[mavic_controller-3] [DEBUG] [1766070844.762530061] [Mavic_2_PRO_1_Controller]: WORLD id: 1, v: [-0.8236477   0.56710181  0.50137941]
[mavic_controller-7] [DEBUG] [1766070844.762696918] [Mavic_2_PRO_3_Controller]: BODY id: 3, v_b: [0.99899176 0.04489387 0.49272738], angular: 0.04490896832688841
[mavic_controller-3] [DEBUG] [1766070844.762885495] [Mavic_2_PRO_1_Controller]: id: 1, gps: (-4.946991581888347, 4.584925509637054, 3.02204158941906)
[mavic_controller-7] [DEBUG] [1766070844.763046677] [Mavic_2_PRO_3_Controller]: WORLD id: 3, v: [-0.84192575  0.53959339  0.49272738]
[mavic_controller-3] [DEBUG] [1766070844.763234396] [Mavic_2_PRO_1_Controller]: id: 1, vel: (-0.7920136963409453, 0.571200239926769, 0.31684935460473823)
[mavic_controller-7] [DEBUG] [1766070844.763408010] [Mavic_2_PRO_3_Controller]: id: 3, gps: (-5.359209654163981, 6.3229810317874104, 3.035023668459845)
[mavic_controller-7] [DEBUG] [1766070844.763820172] [Mavic_2_PRO_3_Controller]: id: 3, vel: (-0.7942301048982212, 0.606468056064024, 0.3154366091693392)
[mavic_controller-5] [DEBUG] [1766070844.773710091] [Mavic_2_PRO_2_Controller]: Time(nanoseconds=12000000000, clock_type=ROS_TIME)
[mavic_controller-5] [DEBUG] [1766070844.773893311] [Mavic_2_PRO_2_Controller]: flag: (-8.734449241039517, 7.832044723519953, 4.025302324447064)
[mavic_controller-5] [DEBUG] [1766070844.774039959] [Mavic_2_PRO_2_Controller]: BODY id: 2, v_b: [0.99972083 0.02362747 0.47977365], angular: 0.023629673502120717
[mavic_controller-5] [DEBUG] [1766070844.774184623] [Mavic_2_PRO_2_Controller]: WORLD id: 2, v: [-0.83616682  0.5484752   0.47977365]
[mavic_controller-5] [DEBUG] [1766070844.774328262] [Mavic_2_PRO_2_Controller]: id: 2, gps: (-5.249150972920692, 5.528846672643653, 3.0709485400289314)
[mavic_controller-3] [DEBUG] [1766070844.774444184] [Mavic_2_PRO_1_Controller]: Time(nanoseconds=12000000000, clock_type=ROS_TIME)
[mavic_controller-5] [DEBUG] [1766070844.774497286] [Mavic_2_PRO_2_Controller]: id: 2, vel: (-0.791312664540168, 0.5879828587892459, 0.31631916985778286)
[mavic_controller-3] [DEBUG] [1766070844.774819207] [Mavic_2_PRO_1_Controller]: flag: (-8.734449241039517, 7.832044723519953, 4.025302324447064)
[mavic_controller-7] [DEBUG] [1766070844.775016103] [Mavic_2_PRO_3_Controller]: Time(nanoseconds=12000000000, clock_type=ROS_TIME)
[mavic_controller-3] [DEBUG] [1766070844.775168979] [Mavic_2_PRO_1_Controller]: BODY id: 1, v_b: [ 0.99985747 -0.01688317  0.48866258], angular: -0.016883974610837106
[mavic_controller-7] [DEBUG] [1766070844.775378207] [Mavic_2_PRO_3_Controller]: flag: (-8.734449241039517, 7.832044723519953, 4.025302324447064)
[mavic_controller-3] [DEBUG] [1766070844.775531878] [Mavic_2_PRO_1_Controller]: WORLD id: 1, v: [-0.82265521  0.56854059  0.48866258]
[mavic_controller-7] [DEBUG] [1766070844.775723794] [Mavic_2_PRO_3_Controller]: BODY id: 3, v_b: [0.9989198  0.04646755 0.48004848], angular: 0.046484288298907155
[mavic_controller-3] [DEBUG] [1766070844.775881300] [Mavic_2_PRO_1_Controller]: id: 1, gps: (-5.010710778833452, 4.6308077240428025, 3.0475328018902106)
[mavic_controller-7] [DEBUG] [1766070844.776085250] [Mavic_2_PRO_3_Controller]: WORLD id: 3, v: [-0.84380371  0.53665194  0.48004848]
[mavic_controller-3] [DEBUG] [1766070844.776221727] [Mavic_2_PRO_1_Controller]: id: 1, vel: (-0.7921447757657031, 0.5696707169064905, 0.3169019354431657)
[mavic_controller-7] [DEBUG] [1766070844.776419627] [Mavic_2_PRO_3_Controller]: id: 3, gps: (-5.423091618435966, 6.37165847314098, 3.060404090189155)
[mavic_controller-7] [DEBUG] [1766070844.776752717] [Mavic_2_PRO_3_Controller]: id: 3, vel: (-0.7940185985597218, 0.6039661901590693, 0.31555390078213974)
[mavic_controller-5] [DEBUG] [1766070844.787605312] [Mavic_2_PRO_2_Controller]: Time(nanoseconds=12104000000, clock_type=ROS_TIME)
[mavic_controller-5] [DEBUG] [1766070844.787791442] [Mavic_2_PRO_2_Controller]: flag: (-8.734449241039517, 7.832044723519953, 4.025302324447064)
[mavic_controller-5] [DEBUG] [1766070844.787935857] [Mavic_2_PRO_2_Controller]: BODY id: 2, v_b: [0.99971423 0.02390512 0.46318368], angular: 0.023907392954859916
[mavic_controller-5] [DEBUG] [1766070844.788078141] [Mavic_2_PRO_2_Controller]: WORLD id: 2, v: [-0.83716965  0.5469433   0.46318368]
[mavic_controller-5] [DEBUG] [1766070844.788221166] [Mavic_2_PRO_2_Controller]: id: 2, gps: (-5.331900831899195, 5.590180486453425, 3.104035670981925)
[mavic_controller-5] [DEBUG] [1766070844.788370643] [Mavic_2_PRO_2_Controller]: id: 2, vel: (-0.7912370370593544, 0.5852038114489412, 0.31644328496744156)
[mavic_controller-7] [DEBUG] [1766070844.788426945] [Mavic_2_PRO_3_Controller]: Time(nanoseconds=12104000000, clock_type=ROS_TIME)
[mavic_controller-7] [DEBUG] [1766070844.788799528] [Mavic_2_PRO_3_Controller]: flag: (-8.734449241039517, 7.832044723519953, 4.025302324447064)
[mavic_controller-3] [DEBUG] [1766070844.788921362] [Mavic_2_PRO_1_Controller]: Time(nanoseconds=12104000000, clock_type=ROS_TIME)
[mavic_controller-7] [DEBUG] [1766070844.789144612] [Mavic_2_PRO_3_Controller]: BODY id: 3, v_b: [0.99884071 0.04813762 0.46609645], angular: 0.048156229113073955
[mavic_controller-3] [DEBUG] [1766070844.789289037] [Mavic_2_PRO_1_Controller]: flag: (-8.734449241039517, 7.832044723519953, 4.025302324447064)
[mavic_controller-7] [DEBUG] [1766070844.789487471] [Mavic_2_PRO_3_Controller]: WORLD id: 3, v: [-0.84588499  0.53336534  0.46609645]
[mavic_controller-3] [DEBUG] [1766070844.789639146] [Mavic_2_PRO_1_Controller]: BODY id: 1, v_b: [ 0.99982027 -0.01895882  0.46957846], angular: -0.018959953619133624
[mavic_controller-7] [DEBUG] [1766070844.789830833] [Mavic_2_PRO_3_Controller]: id: 3, gps: (-5.493342171533158, 6.424968482517038, 3.0883338975321952)
[mavic_controller-3] [DEBUG] [1766070844.789987101] [Mavic_2_PRO_1_Controller]: WORLD id: 1, v: [-0.82117885  0.57067091  0.46957846]
[mavic_controller-7] [DEBUG] [1766070844.790165358] [Mavic_2_PRO_3_Controller]: id: 3, vel: (-0.7937936795272161, 0.6011487233551973, 0.3156903886763851)
[mavic_controller-3] [DEBUG] [1766070844.790324599] [Mavic_2_PRO_1_Controller]: id: 1, gps: (-5.106304839690202, 4.6994117715973145, 3.0857781345806345)
[mavic_controller-3] [DEBUG] [1766070844.790662272] [Mavic_2_PRO_1_Controller]: id: 1, vel: (-0.7922620596825942, 0.5675802292293213, 0.31699017138648133)
[mavic_controller-5] [DEBUG] [1766070844.799792956] [Mavic_2_PRO_2_Controller]: Time(nanoseconds=12200000000, clock_type=ROS_TIME)
[mavic_controller-5] [DEBUG] [1766070844.799972784] [Mavic_2_PRO_2_Controller]: flag: (-8.734449241039517, 7.832044723519953, 4.025302324447064)
[mavic_controller-5] [DEBUG] [1766070844.800117595] [Mavic_2_PRO_2_Controller]: BODY id: 2, v_b: [0.99970975 0.02409182 0.44786707], angular: 0.024094150467846062
[mavic_controller-5] [DEBUG] [1766070844.800259839] [Mavic_2_PRO_2_Controller]: WORLD id: 2, v: [-0.83807187  0.54555985  0.44786707]
[mavic_controller-5] [DEBUG] [1766070844.800401259] [Mavic_2_PRO_2_Controller]: id: 2, gps: (-5.408278540685881, 5.646537987797508, 3.134589044779368)
[mavic_controller-5] [DEBUG] [1766070844.800573435] [Mavic_2_PRO_2_Controller]: id: 2, vel: (-0.7911710979853401, 0.5826331665632574, 0.3165559822348965)
[mavic_controller-7] [DEBUG] [1766070844.800671605] [Mavic_2_PRO_3_Controller]: Time(nanoseconds=12200000000, clock_type=ROS_TIME)
[mavic_controller-7] [DEBUG] [1766070844.800850322] [Mavic_2_PRO_3_Controller]: flag: (-8.734449241039517, 7.832044723519953, 4.025302324447064)
[mavic_controller-3] [DEBUG] [1766070844.800714137] [Mavic_2_PRO_1_Controller]: Time(nanoseconds=12200000000, clock_type=ROS_TIME)
[mavic_controller-7] [DEBUG] [1766070844.800999771] [Mavic_2_PRO_3_Controller]: BODY id: 3, v_b: [0.99876921 0.04959905 0.45340782], angular: 0.049619407969072236
[mavic_controller-3] [DEBUG] [1766070844.801091072] [Mavic_2_PRO_1_Controller]: flag: (-8.734449241039517, 7.832044723519953, 4.025302324447064)
[mavic_controller-7] [DEBUG] [1766070844.801146483] [Mavic_2_PRO_3_Controller]: WORLD id: 3, v: [-0.8477871   0.53033671  0.45340782]
[mavic_controller-7] [DEBUG] [1766070844.801292997] [Mavic_2_PRO_3_Controller]: id: 3, gps: (-5.557190841752973, 6.473211453410336, 3.1137349405702)
[mavic_controller-7] [DEBUG] [1766070844.801439586] [Mavic_2_PRO_3_Controller]: id: 3, vel: (-0.7936217861956333, 0.598502067845296, 0.315811820711723)
[mavic_controller-3] [DEBUG] [1766070844.801440131] [Mavic_2_PRO_1_Controller]: BODY id: 1, v_b: [ 0.99979609 -0.02019358  0.45684996], angular: -0.020194951513334322
[mavic_controller-3] [DEBUG] [1766070844.801794792] [Mavic_2_PRO_1_Controller]: WORLD id: 1, v: [-0.82021171  0.57206009  0.45684996]
[mavic_controller-3] [DEBUG] [1766070844.802135375] [Mavic_2_PRO_1_Controller]: id: 1, gps: (-5.1700400525945085, 4.745014002476515, 3.111281063107603)
[mavic_controller-3] [DEBUG] [1766070844.802468912] [Mavic_2_PRO_1_Controller]: id: 1, vel: (-0.7923039983450608, 0.5663059861709142, 0.31705050877103086)
[mavic_controller-7] [DEBUG] [1766070844.813563822] [Mavic_2_PRO_3_Controller]: Time(nanoseconds=12304000000, clock_type=ROS_TIME)
[mavic_controller-5] [DEBUG] [1766070844.813661072] [Mavic_2_PRO_2_Controller]: Time(nanoseconds=12304000000, clock_type=ROS_TIME)
[mavic_controller-7] [DEBUG] [1766070844.813746382] [Mavic_2_PRO_3_Controller]: flag: (-8.734449241039517, 7.832044723519953, 4.025302324447064)
[mavic_controller-7] [DEBUG] [1766070844.813902606] [Mavic_2_PRO_3_Controller]: BODY id: 3, v_b: [0.99863611 0.05221025 0.42928584], angular: 0.052233997475981175
[mavic_controller-3] [DEBUG] [1766070844.813772288] [Mavic_2_PRO_1_Controller]: Time(nanoseconds=12304000000, clock_type=ROS_TIME)
[mavic_controller-5] [DEBUG] [1766070844.813850334] [Mavic_2_PRO_2_Controller]: flag: (-8.734449241039517, 7.832044723519953, 4.025302324447064)
[mavic_controller-5] [DEBUG] [1766070844.814004111] [Mavic_2_PRO_2_Controller]: BODY id: 2, v_b: [0.99970685 0.02421166 0.43127206], angular: 0.02421402634527813
[mavic_controller-3] [DEBUG] [1766070844.814014500] [Mavic_2_PRO_1_Controller]: flag: (-8.734449241039517, 7.832044723519953, 4.025302324447064)
[mavic_controller-7] [DEBUG] [1766070844.814050641] [Mavic_2_PRO_3_Controller]: WORLD id: 3, v: [-0.85141367  0.52449476  0.42928584]
[mavic_controller-5] [DEBUG] [1766070844.814155042] [Mavic_2_PRO_2_Controller]: WORLD id: 2, v: [-0.83901848  0.54410292  0.43127206]
[mavic_controller-3] [DEBUG] [1766070844.814195065] [Mavic_2_PRO_1_Controller]: BODY id: 1, v_b: [ 0.999752   -0.02226946  0.43137997], angular: -0.022271303074049936
[mavic_controller-7] [DEBUG] [1766070844.814201640] [Mavic_2_PRO_3_Controller]: id: 3, gps: (-5.6784712191633036, 6.56427253974682, 3.1620228875633516)
[mavic_controller-5] [DEBUG] [1766070844.814301349] [Mavic_2_PRO_2_Controller]: id: 2, gps: (-5.491014104416788, 5.707311874940994, 3.167700720190431)
[mavic_controller-7] [DEBUG] [1766070844.814346642] [Mavic_2_PRO_3_Controller]: id: 3, vel: (-0.7933861853806032, 0.5932884932137338, 0.3160085693855949)
[mavic_controller-3] [DEBUG] [1766070844.814349947] [Mavic_2_PRO_1_Controller]: WORLD id: 1, v: [-0.81834772  0.57472342  0.43137997]
[mavic_controller-5] [DEBUG] [1766070844.814445193] [Mavic_2_PRO_2_Controller]: id: 2, vel: (-0.791104964469152, 0.5798470870876058, 0.31667631240001687)
[mavic_controller-3] [DEBUG] [1766070844.814499564] [Mavic_2_PRO_1_Controller]: id: 1, gps: (-5.29751098208402, 4.835935891603855, 3.1623006173315114)
[mavic_controller-3] [DEBUG] [1766070844.814672015] [Mavic_2_PRO_1_Controller]: id: 1, vel: (-0.7922558885341691, 0.5641040830153382, 0.3171553577827783)
[mavic_controller-7] [DEBUG] [1766070844.836387534] [Mavic_2_PRO_3_Controller]: Time(nanoseconds=12400000000, clock_type=ROS_TIME)
[mavic_controller-5] [DEBUG] [1766070844.836564311] [Mavic_2_PRO_2_Controller]: Time(nanoseconds=12400000000, clock_type=ROS_TIME)
[mavic_controller-5] [DEBUG] [1766070844.836806747] [Mavic_2_PRO_2_Controller]: flag: (-8.734449241039517, 7.832044723519953, 4.025302324447064)
[mavic_controller-7] [DEBUG] [1766070844.836718724] [Mavic_2_PRO_3_Controller]: flag: (-8.734449241039517, 7.832044723519953, 4.025302324447064)
[mavic_controller-7] [DEBUG] [1766070844.836897793] [Mavic_2_PRO_3_Controller]: BODY id: 3, v_b: [0.99855526 0.05373438 0.41404196], angular: 0.05376026790477046
[mavic_controller-5] [DEBUG] [1766070844.836980573] [Mavic_2_PRO_2_Controller]: BODY id: 2, v_b: [0.99970628 0.02423554 0.41595401], angular: 0.024237912342439494
[mavic_controller-7] [DEBUG] [1766070844.837062101] [Mavic_2_PRO_3_Controller]: WORLD id: 3, v: [-0.85370498  0.52075695  0.41404196]
[mavic_controller-5] [DEBUG] [1766070844.837149186] [Mavic_2_PRO_2_Controller]: WORLD id: 2, v: [-0.83985638  0.54280868  0.41595401]
[mavic_controller-7] [DEBUG] [1766070844.837226611] [Mavic_2_PRO_3_Controller]: id: 3, gps: (-5.755058753653775, 6.62136673202776, 3.1925323097818374)
[mavic_controller-5] [DEBUG] [1766070844.837319745] [Mavic_2_PRO_2_Controller]: id: 2, gps: (-5.567379603336139, 5.763152317997102, 3.1982764557473846)
[mavic_controller-7] [DEBUG] [1766070844.837402992] [Mavic_2_PRO_3_Controller]: id: 3, vel: (-0.7933748238137649, 0.5898878289543127, 0.31608332953232404)
[mavic_controller-5] [DEBUG] [1766070844.837494320] [Mavic_2_PRO_2_Controller]: id: 2, vel: (-0.7910506811337408, 0.5772772398347302, 0.31678639435862893)
[mavic_controller-3] [DEBUG] [1766070844.838011516] [Mavic_2_PRO_1_Controller]: Time(nanoseconds=12400000000, clock_type=ROS_TIME)
[mavic_controller-3] [DEBUG] [1766070844.839152739] [Mavic_2_PRO_1_Controller]: flag: (-8.734449241039517, 7.832044723519953, 4.025302324447064)
[mavic_controller-3] [DEBUG] [1766070844.840240906] [Mavic_2_PRO_1_Controller]: BODY id: 1, v_b: [ 0.99972681 -0.02337304  0.41354134], angular: -0.023375172133236973
[mavic_controller-3] [DEBUG] [1766070844.841300602] [Mavic_2_PRO_1_Controller]: WORLD id: 1, v: [-0.81712319  0.57646309  0.41354134]
[mavic_controller-3] [DEBUG] [1766070844.842331171] [Mavic_2_PRO_1_Controller]: id: 1, gps: (-5.386730045498168, 4.899387422261422, 3.198023596695685)
[mavic_controller-3] [DEBUG] [1766070844.843124659] [Mavic_2_PRO_1_Controller]: id: 1, vel: (-0.7921315325333622, 0.5628169543720388, 0.31722022676603745)
[mavic_controller-5] [DEBUG] [1766070844.886628576] [Mavic_2_PRO_2_Controller]: Time(nanoseconds=12504000000, clock_type=ROS_TIME)
[mavic_controller-7] [DEBUG] [1766070844.886655687] [Mavic_2_PRO_3_Controller]: Time(nanoseconds=12504000000, clock_type=ROS_TIME)
[mavic_controller-5] [DEBUG] [1766070844.886840035] [Mavic_2_PRO_2_Controller]: flag: (-8.734449241039517, 7.832044723519953, 4.025302324447064)
[mavic_controller-7] [DEBUG] [1766070844.886862734] [Mavic_2_PRO_3_Controller]: flag: (-8.734449241039517, 7.832044723519953, 4.025302324447064)
[mavic_controller-5] [DEBUG] [1766070844.887013266] [Mavic_2_PRO_2_Controller]: BODY id: 2, v_b: [0.9997084  0.02414781 0.39935963], angular: 0.02415015916569614
[mavic_controller-7] [DEBUG] [1766070844.887035360] [Mavic_2_PRO_3_Controller]: BODY id: 3, v_b: [0.99847183 0.05526303 0.39751992], angular: 0.055291197323133416
[mavic_controller-5] [DEBUG] [1766070844.887187591] [Mavic_2_PRO_2_Controller]: WORLD id: 2, v: [-0.84071263  0.54148155  0.39935963]
[mavic_controller-3] [DEBUG] [1766070844.887193933] [Mavic_2_PRO_1_Controller]: Time(nanoseconds=12504000000, clock_type=ROS_TIME)
[mavic_controller-7] [DEBUG] [1766070844.887210941] [Mavic_2_PRO_3_Controller]: WORLD id: 3, v: [-0.85618536  0.51666878  0.39751992]
[mavic_controller-5] [DEBUG] [1766070844.887359509] [Mavic_2_PRO_2_Controller]: id: 2, gps: (-5.65010349711711, 5.823366494827112, 3.2314120119687724)
[mavic_controller-7] [DEBUG] [1766070844.887380919] [Mavic_2_PRO_3_Controller]: id: 3, gps: (-5.838035669383371, 6.682846506401834, 3.2255942490706846)
[mavic_controller-3] [DEBUG] [1766070844.887396169] [Mavic_2_PRO_1_Controller]: flag: (-8.734449241039517, 7.832044723519953, 4.025302324447064)
[mavic_controller-5] [DEBUG] [1766070844.887542543] [Mavic_2_PRO_2_Controller]: id: 2, vel: (-0.791002926333002, 0.5744998510308775, 0.3169001980056536)
[mavic_controller-7] [DEBUG] [1766070844.887558199] [Mavic_2_PRO_3_Controller]: id: 3, vel: (-0.7935249523810984, 0.5861660277941245, 0.31620913282256174)
[mavic_controller-3] [DEBUG] [1766070844.887578901] [Mavic_2_PRO_1_Controller]: BODY id: 1, v_b: [ 0.99970942 -0.02410534  0.3969703 ], angular: -0.02410767172510972
[mavic_controller-3] [DEBUG] [1766070844.887757121] [Mavic_2_PRO_1_Controller]: WORLD id: 1, v: [-0.81606573  0.5779591   0.3969703 ]
[mavic_controller-3] [DEBUG] [1766070844.887935659] [Mavic_2_PRO_1_Controller]: id: 1, gps: (-5.469560800498091, 4.9581870844836935, 3.231201012719056)
[mavic_controller-3] [DEBUG] [1766070844.888106428] [Mavic_2_PRO_1_Controller]: id: 1, vel: (-0.7919625474248461, 0.5617998652971381, 0.31727642799498956)
[mavic_controller-3] [DEBUG] [1766070844.932518871] [Mavic_2_PRO_1_Controller]: Time(nanoseconds=12600000000, clock_type=ROS_TIME)
[mavic_controller-7] [DEBUG] [1766070844.932574202] [Mavic_2_PRO_3_Controller]: Time(nanoseconds=12600000000, clock_type=ROS_TIME)
[mavic_controller-3] [DEBUG] [1766070844.932703926] [Mavic_2_PRO_1_Controller]: flag: (-8.734449241039517, 7.832044723519953, 4.025302324447064)
[mavic_controller-3] [DEBUG] [1766070844.932867364] [Mavic_2_PRO_1_Controller]: BODY id: 1, v_b: [ 0.99969934 -0.02451987  0.38166913], angular: -0.02452232453376725
[mavic_controller-5] [DEBUG] [1766070844.932707748] [Mavic_2_PRO_2_Controller]: Time(nanoseconds=12608000000, clock_type=ROS_TIME)
[mavic_controller-5] [DEBUG] [1766070844.932890247] [Mavic_2_PRO_2_Controller]: flag: (-8.734449241039517, 7.832044723519953, 4.025302324447064)
[mavic_controller-7] [DEBUG] [1766070844.932807693] [Mavic_2_PRO_3_Controller]: flag: (-8.734449241039517, 7.832044723519953, 4.025302324447064)
[mavic_controller-3] [DEBUG] [1766070844.933038314] [Mavic_2_PRO_1_Controller]: WORLD id: 1, v: [-0.81517264  0.57921807  0.38166913]
[mavic_controller-5] [DEBUG] [1766070844.933054014] [Mavic_2_PRO_2_Controller]: BODY id: 2, v_b: [0.99990735 0.01361199 0.38293344], angular: 0.01361240842943708
[mavic_controller-7] [DEBUG] [1766070844.933061070] [Mavic_2_PRO_3_Controller]: BODY id: 3, v_b: [0.9983984  0.05657417 0.3822617 ], angular: 0.05660438777051057
[mavic_controller-3] [DEBUG] [1766070844.933198887] [Mavic_2_PRO_1_Controller]: id: 1, gps: (-5.546001448852249, 5.012377707375824, 3.261831932131074)
[mavic_controller-5] [DEBUG] [1766070844.933202942] [Mavic_2_PRO_2_Controller]: WORLD id: 2, v: [-0.83588689  0.54890173  0.38293344]
[mavic_controller-7] [DEBUG] [1766070844.933342298] [Mavic_2_PRO_3_Controller]: WORLD id: 3, v: [-0.8584723   0.51285993  0.3822617 ]
[mavic_controller-5] [DEBUG] [1766070844.933349110] [Mavic_2_PRO_2_Controller]: id: 2, gps: (-5.726460791643609, 5.8786920200318775, 3.2620079297233615)
[mavic_controller-3] [DEBUG] [1766070844.933351177] [Mavic_2_PRO_1_Controller]: id: 1, vel: (-0.7917601512676364, 0.5610091387358224, 0.31733298790025843)
[mavic_controller-5] [DEBUG] [1766070844.933518648] [Mavic_2_PRO_2_Controller]: id: 2, vel: (-0.7909846329704768, 0.5719563992085696, 0.31698127600907616)
[mavic_controller-7] [DEBUG] [1766070844.933565630] [Mavic_2_PRO_3_Controller]: id: 3, gps: (-5.914653079154101, 6.739249817866483, 3.256127163372618)
[mavic_controller-7] [DEBUG] [1766070844.933713052] [Mavic_2_PRO_3_Controller]: id: 3, vel: (-0.7938336761282835, 0.5827066322808466, 0.31636219579374836)
[mavic_controller-7] [DEBUG] [1766070844.966050565] [Mavic_2_PRO_3_Controller]: Time(nanoseconds=12704000000, clock_type=ROS_TIME)
[mavic_controller-5] [DEBUG] [1766070844.966050718] [Mavic_2_PRO_2_Controller]: Time(nanoseconds=12704000000, clock_type=ROS_TIME)
[mavic_controller-3] [DEBUG] [1766070844.966216824] [Mavic_2_PRO_1_Controller]: Time(nanoseconds=12704000000, clock_type=ROS_TIME)
[mavic_controller-3] [DEBUG] [1766070844.966405800] [Mavic_2_PRO_1_Controller]: flag: (-8.734449241039517, 7.832044723519953, 4.025302324447064)
[mavic_controller-7] [DEBUG] [1766070844.966244106] [Mavic_2_PRO_3_Controller]: flag: (-8.734449241039517, 7.832044723519953, 4.025302324447064)
[mavic_controller-7] [DEBUG] [1766070844.966392553] [Mavic_2_PRO_3_Controller]: BODY id: 3, v_b: [0.99832344 0.05788187 0.36572412], angular: 0.057914242443916075
[mavic_controller-5] [DEBUG] [1766070844.966246249] [Mavic_2_PRO_2_Controller]: flag: (-8.734449241039517, 7.832044723519953, 4.025302324447064)
[mavic_controller-5] [DEBUG] [1766070844.966396850] [Mavic_2_PRO_2_Controller]: BODY id: 2, v_b: [0.99972086 0.02362621 0.36743905], angular: 0.023628412975077603
[mavic_controller-7] [DEBUG] [1766070844.966543624] [Mavic_2_PRO_3_Controller]: WORLD id: 3, v: [-0.86093932  0.50870767  0.36572412]
[mavic_controller-7] [DEBUG] [1766070844.966687475] [Mavic_2_PRO_3_Controller]: id: 3, gps: (-5.997697571506479, 6.799976075393254, 3.2892203617018394)
[mavic_controller-3] [DEBUG] [1766070844.966563353] [Mavic_2_PRO_1_Controller]: BODY id: 1, v_b: [ 0.99969513 -0.02469109  0.36508815], angular: -0.02469360282308452
[mavic_controller-3] [DEBUG] [1766070844.966713755] [Mavic_2_PRO_1_Controller]: WORLD id: 1, v: [-0.81430196  0.58044149  0.36508815]
[mavic_controller-5] [DEBUG] [1766070844.966579340] [Mavic_2_PRO_2_Controller]: WORLD id: 2, v: [-0.84217374  0.53920626  0.36743905]
[mavic_controller-5] [DEBUG] [1766070844.966726349] [Mavic_2_PRO_2_Controller]: id: 2, gps: (-5.809174212993431, 5.938363351808786, 3.2951626552503246)
[mavic_controller-7] [DEBUG] [1766070844.966835485] [Mavic_2_PRO_3_Controller]: id: 3, vel: (-0.7943312444770539, 0.5789326919240408, 0.3165081919188428)
[mavic_controller-3] [DEBUG] [1766070844.966868540] [Mavic_2_PRO_1_Controller]: id: 1, gps: (-5.628787977036871, 5.071005615831628, 3.2950212919041886)
[mavic_controller-3] [DEBUG] [1766070844.967014241] [Mavic_2_PRO_1_Controller]: id: 1, vel: (-0.7914973808722545, 0.5602941599532844, 0.3173887326980623)
[mavic_controller-5] [DEBUG] [1766070844.966879169] [Mavic_2_PRO_2_Controller]: id: 2, vel: (-0.7908909730159117, 0.5694109346542064, 0.3170750904646841)
[mavic_controller-7] [DEBUG] [1766070844.998747414] [Mavic_2_PRO_3_Controller]: Time(nanoseconds=12800000000, clock_type=ROS_TIME)
[mavic_controller-3] [DEBUG] [1766070844.998873973] [Mavic_2_PRO_1_Controller]: Time(nanoseconds=12800000000, clock_type=ROS_TIME)
[mavic_controller-3] [DEBUG] [1766070844.999044966] [Mavic_2_PRO_1_Controller]: flag: (-8.734449241039517, 7.832044723519953, 4.025302324447064)
[mavic_controller-7] [DEBUG] [1766070844.998926528] [Mavic_2_PRO_3_Controller]: flag: (-8.734449241039517, 7.832044723519953, 4.025302324447064)
[mavic_controller-7] [DEBUG] [1766070844.999072777] [Mavic_2_PRO_3_Controller]: BODY id: 3, v_b: [0.99825851 0.05899109 0.35045153], angular: 0.05902536109815007
[mavic_controller-3] [DEBUG] [1766070844.999191453] [Mavic_2_PRO_1_Controller]: BODY id: 1, v_b: [ 0.99970011 -0.02448841  0.35105435], angular: -0.02449086300121577
[mavic_controller-3] [DEBUG] [1766070844.999334570] [Mavic_2_PRO_1_Controller]: WORLD id: 1, v: [-0.81365817  0.5813436   0.35105435]
[mavic_controller-7] [DEBUG] [1766070844.999216492] [Mavic_2_PRO_3_Controller]: WORLD id: 3, v: [-0.86320647  0.50485105  0.35045153]
[mavic_controller-7] [DEBUG] [1766070844.999358315] [Mavic_2_PRO_3_Controller]: id: 3, gps: (-6.074407312854389, 6.855679182467018, 3.319779358037641)
[mavic_controller-3] [DEBUG] [1766070844.999493489] [Mavic_2_PRO_1_Controller]: id: 1, gps: (-5.698814915178178, 5.120560857126269, 3.3231087621927187)
[mavic_controller-3] [DEBUG] [1766070844.999644274] [Mavic_2_PRO_1_Controller]: id: 1, vel: (-0.7912402042716877, 0.5597954557316894, 0.3174284749111534)
[mavic_controller-7] [DEBUG] [1766070844.999523061] [Mavic_2_PRO_3_Controller]: id: 3, vel: (-0.7949215483807036, 0.5754182277230354, 0.3166041591212422)
[mavic_controller-5] [DEBUG] [1766070845.000280632] [Mavic_2_PRO_2_Controller]: Time(nanoseconds=12800000000, clock_type=ROS_TIME)
[mavic_controller-5] [DEBUG] [1766070845.000660033] [Mavic_2_PRO_2_Controller]: flag: (-8.734449241039517, 7.832044723519953, 4.025302324447064)
[mavic_controller-5] [DEBUG] [1766070845.001020273] [Mavic_2_PRO_2_Controller]: BODY id: 2, v_b: [0.99991824 0.01278724 0.35230982], angular: 0.012787586445318294
[mavic_controller-5] [DEBUG] [1766070845.001376113] [Mavic_2_PRO_2_Controller]: WORLD id: 2, v: [-0.83699593  0.54720912  0.35230982]
[mavic_controller-5] [DEBUG] [1766070845.001766725] [Mavic_2_PRO_2_Controller]: id: 2, gps: (-5.879165675118661, 5.988636297959206, 3.323224390196228)
[mavic_controller-5] [DEBUG] [1766070845.002142743] [Mavic_2_PRO_2_Controller]: id: 2, vel: (-0.7909722857394439, 0.5671257197479199, 0.31716903080973696)
[mavic_controller-3] [DEBUG] [1766070845.031584231] [Mavic_2_PRO_1_Controller]: Time(nanoseconds=12904000000, clock_type=ROS_TIME)
[mavic_controller-7] [DEBUG] [1766070845.031612370] [Mavic_2_PRO_3_Controller]: Time(nanoseconds=12904000000, clock_type=ROS_TIME)
[mavic_controller-3] [DEBUG] [1766070845.031761824] [Mavic_2_PRO_1_Controller]: flag: (-8.734449241039517, 7.832044723519953, 4.025302324447064)
[mavic_controller-3] [DEBUG] [1766070845.031911728] [Mavic_2_PRO_1_Controller]: BODY id: 1, v_b: [ 0.99970738 -0.02419001  0.33318769], angular: -0.024192365412173095
[mavic_controller-7] [DEBUG] [1766070845.031787885] [Mavic_2_PRO_3_Controller]: flag: (-8.734449241039517, 7.832044723519953, 4.025302324447064)
[mavic_controller-7] [DEBUG] [1766070845.031931740] [Mavic_2_PRO_3_Controller]: BODY id: 3, v_b: [0.9981953  0.06005123 0.33389745], angular: 0.06008737843674445
[mavic_controller-3] [DEBUG] [1766070845.032056610] [Mavic_2_PRO_1_Controller]: WORLD id: 1, v: [-0.81296338  0.58231481  0.33318769]
[mavic_controller-7] [DEBUG] [1766070845.032078179] [Mavic_2_PRO_3_Controller]: WORLD id: 3, v: [-0.86563141  0.50068181  0.33389745]
[mavic_controller-7] [DEBUG] [1766070845.032219919] [Mavic_2_PRO_3_Controller]: id: 3, gps: (-6.1575818560807996, 6.9156389344834786, 3.3528943563126394)
[mavic_controller-5] [DEBUG] [1766070845.032119537] [Mavic_2_PRO_2_Controller]: Time(nanoseconds=12904000000, clock_type=ROS_TIME)
[mavic_controller-3] [DEBUG] [1766070845.032198721] [Mavic_2_PRO_1_Controller]: id: 1, gps: (-5.787904710167423, 5.183574823253159, 3.3588612472299553)
[mavic_controller-5] [DEBUG] [1766070845.032292400] [Mavic_2_PRO_2_Controller]: flag: (-8.734449241039517, 7.832044723519953, 4.025302324447064)
[mavic_controller-3] [DEBUG] [1766070845.032341334] [Mavic_2_PRO_1_Controller]: id: 1, vel: (-0.7908688915285924, 0.5592929225952534, 0.3174751365400454)
[mavic_controller-7] [DEBUG] [1766070845.032366142] [Mavic_2_PRO_3_Controller]: id: 3, vel: (-0.7957062835301228, 0.5715704271650383, 0.3166943072920805)
[mavic_controller-5] [DEBUG] [1766070845.032444449] [Mavic_2_PRO_2_Controller]: BODY id: 2, v_b: [0.99973819 0.02288113 0.33679161], angular: 0.02288312302037736
[mavic_controller-5] [DEBUG] [1766070845.032606277] [Mavic_2_PRO_2_Controller]: WORLD id: 2, v: [-0.84333205  0.53739283  0.33679161]
[mavic_controller-5] [DEBUG] [1766070845.032752792] [Mavic_2_PRO_2_Controller]: id: 2, gps: (-5.961880618139845, 6.047814023343184, 3.35639906878651)
[mavic_controller-5] [DEBUG] [1766070845.032903444] [Mavic_2_PRO_2_Controller]: id: 2, vel: (-0.7909457162895333, 0.5647415058395941, 0.31728987517272)
[mavic_controller-3] [DEBUG] [1766070845.068544693] [Mavic_2_PRO_1_Controller]: Time(nanoseconds=13000000000, clock_type=ROS_TIME)
[mavic_controller-5] [DEBUG] [1766070845.068557698] [Mavic_2_PRO_2_Controller]: Time(nanoseconds=13000000000, clock_type=ROS_TIME)
[mavic_controller-3] [DEBUG] [1766070845.068722364] [Mavic_2_PRO_1_Controller]: flag: (-8.734449241039517, 7.832044723519953, 4.025302324447064)
[mavic_controller-3] [DEBUG] [1766070845.068872406] [Mavic_2_PRO_1_Controller]: BODY id: 1, v_b: [ 0.99972275 -0.02354612  0.3178681 ], angular: -0.023548297364322148
[mavic_controller-5] [DEBUG] [1766070845.068737662] [Mavic_2_PRO_2_Controller]: flag: (-8.734449241039517, 7.832044723519953, 4.025302324447064)
[mavic_controller-5] [DEBUG] [1766070845.068892656] [Mavic_2_PRO_2_Controller]: BODY id: 2, v_b: [0.99974995 0.02236165 0.3201927 ], angular: 0.02236351004820453
[mavic_controller-3] [DEBUG] [1766070845.069016575] [Mavic_2_PRO_1_Controller]: WORLD id: 1, v: [-0.81250678  0.58295174  0.3178681 ]
[mavic_controller-3] [DEBUG] [1766070845.069156339] [Mavic_2_PRO_1_Controller]: id: 1, gps: (-5.864232128066755, 5.237547904680928, 3.3895104033103682)
[mavic_controller-5] [DEBUG] [1766070845.069043463] [Mavic_2_PRO_2_Controller]: WORLD id: 2, v: [-0.84384004  0.5365948   0.3201927 ]
[mavic_controller-5] [DEBUG] [1766070845.069195419] [Mavic_2_PRO_2_Controller]: id: 2, gps: (-6.044610711899597, 6.106720108046776, 3.389587428928082)
[mavic_controller-3] [DEBUG] [1766070845.069301910] [Mavic_2_PRO_1_Controller]: id: 1, vel: (-0.7905153953243254, 0.5589729553058954, 0.31751464185898776)
[mavic_controller-5] [DEBUG] [1766070845.069343650] [Mavic_2_PRO_2_Controller]: id: 2, vel: (-0.7911281841412179, 0.5621378272029319, 0.3173955657314601)
[mavic_controller-7] [DEBUG] [1766070845.069668466] [Mavic_2_PRO_3_Controller]: Time(nanoseconds=13000000000, clock_type=ROS_TIME)
[mavic_controller-7] [DEBUG] [1766070845.069856201] [Mavic_2_PRO_3_Controller]: flag: (-8.734449241039517, 7.832044723519953, 4.025302324447064)
[mavic_controller-7] [DEBUG] [1766070845.070000134] [Mavic_2_PRO_3_Controller]: BODY id: 3, v_b: [0.99814656 0.06085586 0.31988278], angular: 0.06089348819048418
[mavic_controller-7] [DEBUG] [1766070845.070143331] [Mavic_2_PRO_3_Controller]: WORLD id: 3, v: [-0.86766633  0.497147    0.31988278]
[mavic_controller-7] [DEBUG] [1766070845.070284263] [Mavic_2_PRO_3_Controller]: id: 3, gps: (-6.228030796976937, 6.966058335345587, 3.380922339968348)
[mavic_controller-7] [DEBUG] [1766070845.070426747] [Mavic_2_PRO_3_Controller]: id: 3, vel: (-0.7964963119028514, 0.5682869591673277, 0.3167761302557328)
[mavic_controller-3] [DEBUG] [1766070845.100563272] [Mavic_2_PRO_1_Controller]: Time(nanoseconds=13104000000, clock_type=ROS_TIME)
[mavic_controller-5] [DEBUG] [1766070845.100563197] [Mavic_2_PRO_2_Controller]: Time(nanoseconds=13104000000, clock_type=ROS_TIME)
[mavic_controller-3] [DEBUG] [1766070845.100745396] [Mavic_2_PRO_1_Controller]: flag: (-8.734449241039517, 7.832044723519953, 4.025302324447064)
[mavic_controller-5] [DEBUG] [1766070845.100756245] [Mavic_2_PRO_2_Controller]: flag: (-8.734449241039517, 7.832044723519953, 4.025302324447064)
[mavic_controller-5] [DEBUG] [1766070845.100914594] [Mavic_2_PRO_2_Controller]: BODY id: 2, v_b: [0.99976617 0.02162414 0.30359353], angular: 0.02162582148039171
[mavic_controller-3] [DEBUG] [1766070845.100924081] [Mavic_2_PRO_1_Controller]: BODY id: 1, v_b: [ 0.99974571 -0.02255019  0.30126914], angular: -0.022552106383224368
[mavic_controller-5] [DEBUG] [1766070845.101065235] [Mavic_2_PRO_2_Controller]: WORLD id: 2, v: [-0.8442641   0.53592735  0.30359353]
[mavic_controller-3] [DEBUG] [1766070845.101072000] [Mavic_2_PRO_1_Controller]: WORLD id: 1, v: [-0.81216421  0.58342891  0.30126914]
[mavic_controller-3] [DEBUG] [1766070845.101217315] [Mavic_2_PRO_1_Controller]: id: 1, gps: (-5.946879982912252, 5.295989553654943, 3.42271769949201)
[mavic_controller-5] [DEBUG] [1766070845.101226488] [Mavic_2_PRO_2_Controller]: id: 2, gps: (-6.1273526195261905, 6.1653718985726185, 3.422781952364316)
[mavic_controller-7] [DEBUG] [1766070845.101290742] [Mavic_2_PRO_3_Controller]: Time(nanoseconds=13104000000, clock_type=ROS_TIME)
[mavic_controller-3] [DEBUG] [1766070845.101362689] [Mavic_2_PRO_1_Controller]: id: 1, vel: (-0.7900997740418197, 0.5587310365672441, 0.31755132690258153)
[mavic_controller-5] [DEBUG] [1766070845.101375666] [Mavic_2_PRO_2_Controller]: id: 2, vel: (-0.7913181412017908, 0.5596337690112299, 0.3174480767688289)
[mavic_controller-7] [DEBUG] [1766070845.101455506] [Mavic_2_PRO_3_Controller]: flag: (-8.734449241039517, 7.832044723519953, 4.025302324447064)
[mavic_controller-7] [DEBUG] [1766070845.101612453] [Mavic_2_PRO_3_Controller]: BODY id: 3, v_b: [0.998093   0.06172811 0.30203846], angular: 0.06176737877657548
[mavic_controller-7] [DEBUG] [1766070845.101768568] [Mavic_2_PRO_3_Controller]: WORLD id: 3, v: [-0.87021471  0.49267267  0.30203846]
[mavic_controller-7] [DEBUG] [1766070845.101914533] [Mavic_2_PRO_3_Controller]: id: 3, gps: (-6.317803173376993, 7.029807349016802, 3.4166050519868567)
[mavic_controller-7] [DEBUG] [1766070845.102057383] [Mavic_2_PRO_3_Controller]: id: 3, vel: (-0.7976624276905089, 0.5640884521859763, 0.31688313914427735)
[mavic_controller-5] [DEBUG] [1766070845.164296643] [Mavic_2_PRO_2_Controller]: Time(nanoseconds=13200000000, clock_type=ROS_TIME)
[mavic_controller-7] [DEBUG] [1766070845.164334627] [Mavic_2_PRO_3_Controller]: Time(nanoseconds=13200000000, clock_type=ROS_TIME)
[mavic_controller-3] [DEBUG] [1766070845.164363707] [Mavic_2_PRO_1_Controller]: Time(nanoseconds=13200000000, clock_type=ROS_TIME)
[mavic_controller-3] [DEBUG] [1766070845.164548463] [Mavic_2_PRO_1_Controller]: flag: (-8.734449241039517, 7.832044723519953, 4.025302324447064)
[mavic_controller-3] [DEBUG] [1766070845.164698167] [Mavic_2_PRO_1_Controller]: BODY id: 1, v_b: [ 0.99977261 -0.02132459  0.28594449], angular: -0.021326208719164737
[mavic_controller-3] [DEBUG] [1766070845.164850476] [Mavic_2_PRO_1_Controller]: WORLD id: 1, v: [-0.81201658  0.58363437  0.28594449]
[mavic_controller-5] [DEBUG] [1766070845.164500768] [Mavic_2_PRO_2_Controller]: flag: (-8.734449241039517, 7.832044723519953, 4.025302324447064)
[mavic_controller-5] [DEBUG] [1766070845.164656931] [Mavic_2_PRO_2_Controller]: BODY id: 2, v_b: [0.99978495 0.02073791 0.28827257], angular: 0.02073939351852056
[mavic_controller-5] [DEBUG] [1766070845.164811629] [Mavic_2_PRO_2_Controller]: WORLD id: 2, v: [-0.84454708  0.53548131  0.28827257]
[mavic_controller-5] [DEBUG] [1766070845.164960323] [Mavic_2_PRO_2_Controller]: id: 2, gps: (-6.203752416784064, 6.2192757081816215, 3.453429445778959)
[mavic_controller-7] [DEBUG] [1766070845.164523696] [Mavic_2_PRO_3_Controller]: flag: (-8.734449241039517, 7.832044723519953, 4.025302324447064)
[mavic_controller-7] [DEBUG] [1766070845.164694028] [Mavic_2_PRO_3_Controller]: BODY id: 3, v_b: [0.99805367 0.06236086 0.28673679], angular: 0.062401348919520275
[mavic_controller-7] [DEBUG] [1766070845.164846460] [Mavic_2_PRO_3_Controller]: WORLD id: 3, v: [-0.87236779  0.48885011  0.28673679]
