[mavic_controller-7] [DEBUG] [1766070843.436315481] [Mavic_2_PRO_3_Controller]: id: 3, gps: (0.004816942030437921, 2.000000065665329, 0.06573848166271308)
[mavic_controller-7] [DEBUG] [1766070843.436691123] [Mavic_2_PRO_3_Controller]: id: 3, vel: (-4.732543026241035e-06, 3.086612572556863e-11, 3.167073633939009e-05)
[mavic_controller-3] [DEBUG] [1766070843.445767007] [Mavic_2_PRO_1_Controller]: Time(nanoseconds=2000000000, clock_type=ROS_TIME)
[mavic_controller-5] [DEBUG] [1766070843.445765745] [Mavic_2_PRO_2_Controller]: Time(nanoseconds=2000000000, clock_type=ROS_TIME)
[mavic_controller-5] [DEBUG] [1766070843.445955455] [Mavic_2_PRO_2_Controller]: flag: (-8.734449241039517, 7.832044723519953, 4.025302324447064)
[mavic_controller-5] [DEBUG] [1766070843.446103666] [Mavic_2_PRO_2_Controller]: BODY id: 2, v_b: [ 0.55709106 -0.43551092  0.70712969], angular: -0.6635189602366238
[mavic_controller-3] [DEBUG] [1766070843.445961495] [Mavic_2_PRO_1_Controller]: flag: (-8.734449241039517, 7.832044723519953, 4.025302324447064)
[mavic_controller-3] [DEBUG] [1766070843.446113584] [Mavic_2_PRO_1_Controller]: BODY id: 1, v_b: [ 0.52659682 -0.47192776  0.70712961], angular: -0.7307029332741107
[mavic_controller-5] [DEBUG] [1766070843.446250581] [Mavic_2_PRO_2_Controller]: WORLD id: 2, v: [-0.5570902   0.43551202  0.70712969]
[mavic_controller-3] [DEBUG] [1766070843.446263401] [Mavic_2_PRO_1_Controller]: WORLD id: 1, v: [-0.52659589  0.4719288   0.70712961]
[mavic_controller-5] [DEBUG] [1766070843.446395334] [Mavic_2_PRO_2_Controller]: id: 2, gps: (0.0048164739737223405, 1.000000065668374, 0.06574162443906222)
[mavic_controller-3] [DEBUG] [1766070843.446411704] [Mavic_2_PRO_1_Controller]: id: 1, gps: (0.0048164739737223405, 6.566837426108807e-08, 0.06574162443906222)
[mavic_controller-5] [DEBUG] [1766070843.446543309] [Mavic_2_PRO_2_Controller]: id: 2, vel: (-4.946398456701677e-06, 3.212829034837839e-11, 3.330547708329792e-05)
[mavic_controller-3] [DEBUG] [1766070843.446561761] [Mavic_2_PRO_1_Controller]: id: 1, vel: (-4.946398456698843e-06, 3.2128305756331456e-11, 3.3305477083294e-05)
[mavic_controller-7] [DEBUG] [1766070843.446714207] [Mavic_2_PRO_3_Controller]: Time(nanoseconds=2000000000, clock_type=ROS_TIME)
[mavic_controller-7] [DEBUG] [1766070843.447130228] [Mavic_2_PRO_3_Controller]: flag: (-8.734449241039517, 7.832044723519953, 4.025302324447064)
[mavic_controller-7] [DEBUG] [1766070843.447515112] [Mavic_2_PRO_3_Controller]: BODY id: 3, v_b: [ 0.58817921 -0.39251174  0.70712958], angular: -0.5884641684940664
[mavic_controller-7] [DEBUG] [1766070843.447784564] [Mavic_2_PRO_3_Controller]: WORLD id: 3, v: [-0.58817844  0.3925129   0.70712958]
[mavic_controller-7] [DEBUG] [1766070843.447972586] [Mavic_2_PRO_3_Controller]: id: 3, gps: (0.004816553413763164, 2.0000000656678596, 0.06574108968413053)
[mavic_controller-7] [DEBUG] [1766070843.448120119] [Mavic_2_PRO_3_Controller]: id: 3, vel: (-4.9109622797841544e-06, 3.191432723973921e-11, 3.303302024500696e-05)
[mavic_controller-7] [DEBUG] [1766070843.460628451] [Mavic_2_PRO_3_Controller]: Time(nanoseconds=2104000000, clock_type=ROS_TIME)
[mavic_controller-3] [DEBUG] [1766070843.460649347] [Mavic_2_PRO_1_Controller]: Time(nanoseconds=2104000000, clock_type=ROS_TIME)
[mavic_controller-7] [DEBUG] [1766070843.460806069] [Mavic_2_PRO_3_Controller]: flag: (-8.734449241039517, 7.832044723519953, 4.025302324447064)
[mavic_controller-7] [DEBUG] [1766070843.460965271] [Mavic_2_PRO_3_Controller]: BODY id: 3, v_b: [ 0.58817994 -0.3925122   0.70713098], angular: -0.5884641400687342
[mavic_controller-3] [DEBUG] [1766070843.460926798] [Mavic_2_PRO_1_Controller]: flag: (-8.734449241039517, 7.832044723519953, 4.025302324447064)
[mavic_controller-7] [DEBUG] [1766070843.461110138] [Mavic_2_PRO_3_Controller]: WORLD id: 3, v: [-0.58817917  0.39251336  0.70713098]
[mavic_controller-3] [DEBUG] [1766070843.461196324] [Mavic_2_PRO_1_Controller]: BODY id: 1, v_b: [ 0.52659738 -0.47192823  0.70713082], angular: -0.730702900318795
[mavic_controller-7] [DEBUG] [1766070843.461301515] [Mavic_2_PRO_3_Controller]: id: 3, gps: (0.004815943800070693, 2.0000000656718164, 0.06574520719512353)
[mavic_controller-3] [DEBUG] [1766070843.461471210] [Mavic_2_PRO_1_Controller]: WORLD id: 1, v: [-0.52659645  0.47192927  0.70713082]
[mavic_controller-7] [DEBUG] [1766070843.461473624] [Mavic_2_PRO_3_Controller]: id: 3, vel: (-5.1747226488342595e-06, 3.356489746288051e-11, 3.5076445775127404e-05)
[mavic_controller-3] [DEBUG] [1766070843.461672228] [Mavic_2_PRO_1_Controller]: id: 1, gps: (0.004815943800070749, 6.567181478973042e-08, 0.06574520719512353)
[mavic_controller-3] [DEBUG] [1766070843.461829856] [Mavic_2_PRO_1_Controller]: id: 1, vel: (-5.174722648761608e-06, 3.356489098906671e-11, 3.507644577518892e-05)
[mavic_controller-5] [DEBUG] [1766070843.462227053] [Mavic_2_PRO_2_Controller]: Time(nanoseconds=2104000000, clock_type=ROS_TIME)
[mavic_controller-5] [DEBUG] [1766070843.462601027] [Mavic_2_PRO_2_Controller]: flag: (-8.734449241039517, 7.832044723519953, 4.025302324447064)
[mavic_controller-5] [DEBUG] [1766070843.462958155] [Mavic_2_PRO_2_Controller]: BODY id: 2, v_b: [ 0.55709166 -0.43551136  0.7071309 ], angular: -0.6635189314359254
[mavic_controller-5] [DEBUG] [1766070843.463301046] [Mavic_2_PRO_2_Controller]: WORLD id: 2, v: [-0.5570908   0.43551246  0.7071309 ]
[mavic_controller-5] [DEBUG] [1766070843.463658605] [Mavic_2_PRO_2_Controller]: id: 2, gps: (0.004815943800070666, 1.0000000656718147, 0.06574520719512353)
[mavic_controller-5] [DEBUG] [1766070843.464017646] [Mavic_2_PRO_2_Controller]: id: 2, vel: (-5.1747226488466736e-06, 3.356489165996521e-11, 3.507644577510795e-05)
[mavic_controller-7] [DEBUG] [1766070843.473834314] [Mavic_2_PRO_3_Controller]: Time(nanoseconds=2200000000, clock_type=ROS_TIME)
[mavic_controller-3] [DEBUG] [1766070843.473834100] [Mavic_2_PRO_1_Controller]: Time(nanoseconds=2200000000, clock_type=ROS_TIME)
[mavic_controller-3] [DEBUG] [1766070843.474023613] [Mavic_2_PRO_1_Controller]: flag: (-8.734449241039517, 7.832044723519953, 4.025302324447064)
[mavic_controller-3] [DEBUG] [1766070843.474178233] [Mavic_2_PRO_1_Controller]: BODY id: 1, v_b: [ 0.5265979  -0.47192867  0.70713193], angular: -0.7307028719497654
[mavic_controller-7] [DEBUG] [1766070843.474067243] [Mavic_2_PRO_3_Controller]: flag: (-8.734449241039517, 7.832044723519953, 4.025302324447064)
[mavic_controller-7] [DEBUG] [1766070843.474218732] [Mavic_2_PRO_3_Controller]: BODY id: 3, v_b: [ 0.58818053 -0.39251257  0.7071321 ], angular: -0.5884641192976775
[mavic_controller-3] [DEBUG] [1766070843.474337854] [Mavic_2_PRO_1_Controller]: WORLD id: 1, v: [-0.52659697  0.47192971  0.70713193]
[mavic_controller-7] [DEBUG] [1766070843.474389185] [Mavic_2_PRO_3_Controller]: WORLD id: 3, v: [-0.58817975  0.39251373  0.7071321 ]
[mavic_controller-3] [DEBUG] [1766070843.474489927] [Mavic_2_PRO_1_Controller]: id: 1, gps: (0.004815433381560874, 6.567512400215192e-08, 0.06574867873758092)
[mavic_controller-7] [DEBUG] [1766070843.474555692] [Mavic_2_PRO_3_Controller]: id: 3, gps: (0.004815433381560902, 2.000000065675126, 0.06574867873758092)
[mavic_controller-3] [DEBUG] [1766070843.474728738] [Mavic_2_PRO_1_Controller]: id: 1, vel: (-5.382391199877441e-06, 3.491136221763497e-11, 3.6711185311666695e-05)
[mavic_controller-7] [DEBUG] [1766070843.474815896] [Mavic_2_PRO_3_Controller]: id: 3, vel: (-5.38239119991777e-06, 3.491131280678617e-11, 3.671118531149104e-05)
[mavic_controller-5] [DEBUG] [1766070843.475079578] [Mavic_2_PRO_2_Controller]: Time(nanoseconds=2200000000, clock_type=ROS_TIME)
[mavic_controller-5] [DEBUG] [1766070843.475468560] [Mavic_2_PRO_2_Controller]: flag: (-8.734449241039517, 7.832044723519953, 4.025302324447064)
[mavic_controller-5] [DEBUG] [1766070843.475854980] [Mavic_2_PRO_2_Controller]: BODY id: 2, v_b: [ 0.55709221 -0.43551177  0.70713201], angular: -0.6635189068075671
[mavic_controller-5] [DEBUG] [1766070843.476232406] [Mavic_2_PRO_2_Controller]: WORLD id: 2, v: [-0.55709135  0.43551287  0.70713201]
[mavic_controller-5] [DEBUG] [1766070843.476593350] [Mavic_2_PRO_2_Controller]: id: 2, gps: (0.004815433381560874, 1.000000065675124, 0.06574867873758092)
[mavic_controller-5] [DEBUG] [1766070843.476959712] [Mavic_2_PRO_2_Controller]: id: 2, vel: (-5.382391199910386e-06, 3.4911317507225894e-11, 3.671118531150426e-05)
[mavic_controller-3] [INFO] [1766070843.486516943] [Mavic_2_PRO_1_Controller]: theta: 1.5707963267948966
[mavic_controller-7] [INFO] [1766070843.486520034] [Mavic_2_PRO_3_Controller]: theta: 1.5707963267948966
[mavic_controller-7] [DEBUG] [1766070843.486901012] [Mavic_2_PRO_3_Controller]: Time(nanoseconds=2304000000, clock_type=ROS_TIME)
[mavic_controller-3] [DEBUG] [1766070843.486935310] [Mavic_2_PRO_1_Controller]: Time(nanoseconds=2304000000, clock_type=ROS_TIME)
[mavic_controller-7] [DEBUG] [1766070843.487054769] [Mavic_2_PRO_3_Controller]: flag: (-8.734449241039517, 7.832044723519953, 4.025302324447064)
[mavic_controller-3] [DEBUG] [1766070843.487110032] [Mavic_2_PRO_1_Controller]: flag: (-8.734449241039517, 7.832044723519953, 4.025302324447064)
[mavic_controller-7] [DEBUG] [1766070843.487221538] [Mavic_2_PRO_3_Controller]: BODY id: 3, v_b: [ 0.00501329 -0.48842276  0.87259273], angular: -1.5605324469097772
[mavic_controller-3] [DEBUG] [1766070843.487288971] [Mavic_2_PRO_1_Controller]: BODY id: 1, v_b: [ 0.01508631 -0.56427076  0.82545194], angular: -1.5440667527823357
[mavic_controller-7] [DEBUG] [1766070843.487365793] [Mavic_2_PRO_3_Controller]: WORLD id: 3, v: [-0.00501841  0.48842271  0.87259273]
[mavic_controller-3] [DEBUG] [1766070843.487452589] [Mavic_2_PRO_1_Controller]: WORLD id: 1, v: [-0.01510699  0.56427021  0.82545194]
[mavic_controller-7] [DEBUG] [1766070843.487508120] [Mavic_2_PRO_3_Controller]: id: 3, gps: (0.005218428389748744, 2.000000910819463, 0.06575227679236399)
[mavic_controller-3] [DEBUG] [1766070843.487614656] [Mavic_2_PRO_1_Controller]: id: 1, gps: (0.005188224641887715, 2.531046798122844e-06, 0.06575217777870385)
[mavic_controller-7] [DEBUG] [1766070843.487652143] [Mavic_2_PRO_3_Controller]: id: 3, vel: (0.01446930905977435, 9.772922944186114e-05, 2.8512424467241003e-05)
[mavic_controller-3] [DEBUG] [1766070843.487777439] [Mavic_2_PRO_1_Controller]: id: 1, vel: (0.011882082540569536, 0.0002820212801502935, 2.4672928927394882e-05)
[mavic_controller-5] [INFO] [1766070843.487853328] [Mavic_2_PRO_2_Controller]: theta: 1.5707963267948966
[mavic_controller-5] [DEBUG] [1766070843.488556940] [Mavic_2_PRO_2_Controller]: Time(nanoseconds=2304000000, clock_type=ROS_TIME)
[mavic_controller-5] [DEBUG] [1766070843.488924458] [Mavic_2_PRO_2_Controller]: flag: (-8.734449241039517, 7.832044723519953, 4.025302324447064)
[mavic_controller-5] [DEBUG] [1766070843.489293748] [Mavic_2_PRO_2_Controller]: BODY id: 2, v_b: [ 0.00427825 -0.52312152  0.85224737], angular: -1.5626182039171204
[mavic_controller-5] [DEBUG] [1766070843.489640534] [Mavic_2_PRO_2_Controller]: WORLD id: 2, v: [-0.00427722  0.52312153  0.85224737]
[mavic_controller-5] [DEBUG] [1766070843.489988914] [Mavic_2_PRO_2_Controller]: id: 2, gps: (0.004948885480958676, 1.0000000832994989, 0.06575156618575836)
[mavic_controller-5] [DEBUG] [1766070843.490313477] [Mavic_2_PRO_2_Controller]: id: 2, vel: (0.006481344415815309, 2.02005893190049e-06, 3.128832691332932e-05)
[mavic_controller-7] [INFO] [1766070843.498624743] [Mavic_2_PRO_3_Controller]: theta: 1.5707963267948966
[mavic_controller-5] [INFO] [1766070843.498662641] [Mavic_2_PRO_2_Controller]: theta: 1.5707963267948966
[mavic_controller-5] [DEBUG] [1766070843.499047168] [Mavic_2_PRO_2_Controller]: Time(nanoseconds=2400000000, clock_type=ROS_TIME)
[mavic_controller-7] [DEBUG] [1766070843.499083934] [Mavic_2_PRO_3_Controller]: Time(nanoseconds=2400000000, clock_type=ROS_TIME)
[mavic_controller-5] [DEBUG] [1766070843.499216778] [Mavic_2_PRO_2_Controller]: flag: (-8.734449241039517, 7.832044723519953, 4.025302324447064)
[mavic_controller-7] [DEBUG] [1766070843.499245168] [Mavic_2_PRO_3_Controller]: flag: (-8.734449241039517, 7.832044723519953, 4.025302324447064)
[mavic_controller-3] [INFO] [1766070843.499369810] [Mavic_2_PRO_1_Controller]: theta: 1.5707963267948966
[mavic_controller-7] [DEBUG] [1766070843.499390835] [Mavic_2_PRO_3_Controller]: BODY id: 3, v_b: [ 0.43646957 -0.44784475  0.78033929], angular: -0.7982607335559633
[mavic_controller-7] [DEBUG] [1766070843.499617184] [Mavic_2_PRO_3_Controller]: WORLD id: 3, v: [-0.43885048  0.4455119   0.78033929]
[mavic_controller-5] [DEBUG] [1766070843.499400328] [Mavic_2_PRO_2_Controller]: BODY id: 2, v_b: [ 0.41307526 -0.48211827  0.77261297], angular: -0.8623721385396196
[mavic_controller-5] [DEBUG] [1766070843.499651323] [Mavic_2_PRO_2_Controller]: WORLD id: 2, v: [-0.41523865  0.48025624  0.77261297]
[mavic_controller-7] [DEBUG] [1766070843.499781462] [Mavic_2_PRO_3_Controller]: id: 3, gps: (0.008946966983654617, 2.0006930043110738, 0.06657274560003033)
[mavic_controller-5] [DEBUG] [1766070843.499811758] [Mavic_2_PRO_2_Controller]: id: 2, gps: (0.009043000062565781, 1.0006256053470726, 0.0665639686374625)
[mavic_controller-7] [DEBUG] [1766070843.499931458] [Mavic_2_PRO_3_Controller]: id: 3, vel: (0.05648754439953416, 0.01677743087130539, 0.0221891186546202)
[mavic_controller-5] [DEBUG] [1766070843.499972232] [Mavic_2_PRO_2_Controller]: id: 2, vel: (0.05882899657658044, 0.015375793388591758, 0.022059884137039847)
[mavic_controller-3] [DEBUG] [1766070843.500094295] [Mavic_2_PRO_1_Controller]: Time(nanoseconds=2400000000, clock_type=ROS_TIME)
[mavic_controller-3] [DEBUG] [1766070843.500469001] [Mavic_2_PRO_1_Controller]: flag: (-8.734449241039517, 7.832044723519953, 4.025302324447064)
[mavic_controller-3] [DEBUG] [1766070843.500848066] [Mavic_2_PRO_1_Controller]: BODY id: 1, v_b: [ 0.46901682 -0.49413148  0.73202275], angular: -0.8114678381387187
[mavic_controller-3] [DEBUG] [1766070843.501219504] [Mavic_2_PRO_1_Controller]: WORLD id: 1, v: [-0.47206685  0.49121846  0.73202275]
[mavic_controller-3] [DEBUG] [1766070843.501593981] [Mavic_2_PRO_1_Controller]: id: 1, gps: (0.008594028733682105, 0.0007543253822738284, 0.06658030623989727)
[mavic_controller-3] [DEBUG] [1766070843.501980354] [Mavic_2_PRO_1_Controller]: id: 1, vel: (0.0529434634460355, 0.017592626966740275, 0.02233677996890763)
[mavic_controller-5] [INFO] [1766070843.513687355] [Mavic_2_PRO_2_Controller]: theta: 1.5707963267948966
[mavic_controller-7] [INFO] [1766070843.513721918] [Mavic_2_PRO_3_Controller]: theta: 1.5707963267948966
[mavic_controller-5] [DEBUG] [1766070843.514158897] [Mavic_2_PRO_2_Controller]: Time(nanoseconds=2504000000, clock_type=ROS_TIME)
[mavic_controller-7] [DEBUG] [1766070843.514159193] [Mavic_2_PRO_3_Controller]: Time(nanoseconds=2504000000, clock_type=ROS_TIME)
[mavic_controller-5] [DEBUG] [1766070843.514328790] [Mavic_2_PRO_2_Controller]: flag: (-8.734449241039517, 7.832044723519953, 4.025302324447064)
[mavic_controller-7] [DEBUG] [1766070843.514331012] [Mavic_2_PRO_3_Controller]: flag: (-8.734449241039517, 7.832044723519953, 4.025302324447064)
[mavic_controller-7] [DEBUG] [1766070843.514482894] [Mavic_2_PRO_3_Controller]: BODY id: 3, v_b: [ 0.44214748 -0.44551362  0.77847494], angular: -0.7891902930672501
[mavic_controller-5] [DEBUG] [1766070843.514484131] [Mavic_2_PRO_2_Controller]: BODY id: 2, v_b: [ 0.43635244 -0.47626323  0.76339366], angular: -0.8291026177625577
[mavic_controller-5] [DEBUG] [1766070843.514691641] [Mavic_2_PRO_2_Controller]: WORLD id: 2, v: [-0.44413329  0.46901571  0.76339366]
[mavic_controller-5] [DEBUG] [1766070843.514918941] [Mavic_2_PRO_2_Controller]: id: 2, gps: (0.01724164336390005, 1.0030056239478744, 0.07029449002653862)
[mavic_controller-5] [DEBUG] [1766070843.515091704] [Mavic_2_PRO_2_Controller]: id: 2, vel: (0.09125835360697118, 0.023326430695949425, 0.03876166609002371)
[mavic_controller-7] [DEBUG] [1766070843.514692086] [Mavic_2_PRO_3_Controller]: WORLD id: 3, v: [-0.45072509  0.43683369  0.77847494]
[mavic_controller-7] [DEBUG] [1766070843.514882432] [Mavic_2_PRO_3_Controller]: id: 3, gps: (0.01692528203588932, 2.003203067089353, 0.07029058542045136)
[mavic_controller-7] [DEBUG] [1766070843.515044860] [Mavic_2_PRO_3_Controller]: id: 3, vel: (0.08917648324807582, 0.024303064289076286, 0.03799439081959525)
[mavic_controller-3] [INFO] [1766070843.515526053] [Mavic_2_PRO_1_Controller]: theta: 1.5707963267948966
[mavic_controller-3] [DEBUG] [1766070843.516023747] [Mavic_2_PRO_1_Controller]: Time(nanoseconds=2512000000, clock_type=ROS_TIME)
[mavic_controller-3] [DEBUG] [1766070843.516192022] [Mavic_2_PRO_1_Controller]: flag: (-8.734449241039517, 7.832044723519953, 4.025302324447064)
[mavic_controller-3] [DEBUG] [1766070843.516340619] [Mavic_2_PRO_1_Controller]: BODY id: 1, v_b: [ 0.45316512 -0.50179547  0.73677858], angular: -0.8362781405274634
[mavic_controller-3] [DEBUG] [1766070843.516488188] [Mavic_2_PRO_1_Controller]: WORLD id: 1, v: [-0.46387054  0.49191609  0.73677858]
[mavic_controller-3] [DEBUG] [1766070843.516685040] [Mavic_2_PRO_1_Controller]: id: 1, gps: (0.016320625731918045, 0.0033806873471049353, 0.07032828516279896)
[mavic_controller-3] [DEBUG] [1766070843.516885624] [Mavic_2_PRO_1_Controller]: id: 1, vel: (0.08752017017569608, 0.02609775197770991, 0.03767770235600896)
[mavic_controller-7] [DEBUG] [1766070843.525596753] [Mavic_2_PRO_3_Controller]: Time(nanoseconds=2600000000, clock_type=ROS_TIME)
[mavic_controller-5] [DEBUG] [1766070843.525599982] [Mavic_2_PRO_2_Controller]: Time(nanoseconds=2600000000, clock_type=ROS_TIME)
[mavic_controller-3] [DEBUG] [1766070843.525660843] [Mavic_2_PRO_1_Controller]: Time(nanoseconds=2600000000, clock_type=ROS_TIME)
[mavic_controller-7] [DEBUG] [1766070843.525768048] [Mavic_2_PRO_3_Controller]: flag: (-8.734449241039517, 7.832044723519953, 4.025302324447064)
[mavic_controller-5] [DEBUG] [1766070843.525779631] [Mavic_2_PRO_2_Controller]: flag: (-8.734449241039517, 7.832044723519953, 4.025302324447064)
[mavic_controller-3] [DEBUG] [1766070843.525845714] [Mavic_2_PRO_1_Controller]: flag: (-8.734449241039517, 7.832044723519953, 4.025302324447064)
[mavic_controller-7] [DEBUG] [1766070843.525921384] [Mavic_2_PRO_3_Controller]: BODY id: 3, v_b: [ 0.5562633  -0.41415746  0.7336082 ], angular: -0.6399942885803076
[mavic_controller-5] [DEBUG] [1766070843.525934330] [Mavic_2_PRO_2_Controller]: BODY id: 2, v_b: [ 0.5282867  -0.45576283  0.73685393], angular: -0.7118317482284734
[mavic_controller-3] [DEBUG] [1766070843.525998993] [Mavic_2_PRO_1_Controller]: BODY id: 1, v_b: [ 0.49456173 -0.49538879  0.7342761 ], angular: -0.7862336244570387
[mavic_controller-7] [DEBUG] [1766070843.526069782] [Mavic_2_PRO_3_Controller]: WORLD id: 3, v: [-0.56413867  0.40336438  0.7336082 ]
[mavic_controller-5] [DEBUG] [1766070843.526091911] [Mavic_2_PRO_2_Controller]: WORLD id: 2, v: [-0.53460964  0.44832926  0.73685393]
[mavic_controller-3] [DEBUG] [1766070843.526150849] [Mavic_2_PRO_1_Controller]: WORLD id: 1, v: [-0.5052587   0.48447394  0.7342761 ]
[mavic_controller-7] [DEBUG] [1766070843.526215019] [Mavic_2_PRO_3_Controller]: id: 3, gps: (0.026106008766339034, 2.0057553198618687, 0.07565573763836642)
[mavic_controller-5] [DEBUG] [1766070843.526249047] [Mavic_2_PRO_2_Controller]: id: 2, gps: (0.02661707343049921, 1.0055321528650187, 0.07583754967688386)
[mavic_controller-3] [DEBUG] [1766070843.526299347] [Mavic_2_PRO_1_Controller]: id: 1, gps: (0.02532424381305426, 0.005918679776717537, 0.07538125279007976)
[mavic_controller-7] [DEBUG] [1766070843.526358645] [Mavic_2_PRO_3_Controller]: id: 3, vel: (0.0955453612722509, 0.03386075343705169, 0.07917405560768143)
[mavic_controller-5] [DEBUG] [1766070843.526397653] [Mavic_2_PRO_2_Controller]: id: 2, vel: (0.09774006824137552, 0.03431070199324116, 0.08208489907468391)
[mavic_controller-3] [DEBUG] [1766070843.526445448] [Mavic_2_PRO_1_Controller]: id: 1, vel: (0.0933174613398535, 0.03231204942439246, 0.07302259367524065)
[mavic_controller-3] [DEBUG] [1766070843.539884539] [Mavic_2_PRO_1_Controller]: Time(nanoseconds=2704000000, clock_type=ROS_TIME)
[mavic_controller-7] [DEBUG] [1766070843.539915549] [Mavic_2_PRO_3_Controller]: Time(nanoseconds=2704000000, clock_type=ROS_TIME)
[mavic_controller-7] [DEBUG] [1766070843.540092326] [Mavic_2_PRO_3_Controller]: flag: (-8.734449241039517, 7.832044723519953, 4.025302324447064)
[mavic_controller-5] [DEBUG] [1766070843.539955101] [Mavic_2_PRO_2_Controller]: Time(nanoseconds=2704000000, clock_type=ROS_TIME)
[mavic_controller-3] [DEBUG] [1766070843.540079077] [Mavic_2_PRO_1_Controller]: flag: (-8.734449241039517, 7.832044723519953, 4.025302324447064)
[mavic_controller-3] [DEBUG] [1766070843.540232382] [Mavic_2_PRO_1_Controller]: BODY id: 1, v_b: [ 0.54417305 -0.52412467  0.80340464], angular: -0.7666337007161227
[mavic_controller-7] [DEBUG] [1766070843.540238874] [Mavic_2_PRO_3_Controller]: BODY id: 3, v_b: [ 0.60633937 -0.43444972  0.79927685], angular: -0.6217224055170956
[mavic_controller-5] [DEBUG] [1766070843.540267446] [Mavic_2_PRO_2_Controller]: flag: (-8.734449241039517, 7.832044723519953, 4.025302324447064)
[mavic_controller-7] [DEBUG] [1766070843.540385651] [Mavic_2_PRO_3_Controller]: WORLD id: 3, v: [-0.61138929  0.42731386  0.79927685]
[mavic_controller-3] [DEBUG] [1766070843.540382114] [Mavic_2_PRO_1_Controller]: WORLD id: 1, v: [-0.55147814  0.51643281  0.80340464]
[mavic_controller-5] [DEBUG] [1766070843.540440890] [Mavic_2_PRO_2_Controller]: BODY id: 2, v_b: [ 0.57733837 -0.47645082  0.80108029], angular: -0.6899511852051913
[mavic_controller-7] [DEBUG] [1766070843.540533788] [Mavic_2_PRO_3_Controller]: id: 3, gps: (0.03498683239707408, 2.0101458052160073, 0.08954241853539299)
[mavic_controller-3] [DEBUG] [1766070843.540539615] [Mavic_2_PRO_1_Controller]: id: 1, gps: (0.0338633485479953, 0.010288538802776179, 0.08865712286828159)
[mavic_controller-5] [DEBUG] [1766070843.540619135] [Mavic_2_PRO_2_Controller]: WORLD id: 2, v: [-0.57895815  0.47448124  0.80108029]
[mavic_controller-5] [DEBUG] [1766070843.540861130] [Mavic_2_PRO_2_Controller]: id: 2, gps: (0.03580513069037812, 1.0099267359495556, 0.090002923927708)
[mavic_controller-7] [DEBUG] [1766070843.540728024] [Mavic_2_PRO_3_Controller]: id: 3, vel: (0.07198885970208382, 0.03965134800367476, 0.1806395708963622)
[mavic_controller-3] [DEBUG] [1766070843.540751002] [Mavic_2_PRO_1_Controller]: id: 1, vel: (0.06814292081123777, 0.04197374436824122, 0.17813802013089722)
[mavic_controller-5] [DEBUG] [1766070843.541017541] [Mavic_2_PRO_2_Controller]: id: 2, vel: (0.07541882667719121, 0.040133844885435255, 0.1821028080579105)
[mavic_controller-5] [DEBUG] [1766070843.553634078] [Mavic_2_PRO_2_Controller]: Time(nanoseconds=2800000000, clock_type=ROS_TIME)
[mavic_controller-3] [DEBUG] [1766070843.553674938] [Mavic_2_PRO_1_Controller]: Time(nanoseconds=2800000000, clock_type=ROS_TIME)
[mavic_controller-5] [DEBUG] [1766070843.553822378] [Mavic_2_PRO_2_Controller]: flag: (-8.734449241039517, 7.832044723519953, 4.025302324447064)
[mavic_controller-5] [DEBUG] [1766070843.553979823] [Mavic_2_PRO_2_Controller]: BODY id: 2, v_b: [ 0.62309095 -0.48497803  0.84271488], angular: -0.6613947936766724
[mavic_controller-3] [DEBUG] [1766070843.553892493] [Mavic_2_PRO_1_Controller]: flag: (-8.734449241039517, 7.832044723519953, 4.025302324447064)
[mavic_controller-3] [DEBUG] [1766070843.554067088] [Mavic_2_PRO_1_Controller]: BODY id: 1, v_b: [ 0.59097331 -0.53654416  0.84815796], angular: -0.7371621679192916
[mavic_controller-5] [DEBUG] [1766070843.554141203] [Mavic_2_PRO_2_Controller]: WORLD id: 2, v: [-0.61519955  0.49495003  0.84271488]
[mavic_controller-3] [DEBUG] [1766070843.554239973] [Mavic_2_PRO_1_Controller]: WORLD id: 1, v: [-0.58847868  0.53927908  0.84815796]
[mavic_controller-5] [DEBUG] [1766070843.554291555] [Mavic_2_PRO_2_Controller]: id: 2, gps: (0.04154882760014467, 1.0138546083498317, 0.11125692632322645)
[mavic_controller-3] [DEBUG] [1766070843.554388341] [Mavic_2_PRO_1_Controller]: id: 1, gps: (0.03870850413646312, 0.01400189910484005, 0.10994109687068696)
[mavic_controller-5] [DEBUG] [1766070843.554441850] [Mavic_2_PRO_2_Controller]: id: 2, vel: (0.047802048701510086, 0.04424024601945981, 0.24497783647677798)
[mavic_controller-3] [DEBUG] [1766070843.554555754] [Mavic_2_PRO_1_Controller]: id: 1, vel: (0.03688355252005924, 0.04098799796710985, 0.2476347868269066)
[mavic_controller-7] [DEBUG] [1766070843.554594428] [Mavic_2_PRO_3_Controller]: Time(nanoseconds=2800000000, clock_type=ROS_TIME)
[mavic_controller-7] [DEBUG] [1766070843.554983051] [Mavic_2_PRO_3_Controller]: flag: (-8.734449241039517, 7.832044723519953, 4.025302324447064)
[mavic_controller-7] [DEBUG] [1766070843.555387802] [Mavic_2_PRO_3_Controller]: BODY id: 3, v_b: [ 0.64933048 -0.44260542  0.83990611], angular: -0.5982928156185987
[mavic_controller-7] [DEBUG] [1766070843.555765201] [Mavic_2_PRO_3_Controller]: WORLD id: 3, v: [-0.64787628  0.44473133  0.83990611]
[mavic_controller-7] [DEBUG] [1766070843.556122814] [Mavic_2_PRO_3_Controller]: id: 3, gps: (0.039987787093566166, 2.0135834667966708, 0.10880663834752831)
[mavic_controller-7] [DEBUG] [1766070843.556472581] [Mavic_2_PRO_3_Controller]: id: 3, vel: (0.045024025008715426, 0.041705833924632126, 0.24202684406186073)
[mavic_controller-5] [DEBUG] [1766070843.570347004] [Mavic_2_PRO_2_Controller]: Time(nanoseconds=2904000000, clock_type=ROS_TIME)
[mavic_controller-5] [DEBUG] [1766070843.570631532] [Mavic_2_PRO_2_Controller]: flag: (-8.734449241039517, 7.832044723519953, 4.025302324447064)
[mavic_controller-5] [DEBUG] [1766070843.570901915] [Mavic_2_PRO_2_Controller]: BODY id: 2, v_b: [ 0.65162112 -0.47692531  0.85913712], angular: -0.6318199300325985
[mavic_controller-5] [DEBUG] [1766070843.571130972] [Mavic_2_PRO_2_Controller]: WORLD id: 2, v: [-0.63082649  0.50410889  0.85913712]
[mavic_controller-7] [DEBUG] [1766070843.570689450] [Mavic_2_PRO_3_Controller]: Time(nanoseconds=2904000000, clock_type=ROS_TIME)
[mavic_controller-7] [DEBUG] [1766070843.571007507] [Mavic_2_PRO_3_Controller]: flag: (-8.734449241039517, 7.832044723519953, 4.025302324447064)
[mavic_controller-3] [DEBUG] [1766070843.571086092] [Mavic_2_PRO_1_Controller]: Time(nanoseconds=2904000000, clock_type=ROS_TIME)
[mavic_controller-7] [DEBUG] [1766070843.571230232] [Mavic_2_PRO_3_Controller]: BODY id: 3, v_b: [ 0.67872591 -0.43575771  0.85859308], angular: -0.5707471020330501
[mavic_controller-7] [DEBUG] [1766070843.571452265] [Mavic_2_PRO_3_Controller]: WORLD id: 3, v: [-0.66646146  0.4542937   0.85859308]
[mavic_controller-5] [DEBUG] [1766070843.571353072] [Mavic_2_PRO_2_Controller]: id: 2, gps: (0.04569488038729215, 1.0187848587998265, 0.13849399052778405)
[mavic_controller-5] [DEBUG] [1766070843.571574590] [Mavic_2_PRO_2_Controller]: id: 2, vel: (0.035731824454067834, 0.04808179459732532, 0.2694428714628573)
[mavic_controller-3] [DEBUG] [1766070843.571651872] [Mavic_2_PRO_1_Controller]: flag: (-8.734449241039517, 7.832044723519953, 4.025302324447064)
[mavic_controller-7] [DEBUG] [1766070843.571683248] [Mavic_2_PRO_3_Controller]: id: 3, gps: (0.043967932801090084, 2.0186938484846486, 0.13804607402043195)
[mavic_controller-7] [DEBUG] [1766070843.571935414] [Mavic_2_PRO_3_Controller]: id: 3, vel: (0.030791824607569053, 0.04635224627169918, 0.26916825488190954)
[mavic_controller-3] [DEBUG] [1766070843.572177008] [Mavic_2_PRO_1_Controller]: BODY id: 1, v_b: [ 0.62098446 -0.53126357  0.86471972], angular: -0.7076890060633473
[mavic_controller-3] [DEBUG] [1766070843.572689453] [Mavic_2_PRO_1_Controller]: WORLD id: 1, v: [-0.60398016  0.55051853  0.86471972]
[mavic_controller-3] [DEBUG] [1766070843.573214449] [Mavic_2_PRO_1_Controller]: id: 1, gps: (0.041622765793728506, 0.018813509141391654, 0.13742491281941907)
[mavic_controller-3] [DEBUG] [1766070843.573752149] [Mavic_2_PRO_1_Controller]: id: 1, vel: (0.02383572014461067, 0.04785144399757085, 0.27043610167267373)
[mavic_controller-5] [DEBUG] [1766070843.580849270] [Mavic_2_PRO_2_Controller]: Time(nanoseconds=3000000000, clock_type=ROS_TIME)
[mavic_controller-7] [DEBUG] [1766070843.580892502] [Mavic_2_PRO_3_Controller]: Time(nanoseconds=3000000000, clock_type=ROS_TIME)
[mavic_controller-3] [DEBUG] [1766070843.580968928] [Mavic_2_PRO_1_Controller]: Time(nanoseconds=3000000000, clock_type=ROS_TIME)
[mavic_controller-5] [DEBUG] [1766070843.581029790] [Mavic_2_PRO_2_Controller]: flag: (-8.734449241039517, 7.832044723519953, 4.025302324447064)
[mavic_controller-5] [DEBUG] [1766070843.581179795] [Mavic_2_PRO_2_Controller]: BODY id: 2, v_b: [ 0.6708809  -0.46151936  0.86716013], angular: -0.6025795461668689
[mavic_controller-7] [DEBUG] [1766070843.581066883] [Mavic_2_PRO_3_Controller]: flag: (-8.734449241039517, 7.832044723519953, 4.025302324447064)
[mavic_controller-7] [DEBUG] [1766070843.581217817] [Mavic_2_PRO_3_Controller]: BODY id: 3, v_b: [ 0.69459366 -0.42128692  0.86577643], angular: -0.5452019057077548
[mavic_controller-7] [DEBUG] [1766070843.581371613] [Mavic_2_PRO_3_Controller]: WORLD id: 3, v: [-0.67145664  0.45726252  0.86577643]
[mavic_controller-3] [DEBUG] [1766070843.581245373] [Mavic_2_PRO_1_Controller]: flag: (-8.734449241039517, 7.832044723519953, 4.025302324447064)
[mavic_controller-5] [DEBUG] [1766070843.581328011] [Mavic_2_PRO_2_Controller]: WORLD id: 2, v: [-0.63650097  0.50788563  0.86716013]
[mavic_controller-5] [DEBUG] [1766070843.581475069] [Mavic_2_PRO_2_Controller]: id: 2, gps: (0.04914225370034109, 1.0235161708938108, 0.16530552321015385)
[mavic_controller-3] [DEBUG] [1766070843.581528610] [Mavic_2_PRO_1_Controller]: BODY id: 1, v_b: [ 0.63179485 -0.52202895  0.86755436], angular: -0.6905513137076047
[mavic_controller-7] [DEBUG] [1766070843.581557810] [Mavic_2_PRO_3_Controller]: id: 3, gps: (0.04696359983381464, 2.023243338377611, 0.16476099827767834)
[mavic_controller-5] [DEBUG] [1766070843.581640484] [Mavic_2_PRO_2_Controller]: id: 2, vel: (0.03651990809263907, 0.05006257458233317, 0.28626345519776475)
[mavic_controller-7] [DEBUG] [1766070843.581721014] [Mavic_2_PRO_3_Controller]: id: 3, vel: (0.032118938987546336, 0.04812628385038023, 0.28475237427313244)
[mavic_controller-3] [DEBUG] [1766070843.581768053] [Mavic_2_PRO_1_Controller]: WORLD id: 1, v: [-0.60580094  0.55198203  0.86755436]
[mavic_controller-3] [DEBUG] [1766070843.581956620] [Mavic_2_PRO_1_Controller]: id: 1, gps: (0.04297031593915972, 0.0215295056863894, 0.15283939272712582)
[mavic_controller-3] [DEBUG] [1766070843.582207412] [Mavic_2_PRO_1_Controller]: id: 1, vel: (0.024562359481097976, 0.048692870466901086, 0.2765026479330369)
[mavic_controller-5] [DEBUG] [1766070843.593833389] [Mavic_2_PRO_2_Controller]: Time(nanoseconds=3104000000, clock_type=ROS_TIME)
[mavic_controller-3] [DEBUG] [1766070843.593924990] [Mavic_2_PRO_1_Controller]: Time(nanoseconds=3104000000, clock_type=ROS_TIME)
[mavic_controller-3] [DEBUG] [1766070843.594097865] [Mavic_2_PRO_1_Controller]: flag: (-8.734449241039517, 7.832044723519953, 4.025302324447064)
[mavic_controller-5] [DEBUG] [1766070843.594009767] [Mavic_2_PRO_2_Controller]: flag: (-8.734449241039517, 7.832044723519953, 4.025302324447064)
[mavic_controller-5] [DEBUG] [1766070843.594160272] [Mavic_2_PRO_2_Controller]: BODY id: 2, v_b: [ 0.69864165 -0.44501617  0.88262298], angular: -0.5671631302484903
[mavic_controller-5] [DEBUG] [1766070843.594332650] [Mavic_2_PRO_2_Controller]: WORLD id: 2, v: [-0.64837057  0.51551445  0.88262298]
[mavic_controller-3] [DEBUG] [1766070843.594247973] [Mavic_2_PRO_1_Controller]: BODY id: 1, v_b: [ 0.656725   -0.50495634  0.87841276], angular: -0.6554882519608997
[mavic_controller-3] [DEBUG] [1766070843.594397281] [Mavic_2_PRO_1_Controller]: WORLD id: 1, v: [-0.61243665  0.55784405  0.87841276]
[mavic_controller-5] [DEBUG] [1766070843.594557774] [Mavic_2_PRO_2_Controller]: id: 2, gps: (0.05296454044538104, 1.028866859438142, 0.19697299700717705)
[mavic_controller-5] [DEBUG] [1766070843.594736200] [Mavic_2_PRO_2_Controller]: id: 2, vel: (0.03541847886063246, 0.05195245056063893, 0.31911361268301075)
[mavic_controller-3] [DEBUG] [1766070843.594571365] [Mavic_2_PRO_1_Controller]: id: 1, gps: (0.04578267856332616, 0.026802639863309302, 0.18294943155044643)
[mavic_controller-3] [DEBUG] [1766070843.594719318] [Mavic_2_PRO_1_Controller]: id: 1, vel: (0.02838072870065632, 0.05188673172548544, 0.30103915034784384)
[mavic_controller-7] [DEBUG] [1766070843.594779170] [Mavic_2_PRO_3_Controller]: Time(nanoseconds=3104000000, clock_type=ROS_TIME)
[mavic_controller-7] [DEBUG] [1766070843.595151433] [Mavic_2_PRO_3_Controller]: flag: (-8.734449241039517, 7.832044723519953, 4.025302324447064)
[mavic_controller-7] [DEBUG] [1766070843.595501993] [Mavic_2_PRO_3_Controller]: BODY id: 3, v_b: [ 0.71922376 -0.40601852  0.88101234], angular: -0.5139250649991091
[mavic_controller-7] [DEBUG] [1766070843.595855099] [Mavic_2_PRO_3_Controller]: WORLD id: 3, v: [-0.68331389  0.46391377  0.88101234]
[mavic_controller-7] [DEBUG] [1766070843.596206182] [Mavic_2_PRO_3_Controller]: id: 3, gps: (0.05036281722142738, 2.028386020853614, 0.19625414726318544)
[mavic_controller-7] [DEBUG] [1766070843.596566452] [Mavic_2_PRO_3_Controller]: id: 3, vel: (0.03158305980834973, 0.049882479746118834, 0.3175405671109925)
[mavic_controller-7] [DEBUG] [1766070843.608018264] [Mavic_2_PRO_3_Controller]: Time(nanoseconds=3200000000, clock_type=ROS_TIME)
[mavic_controller-5] [DEBUG] [1766070843.608340396] [Mavic_2_PRO_2_Controller]: Time(nanoseconds=3208000000, clock_type=ROS_TIME)
[mavic_controller-7] [DEBUG] [1766070843.608419387] [Mavic_2_PRO_3_Controller]: flag: (-8.734449241039517, 7.832044723519953, 4.025302324447064)
[mavic_controller-3] [DEBUG] [1766070843.608484412] [Mavic_2_PRO_1_Controller]: Time(nanoseconds=3208000000, clock_type=ROS_TIME)
[mavic_controller-5] [DEBUG] [1766070843.608755690] [Mavic_2_PRO_2_Controller]: flag: (-8.734449241039517, 7.832044723519953, 4.025302324447064)
[mavic_controller-7] [DEBUG] [1766070843.608789649] [Mavic_2_PRO_3_Controller]: BODY id: 3, v_b: [ 0.74056321 -0.39386541  0.89054272], angular: -0.48879847589403264
[mavic_controller-3] [DEBUG] [1766070843.608902777] [Mavic_2_PRO_1_Controller]: flag: (-8.734449241039517, 7.832044723519953, 4.025302324447064)
[mavic_controller-5] [DEBUG] [1766070843.609132370] [Mavic_2_PRO_2_Controller]: BODY id: 2, v_b: [ 0.7273037  -0.42657225  0.89307517], angular: -0.5304427145993348
[mavic_controller-7] [DEBUG] [1766070843.609153424] [Mavic_2_PRO_3_Controller]: WORLD id: 3, v: [-0.6945869   0.4702264   0.89054272]
[mavic_controller-3] [DEBUG] [1766070843.609277881] [Mavic_2_PRO_1_Controller]: BODY id: 1, v_b: [ 0.70021228 -0.48300035  0.89689843], angular: -0.6038415872799793
[mavic_controller-5] [DEBUG] [1766070843.609500131] [Mavic_2_PRO_2_Controller]: WORLD id: 2, v: [-0.66100925  0.52345137  0.89307517]
[mavic_controller-7] [DEBUG] [1766070843.609515497] [Mavic_2_PRO_3_Controller]: id: 3, gps: (0.05257118485445143, 2.0326138836109497, 0.2226096901145916)
[mavic_controller-3] [DEBUG] [1766070843.609660012] [Mavic_2_PRO_1_Controller]: WORLD id: 1, v: [-0.63024199  0.57129817  0.89689843]
[mavic_controller-5] [DEBUG] [1766070843.609865712] [Mavic_2_PRO_2_Controller]: id: 2, gps: (0.055874327619324315, 1.034249638070396, 0.22875422762775025)
[mavic_controller-7] [DEBUG] [1766070843.609879472] [Mavic_2_PRO_3_Controller]: id: 3, vel: (0.022338305305470128, 0.0562095497202194, 0.3296431704483689)
[mavic_controller-3] [DEBUG] [1766070843.610029163] [Mavic_2_PRO_1_Controller]: id: 1, gps: (0.04913503756046052, 0.03444532903780748, 0.2269506328376373)
[mavic_controller-5] [DEBUG] [1766070843.610221642] [Mavic_2_PRO_2_Controller]: id: 2, vel: (0.02353105945246202, 0.05967813438532682, 0.33065277282060124)
[mavic_controller-3] [DEBUG] [1766070843.610387387] [Mavic_2_PRO_1_Controller]: id: 1, vel: (0.016932823722247716, 0.06203577101690315, 0.32960964794095526)
[mavic_controller-3] [DEBUG] [1766070843.618749723] [Mavic_2_PRO_1_Controller]: Time(nanoseconds=3304000000, clock_type=ROS_TIME)
[mavic_controller-3] [DEBUG] [1766070843.618925087] [Mavic_2_PRO_1_Controller]: flag: (-8.734449241039517, 7.832044723519953, 4.025302324447064)
[mavic_controller-3] [DEBUG] [1766070843.619073314] [Mavic_2_PRO_1_Controller]: BODY id: 1, v_b: [ 0.72330998 -0.46770471  0.90339318], angular: -0.573993512962753
[mavic_controller-3] [DEBUG] [1766070843.619220545] [Mavic_2_PRO_1_Controller]: WORLD id: 1, v: [-0.6394496   0.57708685  0.90339318]
[mavic_controller-3] [DEBUG] [1766070843.619365923] [Mavic_2_PRO_1_Controller]: id: 1, gps: (0.049801861731196745, 0.03905212388701308, 0.25091856420742753)
[mavic_controller-3] [DEBUG] [1766070843.619545951] [Mavic_2_PRO_1_Controller]: id: 1, vel: (0.00286527544432887, 0.06587520895393115, 0.3323465501102857)
[mavic_controller-7] [DEBUG] [1766070843.619965623] [Mavic_2_PRO_3_Controller]: Time(nanoseconds=3304000000, clock_type=ROS_TIME)
[mavic_controller-5] [DEBUG] [1766070843.620318894] [Mavic_2_PRO_2_Controller]: Time(nanoseconds=3304000000, clock_type=ROS_TIME)
[mavic_controller-7] [DEBUG] [1766070843.620341027] [Mavic_2_PRO_3_Controller]: flag: (-8.734449241039517, 7.832044723519953, 4.025302324447064)
[mavic_controller-7] [DEBUG] [1766070843.620706856] [Mavic_2_PRO_3_Controller]: BODY id: 3, v_b: [ 0.75907705 -0.38046796  0.89627977], angular: -0.4646266737973203
[mavic_controller-5] [DEBUG] [1766070843.620706622] [Mavic_2_PRO_2_Controller]: flag: (-8.734449241039517, 7.832044723519953, 4.025302324447064)
[mavic_controller-7] [DEBUG] [1766070843.621095043] [Mavic_2_PRO_3_Controller]: WORLD id: 3, v: [-0.70413215  0.47450158  0.89627977]
[mavic_controller-5] [DEBUG] [1766070843.621094914] [Mavic_2_PRO_2_Controller]: BODY id: 2, v_b: [ 0.74799147 -0.41158951  0.89910194], angular: -0.5030425231711927
[mavic_controller-7] [DEBUG] [1766070843.621462055] [Mavic_2_PRO_3_Controller]: id: 3, gps: (0.05361789540520387, 2.0367701766149326, 0.24649253311207642)
[mavic_controller-5] [DEBUG] [1766070843.621463739] [Mavic_2_PRO_2_Controller]: WORLD id: 2, v: [-0.67050029  0.52851351  0.89910194]
[mavic_controller-5] [DEBUG] [1766070843.621834397] [Mavic_2_PRO_2_Controller]: id: 2, gps: (0.05700028878329433, 1.0386710180696428, 0.2527289169068694)
[mavic_controller-7] [DEBUG] [1766070843.621855665] [Mavic_2_PRO_3_Controller]: id: 3, vel: (0.007865063710033263, 0.05857246022141484, 0.33053872881687557)
[mavic_controller-5] [DEBUG] [1766070843.622203965] [Mavic_2_PRO_2_Controller]: id: 2, vel: (0.00900275949689805, 0.06308753386410079, 0.3319562216747839)
[mavic_controller-5] [DEBUG] [1766070843.630939420] [Mavic_2_PRO_2_Controller]: Time(nanoseconds=3400000000, clock_type=ROS_TIME)
[mavic_controller-5] [DEBUG] [1766070843.631159962] [Mavic_2_PRO_2_Controller]: flag: (-8.734449241039517, 7.832044723519953, 4.025302324447064)
[mavic_controller-5] [DEBUG] [1766070843.631315413] [Mavic_2_PRO_2_Controller]: BODY id: 2, v_b: [ 0.78209211 -0.39133744  0.9117273 ], angular: -0.4639456191268235
[mavic_controller-3] [DEBUG] [1766070843.631459131] [Mavic_2_PRO_1_Controller]: Time(nanoseconds=3400000000, clock_type=ROS_TIME)
[mavic_controller-5] [DEBUG] [1766070843.631482686] [Mavic_2_PRO_2_Controller]: WORLD id: 2, v: [-0.68811707  0.53972952  0.9117273 ]
[mavic_controller-5] [DEBUG] [1766070843.631636920] [Mavic_2_PRO_2_Controller]: id: 2, gps: (0.056687657790657084, 1.0460305334499984, 0.2877320929408038)
[mavic_controller-5] [DEBUG] [1766070843.631791636] [Mavic_2_PRO_2_Controller]: id: 2, vel: (-0.013649917639482655, 0.07631013092694451, 0.3369782017921912)
[mavic_controller-7] [DEBUG] [1766070843.631667488] [Mavic_2_PRO_3_Controller]: Time(nanoseconds=3400000000, clock_type=ROS_TIME)
[mavic_controller-3] [DEBUG] [1766070843.631847050] [Mavic_2_PRO_1_Controller]: flag: (-8.734449241039517, 7.832044723519953, 4.025302324447064)
[mavic_controller-7] [DEBUG] [1766070843.632042112] [Mavic_2_PRO_3_Controller]: flag: (-8.734449241039517, 7.832044723519953, 4.025302324447064)
[mavic_controller-3] [DEBUG] [1766070843.632202423] [Mavic_2_PRO_1_Controller]: BODY id: 1, v_b: [ 0.7601645  -0.44625791  0.91565932], angular: -0.5308462907700277
[mavic_controller-7] [DEBUG] [1766070843.632393228] [Mavic_2_PRO_3_Controller]: BODY id: 3, v_b: [ 0.78345974 -0.36650897  0.90584118], angular: -0.437564224556953
[mavic_controller-7] [DEBUG] [1766070843.632764471] [Mavic_2_PRO_3_Controller]: WORLD id: 3, v: [-0.71808809  0.48216957  0.90584118]
[mavic_controller-3] [DEBUG] [1766070843.632581350] [Mavic_2_PRO_1_Controller]: WORLD id: 1, v: [-0.6556894   0.58912443  0.91565932]
[mavic_controller-3] [DEBUG] [1766070843.632938787] [Mavic_2_PRO_1_Controller]: id: 1, gps: (0.04890387732573097, 0.046783735415845254, 0.28592731978121505)
[mavic_controller-7] [DEBUG] [1766070843.633114204] [Mavic_2_PRO_3_Controller]: id: 3, gps: (0.053473951729757246, 2.041848389161711, 0.2732469699591677)
[mavic_controller-3] [DEBUG] [1766070843.633290117] [Mavic_2_PRO_1_Controller]: id: 1, vel: (-0.01853586415784325, 0.08063132241966683, 0.33646149197972125)
[mavic_controller-7] [DEBUG] [1766070843.633461789] [Mavic_2_PRO_3_Controller]: id: 3, vel: (-0.00975889259883578, 0.06756705088438192, 0.33454921926603387)
[mavic_controller-5] [DEBUG] [1766070843.646066138] [Mavic_2_PRO_2_Controller]: Time(nanoseconds=3504000000, clock_type=ROS_TIME)
[mavic_controller-5] [DEBUG] [1766070843.646241543] [Mavic_2_PRO_2_Controller]: flag: (-8.734449241039517, 7.832044723519953, 4.025302324447064)
[mavic_controller-7] [DEBUG] [1766070843.646377220] [Mavic_2_PRO_3_Controller]: Time(nanoseconds=3512000000, clock_type=ROS_TIME)
[mavic_controller-5] [DEBUG] [1766070843.646390513] [Mavic_2_PRO_2_Controller]: BODY id: 2, v_b: [ 0.82020866 -0.36524618  0.92569281], angular: -0.41894592624005667
[mavic_controller-7] [DEBUG] [1766070843.646551846] [Mavic_2_PRO_3_Controller]: flag: (-8.734449241039517, 7.832044723519953, 4.025302324447064)
[mavic_controller-5] [DEBUG] [1766070843.646575858] [Mavic_2_PRO_2_Controller]: WORLD id: 2, v: [-0.70801803  0.552139    0.92569281]
[mavic_controller-7] [DEBUG] [1766070843.646703167] [Mavic_2_PRO_3_Controller]: BODY id: 3, v_b: [ 0.83236094 -0.33319705  0.92482878], angular: -0.3807680444087988
[mavic_controller-7] [DEBUG] [1766070843.646862773] [Mavic_2_PRO_3_Controller]: WORLD id: 3, v: [-0.74599154  0.49733452  0.92482878]
[mavic_controller-5] [DEBUG] [1766070843.646728517] [Mavic_2_PRO_2_Controller]: id: 2, gps: (0.05288088141810007, 1.0568146392313107, 0.331245460851236)
[mavic_controller-5] [DEBUG] [1766070843.646878130] [Mavic_2_PRO_2_Controller]: id: 2, vel: (-0.04334944839814097, 0.09086987995376432, 0.33794586783367925)
[mavic_controller-7] [DEBUG] [1766070843.647006711] [Mavic_2_PRO_3_Controller]: id: 3, gps: (0.048281129731583036, 2.0547910433516647, 0.33019070618392654)
[mavic_controller-7] [DEBUG] [1766070843.647148055] [Mavic_2_PRO_3_Controller]: id: 3, vel: (-0.049626791373461106, 0.08502898204079967, 0.33739344911581115)
[mavic_controller-3] [DEBUG] [1766070843.647273891] [Mavic_2_PRO_1_Controller]: Time(nanoseconds=3512000000, clock_type=ROS_TIME)
[mavic_controller-3] [DEBUG] [1766070843.647655867] [Mavic_2_PRO_1_Controller]: flag: (-8.734449241039517, 7.832044723519953, 4.025302324447064)
[mavic_controller-3] [DEBUG] [1766070843.648019524] [Mavic_2_PRO_1_Controller]: BODY id: 1, v_b: [ 0.79416749 -0.4212743   0.92617285], angular: -0.48771784283120767
[mavic_controller-3] [DEBUG] [1766070843.648390247] [Mavic_2_PRO_1_Controller]: WORLD id: 1, v: [-0.67002515  0.5993666   0.92617285]
[mavic_controller-3] [DEBUG] [1766070843.648740432] [Mavic_2_PRO_1_Controller]: id: 1, gps: (0.04570808745512847, 0.05591030719307355, 0.32116225529892944)
[mavic_controller-3] [DEBUG] [1766070843.649085230] [Mavic_2_PRO_1_Controller]: id: 1, vel: (-0.040740745722022784, 0.09302098316569943, 0.33658380257674286)
[mavic_controller-7] [DEBUG] [1766070843.656693876] [Mavic_2_PRO_3_Controller]: Time(nanoseconds=3600000000, clock_type=ROS_TIME)
[mavic_controller-7] [DEBUG] [1766070843.656872237] [Mavic_2_PRO_3_Controller]: flag: (-8.734449241039517, 7.832044723519953, 4.025302324447064)
[mavic_controller-7] [DEBUG] [1766070843.657021508] [Mavic_2_PRO_3_Controller]: BODY id: 3, v_b: [ 0.85719536 -0.31219104  0.93429068], angular: -0.3492692290632942
[mavic_controller-7] [DEBUG] [1766070843.657163986] [Mavic_2_PRO_3_Controller]: WORLD id: 3, v: [-0.75974599  0.50500807  0.93429068]
[mavic_controller-7] [DEBUG] [1766070843.657302554] [Mavic_2_PRO_3_Controller]: id: 3, gps: (0.042331037604083535, 2.063541475254755, 0.3626531673468514)
[mavic_controller-7] [DEBUG] [1766070843.657441338] [Mavic_2_PRO_3_Controller]: id: 3, vel: (-0.07179500071488022, 0.09534185557203195, 0.3352105277841444)
[mavic_controller-5] [DEBUG] [1766070843.657687730] [Mavic_2_PRO_2_Controller]: Time(nanoseconds=3600000000, clock_type=ROS_TIME)
[mavic_controller-5] [DEBUG] [1766070843.657880716] [Mavic_2_PRO_2_Controller]: flag: (-8.734449241039517, 7.832044723519953, 4.025302324447064)
[mavic_controller-3] [DEBUG] [1766070843.657948355] [Mavic_2_PRO_1_Controller]: Time(nanoseconds=3600000000, clock_type=ROS_TIME)
[mavic_controller-5] [DEBUG] [1766070843.658028204] [Mavic_2_PRO_2_Controller]: BODY id: 2, v_b: [ 0.8470088  -0.34256731  0.9353064 ], angular: -0.384331214075984
[mavic_controller-5] [DEBUG] [1766070843.658171212] [Mavic_2_PRO_2_Controller]: WORLD id: 2, v: [-0.72140411  0.56067135  0.9353064 ]
[mavic_controller-5] [DEBUG] [1766070843.658313211] [Mavic_2_PRO_2_Controller]: id: 2, gps: (0.04756581571158579, 1.0661922242424444, 0.36377907017461436)
[mavic_controller-3] [DEBUG] [1766070843.658312031] [Mavic_2_PRO_1_Controller]: flag: (-8.734449241039517, 7.832044723519953, 4.025302324447064)
[mavic_controller-5] [DEBUG] [1766070843.658455446] [Mavic_2_PRO_2_Controller]: id: 2, vel: (-0.06493637660888618, 0.10237655089342348, 0.33612697607279146)
[mavic_controller-3] [DEBUG] [1766070843.658657819] [Mavic_2_PRO_1_Controller]: BODY id: 1, v_b: [ 0.81411954 -0.40509253  0.93249837], angular: -0.46171262163402754
[mavic_controller-3] [DEBUG] [1766070843.659013323] [Mavic_2_PRO_1_Controller]: WORLD id: 1, v: [-0.67836878  0.60556287  0.93249837]
[mavic_controller-3] [DEBUG] [1766070843.659350757] [Mavic_2_PRO_1_Controller]: id: 1, gps: (0.042613363933250145, 0.06221990271489355, 0.3427920144465367)
[mavic_controller-3] [DEBUG] [1766070843.659694033] [Mavic_2_PRO_1_Controller]: id: 1, vel: (-0.05363903842011088, 0.10196234453137673, 0.3357578402904791)
[mavic_controller-5] [DEBUG] [1766070843.671804909] [Mavic_2_PRO_2_Controller]: Time(nanoseconds=3704000000, clock_type=ROS_TIME)
[mavic_controller-3] [DEBUG] [1766070843.671803563] [Mavic_2_PRO_1_Controller]: Time(nanoseconds=3704000000, clock_type=ROS_TIME)
[mavic_controller-7] [DEBUG] [1766070843.671802104] [Mavic_2_PRO_3_Controller]: Time(nanoseconds=3704000000, clock_type=ROS_TIME)
[mavic_controller-7] [DEBUG] [1766070843.671997491] [Mavic_2_PRO_3_Controller]: flag: (-8.734449241039517, 7.832044723519953, 4.025302324447064)
[mavic_controller-7] [DEBUG] [1766070843.672144615] [Mavic_2_PRO_3_Controller]: BODY id: 3, v_b: [ 0.8839415  -0.28964999  0.94601949], angular: -0.31665399009475087
[mavic_controller-7] [DEBUG] [1766070843.672288845] [Mavic_2_PRO_3_Controller]: WORLD id: 3, v: [-0.77531728  0.51393852  0.94601949]
[mavic_controller-7] [DEBUG] [1766070843.672430913] [Mavic_2_PRO_3_Controller]: id: 3, gps: (0.03344487299893742, 2.07417660649105, 0.39765056304565594)
[mavic_controller-5] [DEBUG] [1766070843.672001201] [Mavic_2_PRO_2_Controller]: flag: (-8.734449241039517, 7.832044723519953, 4.025302324447064)
[mavic_controller-5] [DEBUG] [1766070843.672150026] [Mavic_2_PRO_2_Controller]: BODY id: 2, v_b: [ 0.8755246  -0.31796464  0.94699933], angular: -0.3483594182610552
[mavic_controller-5] [DEBUG] [1766070843.672298311] [Mavic_2_PRO_2_Controller]: WORLD id: 2, v: [-0.73636571  0.57044752  0.94699933]
[mavic_controller-5] [DEBUG] [1766070843.672445093] [Mavic_2_PRO_2_Controller]: id: 2, gps: (0.03944145699910839, 1.0776432179281, 0.39887859265011755)
[mavic_controller-3] [DEBUG] [1766070843.672001676] [Mavic_2_PRO_1_Controller]: flag: (-8.734449241039517, 7.832044723519953, 4.025302324447064)
[mavic_controller-3] [DEBUG] [1766070843.672154035] [Mavic_2_PRO_1_Controller]: BODY id: 1, v_b: [ 0.85265373 -0.37143602  0.94594778], angular: -0.4108343496741164
[mavic_controller-3] [DEBUG] [1766070843.672302813] [Mavic_2_PRO_1_Controller]: WORLD id: 1, v: [-0.69508355  0.61793362  0.94594778]
[mavic_controller-3] [DEBUG] [1766070843.672451711] [Mavic_2_PRO_1_Controller]: id: 1, gps: (0.03389114421093256, 0.07650502092557859, 0.38591608285128876)
[mavic_controller-7] [DEBUG] [1766070843.672578301] [Mavic_2_PRO_3_Controller]: id: 3, vel: (-0.09637824443400243, 0.10733349737333514, 0.3346978563308084)
[mavic_controller-3] [DEBUG] [1766070843.672613152] [Mavic_2_PRO_1_Controller]: id: 1, vel: (-0.08023150726939449, 0.11936254238693247, 0.33489635348116514)
[mavic_controller-5] [DEBUG] [1766070843.672705810] [Mavic_2_PRO_2_Controller]: id: 2, vel: (-0.08868675569208087, 0.11581283984615287, 0.3355917034712955)
[mavic_controller-3] [DEBUG] [1766070843.685844020] [Mavic_2_PRO_1_Controller]: Time(nanoseconds=3800000000, clock_type=ROS_TIME)
[mavic_controller-5] [DEBUG] [1766070843.685898068] [Mavic_2_PRO_2_Controller]: Time(nanoseconds=3800000000, clock_type=ROS_TIME)
[mavic_controller-5] [DEBUG] [1766070843.686070123] [Mavic_2_PRO_2_Controller]: flag: (-8.734449241039517, 7.832044723519953, 4.025302324447064)
[mavic_controller-7] [DEBUG] [1766070843.685944800] [Mavic_2_PRO_3_Controller]: Time(nanoseconds=3800000000, clock_type=ROS_TIME)
[mavic_controller-3] [DEBUG] [1766070843.686024581] [Mavic_2_PRO_1_Controller]: flag: (-8.734449241039517, 7.832044723519953, 4.025302324447064)
