[mavic_controller-3] [DEBUG] [1766070781.080096949] [Mavic_2_PRO_1_Controller]: BODY id: 1, v_b: [0.74024113 0.67234148 0.21182545], angular: 0.7373673983688142
[mavic_controller-7] [DEBUG] [1766070781.079975375] [Mavic_2_PRO_3_Controller]: flag: (-8.30425345545078, -4.5059818606579345, 4.5798366719018)
[mavic_controller-7] [DEBUG] [1766070781.080125925] [Mavic_2_PRO_3_Controller]: BODY id: 3, v_b: [ 1.88321647  1.20206965 -3.25686685], angular: 0.5681109896260115
[mavic_controller-3] [DEBUG] [1766070781.080243429] [Mavic_2_PRO_1_Controller]: WORLD id: 1, v: [-0.75348231 -0.65746818  0.21182545]
[mavic_controller-7] [DEBUG] [1766070781.080274108] [Mavic_2_PRO_3_Controller]: WORLD id: 3, v: [ 0.7673501   2.09824916 -3.25686685]
[mavic_controller-3] [DEBUG] [1766070781.080388629] [Mavic_2_PRO_1_Controller]: id: 1, gps: (4.938747763537663, 7.04950102026137, 4.156185772065487)
[mavic_controller-7] [DEBUG] [1766070781.080429285] [Mavic_2_PRO_3_Controller]: id: 3, gps: (5.396624829839187, 10.072321644316919, 2.0640634122128496)
[mavic_controller-3] [DEBUG] [1766070781.080533732] [Mavic_2_PRO_1_Controller]: id: 1, vel: (-0.12467050299862922, 0.10589068778440154, 0.3447218707620492)
[mavic_controller-7] [DEBUG] [1766070781.080582100] [Mavic_2_PRO_3_Controller]: id: 3, vel: (1.0407092601438523, 2.6303919687148336, -4.058177529082775)
[mavic_controller-5] [INFO] [1766070781.080648543] [Mavic_2_PRO_2_Controller]: theta: 1.5707963267948966
[mavic_controller-5] [DEBUG] [1766070781.081324541] [Mavic_2_PRO_2_Controller]: Time(nanoseconds=15200000000, clock_type=ROS_TIME)
[mavic_controller-5] [DEBUG] [1766070781.081673682] [Mavic_2_PRO_2_Controller]: flag: (-8.30425345545078, -4.5059818606579345, 4.5798366719018)
[mavic_controller-5] [DEBUG] [1766070781.082018657] [Mavic_2_PRO_2_Controller]: BODY id: 2, v_b: [-0.2536046   0.8391755   0.48111244], angular: 1.8642765397060224
[mavic_controller-5] [DEBUG] [1766070781.082354648] [Mavic_2_PRO_2_Controller]: WORLD id: 2, v: [-0.75055249 -0.45299202  0.48111244]
[mavic_controller-5] [DEBUG] [1766070781.082697979] [Mavic_2_PRO_2_Controller]: id: 2, gps: (5.388735887773212, 7.9844273120005305, 4.088567398066216)
[mavic_controller-5] [DEBUG] [1766070781.083052904] [Mavic_2_PRO_2_Controller]: id: 2, vel: (0.005703132841201209, 0.2750944678665196, 0.2679126322858046)
[mavic_controller-3] [DEBUG] [1766070781.094868675] [Mavic_2_PRO_1_Controller]: Time(nanoseconds=15304000000, clock_type=ROS_TIME)
[mavic_controller-7] [DEBUG] [1766070781.094868165] [Mavic_2_PRO_3_Controller]: Time(nanoseconds=15304000000, clock_type=ROS_TIME)
[mavic_controller-7] [DEBUG] [1766070781.095051980] [Mavic_2_PRO_3_Controller]: flag: (-8.30425345545078, -4.5059818606579345, 4.5798366719018)
[mavic_controller-3] [DEBUG] [1766070781.095053740] [Mavic_2_PRO_1_Controller]: flag: (-8.30425345545078, -4.5059818606579345, 4.5798366719018)
[mavic_controller-7] [DEBUG] [1766070781.095207442] [Mavic_2_PRO_3_Controller]: BODY id: 3, v_b: [ 1.70495311  1.23921152 -4.07638147], angular: 0.6285068311726271
[mavic_controller-3] [DEBUG] [1766070781.095238641] [Mavic_2_PRO_1_Controller]: BODY id: 1, v_b: [0.79746656 0.60336314 0.19393399], angular: 0.6477116959587433
[mavic_controller-7] [DEBUG] [1766070781.095356526] [Mavic_2_PRO_3_Controller]: WORLD id: 3, v: [ 0.62171532  2.01394647 -4.07638147]
[mavic_controller-3] [DEBUG] [1766070781.095389033] [Mavic_2_PRO_1_Controller]: WORLD id: 1, v: [-0.75286646 -0.6581733   0.19393399]
[mavic_controller-7] [DEBUG] [1766070781.095503355] [Mavic_2_PRO_3_Controller]: id: 3, gps: (5.441191993058012, 10.33133604449735, 1.3475688455414916)
[mavic_controller-3] [DEBUG] [1766070781.095541124] [Mavic_2_PRO_1_Controller]: id: 1, gps: (4.924325999524511, 7.058748858257255, 4.191968697089625)
[mavic_controller-7] [DEBUG] [1766070781.095655581] [Mavic_2_PRO_3_Controller]: id: 3, vel: (0.8416399756741002, 2.478284270303164, -4.934299623229271)
[mavic_controller-5] [INFO] [1766070781.095662455] [Mavic_2_PRO_2_Controller]: theta: 1.5707963267948966
[mavic_controller-3] [DEBUG] [1766070781.095712675] [Mavic_2_PRO_1_Controller]: id: 1, vel: (-0.14864825445539795, 0.073007043782418, 0.3394560575214344)
[mavic_controller-5] [DEBUG] [1766070781.096404399] [Mavic_2_PRO_2_Controller]: Time(nanoseconds=15304000000, clock_type=ROS_TIME)
[mavic_controller-5] [DEBUG] [1766070781.096762632] [Mavic_2_PRO_2_Controller]: flag: (-8.30425345545078, -4.5059818606579345, 4.5798366719018)
[mavic_controller-5] [DEBUG] [1766070781.097116625] [Mavic_2_PRO_2_Controller]: BODY id: 2, v_b: [-0.28268146  0.87475578  0.39356515], angular: 1.883358332979879
[mavic_controller-5] [DEBUG] [1766070781.097456482] [Mavic_2_PRO_2_Controller]: WORLD id: 2, v: [-0.75453711 -0.52514781  0.39356515]
[mavic_controller-5] [DEBUG] [1766070781.097803902] [Mavic_2_PRO_2_Controller]: id: 2, gps: (5.387217233368613, 8.013702175881322, 4.118865612706815)
[mavic_controller-5] [DEBUG] [1766070781.098146470] [Mavic_2_PRO_2_Controller]: id: 2, vel: (-0.029729195578004686, 0.2454081069113214, 0.270460300333696)
[mavic_controller-7] [DEBUG] [1766070781.106761940] [Mavic_2_PRO_3_Controller]: Time(nanoseconds=15400000000, clock_type=ROS_TIME)
[mavic_controller-3] [DEBUG] [1766070781.106762213] [Mavic_2_PRO_1_Controller]: Time(nanoseconds=15400000000, clock_type=ROS_TIME)
[mavic_controller-7] [DEBUG] [1766070781.106946851] [Mavic_2_PRO_3_Controller]: flag: (-8.30425345545078, -4.5059818606579345, 4.5798366719018)
[mavic_controller-3] [DEBUG] [1766070781.106950598] [Mavic_2_PRO_1_Controller]: flag: (-8.30425345545078, -4.5059818606579345, 4.5798366719018)
[mavic_controller-7] [DEBUG] [1766070781.107094796] [Mavic_2_PRO_3_Controller]: BODY id: 3, v_b: [ 1.60189913  0.36137426 -6.16206407], angular: 0.22187703248216264
[mavic_controller-3] [DEBUG] [1766070781.107100272] [Mavic_2_PRO_1_Controller]: BODY id: 1, v_b: [0.84066809 0.5415507  0.1777022 ], angular: 0.5722806148926131
[mavic_controller-7] [DEBUG] [1766070781.107240500] [Mavic_2_PRO_3_Controller]: WORLD id: 3, v: [-0.07402474  1.64048546 -6.16206407]
[mavic_controller-3] [DEBUG] [1766070781.107246924] [Mavic_2_PRO_1_Controller]: WORLD id: 1, v: [-0.75233007 -0.65878635  0.1777022 ]
[mavic_controller-3] [DEBUG] [1766070781.107390998] [Mavic_2_PRO_1_Controller]: id: 1, gps: (4.908812856647539, 7.064189344525785, 4.224432281539462)
[mavic_controller-7] [DEBUG] [1766070781.107400053] [Mavic_2_PRO_3_Controller]: id: 3, gps: (5.444217572170847, 10.470857949174201, 0.7956458320927513)
[mavic_controller-3] [DEBUG] [1766070781.107534795] [Mavic_2_PRO_1_Controller]: id: 1, vel: (-0.17055566102103056, 0.041984994243920826, 0.3335734520579602)
[mavic_controller-7] [DEBUG] [1766070781.107550288] [Mavic_2_PRO_3_Controller]: id: 3, vel: (0.005526942567504828, 1.9544983550584911, -7.108144105525545)
[mavic_controller-5] [INFO] [1766070781.107846335] [Mavic_2_PRO_2_Controller]: theta: 1.5707963267948966
[mavic_controller-5] [DEBUG] [1766070781.108534734] [Mavic_2_PRO_2_Controller]: Time(nanoseconds=15400000000, clock_type=ROS_TIME)
[mavic_controller-5] [DEBUG] [1766070781.108896246] [Mavic_2_PRO_2_Controller]: flag: (-8.30425345545078, -4.5059818606579345, 4.5798366719018)
[mavic_controller-5] [DEBUG] [1766070781.109241872] [Mavic_2_PRO_2_Controller]: BODY id: 2, v_b: [-0.28612573  0.90112052  0.32575125], angular: 1.8782499790697604
[mavic_controller-5] [DEBUG] [1766070781.109579146] [Mavic_2_PRO_2_Controller]: WORLD id: 2, v: [-0.74960636 -0.57617395  0.32575125]
[mavic_controller-5] [DEBUG] [1766070781.109919153] [Mavic_2_PRO_2_Controller]: id: 2, gps: (5.383495249654191, 8.034477814652679, 4.142873883059601)
[mavic_controller-5] [DEBUG] [1766070781.110262120] [Mavic_2_PRO_2_Controller]: id: 2, vel: (-0.05385615903745071, 0.22377041359531355, 0.2718631605446295)
[mavic_controller-7] [DEBUG] [1766070781.119945844] [Mavic_2_PRO_3_Controller]: Time(nanoseconds=15504000000, clock_type=ROS_TIME)
[mavic_controller-3] [DEBUG] [1766070781.119946652] [Mavic_2_PRO_1_Controller]: Time(nanoseconds=15504000000, clock_type=ROS_TIME)
[mavic_controller-7] [DEBUG] [1766070781.120140730] [Mavic_2_PRO_3_Controller]: flag: (-8.30425345545078, -4.5059818606579345, 4.5798366719018)
[mavic_controller-7] [DEBUG] [1766070781.120294246] [Mavic_2_PRO_3_Controller]: BODY id: 3, v_b: [ 0.7046165  -0.69956194 -5.21114275], angular: -0.7817985167814991
[mavic_controller-3] [DEBUG] [1766070781.120140942] [Mavic_2_PRO_1_Controller]: flag: (-8.30425345545078, -4.5059818606579345, 4.5798366719018)
[mavic_controller-3] [DEBUG] [1766070781.120294825] [Mavic_2_PRO_1_Controller]: BODY id: 1, v_b: [0.87841099 0.47790598 0.16042493], angular: 0.4982692944357462
[mavic_controller-3] [DEBUG] [1766070781.120439898] [Mavic_2_PRO_1_Controller]: WORLD id: 1, v: [-0.75178589 -0.65940729  0.16042493]
[mavic_controller-7] [DEBUG] [1766070781.120440505] [Mavic_2_PRO_3_Controller]: WORLD id: 3, v: [-0.17990493  0.97647608 -5.21114275]
[mavic_controller-7] [DEBUG] [1766070781.120588104] [Mavic_2_PRO_3_Controller]: id: 3, gps: (5.478974026946858, 10.687988320082438, 0.13408092944473676)
[mavic_controller-3] [DEBUG] [1766070781.120602232] [Mavic_2_PRO_1_Controller]: id: 1, gps: (4.88959191684766, 7.066618570904931, 4.2589868138782485)
[mavic_controller-7] [DEBUG] [1766070781.120766606] [Mavic_2_PRO_3_Controller]: id: 3, vel: (-0.10378088614131058, 1.242167167356673, -6.172190811064031)
[mavic_controller-3] [DEBUG] [1766070781.120789336] [Mavic_2_PRO_1_Controller]: id: 1, vel: (-0.1948514385673862, 0.006779291308462568, 0.3278832068630189)
[mavic_controller-5] [INFO] [1766070781.120991245] [Mavic_2_PRO_2_Controller]: theta: 1.5707963267948966
[mavic_controller-5] [DEBUG] [1766070781.121707298] [Mavic_2_PRO_2_Controller]: Time(nanoseconds=15504000000, clock_type=ROS_TIME)
[mavic_controller-5] [DEBUG] [1766070781.122073811] [Mavic_2_PRO_2_Controller]: flag: (-8.30425345545078, -4.5059818606579345, 4.5798366719018)
[mavic_controller-5] [DEBUG] [1766070781.122419954] [Mavic_2_PRO_2_Controller]: BODY id: 2, v_b: [-0.27939983  0.93050083  0.23686268], angular: 1.86249918045837
[mavic_controller-5] [DEBUG] [1766070781.122767155] [Mavic_2_PRO_2_Controller]: WORLD id: 2, v: [-0.73320554 -0.63742113  0.23686268]
[mavic_controller-5] [DEBUG] [1766070781.123117907] [Mavic_2_PRO_2_Controller]: id: 2, gps: (5.37632498657966, 8.056205349795617, 4.1713290629038315)
[mavic_controller-5] [DEBUG] [1766070781.123459044] [Mavic_2_PRO_2_Controller]: id: 2, vel: (-0.08019719376205764, 0.19335513289811443, 0.2720885400613908)
[mavic_controller-7] [DEBUG] [1766070781.132618398] [Mavic_2_PRO_3_Controller]: Time(nanoseconds=15600000000, clock_type=ROS_TIME)
[mavic_controller-3] [DEBUG] [1766070781.132720584] [Mavic_2_PRO_1_Controller]: Time(nanoseconds=15600000000, clock_type=ROS_TIME)
[mavic_controller-3] [DEBUG] [1766070781.132897490] [Mavic_2_PRO_1_Controller]: flag: (-8.30425345545078, -4.5059818606579345, 4.5798366719018)
[mavic_controller-3] [DEBUG] [1766070781.133044560] [Mavic_2_PRO_1_Controller]: BODY id: 1, v_b: [0.90623238 0.42277995 0.14473818], angular: 0.4365107184421523
[mavic_controller-7] [DEBUG] [1766070781.132817936] [Mavic_2_PRO_3_Controller]: flag: (-8.30425345545078, -4.5059818606579345, 4.5798366719018)
[mavic_controller-7] [DEBUG] [1766070781.133067420] [Mavic_2_PRO_3_Controller]: BODY id: 3, v_b: [ 0.80997836 -0.46970983  0.81434164], angular: -0.5255120862406275
[mavic_controller-3] [DEBUG] [1766070781.133191287] [Mavic_2_PRO_1_Controller]: WORLD id: 1, v: [-0.75131815 -0.65994018  0.14473818]
[mavic_controller-7] [DEBUG] [1766070781.133230353] [Mavic_2_PRO_3_Controller]: WORLD id: 3, v: [-0.86358987  0.36180768  0.81434164]
[mavic_controller-7] [DEBUG] [1766070781.133377044] [Mavic_2_PRO_3_Controller]: id: 3, gps: (5.346080216580528, 10.737943734306384, 0.16225311907623308)
[mavic_controller-7] [DEBUG] [1766070781.133521946] [Mavic_2_PRO_3_Controller]: id: 3, vel: (-1.0360577585720183, 1.3332500295889445, 0.6513858304139035)
[mavic_controller-3] [DEBUG] [1766070781.133342651] [Mavic_2_PRO_1_Controller]: id: 1, gps: (4.869554048049646, 7.065580487568065, 4.290360308794181)
[mavic_controller-3] [DEBUG] [1766070781.133487885] [Mavic_2_PRO_1_Controller]: id: 1, vel: (-0.21800923238482625, -0.026028749070623844, 0.3223724402862789)
[mavic_controller-5] [DEBUG] [1766070781.134249528] [Mavic_2_PRO_2_Controller]: Time(nanoseconds=15600000000, clock_type=ROS_TIME)
[mavic_controller-5] [DEBUG] [1766070781.134610428] [Mavic_2_PRO_2_Controller]: flag: (-8.30425345545078, -4.5059818606579345, 4.5798366719018)
[mavic_controller-5] [DEBUG] [1766070781.134979930] [Mavic_2_PRO_2_Controller]: BODY id: 2, v_b: [-0.20814667  0.92489712  0.19419092], angular: 1.7921568895443007
[mavic_controller-5] [DEBUG] [1766070781.135321269] [Mavic_2_PRO_2_Controller]: WORLD id: 2, v: [-0.70395282 -0.6349883   0.19419092]
[mavic_controller-5] [DEBUG] [1766070781.135674532] [Mavic_2_PRO_2_Controller]: id: 2, gps: (5.366618452468245, 8.074594228121155, 4.199816216576305)
[mavic_controller-5] [DEBUG] [1766070781.136035021] [Mavic_2_PRO_2_Controller]: id: 2, vel: (-0.10265384606584793, 0.16013728395058757, 0.2730252021024973)
[mavic_controller-7] [DEBUG] [1766070781.145778473] [Mavic_2_PRO_3_Controller]: Time(nanoseconds=15704000000, clock_type=ROS_TIME)
[mavic_controller-3] [DEBUG] [1766070781.145919312] [Mavic_2_PRO_1_Controller]: Time(nanoseconds=15704000000, clock_type=ROS_TIME)
[mavic_controller-7] [DEBUG] [1766070781.145967256] [Mavic_2_PRO_3_Controller]: flag: (-8.30425345545078, -4.5059818606579345, 4.5798366719018)
[mavic_controller-5] [DEBUG] [1766070781.145983752] [Mavic_2_PRO_2_Controller]: Time(nanoseconds=15704000000, clock_type=ROS_TIME)
[mavic_controller-7] [DEBUG] [1766070781.146120810] [Mavic_2_PRO_3_Controller]: BODY id: 3, v_b: [-0.9219503  -0.45827173  0.50852496], angular: -2.6802936174386067
[mavic_controller-5] [DEBUG] [1766070781.146150933] [Mavic_2_PRO_2_Controller]: flag: (-8.30425345545078, -4.5059818606579345, 4.5798366719018)
[mavic_controller-7] [DEBUG] [1766070781.146270748] [Mavic_2_PRO_3_Controller]: WORLD id: 3, v: [-0.53352995  0.88054025  0.50852496]
[mavic_controller-5] [DEBUG] [1766070781.146302451] [Mavic_2_PRO_2_Controller]: BODY id: 2, v_b: [-0.13652212  0.97539377  0.17718037], angular: 1.7098590806709284
[mavic_controller-3] [DEBUG] [1766070781.146310420] [Mavic_2_PRO_1_Controller]: flag: (-8.30425345545078, -4.5059818606579345, 4.5798366719018)
[mavic_controller-7] [DEBUG] [1766070781.146417793] [Mavic_2_PRO_3_Controller]: id: 3, gps: (5.273051643111588, 10.905181023817343, 0.20289631169888173)
[mavic_controller-5] [DEBUG] [1766070781.146451512] [Mavic_2_PRO_2_Controller]: WORLD id: 2, v: [-0.72584202 -0.66572115  0.17718037]
[mavic_controller-7] [DEBUG] [1766070781.146562117] [Mavic_2_PRO_3_Controller]: id: 3, vel: (-0.4588720092237938, 1.8353364134871084, 0.22079162348547043)
[mavic_controller-5] [DEBUG] [1766070781.146599199] [Mavic_2_PRO_2_Controller]: id: 2, gps: (5.354748740225194, 8.089391406161019, 4.228498081860742)
[mavic_controller-3] [DEBUG] [1766070781.146665409] [Mavic_2_PRO_1_Controller]: BODY id: 1, v_b: [0.93003489 0.36747124 0.12809322], angular: 0.3762885597633841
[mavic_controller-5] [DEBUG] [1766070781.146754211] [Mavic_2_PRO_2_Controller]: id: 2, vel: (-0.12164887256203674, 0.12505732656503718, 0.27526213547002487)
[mavic_controller-3] [DEBUG] [1766070781.147010885] [Mavic_2_PRO_1_Controller]: WORLD id: 1, v: [-0.75085096 -0.66047168  0.12809322]
[mavic_controller-3] [DEBUG] [1766070781.147348215] [Mavic_2_PRO_1_Controller]: id: 1, gps: (4.84534146226733, 7.060807693870397, 4.323650227346661)
[mavic_controller-3] [DEBUG] [1766070781.147686563] [Mavic_2_PRO_1_Controller]: id: 1, vel: (-0.24266661038639334, -0.06273499113438111, 0.31454103387751614)
[mavic_controller-5] [DEBUG] [1766070781.169329060] [Mavic_2_PRO_2_Controller]: Time(nanoseconds=15800000000, clock_type=ROS_TIME)
[mavic_controller-7] [DEBUG] [1766070781.169432536] [Mavic_2_PRO_3_Controller]: Time(nanoseconds=15800000000, clock_type=ROS_TIME)
[mavic_controller-7] [DEBUG] [1766070781.169934274] [Mavic_2_PRO_3_Controller]: flag: (-8.30425345545078, -4.5059818606579345, 4.5798366719018)
[mavic_controller-7] [DEBUG] [1766070781.170336201] [Mavic_2_PRO_3_Controller]: BODY id: 3, v_b: [-1.70327003 -0.24558078 -0.01542041], angular: -2.9983975396723435
[mavic_controller-7] [DEBUG] [1766070781.170773497] [Mavic_2_PRO_3_Controller]: WORLD id: 3, v: [-0.52882766  1.63761412 -0.01542041]
[mavic_controller-5] [DEBUG] [1766070781.169832557] [Mavic_2_PRO_2_Controller]: flag: (-8.30425345545078, -4.5059818606579345, 4.5798366719018)
[mavic_controller-5] [DEBUG] [1766070781.170300742] [Mavic_2_PRO_2_Controller]: BODY id: 2, v_b: [0.01190285 0.99992916 0.15574185], angular: 1.5588931944047661
[mavic_controller-5] [DEBUG] [1766070781.170695890] [Mavic_2_PRO_2_Controller]: WORLD id: 2, v: [-0.73428478 -0.67884156  0.15574185]
[mavic_controller-5] [DEBUG] [1766070781.171217435] [Mavic_2_PRO_2_Controller]: id: 2, gps: (5.335462487133214, 8.103847756307637, 4.268352977969993)
[mavic_controller-5] [DEBUG] [1766070781.171616229] [Mavic_2_PRO_2_Controller]: id: 2, vel: (-0.14231608492277414, 0.07650567484046913, 0.27481478968491235)
[mavic_controller-7] [DEBUG] [1766070781.171255371] [Mavic_2_PRO_3_Controller]: id: 3, gps: (5.232876287896064, 11.10213133929656, 0.1941081358840766)
[mavic_controller-7] [DEBUG] [1766070781.171653408] [Mavic_2_PRO_3_Controller]: id: 3, vel: (-0.48026873440149354, 2.5570847225855435, -0.40556889014948105)
[mavic_controller-3] [DEBUG] [1766070781.174378112] [Mavic_2_PRO_1_Controller]: Time(nanoseconds=15816000000, clock_type=ROS_TIME)
[mavic_controller-3] [DEBUG] [1766070781.175346361] [Mavic_2_PRO_1_Controller]: flag: (-8.30425345545078, -4.5059818606579345, 4.5798366719018)
[mavic_controller-3] [DEBUG] [1766070781.176249849] [Mavic_2_PRO_1_Controller]: BODY id: 1, v_b: [0.94330013 0.33194104 0.11683582], angular: 0.3383605476344459
[mavic_controller-3] [DEBUG] [1766070781.177073366] [Mavic_2_PRO_1_Controller]: WORLD id: 1, v: [-0.75055368 -0.66080948  0.11683582]
[mavic_controller-3] [DEBUG] [1766070781.177535947] [Mavic_2_PRO_1_Controller]: id: 1, gps: (4.827095978402798, 7.0552433947630755, 4.346165031164982)
[mavic_controller-3] [DEBUG] [1766070781.177887631] [Mavic_2_PRO_1_Controller]: id: 1, vel: (-0.25934405058973103, -0.08793815215154133, 0.30795007455379103)
[mavic_controller-7] [DEBUG] [1766070781.185312494] [Mavic_2_PRO_3_Controller]: Time(nanoseconds=15904000000, clock_type=ROS_TIME)
[mavic_controller-5] [DEBUG] [1766070781.185334048] [Mavic_2_PRO_2_Controller]: Time(nanoseconds=15904000000, clock_type=ROS_TIME)
[mavic_controller-7] [DEBUG] [1766070781.185628057] [Mavic_2_PRO_3_Controller]: flag: (-8.30425345545078, -4.5059818606579345, 4.5798366719018)
[mavic_controller-7] [DEBUG] [1766070781.185905045] [Mavic_2_PRO_3_Controller]: BODY id: 3, v_b: [-0.43853309 -1.96040523 -1.0966531 ], angular: -1.7908684203198302
[mavic_controller-5] [DEBUG] [1766070781.185638908] [Mavic_2_PRO_2_Controller]: flag: (-8.30425345545078, -4.5059818606579345, 4.5798366719018)
[mavic_controller-5] [DEBUG] [1766070781.185936124] [Mavic_2_PRO_2_Controller]: BODY id: 2, v_b: [0.12951452 0.99157753 0.14030256], angular: 1.4409169673969953
[mavic_controller-7] [DEBUG] [1766070781.186192984] [Mavic_2_PRO_3_Controller]: WORLD id: 3, v: [-0.76145195  1.85894886 -1.0966531 ]
[mavic_controller-7] [DEBUG] [1766070781.186459750] [Mavic_2_PRO_3_Controller]: id: 3, gps: (5.170268500969422, 11.420591621537438, 0.06684848992353447)
[mavic_controller-7] [DEBUG] [1766070781.186724625] [Mavic_2_PRO_3_Controller]: id: 3, vel: (-0.7958500976466415, 2.639536913756678, -1.7207516894095458)
[mavic_controller-5] [DEBUG] [1766070781.186216275] [Mavic_2_PRO_2_Controller]: WORLD id: 2, v: [-0.73369551 -0.6794784   0.14030256]
[mavic_controller-5] [DEBUG] [1766070781.186477710] [Mavic_2_PRO_2_Controller]: id: 2, gps: (5.318659844276877, 8.110253643207972, 4.299231556587287)
[mavic_controller-5] [DEBUG] [1766070781.186737836] [Mavic_2_PRO_2_Controller]: id: 2, vel: (-0.15463200896345533, 0.03970721046001904, 0.27278288329389405)
[mavic_controller-3] [DEBUG] [1766070781.186222657] [Mavic_2_PRO_1_Controller]: Time(nanoseconds=15912000000, clock_type=ROS_TIME)
[mavic_controller-3] [DEBUG] [1766070781.186538093] [Mavic_2_PRO_1_Controller]: flag: (-8.30425345545078, -4.5059818606579345, 4.5798366719018)
[mavic_controller-3] [DEBUG] [1766070781.186829589] [Mavic_2_PRO_1_Controller]: BODY id: 1, v_b: [0.95653391 0.29162113 0.10341968], angular: 0.29592119791557253
[mavic_controller-3] [DEBUG] [1766070781.187278288] [Mavic_2_PRO_1_Controller]: WORLD id: 1, v: [-0.75022236 -0.66118561  0.10341968]
[mavic_controller-3] [DEBUG] [1766070781.187566897] [Mavic_2_PRO_1_Controller]: id: 1, gps: (4.8032198966577475, 7.045890163583566, 4.37299730643801)
[mavic_controller-3] [DEBUG] [1766070781.187905270] [Mavic_2_PRO_1_Controller]: id: 1, vel: (-0.2782299239517601, -0.12049638722461534, 0.2992473208217987)
[mavic_controller-5] [DEBUG] [1766070781.196447540] [Mavic_2_PRO_2_Controller]: Time(nanoseconds=16000000000, clock_type=ROS_TIME)
[mavic_controller-3] [DEBUG] [1766070781.196565787] [Mavic_2_PRO_1_Controller]: Time(nanoseconds=16000000000, clock_type=ROS_TIME)
[mavic_controller-5] [DEBUG] [1766070781.196679981] [Mavic_2_PRO_2_Controller]: flag: (-8.30425345545078, -4.5059818606579345, 4.5798366719018)
[mavic_controller-3] [DEBUG] [1766070781.196810643] [Mavic_2_PRO_1_Controller]: flag: (-8.30425345545078, -4.5059818606579345, 4.5798366719018)
[mavic_controller-5] [DEBUG] [1766070781.196887016] [Mavic_2_PRO_2_Controller]: BODY id: 2, v_b: [0.22104352 0.97526395 0.12828631], angular: 1.3479120001458114
[mavic_controller-3] [DEBUG] [1766070781.197017437] [Mavic_2_PRO_1_Controller]: BODY id: 1, v_b: [0.96624405 0.25762849 0.09156819], angular: 0.26056703414323285
[mavic_controller-5] [DEBUG] [1766070781.197088236] [Mavic_2_PRO_2_Controller]: WORLD id: 2, v: [-0.73328497 -0.67992144  0.12828631]
[mavic_controller-3] [DEBUG] [1766070781.197221547] [Mavic_2_PRO_1_Controller]: WORLD id: 1, v: [-0.74995408 -0.66148989  0.09156819]
[mavic_controller-5] [DEBUG] [1766070781.197284138] [Mavic_2_PRO_2_Controller]: id: 2, gps: (5.304512355588287, 8.112429851681982, 4.323264058488106)
[mavic_controller-3] [DEBUG] [1766070781.197416843] [Mavic_2_PRO_1_Controller]: id: 1, gps: (4.7800748528474815, 7.034925920998179, 4.3967002997649915)
[mavic_controller-5] [DEBUG] [1766070781.197476938] [Mavic_2_PRO_2_Controller]: id: 2, vel: (-0.1636278874779418, 0.011979037108065846, 0.27034606751410883)
[mavic_controller-3] [DEBUG] [1766070781.197610900] [Mavic_2_PRO_1_Controller]: id: 1, vel: (-0.2951182697252613, -0.14950117368225874, 0.29082368679913073)
[mavic_controller-7] [DEBUG] [1766070781.198109113] [Mavic_2_PRO_3_Controller]: Time(nanoseconds=16000000000, clock_type=ROS_TIME)
[mavic_controller-7] [DEBUG] [1766070781.198618947] [Mavic_2_PRO_3_Controller]: flag: (-8.30425345545078, -4.5059818606579345, 4.5798366719018)
[mavic_controller-7] [DEBUG] [1766070781.199111107] [Mavic_2_PRO_3_Controller]: BODY id: 3, v_b: [0.69011898 0.2031883  0.84767301], angular: 0.2863343245748265
[mavic_controller-7] [DEBUG] [1766070781.199601918] [Mavic_2_PRO_3_Controller]: WORLD id: 3, v: [-0.50055719 -0.51671287  0.84767301]
[mavic_controller-7] [DEBUG] [1766070781.200104363] [Mavic_2_PRO_3_Controller]: id: 3, gps: (5.1488224110084255, 11.49720036474052, 0.057962275339003125)
[mavic_controller-7] [DEBUG] [1766070781.200578402] [Mavic_2_PRO_3_Controller]: id: 3, vel: (-0.060536252513253466, 0.24909173300178228, 0.3787115023016669)
[mavic_controller-5] [DEBUG] [1766070781.213726842] [Mavic_2_PRO_2_Controller]: Time(nanoseconds=16104000000, clock_type=ROS_TIME)
[mavic_controller-5] [DEBUG] [1766070781.213905725] [Mavic_2_PRO_2_Controller]: flag: (-8.30425345545078, -4.5059818606579345, 4.5798366719018)
[mavic_controller-5] [DEBUG] [1766070781.214050998] [Mavic_2_PRO_2_Controller]: BODY id: 2, v_b: [0.33293194 0.94295086 0.11314814], angular: 1.2313851324233944
[mavic_controller-3] [DEBUG] [1766070781.213932124] [Mavic_2_PRO_1_Controller]: Time(nanoseconds=16104000000, clock_type=ROS_TIME)
[mavic_controller-5] [DEBUG] [1766070781.214192723] [Mavic_2_PRO_2_Controller]: WORLD id: 2, v: [-0.73282544 -0.68041669  0.11314814]
[mavic_controller-5] [DEBUG] [1766070781.214333189] [Mavic_2_PRO_2_Controller]: id: 2, gps: (5.285362477442745, 8.111758981378212, 4.353540388308665)
[mavic_controller-3] [DEBUG] [1766070781.214319075] [Mavic_2_PRO_1_Controller]: flag: (-8.30425345545078, -4.5059818606579345, 4.5798366719018)
[mavic_controller-5] [DEBUG] [1766070781.214472364] [Mavic_2_PRO_2_Controller]: id: 2, vel: (-0.17501221935378836, -0.021773850267557, 0.26766724326113256)
[mavic_controller-3] [DEBUG] [1766070781.214668638] [Mavic_2_PRO_1_Controller]: BODY id: 1, v_b: [0.98034957 0.19726812 0.06893617], angular: 0.19857049640885865
[mavic_controller-7] [INFO] [1766070781.214962971] [Mavic_2_PRO_3_Controller]: theta: 1.5707963267948966
[mavic_controller-3] [DEBUG] [1766070781.215018946] [Mavic_2_PRO_1_Controller]: WORLD id: 1, v: [-0.74951764 -0.66198438  0.06893617]
[mavic_controller-3] [DEBUG] [1766070781.215355110] [Mavic_2_PRO_1_Controller]: id: 1, gps: (4.7298518933306815, 7.005920855086958, 4.441964336051823)
[mavic_controller-7] [DEBUG] [1766070781.215643207] [Mavic_2_PRO_3_Controller]: Time(nanoseconds=16104000000, clock_type=ROS_TIME)
[mavic_controller-3] [DEBUG] [1766070781.215699131] [Mavic_2_PRO_1_Controller]: id: 1, vel: (-0.3270040972030886, -0.20825596508035088, 0.2724576221602684)
[mavic_controller-7] [DEBUG] [1766070781.216015982] [Mavic_2_PRO_3_Controller]: flag: (-8.30425345545078, -4.5059818606579345, 4.5798366719018)
[mavic_controller-7] [DEBUG] [1766070781.216368455] [Mavic_2_PRO_3_Controller]: BODY id: 3, v_b: [0.85411132 0.07291602 0.5149535 ], angular: 0.08516412970332397
[mavic_controller-7] [DEBUG] [1766070781.216730606] [Mavic_2_PRO_3_Controller]: WORLD id: 3, v: [-0.73272721 -0.44489744  0.5149535 ]
[mavic_controller-7] [DEBUG] [1766070781.217091151] [Mavic_2_PRO_3_Controller]: id: 3, gps: (5.136682861897367, 11.517083720057316, 0.012534664733371476)
[mavic_controller-7] [DEBUG] [1766070781.217440414] [Mavic_2_PRO_3_Controller]: id: 3, vel: (-0.23306575178334837, 0.12443264250354297, -0.2241248063765735)
[mavic_controller-3] [DEBUG] [1766070781.228024246] [Mavic_2_PRO_1_Controller]: Time(nanoseconds=16200000000, clock_type=ROS_TIME)
[mavic_controller-5] [DEBUG] [1766070781.228069100] [Mavic_2_PRO_2_Controller]: Time(nanoseconds=16200000000, clock_type=ROS_TIME)
[mavic_controller-3] [DEBUG] [1766070781.228207617] [Mavic_2_PRO_1_Controller]: flag: (-8.30425345545078, -4.5059818606579345, 4.5798366719018)
[mavic_controller-3] [DEBUG] [1766070781.228355403] [Mavic_2_PRO_1_Controller]: BODY id: 1, v_b: [0.98615984 0.1657974  0.05609831], angular: 0.16656655054945232
[mavic_controller-3] [DEBUG] [1766070781.228501165] [Mavic_2_PRO_1_Controller]: WORLD id: 1, v: [-0.74932154 -0.66220634  0.05609831]
[mavic_controller-5] [DEBUG] [1766070781.228243840] [Mavic_2_PRO_2_Controller]: flag: (-8.30425345545078, -4.5059818606579345, 4.5798366719018)
[mavic_controller-5] [DEBUG] [1766070781.228417635] [Mavic_2_PRO_2_Controller]: BODY id: 2, v_b: [0.42289438 0.90617898 0.10031115], angular: 1.134159328032892
[mavic_controller-5] [DEBUG] [1766070781.228569456] [Mavic_2_PRO_2_Controller]: WORLD id: 2, v: [-0.73248423 -0.680784    0.10031115]
[mavic_controller-3] [DEBUG] [1766070781.228644786] [Mavic_2_PRO_1_Controller]: id: 1, gps: (4.697302047848172, 6.984028865464726, 4.4676400542305705)
[mavic_controller-5] [DEBUG] [1766070781.228720506] [Mavic_2_PRO_2_Controller]: id: 2, gps: (5.267932963353728, 8.10825204338817, 4.379214371739035)
[mavic_controller-5] [DEBUG] [1766070781.228884831] [Mavic_2_PRO_2_Controller]: id: 2, vel: (-0.18476551655975224, -0.04896103667369028, 0.26414335371194325)
[mavic_controller-3] [DEBUG] [1766070781.228884835] [Mavic_2_PRO_1_Controller]: id: 1, vel: (-0.3455390193161888, -0.24252178180776365, 0.2603237831089237)
[mavic_controller-7] [DEBUG] [1766070781.228908739] [Mavic_2_PRO_3_Controller]: Time(nanoseconds=16200000000, clock_type=ROS_TIME)
[mavic_controller-7] [DEBUG] [1766070781.229278611] [Mavic_2_PRO_3_Controller]: flag: (-8.30425345545078, -4.5059818606579345, 4.5798366719018)
[mavic_controller-7] [DEBUG] [1766070781.229617771] [Mavic_2_PRO_3_Controller]: BODY id: 3, v_b: [0.68401548 0.29651629 0.7832266 ], angular: 0.40904269483679445
[mavic_controller-7] [DEBUG] [1766070781.229962666] [Mavic_2_PRO_3_Controller]: WORLD id: 3, v: [-0.47550375 -0.57419097  0.7832266 ]
[mavic_controller-7] [DEBUG] [1766070781.230299233] [Mavic_2_PRO_3_Controller]: id: 3, gps: (5.140667909550174, 11.51759585610425, 0.014916513138722137)
[mavic_controller-7] [DEBUG] [1766070781.230636353] [Mavic_2_PRO_3_Controller]: id: 3, vel: (0.024800809274675803, -0.00032867254111171936, 0.13486142356412473)
[mavic_controller-3] [DEBUG] [1766070781.239702054] [Mavic_2_PRO_1_Controller]: Time(nanoseconds=16304000000, clock_type=ROS_TIME)
[mavic_controller-5] [DEBUG] [1766070781.239760981] [Mavic_2_PRO_2_Controller]: Time(nanoseconds=16304000000, clock_type=ROS_TIME)
[mavic_controller-5] [DEBUG] [1766070781.239948729] [Mavic_2_PRO_2_Controller]: flag: (-8.30425345545078, -4.5059818606579345, 4.5798366719018)
[mavic_controller-3] [DEBUG] [1766070781.239892632] [Mavic_2_PRO_1_Controller]: flag: (-8.30425345545078, -4.5059818606579345, 4.5798366719018)
[mavic_controller-3] [DEBUG] [1766070781.240045789] [Mavic_2_PRO_1_Controller]: BODY id: 1, v_b: [0.99074859 0.13571007 0.04287826], angular: 0.13613012633285163
[mavic_controller-5] [DEBUG] [1766070781.240094974] [Mavic_2_PRO_2_Controller]: BODY id: 2, v_b: [0.51261495 0.85861861 0.08664486], angular: 1.0325687603632345
[mavic_controller-3] [DEBUG] [1766070781.240218238] [Mavic_2_PRO_1_Controller]: WORLD id: 1, v: [-0.74916652 -0.66238171  0.04287826]
[mavic_controller-5] [DEBUG] [1766070781.240239146] [Mavic_2_PRO_2_Controller]: WORLD id: 2, v: [-0.73216689 -0.68112528  0.08664486]
[mavic_controller-7] [DEBUG] [1766070781.240293503] [Mavic_2_PRO_3_Controller]: Time(nanoseconds=16304000000, clock_type=ROS_TIME)
[mavic_controller-5] [DEBUG] [1766070781.240381147] [Mavic_2_PRO_2_Controller]: id: 2, gps: (5.247994279625183, 8.101497068802786, 4.406546943079009)
[mavic_controller-3] [DEBUG] [1766070781.240388964] [Mavic_2_PRO_1_Controller]: id: 1, gps: (4.660103252304549, 6.956560121998859, 4.494080149385342)
[mavic_controller-7] [DEBUG] [1766070781.240459837] [Mavic_2_PRO_3_Controller]: flag: (-8.30425345545078, -4.5059818606579345, 4.5798366719018)
[mavic_controller-5] [DEBUG] [1766070781.240522219] [Mavic_2_PRO_2_Controller]: id: 2, vel: (-0.1951103397360543, -0.0779474348802755, 0.25849103315637406)
[mavic_controller-3] [DEBUG] [1766070781.240562055] [Mavic_2_PRO_1_Controller]: id: 1, vel: (-0.3643423825052133, -0.27960358262033536, 0.24624731795336274)
[mavic_controller-7] [DEBUG] [1766070781.240621839] [Mavic_2_PRO_3_Controller]: BODY id: 3, v_b: [0.6509143  0.27716085 0.7075979 ], angular: 0.4025500553033468
[mavic_controller-7] [DEBUG] [1766070781.240768285] [Mavic_2_PRO_3_Controller]: WORLD id: 3, v: [-0.45471765 -0.54197733  0.7075979 ]
[mavic_controller-7] [DEBUG] [1766070781.240913956] [Mavic_2_PRO_3_Controller]: id: 3, gps: (5.140821425381142, 11.517486796628626, 0.015380523615032782)
[mavic_controller-7] [DEBUG] [1766070781.241052056] [Mavic_2_PRO_3_Controller]: id: 3, vel: (-3.124874445353354e-05, -0.0002334133516454774, 0.0006510785744859306)
[mavic_controller-3] [DEBUG] [1766070781.252804963] [Mavic_2_PRO_1_Controller]: Time(nanoseconds=16408000000, clock_type=ROS_TIME)
[mavic_controller-7] [INFO] [1766070781.252868872] [Mavic_2_PRO_3_Controller]: theta: 1.5707963267948966
[mavic_controller-5] [DEBUG] [1766070781.252963717] [Mavic_2_PRO_2_Controller]: Time(nanoseconds=16408000000, clock_type=ROS_TIME)
[mavic_controller-5] [DEBUG] [1766070781.253148337] [Mavic_2_PRO_2_Controller]: flag: (-8.30425345545078, -4.5059818606579345, 4.5798366719018)
[mavic_controller-3] [DEBUG] [1766070781.253035322] [Mavic_2_PRO_1_Controller]: flag: (-8.30425345545078, -4.5059818606579345, 4.5798366719018)
[mavic_controller-3] [DEBUG] [1766070781.253184977] [Mavic_2_PRO_1_Controller]: BODY id: 1, v_b: [0.99399445 0.10943051 0.03042077], angular: 0.10965010140941643
[mavic_controller-7] [DEBUG] [1766070781.253283566] [Mavic_2_PRO_3_Controller]: Time(nanoseconds=16408000000, clock_type=ROS_TIME)
[mavic_controller-5] [DEBUG] [1766070781.253294382] [Mavic_2_PRO_2_Controller]: BODY id: 2, v_b: [0.59326533 0.80500699 0.07333682], angular: 0.9356872438511188
[mavic_controller-3] [DEBUG] [1766070781.253330644] [Mavic_2_PRO_1_Controller]: WORLD id: 1, v: [-0.74907091 -0.66248983  0.03042077]
[mavic_controller-7] [DEBUG] [1766070781.253451510] [Mavic_2_PRO_3_Controller]: flag: (-8.30425345545078, -4.5059818606579345, 4.5798366719018)
[mavic_controller-5] [DEBUG] [1766070781.253458768] [Mavic_2_PRO_2_Controller]: WORLD id: 2, v: [-0.73190169 -0.68141024  0.07333682]
[mavic_controller-3] [DEBUG] [1766070781.253477837] [Mavic_2_PRO_1_Controller]: id: 1, gps: (4.6209709146057, 6.925285322004171, 4.518995124363557)
[mavic_controller-7] [DEBUG] [1766070781.253614784] [Mavic_2_PRO_3_Controller]: BODY id: 3, v_b: [ 0.22159506 -0.05682882  0.97348144], angular: -0.25104324909944337
[mavic_controller-3] [DEBUG] [1766070781.253637342] [Mavic_2_PRO_1_Controller]: id: 1, vel: (-0.38230697345106435, -0.31578787611331294, 0.23125399783515008)
[mavic_controller-5] [DEBUG] [1766070781.253651811] [Mavic_2_PRO_2_Controller]: id: 2, gps: (5.226973884074066, 8.09177139648137, 4.43316302713299)
[mavic_controller-5] [DEBUG] [1766070781.253885220] [Mavic_2_PRO_2_Controller]: id: 2, vel: (-0.20555391048070176, -0.1062913899041986, 0.25104952500738975)
[mavic_controller-7] [DEBUG] [1766070781.253990594] [Mavic_2_PRO_3_Controller]: WORLD id: 3, v: [-0.22329545 -0.04972955  0.97348144]
[mavic_controller-7] [DEBUG] [1766070781.254404809] [Mavic_2_PRO_3_Controller]: id: 3, gps: (5.140822946071819, 11.517483004107195, 0.015405850292697358)
[mavic_controller-7] [DEBUG] [1766070781.254784862] [Mavic_2_PRO_3_Controller]: id: 3, vel: (2.3148712157564286e-05, 4.2622459409742995e-05, 7.487146167398153e-06)
[mavic_controller-3] [DEBUG] [1766070781.266358237] [Mavic_2_PRO_1_Controller]: Time(nanoseconds=16504000000, clock_type=ROS_TIME)
[mavic_controller-5] [DEBUG] [1766070781.266372682] [Mavic_2_PRO_2_Controller]: Time(nanoseconds=16504000000, clock_type=ROS_TIME)
[mavic_controller-5] [DEBUG] [1766070781.266544557] [Mavic_2_PRO_2_Controller]: flag: (-8.30425345545078, -4.5059818606579345, 4.5798366719018)
[mavic_controller-3] [DEBUG] [1766070781.266550194] [Mavic_2_PRO_1_Controller]: flag: (-8.30425345545078, -4.5059818606579345, 4.5798366719018)
[mavic_controller-3] [DEBUG] [1766070781.266731373] [Mavic_2_PRO_1_Controller]: BODY id: 1, v_b: [0.99609761 0.08825841 0.01963585], angular: 0.08837339171876765
[mavic_controller-7] [INFO] [1766070781.266552557] [Mavic_2_PRO_3_Controller]: theta: 1.5707963267948966
[mavic_controller-5] [DEBUG] [1766070781.266734983] [Mavic_2_PRO_2_Controller]: BODY id: 2, v_b: [0.65932487 0.75185817 0.06140006], angular: 0.8508758661501682
[mavic_controller-5] [DEBUG] [1766070781.266886835] [Mavic_2_PRO_2_Controller]: WORLD id: 2, v: [-0.73170234 -0.6816243   0.06140006]
[mavic_controller-5] [DEBUG] [1766070781.267032888] [Mavic_2_PRO_2_Controller]: id: 2, gps: (5.2065973342464185, 8.080180133039887, 4.457036560265078)
[mavic_controller-5] [DEBUG] [1766070781.267174893] [Mavic_2_PRO_2_Controller]: id: 2, vel: (-0.21541003161469321, -0.13178358336968282, 0.2439265159844799)
[mavic_controller-3] [DEBUG] [1766070781.266896468] [Mavic_2_PRO_1_Controller]: WORLD id: 1, v: [-0.74903673 -0.66252847  0.01963585]
[mavic_controller-3] [DEBUG] [1766070781.267047045] [Mavic_2_PRO_1_Controller]: id: 1, gps: (4.583230344872078, 6.893091773557536, 4.540564964848502)
[mavic_controller-7] [DEBUG] [1766070781.267009121] [Mavic_2_PRO_3_Controller]: Time(nanoseconds=16504000000, clock_type=ROS_TIME)
[mavic_controller-7] [DEBUG] [1766070781.267180820] [Mavic_2_PRO_3_Controller]: flag: (-8.30425345545078, -4.5059818606579345, 4.5798366719018)
[mavic_controller-3] [DEBUG] [1766070781.267207224] [Mavic_2_PRO_1_Controller]: id: 1, vel: (-0.3981243319189163, -0.34836222615071133, 0.2167318171813783)
[mavic_controller-7] [DEBUG] [1766070781.267322987] [Mavic_2_PRO_3_Controller]: BODY id: 3, v_b: [ 0.06318016 -0.26083639  0.96331337], angular: -1.3331519651199046
[mavic_controller-7] [DEBUG] [1766070781.267463028] [Mavic_2_PRO_3_Controller]: WORLD id: 3, v: [-0.17449429  0.20390954  0.96331337]
[mavic_controller-7] [DEBUG] [1766070781.267600706] [Mavic_2_PRO_3_Controller]: id: 3, gps: (5.140825817871469, 11.5174885877598, 0.015405587660785647)
[mavic_controller-7] [DEBUG] [1766070781.267756532] [Mavic_2_PRO_3_Controller]: id: 3, vel: (2.3963323544035226e-05, 4.736770616577913e-05, -5.6858590645123065e-06)
[mavic_controller-7] [INFO] [1766070781.277579077] [Mavic_2_PRO_3_Controller]: theta: 1.5707963267948966
[mavic_controller-3] [DEBUG] [1766070781.277692152] [Mavic_2_PRO_1_Controller]: Time(nanoseconds=16600000000, clock_type=ROS_TIME)
[mavic_controller-5] [DEBUG] [1766070781.277788615] [Mavic_2_PRO_2_Controller]: Time(nanoseconds=16600000000, clock_type=ROS_TIME)
[mavic_controller-3] [DEBUG] [1766070781.277865680] [Mavic_2_PRO_1_Controller]: flag: (-8.30425345545078, -4.5059818606579345, 4.5798366719018)
[mavic_controller-7] [DEBUG] [1766070781.277994726] [Mavic_2_PRO_3_Controller]: Time(nanoseconds=16600000000, clock_type=ROS_TIME)
[mavic_controller-5] [DEBUG] [1766070781.278007369] [Mavic_2_PRO_2_Controller]: flag: (-8.30425345545078, -4.5059818606579345, 4.5798366719018)
[mavic_controller-3] [DEBUG] [1766070781.278016447] [Mavic_2_PRO_1_Controller]: BODY id: 1, v_b: [0.99756345 0.06976499 0.00956762], angular: 0.06982171068912821
[mavic_controller-5] [DEBUG] [1766070781.278157459] [Mavic_2_PRO_2_Controller]: BODY id: 2, v_b: [0.71738767 0.6966742  0.04982861], angular: 0.7707510049048354
[mavic_controller-7] [DEBUG] [1766070781.278162634] [Mavic_2_PRO_3_Controller]: flag: (-8.30425345545078, -4.5059818606579345, 4.5798366719018)
[mavic_controller-3] [DEBUG] [1766070781.278166738] [Mavic_2_PRO_1_Controller]: WORLD id: 1, v: [-0.74905444 -0.66250845  0.00956762]
[mavic_controller-7] [DEBUG] [1766070781.278312834] [Mavic_2_PRO_3_Controller]: BODY id: 3, v_b: [ 0.33087204 -0.01569764  0.94354506], angular: -0.047407684487276606
[mavic_controller-3] [DEBUG] [1766070781.278316640] [Mavic_2_PRO_1_Controller]: id: 1, gps: (4.544008075987665, 6.857787371892285, 4.560701431731583)
[mavic_controller-5] [DEBUG] [1766070781.278325832] [Mavic_2_PRO_2_Controller]: WORLD id: 2, v: [-0.73154457 -0.68179362  0.04982861]
[mavic_controller-7] [DEBUG] [1766070781.278458970] [Mavic_2_PRO_3_Controller]: WORLD id: 3, v: [-0.30208049 -0.13590474  0.94354506]
[mavic_controller-3] [DEBUG] [1766070781.278465918] [Mavic_2_PRO_1_Controller]: id: 1, vel: (-0.4130972076694392, -0.3802673899552273, 0.20162442066483238)
[mavic_controller-5] [DEBUG] [1766070781.278468745] [Mavic_2_PRO_2_Controller]: id: 2, gps: (5.1852403104211895, 8.066117315602348, 4.4801794466860265)
[mavic_controller-7] [DEBUG] [1766070781.278657959] [Mavic_2_PRO_3_Controller]: id: 3, gps: (5.1408281340995226, 11.517493230656774, 0.01540511402259346)
[mavic_controller-5] [DEBUG] [1766070781.278673298] [Mavic_2_PRO_2_Controller]: id: 2, vel: (-0.22580955701341554, -0.1574660685159146, 0.23599018553896145)
[mavic_controller-7] [DEBUG] [1766070781.278869688] [Mavic_2_PRO_3_Controller]: id: 3, vel: (2.4486036456277635e-05, 5.464224186315476e-05, 1.5709788864401755e-05)
[mavic_controller-3] [DEBUG] [1766070781.291945449] [Mavic_2_PRO_1_Controller]: Time(nanoseconds=16704000000, clock_type=ROS_TIME)
[mavic_controller-5] [DEBUG] [1766070781.291988570] [Mavic_2_PRO_2_Controller]: Time(nanoseconds=16704000000, clock_type=ROS_TIME)
[mavic_controller-3] [DEBUG] [1766070781.292130376] [Mavic_2_PRO_1_Controller]: flag: (-8.30425345545078, -4.5059818606579345, 4.5798366719018)
[mavic_controller-3] [DEBUG] [1766070781.292282641] [Mavic_2_PRO_1_Controller]: BODY id: 1, v_b: [ 9.98622270e-01  5.24743953e-02 -5.00434885e-04], angular: 0.052498507061857255
[mavic_controller-5] [DEBUG] [1766070781.292155556] [Mavic_2_PRO_2_Controller]: flag: (-8.30425345545078, -4.5059818606579345, 4.5798366719018)
[mavic_controller-5] [DEBUG] [1766070781.292301480] [Mavic_2_PRO_2_Controller]: BODY id: 2, v_b: [0.77160202 0.63610559 0.03775709], angular: 0.6894405205813764
[mavic_controller-3] [DEBUG] [1766070781.292434336] [Mavic_2_PRO_1_Controller]: WORLD id: 1, v: [-7.49131923e-01 -6.62420835e-01 -5.00434885e-04]
[mavic_controller-5] [DEBUG] [1766070781.292445576] [Mavic_2_PRO_2_Controller]: WORLD id: 2, v: [-0.73141959 -0.68192769  0.03775709]
[mavic_controller-3] [DEBUG] [1766070781.292585034] [Mavic_2_PRO_1_Controller]: id: 1, gps: (4.499923985333639, 6.8161279766012, 4.580837541672431)
[mavic_controller-5] [DEBUG] [1766070781.292602930] [Mavic_2_PRO_2_Controller]: id: 2, gps: (5.16095506111618, 8.048096025858111, 4.504322496954737)
[mavic_controller-5] [DEBUG] [1766070781.292758292] [Mavic_2_PRO_2_Controller]: id: 2, vel: (-0.23735080906153996, -0.18522687710999314, 0.22623266718585658)
[mavic_controller-7] [DEBUG] [1766070781.292661230] [Mavic_2_PRO_3_Controller]: Time(nanoseconds=16704000000, clock_type=ROS_TIME)
[mavic_controller-3] [DEBUG] [1766070781.292765888] [Mavic_2_PRO_1_Controller]: id: 1, vel: (-0.42858049099053586, -0.41375984709857105, 0.1846756010210052)
[mavic_controller-7] [DEBUG] [1766070781.293123110] [Mavic_2_PRO_3_Controller]: flag: (-8.30425345545078, -4.5059818606579345, 4.5798366719018)
[mavic_controller-7] [DEBUG] [1766070781.293485674] [Mavic_2_PRO_3_Controller]: BODY id: 3, v_b: [0.65059939 0.27697269 0.70717674], angular: 0.4024797025457244
[mavic_controller-7] [DEBUG] [1766070781.293849979] [Mavic_2_PRO_3_Controller]: WORLD id: 3, v: [-0.45452172 -0.54166727  0.70717674]
[mavic_controller-7] [DEBUG] [1766070781.294205240] [Mavic_2_PRO_3_Controller]: id: 3, gps: (5.140831005796548, 11.517502497762502, 0.015418171164129545)
[mavic_controller-7] [DEBUG] [1766070781.294551066] [Mavic_2_PRO_3_Controller]: id: 3, vel: (2.8422629615100202e-05, 9.977922080569364e-05, 0.00016003630793467484)
[mavic_controller-7] [DEBUG] [1766070781.305207688] [Mavic_2_PRO_3_Controller]: Time(nanoseconds=16800000000, clock_type=ROS_TIME)
[mavic_controller-7] [DEBUG] [1766070781.305591549] [Mavic_2_PRO_3_Controller]: flag: (-8.30425345545078, -4.5059818606579345, 4.5798366719018)
[mavic_controller-5] [DEBUG] [1766070781.305649787] [Mavic_2_PRO_2_Controller]: Time(nanoseconds=16808000000, clock_type=ROS_TIME)
[mavic_controller-3] [DEBUG] [1766070781.305648645] [Mavic_2_PRO_1_Controller]: Time(nanoseconds=16808000000, clock_type=ROS_TIME)
[mavic_controller-7] [DEBUG] [1766070781.305946242] [Mavic_2_PRO_3_Controller]: BODY id: 3, v_b: [0.65060016 0.27697253 0.70717921], angular: 0.40247907844030434
[mavic_controller-3] [DEBUG] [1766070781.306039386] [Mavic_2_PRO_1_Controller]: flag: (-8.30425345545078, -4.5059818606579345, 4.5798366719018)
[mavic_controller-5] [DEBUG] [1766070781.306039633] [Mavic_2_PRO_2_Controller]: flag: (-8.30425345545078, -4.5059818606579345, 4.5798366719018)
[mavic_controller-7] [DEBUG] [1766070781.306289280] [Mavic_2_PRO_3_Controller]: WORLD id: 3, v: [-0.45452231 -0.54166762  0.70717921]
[mavic_controller-3] [DEBUG] [1766070781.306387729] [Mavic_2_PRO_1_Controller]: BODY id: 1, v_b: [ 0.99924812  0.03877095 -0.00831677], angular: 0.03878067057302038
[mavic_controller-5] [DEBUG] [1766070781.306392945] [Mavic_2_PRO_2_Controller]: BODY id: 2, v_b: [0.81419568 0.58059056 0.02796607], angular: 0.6194538265195106
[mavic_controller-7] [DEBUG] [1766070781.306631855] [Mavic_2_PRO_3_Controller]: id: 3, gps: (5.140833070582273, 11.517509823467526, 0.01543002604389758)
[mavic_controller-5] [DEBUG] [1766070781.306750242] [Mavic_2_PRO_2_Controller]: WORLD id: 2, v: [-0.73135126 -0.68200098  0.02796607]
[mavic_controller-3] [DEBUG] [1766070781.306750372] [Mavic_2_PRO_1_Controller]: WORLD id: 1, v: [-0.74924443 -0.66229358 -0.00831677]
[mavic_controller-7] [DEBUG] [1766070781.306993174] [Mavic_2_PRO_3_Controller]: id: 3, vel: (2.8544938160087e-05, 0.00010169171422766171, 0.0001646893954605548)
[mavic_controller-3] [DEBUG] [1766070781.307111387] [Mavic_2_PRO_1_Controller]: id: 1, gps: (4.461386765167765, 6.778188285974328, 4.596470206242549)
[mavic_controller-5] [DEBUG] [1766070781.307114641] [Mavic_2_PRO_2_Controller]: id: 2, gps: (5.139461861787896, 8.030575430304786, 4.523904531085272)
[mavic_controller-3] [DEBUG] [1766070781.307459218] [Mavic_2_PRO_1_Controller]: id: 1, vel: (-0.44118554404790594, -0.4410995209459653, 0.16993049790039438)
[mavic_controller-5] [DEBUG] [1766070781.307467556] [Mavic_2_PRO_2_Controller]: id: 2, vel: (-0.24723100716182342, -0.20857467692407536, 0.216941910096016)
[mavic_controller-7] [DEBUG] [1766070781.317785777] [Mavic_2_PRO_3_Controller]: Time(nanoseconds=16904000000, clock_type=ROS_TIME)
[mavic_controller-3] [DEBUG] [1766070781.317896771] [Mavic_2_PRO_1_Controller]: Time(nanoseconds=16904000000, clock_type=ROS_TIME)
[mavic_controller-7] [DEBUG] [1766070781.318176845] [Mavic_2_PRO_3_Controller]: flag: (-8.30425345545078, -4.5059818606579345, 4.5798366719018)
[mavic_controller-3] [DEBUG] [1766070781.318278586] [Mavic_2_PRO_1_Controller]: flag: (-8.30425345545078, -4.5059818606579345, 4.5798366719018)
[mavic_controller-5] [DEBUG] [1766070781.318404553] [Mavic_2_PRO_2_Controller]: Time(nanoseconds=16904000000, clock_type=ROS_TIME)
[mavic_controller-7] [DEBUG] [1766070781.318535871] [Mavic_2_PRO_3_Controller]: BODY id: 3, v_b: [0.65059964 0.27697209 0.70717804], angular: 0.4024787904874377
[mavic_controller-3] [DEBUG] [1766070781.318642513] [Mavic_2_PRO_1_Controller]: BODY id: 1, v_b: [ 0.99963729  0.02693122 -0.01670293], angular: 0.02693447811010351
[mavic_controller-5] [DEBUG] [1766070781.318781315] [Mavic_2_PRO_2_Controller]: flag: (-8.30425345545078, -4.5059818606579345, 4.5798366719018)
[mavic_controller-7] [DEBUG] [1766070781.318899215] [Mavic_2_PRO_3_Controller]: WORLD id: 3, v: [-0.45452184 -0.54166718  0.70717804]
[mavic_controller-3] [DEBUG] [1766070781.319030988] [Mavic_2_PRO_1_Controller]: WORLD id: 1, v: [-0.74943207 -0.66208124 -0.01670293]
[mavic_controller-5] [DEBUG] [1766070781.319133221] [Mavic_2_PRO_2_Controller]: BODY id: 2, v_b: [0.84467413 0.53528087 0.01943443], angular: 0.5648402306167378
[mavic_controller-7] [DEBUG] [1766070781.319252854] [Mavic_2_PRO_3_Controller]: id: 3, gps: (5.140835364968397, 11.517518008281272, 0.015443206824132645)
[mavic_controller-3] [DEBUG] [1766070781.319387452] [Mavic_2_PRO_1_Controller]: id: 1, gps: (4.414449303866093, 6.730279316085572, 4.613242532056016)
[mavic_controller-5] [DEBUG] [1766070781.319484682] [Mavic_2_PRO_2_Controller]: WORLD id: 2, v: [-0.73131999 -0.68203451  0.01943443]
[mavic_controller-7] [DEBUG] [1766070781.319607374] [Mavic_2_PRO_3_Controller]: id: 3, vel: (2.84648139442107e-05, 0.0001017812366848055, 0.0001629010008500705)
[mavic_controller-3] [DEBUG] [1766070781.319747058] [Mavic_2_PRO_1_Controller]: id: 1, vel: (-0.45534528507434263, -0.47241215770249145, 0.15214401932386173)
[mavic_controller-5] [DEBUG] [1766070781.319833938] [Mavic_2_PRO_2_Controller]: id: 2, gps: (5.1191767909647385, 8.01281002253437, 4.5409678167023)
[mavic_controller-5] [DEBUG] [1766070781.320229001] [Mavic_2_PRO_2_Controller]: id: 2, vel: (-0.2560447513263625, -0.23029125521119675, 0.20797590085190704)
[mavic_controller-7] [DEBUG] [1766070781.330064252] [Mavic_2_PRO_3_Controller]: Time(nanoseconds=17000000000, clock_type=ROS_TIME)
[mavic_controller-5] [DEBUG] [1766070781.330381327] [Mavic_2_PRO_2_Controller]: Time(nanoseconds=17000000000, clock_type=ROS_TIME)
[mavic_controller-3] [DEBUG] [1766070781.330423054] [Mavic_2_PRO_1_Controller]: Time(nanoseconds=17000000000, clock_type=ROS_TIME)
[mavic_controller-7] [DEBUG] [1766070781.330442714] [Mavic_2_PRO_3_Controller]: flag: (-8.30425345545078, -4.5059818606579345, 4.5798366719018)
[mavic_controller-5] [DEBUG] [1766070781.330800419] [Mavic_2_PRO_2_Controller]: flag: (-8.30425345545078, -4.5059818606579345, 4.5798366719018)
[mavic_controller-3] [DEBUG] [1766070781.330804880] [Mavic_2_PRO_1_Controller]: flag: (-8.30425345545078, -4.5059818606579345, 4.5798366719018)
[mavic_controller-7] [DEBUG] [1766070781.330818560] [Mavic_2_PRO_3_Controller]: BODY id: 3, v_b: [0.65287289 0.27737412 0.71714587], angular: 0.4017449773888943
[mavic_controller-5] [DEBUG] [1766070781.331079713] [Mavic_2_PRO_2_Controller]: BODY id: 2, v_b: [0.87346985 0.48687825 0.01048275], angular: 0.5085122109938635
[mavic_controller-3] [DEBUG] [1766070781.331154584] [Mavic_2_PRO_1_Controller]: BODY id: 1, v_b: [ 0.99981614  0.01917494 -0.02195995], angular: 0.019176116592386442
[mavic_controller-7] [DEBUG] [1766070781.331162829] [Mavic_2_PRO_3_Controller]: WORLD id: 3, v: [-0.45633541 -0.54308139  0.71714587]
[mavic_controller-5] [DEBUG] [1766070781.331236859] [Mavic_2_PRO_2_Controller]: WORLD id: 2, v: [-0.73131997 -0.68203453  0.01048275]
[mavic_controller-5] [DEBUG] [1766070781.331385629] [Mavic_2_PRO_2_Controller]: id: 2, gps: (5.096049509362667, 7.991242071559648, 4.558871168667724)
[mavic_controller-7] [DEBUG] [1766070781.331503142] [Mavic_2_PRO_3_Controller]: id: 3, gps: (5.140932294750996, 11.517711785532352, 0.016013595901684344)
[mavic_controller-3] [DEBUG] [1766070781.331503777] [Mavic_2_PRO_1_Controller]: WORLD id: 1, v: [-0.74959602 -0.66189562 -0.02195995]
