[mavic_controller-7] [DEBUG] [1766071031.512184599] [Mavic_2_PRO_3_Controller]: WORLD id: 3, v: [-0.79589224 -0.60543831  0.42009504]
[mavic_controller-5] [DEBUG] [1766071031.512186345] [Mavic_2_PRO_2_Controller]: WORLD id: 2, v: [-0.79939633 -0.60080406  0.42284076]
[mavic_controller-5] [DEBUG] [1766071031.512330906] [Mavic_2_PRO_2_Controller]: id: 2, gps: (-4.50208148243672, -3.2058287302913215, 2.8547222928722054)
[mavic_controller-7] [DEBUG] [1766071031.512332273] [Mavic_2_PRO_3_Controller]: id: 3, gps: (-4.314768304956152, -2.3587764249397787, 2.8549824271008553)
[mavic_controller-5] [DEBUG] [1766071031.512473771] [Mavic_2_PRO_2_Controller]: id: 2, vel: (-0.7595964215127172, -0.6397807252139869, 0.31576998617163743)
[mavic_controller-7] [DEBUG] [1766071031.512478178] [Mavic_2_PRO_3_Controller]: id: 3, vel: (-0.7577698610808624, -0.6171505037782866, 0.31671612273068167)
[mavic_controller-3] [DEBUG] [1766071031.512757095] [Mavic_2_PRO_1_Controller]: Time(nanoseconds=11304000000, clock_type=ROS_TIME)
[mavic_controller-3] [DEBUG] [1766071031.513135442] [Mavic_2_PRO_1_Controller]: flag: (-7.4311634968169376, -5.388654700958053, 3.6949291066242047)
[mavic_controller-3] [DEBUG] [1766071031.513488788] [Mavic_2_PRO_1_Controller]: BODY id: 1, v_b: [ 0.99875258 -0.04993272  0.42035139], angular: -0.049953489570789454
[mavic_controller-3] [DEBUG] [1766071031.513840383] [Mavic_2_PRO_1_Controller]: WORLD id: 1, v: [-0.80919854 -0.58753529  0.42035139]
[mavic_controller-3] [DEBUG] [1766071031.514185885] [Mavic_2_PRO_1_Controller]: id: 1, gps: (-4.69931951141195, -4.0520056429308235, 2.848508225054464)
[mavic_controller-3] [DEBUG] [1766071031.514538070] [Mavic_2_PRO_1_Controller]: id: 1, vel: (-0.7617586633255692, -0.6578057064331062, 0.3149234105007312)
[mavic_controller-5] [DEBUG] [1766071031.547088390] [Mavic_2_PRO_2_Controller]: Time(nanoseconds=11400000000, clock_type=ROS_TIME)
[mavic_controller-7] [DEBUG] [1766071031.547227703] [Mavic_2_PRO_3_Controller]: Time(nanoseconds=11400000000, clock_type=ROS_TIME)
[mavic_controller-5] [DEBUG] [1766071031.547277970] [Mavic_2_PRO_2_Controller]: flag: (-7.4311634968169376, -5.388654700958053, 3.6949291066242047)
[mavic_controller-5] [DEBUG] [1766071031.547425695] [Mavic_2_PRO_2_Controller]: BODY id: 2, v_b: [ 0.99977241 -0.02133361  0.40753622], angular: -0.021335232836032562
[mavic_controller-7] [DEBUG] [1766071031.547439019] [Mavic_2_PRO_3_Controller]: flag: (-7.4311634968169376, -5.388654700958053, 3.6949291066242047)
[mavic_controller-3] [DEBUG] [1766071031.547442314] [Mavic_2_PRO_1_Controller]: Time(nanoseconds=11408000000, clock_type=ROS_TIME)
[mavic_controller-5] [DEBUG] [1766071031.547598371] [Mavic_2_PRO_2_Controller]: WORLD id: 2, v: [-0.8007325  -0.59902209  0.40753622]
[mavic_controller-5] [DEBUG] [1766071031.547819043] [Mavic_2_PRO_2_Controller]: id: 2, gps: (-4.575412501125331, -3.267469308263808, 2.8852099129771602)
[mavic_controller-3] [DEBUG] [1766071031.547638318] [Mavic_2_PRO_1_Controller]: flag: (-7.4311634968169376, -5.388654700958053, 3.6949291066242047)
[mavic_controller-3] [DEBUG] [1766071031.547794687] [Mavic_2_PRO_1_Controller]: BODY id: 1, v_b: [ 0.99861588 -0.05259594  0.40517123], angular: -0.0526202245156567
[mavic_controller-3] [DEBUG] [1766071031.547939234] [Mavic_2_PRO_1_Controller]: WORLD id: 1, v: [-0.81218774 -0.58339616  0.40517123]
[mavic_controller-7] [DEBUG] [1766071031.547656351] [Mavic_2_PRO_3_Controller]: BODY id: 3, v_b: [0.99993229 0.01163712 0.40484402], angular: 0.011637386135909485
[mavic_controller-5] [DEBUG] [1766071031.547968856] [Mavic_2_PRO_2_Controller]: id: 2, vel: (-0.7596666624385587, -0.6374925692273447, 0.31586942724121)
[mavic_controller-3] [DEBUG] [1766071031.548088752] [Mavic_2_PRO_1_Controller]: id: 1, gps: (-4.7728465236609905, -4.115361442196032, 2.8789136622131437)
[mavic_controller-7] [DEBUG] [1766071031.548097107] [Mavic_2_PRO_3_Controller]: WORLD id: 3, v: [-0.79435387 -0.60745529  0.40484402]
[mavic_controller-3] [DEBUG] [1766071031.548227480] [Mavic_2_PRO_1_Controller]: id: 1, vel: (-0.7615808911867358, -0.6550343336348958, 0.31501697792760297)
[mavic_controller-7] [DEBUG] [1766071031.548489864] [Mavic_2_PRO_3_Controller]: id: 3, gps: (-4.387946816679411, -2.4182343962934922, 2.8855608020796892)
[mavic_controller-7] [DEBUG] [1766071031.548853260] [Mavic_2_PRO_3_Controller]: id: 3, vel: (-0.7583177641221569, -0.6148908479037716, 0.31680093571206963)
[mavic_controller-7] [DEBUG] [1766071031.614835894] [Mavic_2_PRO_3_Controller]: Time(nanoseconds=11504000000, clock_type=ROS_TIME)
[mavic_controller-5] [DEBUG] [1766071031.614849235] [Mavic_2_PRO_2_Controller]: Time(nanoseconds=11504000000, clock_type=ROS_TIME)
[mavic_controller-5] [DEBUG] [1766071031.615021202] [Mavic_2_PRO_2_Controller]: flag: (-7.4311634968169376, -5.388654700958053, 3.6949291066242047)
[mavic_controller-7] [DEBUG] [1766071031.615024130] [Mavic_2_PRO_3_Controller]: flag: (-7.4311634968169376, -5.388654700958053, 3.6949291066242047)
[mavic_controller-5] [DEBUG] [1766071031.615243061] [Mavic_2_PRO_2_Controller]: BODY id: 2, v_b: [ 0.99974378 -0.0226359   0.39095466], angular: -0.022637835061240945
[mavic_controller-7] [DEBUG] [1766071031.615262188] [Mavic_2_PRO_3_Controller]: BODY id: 3, v_b: [0.99989245 0.01466622 0.38831427], angular: 0.014666741619118812
[mavic_controller-5] [DEBUG] [1766071031.615652272] [Mavic_2_PRO_2_Controller]: WORLD id: 2, v: [-0.8022497  -0.59698862  0.39095466]
[mavic_controller-7] [DEBUG] [1766071031.615683692] [Mavic_2_PRO_3_Controller]: WORLD id: 3, v: [-0.79262105 -0.60971458  0.38831427]
[mavic_controller-5] [DEBUG] [1766071031.616082326] [Mavic_2_PRO_2_Controller]: id: 2, gps: (-4.654860689273615, -3.3339958708589696, 2.918249370775084)
[mavic_controller-7] [DEBUG] [1766071031.616269410] [Mavic_2_PRO_3_Controller]: id: 3, gps: (-4.467279980672822, -2.482408440677858, 2.9186965583845548)
[mavic_controller-7] [DEBUG] [1766071031.616567060] [Mavic_2_PRO_3_Controller]: id: 3, vel: (-0.7588242894238963, -0.6126123248238605, 0.31689342969430123)
[mavic_controller-3] [DEBUG] [1766071031.616369996] [Mavic_2_PRO_1_Controller]: Time(nanoseconds=11504000000, clock_type=ROS_TIME)
[mavic_controller-3] [DEBUG] [1766071031.616611959] [Mavic_2_PRO_1_Controller]: flag: (-7.4311634968169376, -5.388654700958053, 3.6949291066242047)
[mavic_controller-3] [DEBUG] [1766071031.616792414] [Mavic_2_PRO_1_Controller]: BODY id: 1, v_b: [ 0.99844226 -0.05579481  0.38871901], angular: -0.05582379724331347
[mavic_controller-5] [DEBUG] [1766071031.616484234] [Mavic_2_PRO_2_Controller]: id: 2, vel: (-0.7597270510345497, -0.634978292555438, 0.31598460622323205)
[mavic_controller-3] [DEBUG] [1766071031.616940012] [Mavic_2_PRO_1_Controller]: WORLD id: 1, v: [-0.81549163 -0.57876886  0.38871901]
[mavic_controller-3] [DEBUG] [1766071031.617084397] [Mavic_2_PRO_1_Controller]: id: 1, gps: (-4.8524815987156105, -4.18368722422256, 2.911865510847205)
[mavic_controller-3] [DEBUG] [1766071031.617365208] [Mavic_2_PRO_1_Controller]: id: 1, vel: (-0.7614160992095801, -0.6518717799868096, 0.31516777744678054)
[mavic_controller-5] [DEBUG] [1766071031.650930087] [Mavic_2_PRO_2_Controller]: Time(nanoseconds=11600000000, clock_type=ROS_TIME)
[mavic_controller-7] [DEBUG] [1766071031.651102726] [Mavic_2_PRO_3_Controller]: Time(nanoseconds=11600000000, clock_type=ROS_TIME)
[mavic_controller-5] [DEBUG] [1766071031.651155101] [Mavic_2_PRO_2_Controller]: flag: (-7.4311634968169376, -5.388654700958053, 3.6949291066242047)
[mavic_controller-7] [DEBUG] [1766071031.651323163] [Mavic_2_PRO_3_Controller]: flag: (-7.4311634968169376, -5.388654700958053, 3.6949291066242047)
[mavic_controller-5] [DEBUG] [1766071031.651343230] [Mavic_2_PRO_2_Controller]: BODY id: 2, v_b: [ 0.9997146  -0.02388966  0.37564589], angular: -0.02389193072061924
[mavic_controller-7] [DEBUG] [1766071031.651512626] [Mavic_2_PRO_3_Controller]: BODY id: 3, v_b: [0.99984979 0.01733182 0.37304866], angular: 0.01733268397578907
[mavic_controller-5] [DEBUG] [1766071031.651542842] [Mavic_2_PRO_2_Controller]: WORLD id: 2, v: [-0.80371208 -0.59501839  0.37564589]
[mavic_controller-7] [DEBUG] [1766071031.651720675] [Mavic_2_PRO_3_Controller]: WORLD id: 3, v: [-0.79097337 -0.61185058  0.37304866]
[mavic_controller-7] [DEBUG] [1766071031.651910777] [Mavic_2_PRO_3_Controller]: id: 3, gps: (-4.540553877820226, -2.541442528091185, 2.949291149228444)
[mavic_controller-5] [DEBUG] [1766071031.651752263] [Mavic_2_PRO_2_Controller]: id: 2, gps: (-4.728202530989226, -3.3951701687211986, 2.948758619711369)
[mavic_controller-5] [DEBUG] [1766071031.651941041] [Mavic_2_PRO_2_Controller]: id: 2, vel: (-0.7597760781869651, -0.6326266836349266, 0.316101200525901)
[mavic_controller-7] [DEBUG] [1766071031.652092514] [Mavic_2_PRO_3_Controller]: id: 3, vel: (-0.7592207396540943, -0.610661669078962, 0.3169617353868334)
[mavic_controller-3] [DEBUG] [1766071031.652553969] [Mavic_2_PRO_1_Controller]: Time(nanoseconds=11600000000, clock_type=ROS_TIME)
[mavic_controller-3] [DEBUG] [1766071031.653029461] [Mavic_2_PRO_1_Controller]: flag: (-7.4311634968169376, -5.388654700958053, 3.6949291066242047)
[mavic_controller-3] [DEBUG] [1766071031.653466079] [Mavic_2_PRO_1_Controller]: BODY id: 1, v_b: [ 0.99831469 -0.05803265  0.37479119], angular: -0.058065273618268264
[mavic_controller-3] [DEBUG] [1766071031.653904555] [Mavic_2_PRO_1_Controller]: WORLD id: 1, v: [-0.81833534 -0.57474105  0.37479119]
[mavic_controller-3] [DEBUG] [1766071031.654323392] [Mavic_2_PRO_1_Controller]: id: 1, gps: (-4.919854060071751, -4.241236491748289, 2.9397622864453554)
[mavic_controller-3] [DEBUG] [1766071031.654766777] [Mavic_2_PRO_1_Controller]: id: 1, vel: (-0.7613399489937444, -0.6490487141052498, 0.31533157765527325)
[mavic_controller-7] [DEBUG] [1766071031.673006725] [Mavic_2_PRO_3_Controller]: Time(nanoseconds=11704000000, clock_type=ROS_TIME)
[mavic_controller-7] [DEBUG] [1766071031.673313496] [Mavic_2_PRO_3_Controller]: flag: (-7.4311634968169376, -5.388654700958053, 3.6949291066242047)
[mavic_controller-7] [DEBUG] [1766071031.673485127] [Mavic_2_PRO_3_Controller]: BODY id: 3, v_b: [0.99979903 0.02004757 0.35650307], angular: 0.020048909697907166
[mavic_controller-7] [DEBUG] [1766071031.673635487] [Mavic_2_PRO_3_Controller]: WORLD id: 3, v: [-0.78915198 -0.61419798  0.35650307]
[mavic_controller-7] [DEBUG] [1766071031.673834858] [Mavic_2_PRO_3_Controller]: id: 3, gps: (-4.619971355802106, -2.6051949882950534, 2.9824423457327316)
[mavic_controller-7] [DEBUG] [1766071031.673989686] [Mavic_2_PRO_3_Controller]: id: 3, vel: (-0.759557388650866, -0.6087417009622095, 0.3170305629882723)
[mavic_controller-5] [DEBUG] [1766071031.674329355] [Mavic_2_PRO_2_Controller]: Time(nanoseconds=11704000000, clock_type=ROS_TIME)
[mavic_controller-5] [DEBUG] [1766071031.674724759] [Mavic_2_PRO_2_Controller]: flag: (-7.4311634968169376, -5.388654700958053, 3.6949291066242047)
[mavic_controller-5] [DEBUG] [1766071031.674906126] [Mavic_2_PRO_2_Controller]: BODY id: 2, v_b: [ 0.99968009 -0.02529249  0.35905869], angular: -0.025295190466393693
[mavic_controller-3] [DEBUG] [1766071031.674741527] [Mavic_2_PRO_1_Controller]: Time(nanoseconds=11704000000, clock_type=ROS_TIME)
[mavic_controller-5] [DEBUG] [1766071031.675056344] [Mavic_2_PRO_2_Controller]: WORLD id: 2, v: [-0.80536014 -0.59278583  0.35905869]
[mavic_controller-3] [DEBUG] [1766071031.675145561] [Mavic_2_PRO_1_Controller]: flag: (-7.4311634968169376, -5.388654700958053, 3.6949291066242047)
[mavic_controller-5] [DEBUG] [1766071031.675199560] [Mavic_2_PRO_2_Controller]: id: 2, gps: (-4.807661491554571, -3.4611839037363192, 2.9818231874662544)
[mavic_controller-5] [DEBUG] [1766071031.675342725] [Mavic_2_PRO_2_Controller]: id: 2, vel: (-0.7598244157966236, -0.630042537395379, 0.31622913217445797)
[mavic_controller-3] [DEBUG] [1766071031.675520101] [Mavic_2_PRO_1_Controller]: BODY id: 1, v_b: [ 0.99811889 -0.06130804  0.35705486], angular: -0.06134650738952472
[mavic_controller-3] [DEBUG] [1766071031.675880965] [Mavic_2_PRO_1_Controller]: WORLD id: 1, v: [-0.82200971 -0.56947347  0.35705486]
[mavic_controller-3] [DEBUG] [1766071031.676232461] [Mavic_2_PRO_1_Controller]: id: 1, gps: (-5.005593668010334, -4.314110424819123, 2.975288550976514)
[mavic_controller-3] [DEBUG] [1766071031.676592968] [Mavic_2_PRO_1_Controller]: id: 1, vel: (-0.761289135816794, -0.6452899462032072, 0.3155316457237063)
[mavic_controller-7] [DEBUG] [1766071031.684612301] [Mavic_2_PRO_3_Controller]: Time(nanoseconds=11800000000, clock_type=ROS_TIME)
[mavic_controller-5] [DEBUG] [1766071031.684698780] [Mavic_2_PRO_2_Controller]: Time(nanoseconds=11800000000, clock_type=ROS_TIME)
[mavic_controller-5] [DEBUG] [1766071031.684905238] [Mavic_2_PRO_2_Controller]: flag: (-7.4311634968169376, -5.388654700958053, 3.6949291066242047)
[mavic_controller-7] [DEBUG] [1766071031.684826595] [Mavic_2_PRO_3_Controller]: flag: (-7.4311634968169376, -5.388654700958053, 3.6949291066242047)
[mavic_controller-7] [DEBUG] [1766071031.684987451] [Mavic_2_PRO_3_Controller]: BODY id: 3, v_b: [0.99974964 0.02237541 0.34122352], angular: 0.02237728028440715
[mavic_controller-5] [DEBUG] [1766071031.685060113] [Mavic_2_PRO_2_Controller]: BODY id: 2, v_b: [ 0.99964563 -0.02661989  0.34374746], angular: -0.02662303588340932
[mavic_controller-7] [DEBUG] [1766071031.685144908] [Mavic_2_PRO_3_Controller]: WORLD id: 3, v: [-0.78745249 -0.61637535  0.34122352]
[mavic_controller-5] [DEBUG] [1766071031.685208934] [Mavic_2_PRO_2_Controller]: WORLD id: 2, v: [-0.80693624 -0.59063855  0.34374746]
[mavic_controller-7] [DEBUG] [1766071031.685297253] [Mavic_2_PRO_3_Controller]: id: 3, gps: (-4.6933063335936165, -2.663875336611341, 3.01305017261472)
[mavic_controller-5] [DEBUG] [1766071031.685358063] [Mavic_2_PRO_2_Controller]: id: 2, gps: (-4.881012879458799, -3.5218774598649816, 3.0123557490495787)
[mavic_controller-7] [DEBUG] [1766071031.685454444] [Mavic_2_PRO_3_Controller]: id: 3, vel: (-0.7597805139832201, -0.6071595766451247, 0.31710007412370544)
[mavic_controller-5] [DEBUG] [1766071031.685506417] [Mavic_2_PRO_2_Controller]: id: 2, vel: (-0.7598748587928331, -0.6276101066540551, 0.3163388304947923)
[mavic_controller-3] [DEBUG] [1766071031.686172510] [Mavic_2_PRO_1_Controller]: Time(nanoseconds=11800000000, clock_type=ROS_TIME)
[mavic_controller-3] [DEBUG] [1766071031.686547025] [Mavic_2_PRO_1_Controller]: flag: (-7.4311634968169376, -5.388654700958053, 3.6949291066242047)
[mavic_controller-3] [DEBUG] [1766071031.686902080] [Mavic_2_PRO_1_Controller]: BODY id: 1, v_b: [ 0.99801362 -0.06299854  0.34691485], angular: -0.06304028668171383
[mavic_controller-3] [DEBUG] [1766071031.687248303] [Mavic_2_PRO_1_Controller]: WORLD id: 1, v: [-0.82413359 -0.56639547  0.34691485]
[mavic_controller-3] [DEBUG] [1766071031.687604415] [Mavic_2_PRO_1_Controller]: id: 1, gps: (-5.054587360065369, -4.355558506431716, 2.9955970062471433)
[mavic_controller-3] [DEBUG] [1766071031.687960718] [Mavic_2_PRO_1_Controller]: id: 1, vel: (-0.7613165943998871, -0.6430491062403263, 0.3155862967179792)
[mavic_controller-5] [DEBUG] [1766071031.699353436] [Mavic_2_PRO_2_Controller]: Time(nanoseconds=11904000000, clock_type=ROS_TIME)
[mavic_controller-5] [DEBUG] [1766071031.699733544] [Mavic_2_PRO_2_Controller]: flag: (-7.4311634968169376, -5.388654700958053, 3.6949291066242047)
[mavic_controller-3] [DEBUG] [1766071031.700115003] [Mavic_2_PRO_1_Controller]: Time(nanoseconds=11904000000, clock_type=ROS_TIME)
[mavic_controller-5] [DEBUG] [1766071031.700119716] [Mavic_2_PRO_2_Controller]: BODY id: 2, v_b: [ 0.99960617 -0.02806235  0.32716287], angular: -0.028066037615008012
[mavic_controller-7] [DEBUG] [1766071031.700148118] [Mavic_2_PRO_3_Controller]: Time(nanoseconds=11904000000, clock_type=ROS_TIME)
[mavic_controller-3] [DEBUG] [1766071031.700492523] [Mavic_2_PRO_1_Controller]: flag: (-7.4311634968169376, -5.388654700958053, 3.6949291066242047)
[mavic_controller-5] [DEBUG] [1766071031.700494512] [Mavic_2_PRO_2_Controller]: WORLD id: 2, v: [-0.80868982 -0.58823531  0.32716287]
[mavic_controller-5] [DEBUG] [1766071031.700711566] [Mavic_2_PRO_2_Controller]: id: 2, gps: (-4.9604822100872346, -3.5873614254438464, 3.045444872934639)
[mavic_controller-7] [DEBUG] [1766071031.700519484] [Mavic_2_PRO_3_Controller]: flag: (-7.4311634968169376, -5.388654700958053, 3.6949291066242047)
[mavic_controller-3] [DEBUG] [1766071031.700852559] [Mavic_2_PRO_1_Controller]: BODY id: 1, v_b: [ 0.99785517 -0.06546037  0.33169853], angular: -0.06550720975134612
[mavic_controller-5] [DEBUG] [1766071031.700872687] [Mavic_2_PRO_2_Controller]: id: 2, vel: (-0.7599215228545297, -0.6249385501412654, 0.3164619696633462)
[mavic_controller-7] [DEBUG] [1766071031.700876301] [Mavic_2_PRO_3_Controller]: BODY id: 3, v_b: [0.99969565 0.02466993 0.3246639 ], angular: 0.02467243642807152
[mavic_controller-3] [DEBUG] [1766071031.701210537] [Mavic_2_PRO_1_Controller]: WORLD id: 1, v: [-0.82734913 -0.56168801  0.33169853]
[mavic_controller-7] [DEBUG] [1766071031.701221511] [Mavic_2_PRO_3_Controller]: WORLD id: 3, v: [-0.78561151 -0.61872009  0.3246639 ]
[mavic_controller-3] [DEBUG] [1766071031.701557536] [Mavic_2_PRO_1_Controller]: id: 1, gps: (-5.128086796663906, -4.417454640012303, 3.026064327008861)
[mavic_controller-7] [DEBUG] [1766071031.701565434] [Mavic_2_PRO_3_Controller]: id: 3, gps: (-4.772772751844855, -2.7272838914293183, 3.046215777223058)
[mavic_controller-3] [DEBUG] [1766071031.701904974] [Mavic_2_PRO_1_Controller]: id: 1, vel: (-0.7614621495365618, -0.6396006564180474, 0.31563754724507215)
[mavic_controller-7] [DEBUG] [1766071031.701911697] [Mavic_2_PRO_3_Controller]: id: 3, vel: (-0.7599529697882633, -0.6056293603395171, 0.31716734685111936)
[mavic_controller-3] [DEBUG] [1766071031.710722294] [Mavic_2_PRO_1_Controller]: Time(nanoseconds=12000000000, clock_type=ROS_TIME)
[mavic_controller-3] [DEBUG] [1766071031.710905231] [Mavic_2_PRO_1_Controller]: flag: (-7.4311634968169376, -5.388654700958053, 3.6949291066242047)
[mavic_controller-3] [DEBUG] [1766071031.711074250] [Mavic_2_PRO_1_Controller]: BODY id: 1, v_b: [ 0.99766887 -0.06824088  0.31393627], angular: -0.06829395563503694
[mavic_controller-3] [DEBUG] [1766071031.711242668] [Mavic_2_PRO_1_Controller]: WORLD id: 1, v: [-0.83115008 -0.55604815  0.31393627]
[mavic_controller-7] [DEBUG] [1766071031.711318410] [Mavic_2_PRO_3_Controller]: Time(nanoseconds=12000000000, clock_type=ROS_TIME)
[mavic_controller-3] [DEBUG] [1766071031.711408622] [Mavic_2_PRO_1_Controller]: id: 1, gps: (-5.213865642214028, -4.489241258760785, 3.0616201940079706)
[mavic_controller-7] [DEBUG] [1766071031.711519420] [Mavic_2_PRO_3_Controller]: flag: (-7.4311634968169376, -5.388654700958053, 3.6949291066242047)
[mavic_controller-7] [DEBUG] [1766071031.711722292] [Mavic_2_PRO_3_Controller]: BODY id: 3, v_b: [0.99964699 0.02656857 0.30937226], angular: 0.026571697815953157
[mavic_controller-3] [DEBUG] [1766071031.711579344] [Mavic_2_PRO_1_Controller]: id: 1, vel: (-0.7618617864489399, -0.6354767336680213, 0.31578830222848436)
[mavic_controller-7] [DEBUG] [1766071031.711880413] [Mavic_2_PRO_3_Controller]: WORLD id: 3, v: [-0.7839294  -0.62084998  0.30937226]
[mavic_controller-7] [DEBUG] [1766071031.712028962] [Mavic_2_PRO_3_Controller]: id: 3, gps: (-4.846138111597867, -2.785682301526477, 3.076836793657185)
[mavic_controller-7] [DEBUG] [1766071031.712175495] [Mavic_2_PRO_3_Controller]: id: 3, vel: (-0.7600204164737175, -0.6044082622971014, 0.31723561531309497)
[mavic_controller-5] [DEBUG] [1766071031.712571876] [Mavic_2_PRO_2_Controller]: Time(nanoseconds=12000000000, clock_type=ROS_TIME)
[mavic_controller-5] [DEBUG] [1766071031.713000165] [Mavic_2_PRO_2_Controller]: flag: (-7.4311634968169376, -5.388654700958053, 3.6949291066242047)
[mavic_controller-5] [DEBUG] [1766071031.713366911] [Mavic_2_PRO_2_Controller]: BODY id: 2, v_b: [ 0.99957169 -0.02926509  0.31312944], angular: -0.029269264195159198
[mavic_controller-5] [DEBUG] [1766071031.713741249] [Mavic_2_PRO_2_Controller]: WORLD id: 2, v: [-0.81019731 -0.58615725  0.31312944]
[mavic_controller-5] [DEBUG] [1766071031.714135054] [Mavic_2_PRO_2_Controller]: id: 2, gps: (-5.027730023087562, -3.6425504959665242, 3.073453077596696)
[mavic_controller-5] [DEBUG] [1766071031.714514214] [Mavic_2_PRO_2_Controller]: id: 2, vel: (-0.7599817966082617, -0.622626955074934, 0.3165599770779805)
[mavic_controller-7] [DEBUG] [1766071031.726006961] [Mavic_2_PRO_3_Controller]: Time(nanoseconds=12104000000, clock_type=ROS_TIME)
[mavic_controller-3] [DEBUG] [1766071031.726043836] [Mavic_2_PRO_1_Controller]: Time(nanoseconds=12104000000, clock_type=ROS_TIME)
[mavic_controller-7] [DEBUG] [1766071031.726186124] [Mavic_2_PRO_3_Controller]: flag: (-7.4311634968169376, -5.388654700958053, 3.6949291066242047)
[mavic_controller-3] [DEBUG] [1766071031.726217890] [Mavic_2_PRO_1_Controller]: flag: (-7.4311634968169376, -5.388654700958053, 3.6949291066242047)
[mavic_controller-7] [DEBUG] [1766071031.726333829] [Mavic_2_PRO_3_Controller]: BODY id: 3, v_b: [0.99959774 0.02836123 0.29280082], angular: 0.028365032894974183
[mavic_controller-3] [DEBUG] [1766071031.726385742] [Mavic_2_PRO_1_Controller]: BODY id: 1, v_b: [ 0.99745156 -0.07134698  0.29362294], angular: -0.07140765456163714
[mavic_controller-7] [DEBUG] [1766071031.726477875] [Mavic_2_PRO_3_Controller]: WORLD id: 3, v: [-0.782146   -0.62309521  0.29280082]
[mavic_controller-3] [DEBUG] [1766071031.726602352] [Mavic_2_PRO_1_Controller]: WORLD id: 1, v: [-0.83556968 -0.54938448  0.29362294]
[mavic_controller-3] [DEBUG] [1766071031.726812015] [Mavic_2_PRO_1_Controller]: id: 1, gps: (-5.311975507392692, -4.570709612646702, 3.10228055181962)
[mavic_controller-7] [DEBUG] [1766071031.726651491] [Mavic_2_PRO_3_Controller]: id: 3, gps: (-4.9256216710500045, -2.8488227490028906, 3.110014795754968)
[mavic_controller-7] [DEBUG] [1766071031.726806398] [Mavic_2_PRO_3_Controller]: id: 3, vel: (-0.7600393918196211, -0.6032398894925262, 0.317258081920835)
[mavic_controller-3] [DEBUG] [1766071031.726961004] [Mavic_2_PRO_1_Controller]: id: 1, vel: (-0.7626369769162291, -0.6307081915513432, 0.3159914878531795)
[mavic_controller-5] [DEBUG] [1766071031.727177412] [Mavic_2_PRO_2_Controller]: Time(nanoseconds=12112000000, clock_type=ROS_TIME)
[mavic_controller-5] [DEBUG] [1766071031.727537621] [Mavic_2_PRO_2_Controller]: flag: (-7.4311634968169376, -5.388654700958053, 3.6949291066242047)
[mavic_controller-5] [DEBUG] [1766071031.727886188] [Mavic_2_PRO_2_Controller]: BODY id: 2, v_b: [ 0.99953707 -0.03042439  0.29909409], angular: -0.030429082852196972
[mavic_controller-5] [DEBUG] [1766071031.728223341] [Mavic_2_PRO_2_Controller]: WORLD id: 2, v: [-0.81171155 -0.58405853  0.29909409]
[mavic_controller-5] [DEBUG] [1766071031.728562672] [Mavic_2_PRO_2_Controller]: id: 2, gps: (-5.094982328542056, -3.697535177331059, 3.1014700106103277)
[mavic_controller-5] [DEBUG] [1766071031.728913615] [Mavic_2_PRO_2_Controller]: id: 2, vel: (-0.7600375270859269, -0.6203078577069177, 0.3166518501437024)
[mavic_controller-5] [DEBUG] [1766071031.736550449] [Mavic_2_PRO_2_Controller]: Time(nanoseconds=12200000000, clock_type=ROS_TIME)
[mavic_controller-5] [DEBUG] [1766071031.736735151] [Mavic_2_PRO_2_Controller]: flag: (-7.4311634968169376, -5.388654700958053, 3.6949291066242047)
[mavic_controller-5] [DEBUG] [1766071031.736900024] [Mavic_2_PRO_2_Controller]: BODY id: 2, v_b: [ 0.99949711 -0.03171     0.28250703], angular: -0.03171531782349336
[mavic_controller-7] [DEBUG] [1766071031.736763644] [Mavic_2_PRO_3_Controller]: Time(nanoseconds=12200000000, clock_type=ROS_TIME)
[mavic_controller-7] [DEBUG] [1766071031.736938969] [Mavic_2_PRO_3_Controller]: flag: (-7.4311634968169376, -5.388654700958053, 3.6949291066242047)
[mavic_controller-5] [DEBUG] [1766071031.737045050] [Mavic_2_PRO_2_Controller]: WORLD id: 2, v: [-0.8134926  -0.58157527  0.28250703]
[mavic_controller-7] [DEBUG] [1766071031.737087046] [Mavic_2_PRO_3_Controller]: BODY id: 3, v_b: [0.99955719 0.02975596 0.27750243], angular: 0.029760347842021716
[mavic_controller-5] [DEBUG] [1766071031.737190061] [Mavic_2_PRO_2_Controller]: id: 2, gps: (-5.174471417998542, -3.762250945372471, 3.134587326967882)
[mavic_controller-7] [DEBUG] [1766071031.737230937] [Mavic_2_PRO_3_Controller]: WORLD id: 3, v: [-0.78055337 -0.62508914  0.27750243]
[mavic_controller-5] [DEBUG] [1766071031.737334543] [Mavic_2_PRO_2_Controller]: id: 2, vel: (-0.7601509346383802, -0.6175482266948474, 0.31668083509182765)
[mavic_controller-7] [DEBUG] [1766071031.737373582] [Mavic_2_PRO_3_Controller]: id: 3, gps: (-4.9989875215872415, -2.907008063944946, 3.140638037245247)
[mavic_controller-7] [DEBUG] [1766071031.737534924] [Mavic_2_PRO_3_Controller]: id: 3, vel: (-0.7599588658230018, -0.6023496626424295, 0.3171762480482247)
[mavic_controller-3] [DEBUG] [1766071031.737826272] [Mavic_2_PRO_1_Controller]: Time(nanoseconds=12200000000, clock_type=ROS_TIME)
[mavic_controller-3] [DEBUG] [1766071031.738198387] [Mavic_2_PRO_1_Controller]: flag: (-7.4311634968169376, -5.388654700958053, 3.6949291066242047)
[mavic_controller-3] [DEBUG] [1766071031.738556365] [Mavic_2_PRO_1_Controller]: BODY id: 1, v_b: [ 0.99731292 -0.07325938  0.28092156], angular: -0.07332507300593155
[mavic_controller-3] [DEBUG] [1766071031.738929807] [Mavic_2_PRO_1_Controller]: WORLD id: 1, v: [-0.83837728 -0.54509039  0.28092156]
[mavic_controller-3] [DEBUG] [1766071031.739297418] [Mavic_2_PRO_1_Controller]: id: 1, gps: (-5.373354650353843, -4.62131129286363, 3.1277038220926223)
[mavic_controller-3] [DEBUG] [1766071031.739675082] [Mavic_2_PRO_1_Controller]: id: 1, vel: (-0.7633159558813146, -0.6276232778151258, 0.3160497816512593)
[mavic_controller-7] [DEBUG] [1766071031.750703334] [Mavic_2_PRO_3_Controller]: Time(nanoseconds=12304000000, clock_type=ROS_TIME)
[mavic_controller-7] [DEBUG] [1766071031.750893620] [Mavic_2_PRO_3_Controller]: flag: (-7.4311634968169376, -5.388654700958053, 3.6949291066242047)
[mavic_controller-7] [DEBUG] [1766071031.751039812] [Mavic_2_PRO_3_Controller]: BODY id: 3, v_b: [0.99952049 0.03096436 0.26093535], angular: 0.030969311454170815
[mavic_controller-7] [DEBUG] [1766071031.751181189] [Mavic_2_PRO_3_Controller]: WORLD id: 3, v: [-0.77890513 -0.62714177  0.26093535]
[mavic_controller-7] [DEBUG] [1766071031.751321185] [Mavic_2_PRO_3_Controller]: id: 3, gps: (-5.078454614118657, -2.9699537743426228, 3.17379052126502)
[mavic_controller-5] [DEBUG] [1766071031.751400038] [Mavic_2_PRO_2_Controller]: Time(nanoseconds=12304000000, clock_type=ROS_TIME)
[mavic_controller-5] [DEBUG] [1766071031.751585236] [Mavic_2_PRO_2_Controller]: flag: (-7.4311634968169376, -5.388654700958053, 3.6949291066242047)
[mavic_controller-5] [DEBUG] [1766071031.751735929] [Mavic_2_PRO_2_Controller]: BODY id: 2, v_b: [ 0.99945375 -0.03304855  0.26338209], angular: -0.03305457119126316
[mavic_controller-7] [DEBUG] [1766071031.751460362] [Mavic_2_PRO_3_Controller]: id: 3, vel: (-0.7598025473699016, -0.6015396489279652, 0.31681562387833784)
[mavic_controller-5] [DEBUG] [1766071031.751882142] [Mavic_2_PRO_2_Controller]: WORLD id: 2, v: [-0.81552129 -0.57872708  0.26338209]
[mavic_controller-5] [DEBUG] [1766071031.752023593] [Mavic_2_PRO_2_Controller]: id: 2, gps: (-5.26620996151048, -3.8365634563881845, 3.172791699421403)
[mavic_controller-3] [DEBUG] [1766071031.752108083] [Mavic_2_PRO_1_Controller]: Time(nanoseconds=12304000000, clock_type=ROS_TIME)
[mavic_controller-5] [DEBUG] [1766071031.752163229] [Mavic_2_PRO_2_Controller]: id: 2, vel: (-0.760368926202193, -0.6143645489365338, 0.31649055714479163)
[mavic_controller-3] [DEBUG] [1766071031.752469051] [Mavic_2_PRO_1_Controller]: flag: (-7.4311634968169376, -5.388654700958053, 3.6949291066242047)
[mavic_controller-3] [DEBUG] [1766071031.752817984] [Mavic_2_PRO_1_Controller]: BODY id: 1, v_b: [ 0.99715802 -0.0753384   0.2669494 ], angular: -0.07540984633914405
[mavic_controller-3] [DEBUG] [1766071031.753151239] [Mavic_2_PRO_1_Controller]: WORLD id: 1, v: [-0.84150551 -0.54024854  0.2669494 ]
[mavic_controller-3] [DEBUG] [1766071031.753488090] [Mavic_2_PRO_1_Controller]: id: 1, gps: (-5.44093927340211, -4.676685826871822, 3.1556664035865203)
[mavic_controller-3] [DEBUG] [1766071031.753827668] [Mavic_2_PRO_1_Controller]: id: 1, vel: (-0.7641629488596947, -0.6242064669234044, 0.3159293878992602)
[mavic_controller-5] [DEBUG] [1766071031.763744037] [Mavic_2_PRO_2_Controller]: Time(nanoseconds=12408000000, clock_type=ROS_TIME)
[mavic_controller-5] [DEBUG] [1766071031.763920437] [Mavic_2_PRO_2_Controller]: flag: (-7.4311634968169376, -5.388654700958053, 3.6949291066242047)
[mavic_controller-5] [DEBUG] [1766071031.764067008] [Mavic_2_PRO_2_Controller]: BODY id: 2, v_b: [ 0.99942205 -0.0339935   0.24811018], angular: -0.03400004622899777
[mavic_controller-3] [DEBUG] [1766071031.764070993] [Mavic_2_PRO_1_Controller]: Time(nanoseconds=12400000000, clock_type=ROS_TIME)
[mavic_controller-5] [DEBUG] [1766071031.764216015] [Mavic_2_PRO_2_Controller]: WORLD id: 2, v: [-0.81711645 -0.57647265  0.24811018]
[mavic_controller-7] [DEBUG] [1766071031.764236859] [Mavic_2_PRO_3_Controller]: Time(nanoseconds=12408000000, clock_type=ROS_TIME)
[mavic_controller-5] [DEBUG] [1766071031.764359116] [Mavic_2_PRO_2_Controller]: id: 2, gps: (-5.339624895332239, -3.8957364196121276, 3.2033227957305916)
[mavic_controller-3] [DEBUG] [1766071031.764368344] [Mavic_2_PRO_1_Controller]: flag: (-7.4311634968169376, -5.388654700958053, 3.6949291066242047)
[mavic_controller-5] [DEBUG] [1766071031.764522623] [Mavic_2_PRO_2_Controller]: id: 2, vel: (-0.760637161577241, -0.611807085638423, 0.3160325184404605)
[mavic_controller-7] [DEBUG] [1766071031.764525779] [Mavic_2_PRO_3_Controller]: flag: (-7.4311634968169376, -5.388654700958053, 3.6949291066242047)
[mavic_controller-7] [DEBUG] [1766071031.764683169] [Mavic_2_PRO_3_Controller]: BODY id: 3, v_b: [0.99950043 0.03160509 0.24693325], angular: 0.03161035758697755
[mavic_controller-7] [DEBUG] [1766071031.764832412] [Mavic_2_PRO_3_Controller]: WORLD id: 3, v: [-0.77758739 -0.62877488  0.24693325]
[mavic_controller-3] [DEBUG] [1766071031.764750483] [Mavic_2_PRO_1_Controller]: BODY id: 1, v_b: [ 0.99700033 -0.07739726  0.25298422], angular: -0.07747474616439645
[mavic_controller-7] [DEBUG] [1766071031.764976407] [Mavic_2_PRO_3_Controller]: id: 3, gps: (-5.145678931442531, -3.023157051671625, 3.201798427691216)
[mavic_controller-3] [DEBUG] [1766071031.765114980] [Mavic_2_PRO_1_Controller]: WORLD id: 1, v: [-0.84467208 -0.53528411  0.25298422]
[mavic_controller-7] [DEBUG] [1766071031.765119171] [Mavic_2_PRO_3_Controller]: id: 3, vel: (-0.7595881203411006, -0.6010011224491738, 0.3162063933062954)
[mavic_controller-3] [DEBUG] [1766071031.765451568] [Mavic_2_PRO_1_Controller]: id: 1, gps: (-5.5086059808766255, -4.731753476224261, 3.1836081464330808)
[mavic_controller-3] [DEBUG] [1766071031.765799224] [Mavic_2_PRO_1_Controller]: id: 1, vel: (-0.7651495371238646, -0.6207088947575429, 0.31559229920123055)
[mavic_controller-7] [DEBUG] [1766071031.775792865] [Mavic_2_PRO_3_Controller]: Time(nanoseconds=12504000000, clock_type=ROS_TIME)
[mavic_controller-5] [DEBUG] [1766071031.775793054] [Mavic_2_PRO_2_Controller]: Time(nanoseconds=12504000000, clock_type=ROS_TIME)
[mavic_controller-7] [DEBUG] [1766071031.775978605] [Mavic_2_PRO_3_Controller]: flag: (-7.4311634968169376, -5.388654700958053, 3.6949291066242047)
[mavic_controller-7] [DEBUG] [1766071031.776135128] [Mavic_2_PRO_3_Controller]: BODY id: 3, v_b: [0.9994764  0.03235631 0.22915683], angular: 0.03236195726590877
[mavic_controller-5] [DEBUG] [1766071031.775980734] [Mavic_2_PRO_2_Controller]: flag: (-7.4311634968169376, -5.388654700958053, 3.6949291066242047)
[mavic_controller-5] [DEBUG] [1766071031.776154941] [Mavic_2_PRO_2_Controller]: BODY id: 2, v_b: [ 0.99939152 -0.03487953  0.23161464], angular: -0.03488660604480463
[mavic_controller-7] [DEBUG] [1766071031.776290700] [Mavic_2_PRO_3_Controller]: WORLD id: 3, v: [-0.77603279 -0.63069256  0.22915683]
[mavic_controller-5] [DEBUG] [1766071031.776299518] [Mavic_2_PRO_2_Controller]: WORLD id: 2, v: [-0.8188093  -0.57406561  0.23161464]
[mavic_controller-7] [DEBUG] [1766071031.776437192] [Mavic_2_PRO_3_Controller]: id: 3, gps: (-5.23120586450468, -3.0908091569543465, 3.237338557073925)
[mavic_controller-5] [DEBUG] [1766071031.776444209] [Mavic_2_PRO_2_Controller]: id: 2, gps: (-5.419190425613725, -3.9595632142667205, 3.236323222626604)
[mavic_controller-7] [DEBUG] [1766071031.776579561] [Mavic_2_PRO_3_Controller]: id: 3, vel: (-0.7592377699675966, -0.6004632917890106, 0.3149181410233596)
[mavic_controller-5] [DEBUG] [1766071031.776586190] [Mavic_2_PRO_2_Controller]: id: 2, vel: (-0.7609942105288063, -0.6090515352750209, 0.31506372514302533)
[mavic_controller-3] [DEBUG] [1766071031.777084448] [Mavic_2_PRO_1_Controller]: Time(nanoseconds=12504000000, clock_type=ROS_TIME)
[mavic_controller-3] [DEBUG] [1766071031.777449544] [Mavic_2_PRO_1_Controller]: flag: (-7.4311634968169376, -5.388654700958053, 3.6949291066242047)
[mavic_controller-3] [DEBUG] [1766071031.777802516] [Mavic_2_PRO_1_Controller]: BODY id: 1, v_b: [ 0.99685419 -0.0792573   0.24030387], angular: -0.07934051782980156
[mavic_controller-3] [DEBUG] [1766071031.778171601] [Mavic_2_PRO_1_Controller]: WORLD id: 1, v: [-0.84758213 -0.53066425  0.24030387]
[mavic_controller-3] [DEBUG] [1766071031.778514027] [Mavic_2_PRO_1_Controller]: id: 1, gps: (-5.570202427292609, -4.781543761482314, 3.2089735380557864)
[mavic_controller-3] [DEBUG] [1766071031.778873506] [Mavic_2_PRO_1_Controller]: id: 1, vel: (-0.766153781283005, -0.6174919784715747, 0.3150490790511148)
[mavic_controller-7] [DEBUG] [1766071031.789744088] [Mavic_2_PRO_3_Controller]: Time(nanoseconds=12600000000, clock_type=ROS_TIME)
[mavic_controller-5] [DEBUG] [1766071031.789745146] [Mavic_2_PRO_2_Controller]: Time(nanoseconds=12600000000, clock_type=ROS_TIME)
[mavic_controller-5] [DEBUG] [1766071031.789928779] [Mavic_2_PRO_2_Controller]: flag: (-7.4311634968169376, -5.388654700958053, 3.6949291066242047)
[mavic_controller-7] [DEBUG] [1766071031.789929733] [Mavic_2_PRO_3_Controller]: flag: (-7.4311634968169376, -5.388654700958053, 3.6949291066242047)
[mavic_controller-7] [DEBUG] [1766071031.790077753] [Mavic_2_PRO_3_Controller]: BODY id: 3, v_b: [0.9994697  0.03256248 0.21398514], angular: 0.03256823996359391
[mavic_controller-5] [DEBUG] [1766071031.790078066] [Mavic_2_PRO_2_Controller]: BODY id: 2, v_b: [ 0.9993678  -0.03555285  0.2164546 ], angular: -0.035560345251210865
[mavic_controller-5] [DEBUG] [1766071031.790223432] [Mavic_2_PRO_2_Controller]: WORLD id: 2, v: [-0.8203279  -0.57189347  0.2164546 ]
[mavic_controller-7] [DEBUG] [1766071031.790223755] [Mavic_2_PRO_3_Controller]: WORLD id: 3, v: [-0.77483209 -0.63216709  0.21398514]
[mavic_controller-7] [DEBUG] [1766071031.790366823] [Mavic_2_PRO_3_Controller]: id: 3, gps: (-5.304478492374513, -3.1487565537668174, 3.2676568110247084)
[mavic_controller-5] [DEBUG] [1766071031.790372194] [Mavic_2_PRO_2_Controller]: id: 2, gps: (-5.492672200207057, -4.018223732409086, 3.266666869671659)
[mavic_controller-7] [DEBUG] [1766071031.790509405] [Mavic_2_PRO_3_Controller]: id: 3, vel: (-0.7588564690554246, -0.600141791309456, 0.31326150075387255)
[mavic_controller-5] [DEBUG] [1766071031.790512937] [Mavic_2_PRO_2_Controller]: id: 2, vel: (-0.7613835089651197, -0.6065003885483294, 0.3136229783166954)
[mavic_controller-3] [DEBUG] [1766071031.791125144] [Mavic_2_PRO_1_Controller]: Time(nanoseconds=12600000000, clock_type=ROS_TIME)
[mavic_controller-3] [DEBUG] [1766071031.791496548] [Mavic_2_PRO_1_Controller]: flag: (-7.4311634968169376, -5.388654700958053, 3.6949291066242047)
[mavic_controller-3] [DEBUG] [1766071031.791849140] [Mavic_2_PRO_1_Controller]: BODY id: 1, v_b: [ 0.99666003 -0.08166268  0.22386031], angular: -0.08175372238886666
[mavic_controller-3] [DEBUG] [1766071031.792190994] [Mavic_2_PRO_1_Controller]: WORLD id: 1, v: [-0.85140717 -0.52450531  0.22386031]
[mavic_controller-3] [DEBUG] [1766071031.792530231] [Mavic_2_PRO_1_Controller]: id: 1, gps: (-5.650408781477695, -4.845878640001474, 3.2418623579041315)
[mavic_controller-3] [DEBUG] [1766071031.792876857] [Mavic_2_PRO_1_Controller]: id: 1, vel: (-0.7676451372624863, -0.6132151097287903, 0.313931126570861)
[mavic_controller-7] [DEBUG] [1766071031.803506699] [Mavic_2_PRO_3_Controller]: Time(nanoseconds=12704000000, clock_type=ROS_TIME)
[mavic_controller-5] [DEBUG] [1766071031.803630688] [Mavic_2_PRO_2_Controller]: Time(nanoseconds=12704000000, clock_type=ROS_TIME)
[mavic_controller-7] [DEBUG] [1766071031.803711602] [Mavic_2_PRO_3_Controller]: flag: (-7.4311634968169376, -5.388654700958053, 3.6949291066242047)
[mavic_controller-7] [DEBUG] [1766071031.803873467] [Mavic_2_PRO_3_Controller]: BODY id: 3, v_b: [0.99947445 0.03241651 0.19765073], angular: 0.032422186986302254
[mavic_controller-5] [DEBUG] [1766071031.803837141] [Mavic_2_PRO_2_Controller]: flag: (-7.4311634968169376, -5.388654700958053, 3.6949291066242047)
[mavic_controller-5] [DEBUG] [1766071031.803989897] [Mavic_2_PRO_2_Controller]: BODY id: 2, v_b: [ 0.99934796 -0.03610609  0.20013206], angular: -0.03611394245760772
[mavic_controller-7] [DEBUG] [1766071031.804019519] [Mavic_2_PRO_3_Controller]: WORLD id: 3, v: [-0.77369609 -0.63355691  0.19765073]
[mavic_controller-5] [DEBUG] [1766071031.804135555] [Mavic_2_PRO_2_Controller]: WORLD id: 2, v: [-0.82191271 -0.56961346  0.20013206]
[mavic_controller-7] [DEBUG] [1766071031.804165930] [Mavic_2_PRO_3_Controller]: id: 3, gps: (-5.383811413095614, -3.2115051884171, 3.300284602734708)
[mavic_controller-5] [DEBUG] [1766071031.804277959] [Mavic_2_PRO_2_Controller]: id: 2, gps: (-5.572323173432313, -4.08149436333026, 3.2993455203728557)
[mavic_controller-7] [DEBUG] [1766071031.804311126] [Mavic_2_PRO_3_Controller]: id: 3, vel: (-0.7583642148476191, -0.599929206059647, 0.310793375680433)
[mavic_controller-5] [DEBUG] [1766071031.804418959] [Mavic_2_PRO_2_Controller]: id: 2, vel: (-0.761866410398184, -0.6037302268810754, 0.3113864360000866)
[mavic_controller-3] [DEBUG] [1766071031.805377845] [Mavic_2_PRO_1_Controller]: Time(nanoseconds=12704000000, clock_type=ROS_TIME)
[mavic_controller-3] [DEBUG] [1766071031.805797070] [Mavic_2_PRO_1_Controller]: flag: (-7.4311634968169376, -5.388654700958053, 3.6949291066242047)
[mavic_controller-3] [DEBUG] [1766071031.806162658] [Mavic_2_PRO_1_Controller]: BODY id: 1, v_b: [ 0.9964603  -0.08406469  0.20749118], angular: -0.08416402019950121
[mavic_controller-3] [DEBUG] [1766071031.806520480] [Mavic_2_PRO_1_Controller]: WORLD id: 1, v: [-0.85527729 -0.51817058  0.20749118]
[mavic_controller-3] [DEBUG] [1766071031.806898975] [Mavic_2_PRO_1_Controller]: id: 1, gps: (-5.730781745490443, -4.909761502166683, 3.2746041094713587)
[mavic_controller-3] [DEBUG] [1766071031.807258868] [Mavic_2_PRO_1_Controller]: id: 1, vel: (-0.7693320677580678, -0.6088428037543819, 0.31226521042071076)
[mavic_controller-5] [DEBUG] [1766071031.815727865] [Mavic_2_PRO_2_Controller]: Time(nanoseconds=12800000000, clock_type=ROS_TIME)
[mavic_controller-5] [DEBUG] [1766071031.815917318] [Mavic_2_PRO_2_Controller]: flag: (-7.4311634968169376, -5.388654700958053, 3.6949291066242047)
[mavic_controller-3] [DEBUG] [1766071031.815797213] [Mavic_2_PRO_1_Controller]: Time(nanoseconds=12800000000, clock_type=ROS_TIME)
[mavic_controller-3] [DEBUG] [1766071031.816009442] [Mavic_2_PRO_1_Controller]: flag: (-7.4311634968169376, -5.388654700958053, 3.6949291066242047)
[mavic_controller-3] [DEBUG] [1766071031.816253954] [Mavic_2_PRO_1_Controller]: BODY id: 1, v_b: [ 0.99623902 -0.0866476   0.18998621], angular: -0.08675639368878085
[mavic_controller-7] [DEBUG] [1766071031.816044745] [Mavic_2_PRO_3_Controller]: Time(nanoseconds=12800000000, clock_type=ROS_TIME)
[mavic_controller-7] [DEBUG] [1766071031.816214977] [Mavic_2_PRO_3_Controller]: flag: (-7.4311634968169376, -5.388654700958053, 3.6949291066242047)
[mavic_controller-5] [DEBUG] [1766071031.816064126] [Mavic_2_PRO_2_Controller]: BODY id: 2, v_b: [ 0.99933591 -0.03643809  0.18518824], angular: -0.036446155392573135
[mavic_controller-5] [DEBUG] [1766071031.816207667] [Mavic_2_PRO_2_Controller]: WORLD id: 2, v: [-0.82330717 -0.56759607  0.18518824]
[mavic_controller-5] [DEBUG] [1766071031.816349740] [Mavic_2_PRO_2_Controller]: id: 2, gps: (-5.645895160869012, -4.139640982528725, 3.3292671551557325)
[mavic_controller-7] [DEBUG] [1766071031.816360963] [Mavic_2_PRO_3_Controller]: BODY id: 3, v_b: [0.99949051 0.03191755 0.18269892], angular: 0.031922967604240265
[mavic_controller-5] [DEBUG] [1766071031.816492203] [Mavic_2_PRO_2_Controller]: id: 2, vel: (-0.7623730981750054, -0.6011752188236248, 0.3086475122280577)
[mavic_controller-7] [DEBUG] [1766071031.816506945] [Mavic_2_PRO_3_Controller]: WORLD id: 3, v: [-0.77282743 -0.63461623  0.18269892]
[mavic_controller-7] [DEBUG] [1766071031.816681552] [Mavic_2_PRO_3_Controller]: id: 3, gps: (-5.4569927801544855, -3.2694133697608274, 3.330137604115906)
[mavic_controller-7] [DEBUG] [1766071031.816831938] [Mavic_2_PRO_3_Controller]: id: 3, vel: (-0.7578486811547949, -0.5998459763951484, 0.3078363302932972)
[mavic_controller-3] [DEBUG] [1766071031.816519193] [Mavic_2_PRO_1_Controller]: WORLD id: 1, v: [-0.85949065 -0.51115147  0.18998621]
[mavic_controller-3] [DEBUG] [1766071031.816734981] [Mavic_2_PRO_1_Controller]: id: 1, gps: (-5.81754639836523, -4.978041757273979, 3.3096274644501116)
[mavic_controller-3] [DEBUG] [1766071031.816986527] [Mavic_2_PRO_1_Controller]: id: 1, vel: (-0.7713571206679943, -0.6040321494744252, 0.30974215466580285)
[mavic_controller-7] [DEBUG] [1766071031.830606648] [Mavic_2_PRO_3_Controller]: Time(nanoseconds=12904000000, clock_type=ROS_TIME)
[mavic_controller-3] [DEBUG] [1766071031.830711473] [Mavic_2_PRO_1_Controller]: Time(nanoseconds=12904000000, clock_type=ROS_TIME)
[mavic_controller-7] [DEBUG] [1766071031.830783344] [Mavic_2_PRO_3_Controller]: flag: (-7.4311634968169376, -5.388654700958053, 3.6949291066242047)
[mavic_controller-7] [DEBUG] [1766071031.830930034] [Mavic_2_PRO_3_Controller]: BODY id: 3, v_b: [0.99952091 0.03095093 0.16667676], angular: 0.030955878423638287
[mavic_controller-3] [DEBUG] [1766071031.830895581] [Mavic_2_PRO_1_Controller]: flag: (-7.4311634968169376, -5.388654700958053, 3.6949291066242047)
[mavic_controller-3] [DEBUG] [1766071031.831045676] [Mavic_2_PRO_1_Controller]: BODY id: 1, v_b: [ 0.95087389 -0.08586802  0.16774454], angular: -0.090060036365793
[mavic_controller-7] [DEBUG] [1766071031.831072776] [Mavic_2_PRO_3_Controller]: WORLD id: 3, v: [-0.77211569 -0.635482    0.16667676]
[mavic_controller-7] [DEBUG] [1766071031.831213725] [Mavic_2_PRO_3_Controller]: id: 3, gps: (-5.536213173446756, -3.332144542126186, 3.362112990248118)
[mavic_controller-3] [DEBUG] [1766071031.831192248] [Mavic_2_PRO_1_Controller]: WORLD id: 1, v: [-0.82581575 -0.47912715  0.16774454]
[mavic_controller-3] [DEBUG] [1766071031.831340184] [Mavic_2_PRO_1_Controller]: id: 1, gps: (-5.929459529730743, -5.065022081620484, 3.3541513285413385)
[mavic_controller-7] [DEBUG] [1766071031.831360245] [Mavic_2_PRO_3_Controller]: id: 3, vel: (-0.7572312223830843, -0.599871543412168, 0.3038396406521166)
[mavic_controller-3] [DEBUG] [1766071031.831509205] [Mavic_2_PRO_1_Controller]: id: 1, vel: (-0.7742859973495914, -0.5976816177756566, 0.3052136534881719)
[mavic_controller-5] [DEBUG] [1766071031.831663671] [Mavic_2_PRO_2_Controller]: Time(nanoseconds=12904000000, clock_type=ROS_TIME)
[mavic_controller-5] [DEBUG] [1766071031.832039279] [Mavic_2_PRO_2_Controller]: flag: (-7.4311634968169376, -5.388654700958053, 3.6949291066242047)
[mavic_controller-5] [DEBUG] [1766071031.832380839] [Mavic_2_PRO_2_Controller]: BODY id: 2, v_b: [ 0.9993303  -0.03659155  0.16916997], angular: -0.036599723328911524
[mavic_controller-5] [DEBUG] [1766071031.832723500] [Mavic_2_PRO_2_Controller]: WORLD id: 2, v: [-0.82473278 -0.56552263  0.16916997]
[mavic_controller-5] [DEBUG] [1766071031.833066376] [Mavic_2_PRO_2_Controller]: id: 2, gps: (-5.725657046227936, -4.20235548104716, 3.3613404737629686)
[mavic_controller-5] [DEBUG] [1766071031.833400319] [Mavic_2_PRO_2_Controller]: id: 2, vel: (-0.7629907793508027, -0.5984183666392122, 0.30488221433064727)
[mavic_controller-7] [DEBUG] [1766071031.843687814] [Mavic_2_PRO_3_Controller]: Time(nanoseconds=13000000000, clock_type=ROS_TIME)
[mavic_controller-7] [DEBUG] [1766071031.843896079] [Mavic_2_PRO_3_Controller]: flag: (-7.4311634968169376, -5.388654700958053, 3.6949291066242047)
[mavic_controller-7] [DEBUG] [1766071031.844044028] [Mavic_2_PRO_3_Controller]: BODY id: 3, v_b: [0.99956088 0.02963188 0.15208639], angular: 0.02963621525868052
[mavic_controller-3] [DEBUG] [1766071031.843984667] [Mavic_2_PRO_1_Controller]: Time(nanoseconds=13000000000, clock_type=ROS_TIME)
[mavic_controller-7] [DEBUG] [1766071031.844188732] [Mavic_2_PRO_3_Controller]: WORLD id: 3, v: [-0.77170572 -0.63597978  0.15208639]
[mavic_controller-3] [DEBUG] [1766071031.844245691] [Mavic_2_PRO_1_Controller]: flag: (-7.4311634968169376, -5.388654700958053, 3.6949291066242047)
[mavic_controller-7] [DEBUG] [1766071031.844334803] [Mavic_2_PRO_3_Controller]: id: 3, gps: (-5.60928007701999, -3.390057585557053, 3.391216409354155)
[mavic_controller-7] [DEBUG] [1766071031.844482674] [Mavic_2_PRO_3_Controller]: id: 3, vel: (-0.7566176424049367, -0.5999886765423168, 0.29937227319743676)
[mavic_controller-3] [DEBUG] [1766071031.844518433] [Mavic_2_PRO_1_Controller]: BODY id: 1, v_b: [ 0.90418707 -0.08358331  0.1531283 ], angular: -0.09217832015012711
[mavic_controller-3] [DEBUG] [1766071031.844787511] [Mavic_2_PRO_1_Controller]: WORLD id: 1, v: [-0.78872762 -0.44994352  0.1531283 ]
[mavic_controller-3] [DEBUG] [1766071031.844962725] [Mavic_2_PRO_1_Controller]: id: 1, gps: (-6.004296705422342, -5.122480230477844, 3.3834544394749995)
[mavic_controller-3] [DEBUG] [1766071031.845168555] [Mavic_2_PRO_1_Controller]: id: 1, vel: (-0.77596689869123, -0.5930282461781807, 0.30214423880539376)
[mavic_controller-5] [DEBUG] [1766071031.845052392] [Mavic_2_PRO_2_Controller]: Time(nanoseconds=13000000000, clock_type=ROS_TIME)
[mavic_controller-5] [DEBUG] [1766071031.845446683] [Mavic_2_PRO_2_Controller]: flag: (-7.4311634968169376, -5.388654700958053, 3.6949291066242047)
[mavic_controller-5] [DEBUG] [1766071031.845816265] [Mavic_2_PRO_2_Controller]: BODY id: 2, v_b: [ 0.98001607 -0.03587375  0.15577562], angular: -0.0365889293937035
[mavic_controller-5] [DEBUG] [1766071031.846172567] [Mavic_2_PRO_2_Controller]: WORLD id: 2, v: [-0.809919   -0.55294632  0.15577562]
[mavic_controller-5] [DEBUG] [1766071031.846523007] [Mavic_2_PRO_2_Controller]: id: 2, gps: (-5.793201227816109, -4.255197022997377, 3.3881377750045796)
[mavic_controller-5] [DEBUG] [1766071031.846912621] [Mavic_2_PRO_2_Controller]: id: 2, vel: (-0.7635714512524457, -0.5960967784934548, 0.3010239831915797)
[mavic_controller-3] [DEBUG] [1766071031.856734420] [Mavic_2_PRO_1_Controller]: Time(nanoseconds=13104000000, clock_type=ROS_TIME)
[mavic_controller-3] [DEBUG] [1766071031.856916258] [Mavic_2_PRO_1_Controller]: flag: (-7.4311634968169376, -5.388654700958053, 3.6949291066242047)
[mavic_controller-3] [DEBUG] [1766071031.857063681] [Mavic_2_PRO_1_Controller]: BODY id: 1, v_b: [ 0.85447198 -0.08066465  0.13751758], angular: -0.09412396843821193
[mavic_controller-3] [DEBUG] [1766071031.857207953] [Mavic_2_PRO_1_Controller]: WORLD id: 1, v: [-0.74874995 -0.41952671  0.13751758]
[mavic_controller-3] [DEBUG] [1766071031.857350967] [Mavic_2_PRO_1_Controller]: id: 1, gps: (-6.085507204625944, -5.1841807590328, 3.414824800074609)
[mavic_controller-3] [DEBUG] [1766071031.857507281] [Mavic_2_PRO_1_Controller]: id: 1, vel: (-0.7768576159673645, -0.5872295129155245, 0.29783992294379175)
[mavic_controller-7] [DEBUG] [1766071031.857859002] [Mavic_2_PRO_3_Controller]: Time(nanoseconds=13104000000, clock_type=ROS_TIME)
[mavic_controller-5] [DEBUG] [1766071031.857899591] [Mavic_2_PRO_2_Controller]: Time(nanoseconds=13104000000, clock_type=ROS_TIME)
[mavic_controller-7] [DEBUG] [1766071031.858032094] [Mavic_2_PRO_3_Controller]: flag: (-7.4311634968169376, -5.388654700958053, 3.6949291066242047)
[mavic_controller-5] [DEBUG] [1766071031.858074568] [Mavic_2_PRO_2_Controller]: flag: (-7.4311634968169376, -5.388654700958053, 3.6949291066242047)
[mavic_controller-7] [DEBUG] [1766071031.858177683] [Mavic_2_PRO_3_Controller]: BODY id: 3, v_b: [0.99961681 0.02768089 0.13653446], angular: 0.027684422886625183
[mavic_controller-5] [DEBUG] [1766071031.858227341] [Mavic_2_PRO_2_Controller]: BODY id: 2, v_b: [ 0.94165809 -0.03446211  0.14373846], angular: -0.03658093485001833
[mavic_controller-7] [DEBUG] [1766071031.858321617] [Mavic_2_PRO_3_Controller]: WORLD id: 3, v: [-0.77158412 -0.6361273   0.13653446]
[mavic_controller-5] [DEBUG] [1766071031.858380907] [Mavic_2_PRO_2_Controller]: WORLD id: 2, v: [-0.77921568 -0.52984009  0.14373846]
[mavic_controller-7] [DEBUG] [1766071031.858462098] [Mavic_2_PRO_3_Controller]: id: 3, gps: (-5.688366956423866, -3.4528144824499774, 3.422210052813612)
[mavic_controller-5] [DEBUG] [1766071031.858529417] [Mavic_2_PRO_2_Controller]: id: 2, gps: (-5.854649768500996, -4.303055998475613, 3.4121814281993124)
[mavic_controller-7] [DEBUG] [1766071031.858604332] [Mavic_2_PRO_3_Controller]: id: 3, vel: (-0.7559144923476783, -0.6002077513723333, 0.2936482009601753)
[mavic_controller-5] [DEBUG] [1766071031.858679151] [Mavic_2_PRO_2_Controller]: id: 2, vel: (-0.7640520959114667, -0.5939440078958474, 0.2971586117584203)
[mavic_controller-7] [DEBUG] [1766071031.868541556] [Mavic_2_PRO_3_Controller]: Time(nanoseconds=13200000000, clock_type=ROS_TIME)
[mavic_controller-5] [DEBUG] [1766071031.868591649] [Mavic_2_PRO_2_Controller]: Time(nanoseconds=13200000000, clock_type=ROS_TIME)
[mavic_controller-3] [DEBUG] [1766071031.868703467] [Mavic_2_PRO_1_Controller]: Time(nanoseconds=13200000000, clock_type=ROS_TIME)
